[1.166s] Invoking command in '/home/bryan/Workspace/ros2_ws/build/examples_rclpy_minimal_service': PYTHONPATH=/home/bryan/Workspace/ros2_ws/build/examples_rclpy_minimal_service/prefix_override:/usr/lib/python3/dist-packages/colcon_core/task/python/colcon_distutils_commands:/home/bryan/Workspace/ros2_ws/install/examples_rclpy_minimal_service/lib/python3.10/site-packages:${PYTHONPATH} /usr/bin/python3 -W ignore:setup.py install is deprecated -W ignore:easy_install command is deprecated setup.py develop --editable --build-directory /home/bryan/Workspace/ros2_ws/build/examples_rclpy_minimal_service/build --no-deps symlink_data
[1.583s] running develop
[1.808s] running egg_info
[1.808s] creating examples_rclpy_minimal_service.egg-info
[1.808s] writing examples_rclpy_minimal_service.egg-info/PKG-INFO
[1.809s] writing dependency_links to examples_rclpy_minimal_service.egg-info/dependency_links.txt
[1.809s] writing entry points to examples_rclpy_minimal_service.egg-info/entry_points.txt
[1.809s] writing requirements to examples_rclpy_minimal_service.egg-info/requires.txt
[1.809s] writing top-level names to examples_rclpy_minimal_service.egg-info/top_level.txt
[1.809s] writing manifest file 'examples_rclpy_minimal_service.egg-info/SOURCES.txt'
[1.814s] reading manifest file 'examples_rclpy_minimal_service.egg-info/SOURCES.txt'
[1.862s] writing manifest file 'examples_rclpy_minimal_service.egg-info/SOURCES.txt'
[1.862s] running build_ext
[1.862s] Creating /home/bryan/Workspace/ros2_ws/install/examples_rclpy_minimal_service/lib/python3.10/site-packages/examples-rclpy-minimal-service.egg-link (link to .)
[1.862s] Installing service script to /home/bryan/Workspace/ros2_ws/install/examples_rclpy_minimal_service/lib/examples_rclpy_minimal_service
[1.865s] Installing service_member_function script to /home/bryan/Workspace/ros2_ws/install/examples_rclpy_minimal_service/lib/examples_rclpy_minimal_service
[1.865s] 
[1.865s] Installed /home/bryan/Workspace/ros2_ws/build/examples_rclpy_minimal_service
[1.865s] running symlink_data
[1.865s] creating /home/bryan/Workspace/ros2_ws/install/examples_rclpy_minimal_service/share/ament_index
[1.865s] creating /home/bryan/Workspace/ros2_ws/install/examples_rclpy_minimal_service/share/ament_index/resource_index
[1.866s] creating /home/bryan/Workspace/ros2_ws/install/examples_rclpy_minimal_service/share/ament_index/resource_index/packages
[1.866s] symbolically linking /home/bryan/Workspace/ros2_ws/build/examples_rclpy_minimal_service/resource/examples_rclpy_minimal_service -> /home/bryan/Workspace/ros2_ws/install/examples_rclpy_minimal_service/share/ament_index/resource_index/packages
[1.866s] symbolically linking /home/bryan/Workspace/ros2_ws/build/examples_rclpy_minimal_service/package.xml -> /home/bryan/Workspace/ros2_ws/install/examples_rclpy_minimal_service/share/examples_rclpy_minimal_service
[1.946s] Invoked command in '/home/bryan/Workspace/ros2_ws/build/examples_rclpy_minimal_service' returned '0': PYTHONPATH=/home/bryan/Workspace/ros2_ws/build/examples_rclpy_minimal_service/prefix_override:/usr/lib/python3/dist-packages/colcon_core/task/python/colcon_distutils_commands:/home/bryan/Workspace/ros2_ws/install/examples_rclpy_minimal_service/lib/python3.10/site-packages:${PYTHONPATH} /usr/bin/python3 -W ignore:setup.py install is deprecated -W ignore:easy_install command is deprecated setup.py develop --editable --build-directory /home/bryan/Workspace/ros2_ws/build/examples_rclpy_minimal_service/build --no-deps symlink_data
