[0.914s] Invoking command in '/home/bryan/Workspace/ros2_ws/build/examples_rclpy_minimal_subscriber': PYTHONPATH=/home/bryan/Workspace/ros2_ws/build/examples_rclpy_minimal_subscriber/prefix_override:/usr/lib/python3/dist-packages/colcon_core/task/python/colcon_distutils_commands:/home/bryan/Workspace/ros2_ws/install/examples_rclpy_minimal_subscriber/lib/python3.10/site-packages:${PYTHONPATH} /usr/bin/python3 -W ignore:setup.py install is deprecated -W ignore:easy_install command is deprecated setup.py develop --editable --build-directory /home/bryan/Workspace/ros2_ws/build/examples_rclpy_minimal_subscriber/build --no-deps symlink_data
[1.351s] running develop
[1.675s] running egg_info
[1.675s] creating examples_rclpy_minimal_subscriber.egg-info
[1.676s] writing examples_rclpy_minimal_subscriber.egg-info/PKG-INFO
[1.676s] writing dependency_links to examples_rclpy_minimal_subscriber.egg-info/dependency_links.txt
[1.676s] writing entry points to examples_rclpy_minimal_subscriber.egg-info/entry_points.txt
[1.676s] writing requirements to examples_rclpy_minimal_subscriber.egg-info/requires.txt
[1.677s] writing top-level names to examples_rclpy_minimal_subscriber.egg-info/top_level.txt
[1.677s] writing manifest file 'examples_rclpy_minimal_subscriber.egg-info/SOURCES.txt'
[1.678s] reading manifest file 'examples_rclpy_minimal_subscriber.egg-info/SOURCES.txt'
[1.678s] writing manifest file 'examples_rclpy_minimal_subscriber.egg-info/SOURCES.txt'
[1.678s] running build_ext
[1.678s] Creating /home/bryan/Workspace/ros2_ws/install/examples_rclpy_minimal_subscriber/lib/python3.10/site-packages/examples-rclpy-minimal-subscriber.egg-link (link to .)
[1.679s] Installing subscriber_lambda script to /home/bryan/Workspace/ros2_ws/install/examples_rclpy_minimal_subscriber/lib/examples_rclpy_minimal_subscriber
[1.679s] Installing subscriber_member_function script to /home/bryan/Workspace/ros2_ws/install/examples_rclpy_minimal_subscriber/lib/examples_rclpy_minimal_subscriber
[1.679s] Installing subscriber_old_school script to /home/bryan/Workspace/ros2_ws/install/examples_rclpy_minimal_subscriber/lib/examples_rclpy_minimal_subscriber
[1.679s] 
[1.680s] Installed /home/bryan/Workspace/ros2_ws/build/examples_rclpy_minimal_subscriber
[1.680s] running symlink_data
[1.680s] creating /home/bryan/Workspace/ros2_ws/install/examples_rclpy_minimal_subscriber/share/ament_index
[1.680s] creating /home/bryan/Workspace/ros2_ws/install/examples_rclpy_minimal_subscriber/share/ament_index/resource_index
[1.681s] creating /home/bryan/Workspace/ros2_ws/install/examples_rclpy_minimal_subscriber/share/ament_index/resource_index/packages
[1.681s] symbolically linking /home/bryan/Workspace/ros2_ws/build/examples_rclpy_minimal_subscriber/resource/examples_rclpy_minimal_subscriber -> /home/bryan/Workspace/ros2_ws/install/examples_rclpy_minimal_subscriber/share/ament_index/resource_index/packages
[1.682s] symbolically linking /home/bryan/Workspace/ros2_ws/build/examples_rclpy_minimal_subscriber/package.xml -> /home/bryan/Workspace/ros2_ws/install/examples_rclpy_minimal_subscriber/share/examples_rclpy_minimal_subscriber
[1.684s] Invoked command in '/home/bryan/Workspace/ros2_ws/build/examples_rclpy_minimal_subscriber' returned '0': PYTHONPATH=/home/bryan/Workspace/ros2_ws/build/examples_rclpy_minimal_subscriber/prefix_override:/usr/lib/python3/dist-packages/colcon_core/task/python/colcon_distutils_commands:/home/bryan/Workspace/ros2_ws/install/examples_rclpy_minimal_subscriber/lib/python3.10/site-packages:${PYTHONPATH} /usr/bin/python3 -W ignore:setup.py install is deprecated -W ignore:easy_install command is deprecated setup.py develop --editable --build-directory /home/bryan/Workspace/ros2_ws/build/examples_rclpy_minimal_subscriber/build --no-deps symlink_data
