[1.759s] Invoking command in '/home/bryan/Workspace/ros2_ws/build/examples_rclpy_minimal_subscriber': PYTHONPATH=/home/bryan/Workspace/ros2_ws/build/examples_rclpy_minimal_subscriber/prefix_override:/usr/lib/python3/dist-packages/colcon_core/task/python/colcon_distutils_commands:/home/bryan/Workspace/ros2_ws/install/examples_rclpy_minimal_subscriber/lib/python3.10/site-packages:${PYTHONPATH} /usr/bin/python3 -W ignore:setup.py install is deprecated -W ignore:easy_install command is deprecated setup.py develop --editable --build-directory /home/bryan/Workspace/ros2_ws/build/examples_rclpy_minimal_subscriber/build --no-deps symlink_data
[1.919s] running develop
[2.110s] running egg_info
[2.111s] creating examples_rclpy_minimal_subscriber.egg-info
[2.112s] writing examples_rclpy_minimal_subscriber.egg-info/PKG-INFO
[2.113s] writing dependency_links to examples_rclpy_minimal_subscriber.egg-info/dependency_links.txt
[2.113s] writing entry points to examples_rclpy_minimal_subscriber.egg-info/entry_points.txt
[2.114s] writing requirements to examples_rclpy_minimal_subscriber.egg-info/requires.txt
[2.114s] writing top-level names to examples_rclpy_minimal_subscriber.egg-info/top_level.txt
[2.115s] writing manifest file 'examples_rclpy_minimal_subscriber.egg-info/SOURCES.txt'
[2.121s] reading manifest file 'examples_rclpy_minimal_subscriber.egg-info/SOURCES.txt'
[2.121s] writing manifest file 'examples_rclpy_minimal_subscriber.egg-info/SOURCES.txt'
[2.123s] running build_ext
[2.124s] Creating /home/bryan/Workspace/ros2_ws/install/examples_rclpy_minimal_subscriber/lib/python3.10/site-packages/examples-rclpy-minimal-subscriber.egg-link (link to .)
[2.125s] Installing subscriber_lambda script to /home/bryan/Workspace/ros2_ws/install/examples_rclpy_minimal_subscriber/lib/examples_rclpy_minimal_subscriber
[2.125s] Installing subscriber_member_function script to /home/bryan/Workspace/ros2_ws/install/examples_rclpy_minimal_subscriber/lib/examples_rclpy_minimal_subscriber
[2.125s] Installing subscriber_old_school script to /home/bryan/Workspace/ros2_ws/install/examples_rclpy_minimal_subscriber/lib/examples_rclpy_minimal_subscriber
[2.126s] 
[2.126s] Installed /home/bryan/Workspace/ros2_ws/build/examples_rclpy_minimal_subscriber
[2.126s] running symlink_data
[2.126s] creating /home/bryan/Workspace/ros2_ws/install/examples_rclpy_minimal_subscriber/share/ament_index
[2.127s] creating /home/bryan/Workspace/ros2_ws/install/examples_rclpy_minimal_subscriber/share/ament_index/resource_index
[2.127s] creating /home/bryan/Workspace/ros2_ws/install/examples_rclpy_minimal_subscriber/share/ament_index/resource_index/packages
[2.127s] symbolically linking /home/bryan/Workspace/ros2_ws/build/examples_rclpy_minimal_subscriber/resource/examples_rclpy_minimal_subscriber -> /home/bryan/Workspace/ros2_ws/install/examples_rclpy_minimal_subscriber/share/ament_index/resource_index/packages
[2.127s] symbolically linking /home/bryan/Workspace/ros2_ws/build/examples_rclpy_minimal_subscriber/package.xml -> /home/bryan/Workspace/ros2_ws/install/examples_rclpy_minimal_subscriber/share/examples_rclpy_minimal_subscriber
[2.168s] Invoked command in '/home/bryan/Workspace/ros2_ws/build/examples_rclpy_minimal_subscriber' returned '0': PYTHONPATH=/home/bryan/Workspace/ros2_ws/build/examples_rclpy_minimal_subscriber/prefix_override:/usr/lib/python3/dist-packages/colcon_core/task/python/colcon_distutils_commands:/home/bryan/Workspace/ros2_ws/install/examples_rclpy_minimal_subscriber/lib/python3.10/site-packages:${PYTHONPATH} /usr/bin/python3 -W ignore:setup.py install is deprecated -W ignore:easy_install command is deprecated setup.py develop --editable --build-directory /home/bryan/Workspace/ros2_ws/build/examples_rclpy_minimal_subscriber/build --no-deps symlink_data
