[1.368s] Invoking command in '/home/bryan/Workspace/ros2_ws/build/examples_rclpy_minimal_client': PYTHONPATH=/home/bryan/Workspace/ros2_ws/build/examples_rclpy_minimal_client/prefix_override:/usr/lib/python3/dist-packages/colcon_core/task/python/colcon_distutils_commands:/home/bryan/Workspace/ros2_ws/install/examples_rclpy_minimal_client/lib/python3.10/site-packages:${PYTHONPATH} /usr/bin/python3 -W ignore:setup.py install is deprecated -W ignore:easy_install command is deprecated setup.py develop --editable --build-directory /home/bryan/Workspace/ros2_ws/build/examples_rclpy_minimal_client/build --no-deps symlink_data
[1.475s] running develop
[1.722s] running egg_info
[1.725s] writing examples_rclpy_minimal_client.egg-info/PKG-INFO
[1.726s] writing dependency_links to examples_rclpy_minimal_client.egg-info/dependency_links.txt
[1.727s] writing entry points to examples_rclpy_minimal_client.egg-info/entry_points.txt
[1.727s] writing requirements to examples_rclpy_minimal_client.egg-info/requires.txt
[1.727s] writing top-level names to examples_rclpy_minimal_client.egg-info/top_level.txt
[1.727s] reading manifest file 'examples_rclpy_minimal_client.egg-info/SOURCES.txt'
[1.727s] writing manifest file 'examples_rclpy_minimal_client.egg-info/SOURCES.txt'
[1.746s] running build_ext
[1.746s] Creating /home/bryan/Workspace/ros2_ws/install/examples_rclpy_minimal_client/lib/python3.10/site-packages/examples-rclpy-minimal-client.egg-link (link to .)
[1.747s] Installing client script to /home/bryan/Workspace/ros2_ws/install/examples_rclpy_minimal_client/lib/examples_rclpy_minimal_client
[1.751s] Installing client_async script to /home/bryan/Workspace/ros2_ws/install/examples_rclpy_minimal_client/lib/examples_rclpy_minimal_client
[1.752s] Installing client_async_callback script to /home/bryan/Workspace/ros2_ws/install/examples_rclpy_minimal_client/lib/examples_rclpy_minimal_client
[1.752s] Installing client_async_member_function script to /home/bryan/Workspace/ros2_ws/install/examples_rclpy_minimal_client/lib/examples_rclpy_minimal_client
[1.752s] 
[1.752s] Installed /home/bryan/Workspace/ros2_ws/build/examples_rclpy_minimal_client
[1.752s] running symlink_data
[2.216s] Invoked command in '/home/bryan/Workspace/ros2_ws/build/examples_rclpy_minimal_client' returned '0': PYTHONPATH=/home/bryan/Workspace/ros2_ws/build/examples_rclpy_minimal_client/prefix_override:/usr/lib/python3/dist-packages/colcon_core/task/python/colcon_distutils_commands:/home/bryan/Workspace/ros2_ws/install/examples_rclpy_minimal_client/lib/python3.10/site-packages:${PYTHONPATH} /usr/bin/python3 -W ignore:setup.py install is deprecated -W ignore:easy_install command is deprecated setup.py develop --editable --build-directory /home/bryan/Workspace/ros2_ws/build/examples_rclpy_minimal_client/build --no-deps symlink_data
