[1.638s] Invoking command in '/home/bryan/Workspace/ros2_ws/build/examples_rclpy_minimal_action_client': PYTHONPATH=/home/bryan/Workspace/ros2_ws/build/examples_rclpy_minimal_action_client/prefix_override:/usr/lib/python3/dist-packages/colcon_core/task/python/colcon_distutils_commands:/home/bryan/Workspace/ros2_ws/install/examples_rclpy_minimal_action_client/lib/python3.10/site-packages:${PYTHONPATH} /usr/bin/python3 -W ignore:setup.py install is deprecated -W ignore:easy_install command is deprecated setup.py develop --editable --build-directory /home/bryan/Workspace/ros2_ws/build/examples_rclpy_minimal_action_client/build --no-deps symlink_data
[2.014s] running develop
[2.218s] running egg_info
[2.218s] creating examples_rclpy_minimal_action_client.egg-info
[2.218s] writing examples_rclpy_minimal_action_client.egg-info/PKG-INFO
[2.219s] writing dependency_links to examples_rclpy_minimal_action_client.egg-info/dependency_links.txt
[2.219s] writing entry points to examples_rclpy_minimal_action_client.egg-info/entry_points.txt
[2.219s] writing requirements to examples_rclpy_minimal_action_client.egg-info/requires.txt
[2.219s] writing top-level names to examples_rclpy_minimal_action_client.egg-info/top_level.txt
[2.219s] writing manifest file 'examples_rclpy_minimal_action_client.egg-info/SOURCES.txt'
[2.228s] reading manifest file 'examples_rclpy_minimal_action_client.egg-info/SOURCES.txt'
[2.228s] writing manifest file 'examples_rclpy_minimal_action_client.egg-info/SOURCES.txt'
[2.228s] running build_ext
[2.228s] Creating /home/bryan/Workspace/ros2_ws/install/examples_rclpy_minimal_action_client/lib/python3.10/site-packages/examples-rclpy-minimal-action-client.egg-link (link to .)
[2.228s] Installing client script to /home/bryan/Workspace/ros2_ws/install/examples_rclpy_minimal_action_client/lib/examples_rclpy_minimal_action_client
[2.228s] Installing client_asyncio script to /home/bryan/Workspace/ros2_ws/install/examples_rclpy_minimal_action_client/lib/examples_rclpy_minimal_action_client
[2.228s] Installing client_cancel script to /home/bryan/Workspace/ros2_ws/install/examples_rclpy_minimal_action_client/lib/examples_rclpy_minimal_action_client
[2.244s] Installing client_not_composable script to /home/bryan/Workspace/ros2_ws/install/examples_rclpy_minimal_action_client/lib/examples_rclpy_minimal_action_client
[2.244s] 
[2.245s] Installed /home/bryan/Workspace/ros2_ws/build/examples_rclpy_minimal_action_client
[2.245s] running symlink_data
[2.245s] creating /home/bryan/Workspace/ros2_ws/install/examples_rclpy_minimal_action_client/share/ament_index
[2.245s] creating /home/bryan/Workspace/ros2_ws/install/examples_rclpy_minimal_action_client/share/ament_index/resource_index
[2.245s] creating /home/bryan/Workspace/ros2_ws/install/examples_rclpy_minimal_action_client/share/ament_index/resource_index/packages
[2.245s] symbolically linking /home/bryan/Workspace/ros2_ws/build/examples_rclpy_minimal_action_client/resource/examples_rclpy_minimal_action_client -> /home/bryan/Workspace/ros2_ws/install/examples_rclpy_minimal_action_client/share/ament_index/resource_index/packages
[2.245s] symbolically linking /home/bryan/Workspace/ros2_ws/build/examples_rclpy_minimal_action_client/package.xml -> /home/bryan/Workspace/ros2_ws/install/examples_rclpy_minimal_action_client/share/examples_rclpy_minimal_action_client
[2.325s] Invoked command in '/home/bryan/Workspace/ros2_ws/build/examples_rclpy_minimal_action_client' returned '0': PYTHONPATH=/home/bryan/Workspace/ros2_ws/build/examples_rclpy_minimal_action_client/prefix_override:/usr/lib/python3/dist-packages/colcon_core/task/python/colcon_distutils_commands:/home/bryan/Workspace/ros2_ws/install/examples_rclpy_minimal_action_client/lib/python3.10/site-packages:${PYTHONPATH} /usr/bin/python3 -W ignore:setup.py install is deprecated -W ignore:easy_install command is deprecated setup.py develop --editable --build-directory /home/bryan/Workspace/ros2_ws/build/examples_rclpy_minimal_action_client/build --no-deps symlink_data
