[0.043s] Invoking command in '/home/bryan/Workspace/ros2_ws/build/depth_image_proc': AMENT_PREFIX_PATH=/home/bryan/Workspace/ros2_ws/install/image_geometry:/home/bryan/Workspace/ros2_ws/install/cv_bridge:${AMENT_PREFIX_PATH} CMAKE_PREFIX_PATH=/home/bryan/Workspace/ros2_ws/install/image_geometry:/home/bryan/Workspace/ros2_ws/install/cv_bridge:/home/bryan/Workspace/ros2_ws/install/image_proc:/home/bryan/Workspace/ros2_ws/install/tracetools_image_pipeline:/home/bryan/Workspace/ros2_ws/install/image_rotate:/home/bryan/Workspace/ros2_ws/install/image_publisher:/home/bryan/Workspace/ros2_ws/install/examples_rclcpp_wait_set:/home/bryan/Workspace/ros2_ws/install/examples_rclcpp_multithreaded_executor:/home/bryan/Workspace/ros2_ws/install/examples_rclcpp_minimal_timer:/home/bryan/Workspace/ros2_ws/install/examples_rclcpp_minimal_subscriber:/home/bryan/Workspace/ros2_ws/install/examples_rclcpp_minimal_service:/home/bryan/Workspace/ros2_ws/install/examples_rclcpp_minimal_publisher:/home/bryan/Workspace/ros2_ws/install/examples_rclcpp_minimal_composition:/home/bryan/Workspace/ros2_ws/install/examples_rclcpp_minimal_client:/home/bryan/Workspace/ros2_ws/install/examples_rclcpp_minimal_action_server:/home/bryan/Workspace/ros2_ws/install/examples_rclcpp_minimal_action_client:/home/bryan/Workspace/ros2_ws/install/examples_rclcpp_cbg_executor:/home/bryan/Workspace/ros2_ws/install/examples_rclcpp_async_client:/home/bryan/Workspace/ros2_ws/install/sprint2:/home/bryan/Workspace/ros2_ws/install/launch_testing_examples:/home/bryan/Workspace/ros2_ws/install/image_converter:/home/bryan/Workspace/ros2_ws/install/first_package:/home/bryan/Workspace/ros2_ws/install/examples_rclpy_pointcloud_publisher:/home/bryan/Workspace/ros2_ws/install/examples_rclpy_minimal_subscriber:/home/bryan/Workspace/ros2_ws/install/examples_rclpy_minimal_service:/home/bryan/Workspace/ros2_ws/install/examples_rclpy_minimal_publisher:/home/bryan/Workspace/ros2_ws/install/examples_rclpy_minimal_client:/home/bryan/Workspace/ros2_ws/install/examples_rclpy_minimal_action_server:/home/bryan/Workspace/ros2_ws/install/examples_rclpy_minimal_action_client:/home/bryan/Workspace/ros2_ws/install/examples_rclpy_guard_conditions:/home/bryan/Workspace/ros2_ws/install/examples_rclpy_executors:/home/bryan/Workspace/ros2_ws/install/camera_calibration:/opt/ros/humble LD_LIBRARY_PATH=/home/bryan/Workspace/ros2_ws/install/image_geometry/lib:/home/bryan/Workspace/ros2_ws/install/cv_bridge/lib:${LD_LIBRARY_PATH} PYTHONPATH=/home/bryan/Workspace/ros2_ws/install/image_geometry/local/lib/python3.10/dist-packages:/home/bryan/Workspace/ros2_ws/install/cv_bridge/local/lib/python3.10/dist-packages:${PYTHONPATH} /usr/bin/cmake --build /home/bryan/Workspace/ros2_ws/build/depth_image_proc -- -j3 -l3
[0.404s] [35m[1mConsolidate compiler generated dependencies of target depth_image_proc[0m
[0.465s] [ 37%] Built target depth_image_proc
[0.559s] [ 43%] Built target crop_foremost_node
[0.762s] [ 50%] Built target disparity_node
[0.833s] [35m[1mConsolidate compiler generated dependencies of target point_cloud_xyz_node[0m
[1.169s] [ 56%] Built target point_cloud_xyz_node
[1.320s] [35m[1mConsolidate compiler generated dependencies of target point_cloud_xyzrgb_node[0m
[1.400s] [ 62%] Built target point_cloud_xyzrgb_node
[1.453s] [35m[1mConsolidate compiler generated dependencies of target point_cloud_xyzi_node[0m
[1.581s] [ 68%] Built target point_cloud_xyzi_node
[1.582s] [35m[1mConsolidate compiler generated dependencies of target point_cloud_xyz_radial_node[0m
[1.643s] [ 75%] Built target point_cloud_xyz_radial_node
[1.758s] [35m[1mConsolidate compiler generated dependencies of target point_cloud_xyzi_radial_node[0m
[1.895s] [ 81%] Built target point_cloud_xyzi_radial_node
[1.932s] [35m[1mConsolidate compiler generated dependencies of target point_cloud_xyzrgb_radial_node[0m
[2.000s] [ 87%] Built target point_cloud_xyzrgb_radial_node
[2.033s] [35m[1mConsolidate compiler generated dependencies of target register_node[0m
[2.196s] [ 93%] Built target register_node
[2.337s] [100%] Built target convert_metric_node
[2.442s] Invoked command in '/home/bryan/Workspace/ros2_ws/build/depth_image_proc' returned '0': AMENT_PREFIX_PATH=/home/bryan/Workspace/ros2_ws/install/image_geometry:/home/bryan/Workspace/ros2_ws/install/cv_bridge:${AMENT_PREFIX_PATH} CMAKE_PREFIX_PATH=/home/bryan/Workspace/ros2_ws/install/image_geometry:/home/bryan/Workspace/ros2_ws/install/cv_bridge:/home/bryan/Workspace/ros2_ws/install/image_proc:/home/bryan/Workspace/ros2_ws/install/tracetools_image_pipeline:/home/bryan/Workspace/ros2_ws/install/image_rotate:/home/bryan/Workspace/ros2_ws/install/image_publisher:/home/bryan/Workspace/ros2_ws/install/examples_rclcpp_wait_set:/home/bryan/Workspace/ros2_ws/install/examples_rclcpp_multithreaded_executor:/home/bryan/Workspace/ros2_ws/install/examples_rclcpp_minimal_timer:/home/bryan/Workspace/ros2_ws/install/examples_rclcpp_minimal_subscriber:/home/bryan/Workspace/ros2_ws/install/examples_rclcpp_minimal_service:/home/bryan/Workspace/ros2_ws/install/examples_rclcpp_minimal_publisher:/home/bryan/Workspace/ros2_ws/install/examples_rclcpp_minimal_composition:/home/bryan/Workspace/ros2_ws/install/examples_rclcpp_minimal_client:/home/bryan/Workspace/ros2_ws/install/examples_rclcpp_minimal_action_server:/home/bryan/Workspace/ros2_ws/install/examples_rclcpp_minimal_action_client:/home/bryan/Workspace/ros2_ws/install/examples_rclcpp_cbg_executor:/home/bryan/Workspace/ros2_ws/install/examples_rclcpp_async_client:/home/bryan/Workspace/ros2_ws/install/sprint2:/home/bryan/Workspace/ros2_ws/install/launch_testing_examples:/home/bryan/Workspace/ros2_ws/install/image_converter:/home/bryan/Workspace/ros2_ws/install/first_package:/home/bryan/Workspace/ros2_ws/install/examples_rclpy_pointcloud_publisher:/home/bryan/Workspace/ros2_ws/install/examples_rclpy_minimal_subscriber:/home/bryan/Workspace/ros2_ws/install/examples_rclpy_minimal_service:/home/bryan/Workspace/ros2_ws/install/examples_rclpy_minimal_publisher:/home/bryan/Workspace/ros2_ws/install/examples_rclpy_minimal_client:/home/bryan/Workspace/ros2_ws/install/examples_rclpy_minimal_action_server:/home/bryan/Workspace/ros2_ws/install/examples_rclpy_minimal_action_client:/home/bryan/Workspace/ros2_ws/install/examples_rclpy_guard_conditions:/home/bryan/Workspace/ros2_ws/install/examples_rclpy_executors:/home/bryan/Workspace/ros2_ws/install/camera_calibration:/opt/ros/humble LD_LIBRARY_PATH=/home/bryan/Workspace/ros2_ws/install/image_geometry/lib:/home/bryan/Workspace/ros2_ws/install/cv_bridge/lib:${LD_LIBRARY_PATH} PYTHONPATH=/home/bryan/Workspace/ros2_ws/install/image_geometry/local/lib/python3.10/dist-packages:/home/bryan/Workspace/ros2_ws/install/cv_bridge/local/lib/python3.10/dist-packages:${PYTHONPATH} /usr/bin/cmake --build /home/bryan/Workspace/ros2_ws/build/depth_image_proc -- -j3 -l3
[2.458s] Invoking command in '/home/bryan/Workspace/ros2_ws/build/depth_image_proc': AMENT_PREFIX_PATH=/home/bryan/Workspace/ros2_ws/install/image_geometry:/home/bryan/Workspace/ros2_ws/install/cv_bridge:${AMENT_PREFIX_PATH} CMAKE_PREFIX_PATH=/home/bryan/Workspace/ros2_ws/install/image_geometry:/home/bryan/Workspace/ros2_ws/install/cv_bridge:/home/bryan/Workspace/ros2_ws/install/image_proc:/home/bryan/Workspace/ros2_ws/install/tracetools_image_pipeline:/home/bryan/Workspace/ros2_ws/install/image_rotate:/home/bryan/Workspace/ros2_ws/install/image_publisher:/home/bryan/Workspace/ros2_ws/install/examples_rclcpp_wait_set:/home/bryan/Workspace/ros2_ws/install/examples_rclcpp_multithreaded_executor:/home/bryan/Workspace/ros2_ws/install/examples_rclcpp_minimal_timer:/home/bryan/Workspace/ros2_ws/install/examples_rclcpp_minimal_subscriber:/home/bryan/Workspace/ros2_ws/install/examples_rclcpp_minimal_service:/home/bryan/Workspace/ros2_ws/install/examples_rclcpp_minimal_publisher:/home/bryan/Workspace/ros2_ws/install/examples_rclcpp_minimal_composition:/home/bryan/Workspace/ros2_ws/install/examples_rclcpp_minimal_client:/home/bryan/Workspace/ros2_ws/install/examples_rclcpp_minimal_action_server:/home/bryan/Workspace/ros2_ws/install/examples_rclcpp_minimal_action_client:/home/bryan/Workspace/ros2_ws/install/examples_rclcpp_cbg_executor:/home/bryan/Workspace/ros2_ws/install/examples_rclcpp_async_client:/home/bryan/Workspace/ros2_ws/install/sprint2:/home/bryan/Workspace/ros2_ws/install/launch_testing_examples:/home/bryan/Workspace/ros2_ws/install/image_converter:/home/bryan/Workspace/ros2_ws/install/first_package:/home/bryan/Workspace/ros2_ws/install/examples_rclpy_pointcloud_publisher:/home/bryan/Workspace/ros2_ws/install/examples_rclpy_minimal_subscriber:/home/bryan/Workspace/ros2_ws/install/examples_rclpy_minimal_service:/home/bryan/Workspace/ros2_ws/install/examples_rclpy_minimal_publisher:/home/bryan/Workspace/ros2_ws/install/examples_rclpy_minimal_client:/home/bryan/Workspace/ros2_ws/install/examples_rclpy_minimal_action_server:/home/bryan/Workspace/ros2_ws/install/examples_rclpy_minimal_action_client:/home/bryan/Workspace/ros2_ws/install/examples_rclpy_guard_conditions:/home/bryan/Workspace/ros2_ws/install/examples_rclpy_executors:/home/bryan/Workspace/ros2_ws/install/camera_calibration:/opt/ros/humble LD_LIBRARY_PATH=/home/bryan/Workspace/ros2_ws/install/image_geometry/lib:/home/bryan/Workspace/ros2_ws/install/cv_bridge/lib:${LD_LIBRARY_PATH} PYTHONPATH=/home/bryan/Workspace/ros2_ws/install/image_geometry/local/lib/python3.10/dist-packages:/home/bryan/Workspace/ros2_ws/install/cv_bridge/local/lib/python3.10/dist-packages:${PYTHONPATH} /usr/bin/cmake --install /home/bryan/Workspace/ros2_ws/build/depth_image_proc
[2.542s] -- Install configuration: ""
[2.544s] -- Up-to-date: /home/bryan/Workspace/ros2_ws/install/depth_image_proc/lib/depth_image_proc/convert_metric_node
[2.545s] -- Up-to-date: /home/bryan/Workspace/ros2_ws/install/depth_image_proc/lib/depth_image_proc/crop_foremost_node
[2.545s] -- Up-to-date: /home/bryan/Workspace/ros2_ws/install/depth_image_proc/lib/depth_image_proc/disparity_node
[2.546s] -- Up-to-date: /home/bryan/Workspace/ros2_ws/install/depth_image_proc/lib/depth_image_proc/point_cloud_xyz_node
[2.549s] -- Up-to-date: /home/bryan/Workspace/ros2_ws/install/depth_image_proc/lib/depth_image_proc/point_cloud_xyzrgb_node
[2.550s] -- Up-to-date: /home/bryan/Workspace/ros2_ws/install/depth_image_proc/lib/depth_image_proc/point_cloud_xyzi_node
[2.550s] -- Up-to-date: /home/bryan/Workspace/ros2_ws/install/depth_image_proc/lib/depth_image_proc/point_cloud_xyz_radial_node
[2.550s] -- Up-to-date: /home/bryan/Workspace/ros2_ws/install/depth_image_proc/lib/depth_image_proc/point_cloud_xyzi_radial_node
[2.556s] -- Up-to-date: /home/bryan/Workspace/ros2_ws/install/depth_image_proc/lib/depth_image_proc/point_cloud_xyzrgb_radial_node
[2.560s] -- Up-to-date: /home/bryan/Workspace/ros2_ws/install/depth_image_proc/lib/depth_image_proc/register_node
[2.561s] -- Up-to-date: /home/bryan/Workspace/ros2_ws/install/depth_image_proc/include
[2.561s] -- Up-to-date: /home/bryan/Workspace/ros2_ws/install/depth_image_proc/include/depth_image_proc
[2.561s] -- Up-to-date: /home/bryan/Workspace/ros2_ws/install/depth_image_proc/include/depth_image_proc/point_cloud_xyz.hpp
[2.561s] -- Up-to-date: /home/bryan/Workspace/ros2_ws/install/depth_image_proc/include/depth_image_proc/point_cloud_xyzrgb_radial.hpp
[2.561s] -- Up-to-date: /home/bryan/Workspace/ros2_ws/install/depth_image_proc/include/depth_image_proc/point_cloud_xyz_radial.hpp
[2.561s] -- Up-to-date: /home/bryan/Workspace/ros2_ws/install/depth_image_proc/include/depth_image_proc/depth_traits.hpp
[2.561s] -- Up-to-date: /home/bryan/Workspace/ros2_ws/install/depth_image_proc/include/depth_image_proc/point_cloud_xyzrgb.hpp
[2.561s] -- Up-to-date: /home/bryan/Workspace/ros2_ws/install/depth_image_proc/include/depth_image_proc/conversions.hpp
[2.562s] -- Up-to-date: /home/bryan/Workspace/ros2_ws/install/depth_image_proc/include/depth_image_proc/visibility.h
[2.562s] -- Up-to-date: /home/bryan/Workspace/ros2_ws/install/depth_image_proc/include/depth_image_proc/point_cloud_xyzi_radial.hpp
[2.562s] -- Up-to-date: /home/bryan/Workspace/ros2_ws/install/depth_image_proc/include/depth_image_proc/point_cloud_xyzi.hpp
[2.562s] -- Up-to-date: /home/bryan/Workspace/ros2_ws/install/depth_image_proc/share/depth_image_proc/environment/library_path.sh
[2.562s] -- Up-to-date: /home/bryan/Workspace/ros2_ws/install/depth_image_proc/share/depth_image_proc/environment/library_path.dsv
[2.567s] -- Up-to-date: /home/bryan/Workspace/ros2_ws/install/depth_image_proc/lib/libdepth_image_proc.so
[2.567s] -- Up-to-date: /home/bryan/Workspace/ros2_ws/install/depth_image_proc/share/depth_image_proc/launch
[2.567s] -- Up-to-date: /home/bryan/Workspace/ros2_ws/install/depth_image_proc/share/depth_image_proc/launch/convert_metric.launch.py
[2.567s] -- Up-to-date: /home/bryan/Workspace/ros2_ws/install/depth_image_proc/share/depth_image_proc/launch/point_cloud_xyz.launch.py
[2.567s] -- Up-to-date: /home/bryan/Workspace/ros2_ws/install/depth_image_proc/share/depth_image_proc/launch/crop_foremost.launch.py
[2.568s] -- Up-to-date: /home/bryan/Workspace/ros2_ws/install/depth_image_proc/share/depth_image_proc/launch/point_cloud_xyzi.launch.py
[2.568s] -- Up-to-date: /home/bryan/Workspace/ros2_ws/install/depth_image_proc/share/depth_image_proc/launch/point_cloud_xyzrgb_radial.launch.py
[2.568s] -- Up-to-date: /home/bryan/Workspace/ros2_ws/install/depth_image_proc/share/depth_image_proc/launch/point_cloud_xyz_radial.launch.py
[2.568s] -- Up-to-date: /home/bryan/Workspace/ros2_ws/install/depth_image_proc/share/depth_image_proc/launch/disparity.launch.py
[2.568s] -- Up-to-date: /home/bryan/Workspace/ros2_ws/install/depth_image_proc/share/depth_image_proc/launch/register.launch.py
[2.568s] -- Up-to-date: /home/bryan/Workspace/ros2_ws/install/depth_image_proc/share/depth_image_proc/launch/point_cloud_xyzrgb.launch.py
[2.568s] -- Up-to-date: /home/bryan/Workspace/ros2_ws/install/depth_image_proc/share/depth_image_proc/launch/point_cloud_xyzi_radial.launch.py
[2.568s] -- Up-to-date: /home/bryan/Workspace/ros2_ws/install/depth_image_proc/share/depth_image_proc/launch/rviz
[2.568s] -- Up-to-date: /home/bryan/Workspace/ros2_ws/install/depth_image_proc/share/depth_image_proc/launch/rviz/register.rviz
[2.568s] -- Up-to-date: /home/bryan/Workspace/ros2_ws/install/depth_image_proc/share/depth_image_proc/launch/rviz/crop_formost.rviz
[2.568s] -- Up-to-date: /home/bryan/Workspace/ros2_ws/install/depth_image_proc/share/depth_image_proc/launch/rviz/point_cloud_xyz_radial.rviz
[2.568s] -- Up-to-date: /home/bryan/Workspace/ros2_ws/install/depth_image_proc/share/depth_image_proc/launch/rviz/convert_metric.rviz
[2.568s] -- Up-to-date: /home/bryan/Workspace/ros2_ws/install/depth_image_proc/share/depth_image_proc/launch/rviz/point_cloud_xyz.rviz
[2.575s] -- Up-to-date: /home/bryan/Workspace/ros2_ws/install/depth_image_proc/share/depth_image_proc/launch/rviz/point_cloud_xyzi.rviz
[2.575s] -- Up-to-date: /home/bryan/Workspace/ros2_ws/install/depth_image_proc/share/depth_image_proc/launch/rviz/point_cloud_xyzrgb.rviz
[2.575s] -- Up-to-date: /home/bryan/Workspace/ros2_ws/install/depth_image_proc/share/depth_image_proc/launch/rviz/disparity.rviz
[2.575s] -- Up-to-date: /home/bryan/Workspace/ros2_ws/install/depth_image_proc/share/ament_index/resource_index/package_run_dependencies/depth_image_proc
[2.575s] -- Up-to-date: /home/bryan/Workspace/ros2_ws/install/depth_image_proc/share/ament_index/resource_index/parent_prefix_path/depth_image_proc
[2.576s] -- Up-to-date: /home/bryan/Workspace/ros2_ws/install/depth_image_proc/share/depth_image_proc/environment/ament_prefix_path.sh
[2.576s] -- Up-to-date: /home/bryan/Workspace/ros2_ws/install/depth_image_proc/share/depth_image_proc/environment/ament_prefix_path.dsv
[2.576s] -- Up-to-date: /home/bryan/Workspace/ros2_ws/install/depth_image_proc/share/depth_image_proc/environment/path.sh
[2.576s] -- Up-to-date: /home/bryan/Workspace/ros2_ws/install/depth_image_proc/share/depth_image_proc/environment/path.dsv
[2.576s] -- Up-to-date: /home/bryan/Workspace/ros2_ws/install/depth_image_proc/share/depth_image_proc/local_setup.bash
[2.576s] -- Up-to-date: /home/bryan/Workspace/ros2_ws/install/depth_image_proc/share/depth_image_proc/local_setup.sh
[2.576s] -- Up-to-date: /home/bryan/Workspace/ros2_ws/install/depth_image_proc/share/depth_image_proc/local_setup.zsh
[2.577s] -- Up-to-date: /home/bryan/Workspace/ros2_ws/install/depth_image_proc/share/depth_image_proc/local_setup.dsv
[2.577s] -- Installing: /home/bryan/Workspace/ros2_ws/install/depth_image_proc/share/depth_image_proc/package.dsv
[2.577s] -- Up-to-date: /home/bryan/Workspace/ros2_ws/install/depth_image_proc/share/ament_index/resource_index/packages/depth_image_proc
[2.577s] -- Up-to-date: /home/bryan/Workspace/ros2_ws/install/depth_image_proc/share/ament_index/resource_index/rclcpp_components/depth_image_proc
[2.577s] -- Up-to-date: /home/bryan/Workspace/ros2_ws/install/depth_image_proc/share/depth_image_proc/cmake/ament_cmake_export_dependencies-extras.cmake
[2.577s] -- Up-to-date: /home/bryan/Workspace/ros2_ws/install/depth_image_proc/share/depth_image_proc/cmake/ament_cmake_export_include_directories-extras.cmake
[2.578s] -- Up-to-date: /home/bryan/Workspace/ros2_ws/install/depth_image_proc/share/depth_image_proc/cmake/ament_cmake_export_libraries-extras.cmake
[2.578s] -- Up-to-date: /home/bryan/Workspace/ros2_ws/install/depth_image_proc/share/depth_image_proc/cmake/depth_image_procConfig.cmake
[2.578s] -- Up-to-date: /home/bryan/Workspace/ros2_ws/install/depth_image_proc/share/depth_image_proc/cmake/depth_image_procConfig-version.cmake
[2.578s] -- Up-to-date: /home/bryan/Workspace/ros2_ws/install/depth_image_proc/share/depth_image_proc/package.xml
[2.693s] Invoked command in '/home/bryan/Workspace/ros2_ws/build/depth_image_proc' returned '0': AMENT_PREFIX_PATH=/home/bryan/Workspace/ros2_ws/install/image_geometry:/home/bryan/Workspace/ros2_ws/install/cv_bridge:${AMENT_PREFIX_PATH} CMAKE_PREFIX_PATH=/home/bryan/Workspace/ros2_ws/install/image_geometry:/home/bryan/Workspace/ros2_ws/install/cv_bridge:/home/bryan/Workspace/ros2_ws/install/image_proc:/home/bryan/Workspace/ros2_ws/install/tracetools_image_pipeline:/home/bryan/Workspace/ros2_ws/install/image_rotate:/home/bryan/Workspace/ros2_ws/install/image_publisher:/home/bryan/Workspace/ros2_ws/install/examples_rclcpp_wait_set:/home/bryan/Workspace/ros2_ws/install/examples_rclcpp_multithreaded_executor:/home/bryan/Workspace/ros2_ws/install/examples_rclcpp_minimal_timer:/home/bryan/Workspace/ros2_ws/install/examples_rclcpp_minimal_subscriber:/home/bryan/Workspace/ros2_ws/install/examples_rclcpp_minimal_service:/home/bryan/Workspace/ros2_ws/install/examples_rclcpp_minimal_publisher:/home/bryan/Workspace/ros2_ws/install/examples_rclcpp_minimal_composition:/home/bryan/Workspace/ros2_ws/install/examples_rclcpp_minimal_client:/home/bryan/Workspace/ros2_ws/install/examples_rclcpp_minimal_action_server:/home/bryan/Workspace/ros2_ws/install/examples_rclcpp_minimal_action_client:/home/bryan/Workspace/ros2_ws/install/examples_rclcpp_cbg_executor:/home/bryan/Workspace/ros2_ws/install/examples_rclcpp_async_client:/home/bryan/Workspace/ros2_ws/install/sprint2:/home/bryan/Workspace/ros2_ws/install/launch_testing_examples:/home/bryan/Workspace/ros2_ws/install/image_converter:/home/bryan/Workspace/ros2_ws/install/first_package:/home/bryan/Workspace/ros2_ws/install/examples_rclpy_pointcloud_publisher:/home/bryan/Workspace/ros2_ws/install/examples_rclpy_minimal_subscriber:/home/bryan/Workspace/ros2_ws/install/examples_rclpy_minimal_service:/home/bryan/Workspace/ros2_ws/install/examples_rclpy_minimal_publisher:/home/bryan/Workspace/ros2_ws/install/examples_rclpy_minimal_client:/home/bryan/Workspace/ros2_ws/install/examples_rclpy_minimal_action_server:/home/bryan/Workspace/ros2_ws/install/examples_rclpy_minimal_action_client:/home/bryan/Workspace/ros2_ws/install/examples_rclpy_guard_conditions:/home/bryan/Workspace/ros2_ws/install/examples_rclpy_executors:/home/bryan/Workspace/ros2_ws/install/camera_calibration:/opt/ros/humble LD_LIBRARY_PATH=/home/bryan/Workspace/ros2_ws/install/image_geometry/lib:/home/bryan/Workspace/ros2_ws/install/cv_bridge/lib:${LD_LIBRARY_PATH} PYTHONPATH=/home/bryan/Workspace/ros2_ws/install/image_geometry/local/lib/python3.10/dist-packages:/home/bryan/Workspace/ros2_ws/install/cv_bridge/local/lib/python3.10/dist-packages:${PYTHONPATH} /usr/bin/cmake --install /home/bryan/Workspace/ros2_ws/build/depth_image_proc
