[0.050s] Invoking command in '/home/bryan/Workspace/ros2_ws/build/examples_rclcpp_multithreaded_executor': CMAKE_PREFIX_PATH=/opt/ros/humble /usr/bin/cmake /home/bryan/Workspace/ros2_ws/src/examples/rclcpp/executors/multithreaded_executor -DAMENT_CMAKE_SYMLINK_INSTALL=1 -DCMAKE_INSTALL_PREFIX=/home/bryan/Workspace/ros2_ws/install/examples_rclcpp_multithreaded_executor
[0.458s] -- The C compiler identification is GNU 11.4.0
[0.717s] -- The CXX compiler identification is GNU 11.4.0
[0.735s] -- Detecting C compiler ABI info
[0.975s] -- Detecting C compiler ABI info - done
[1.034s] -- Check for working C compiler: /usr/bin/cc - skipped
[1.034s] -- Detecting C compile features
[1.034s] -- Detecting C compile features - done
[1.034s] -- Detecting CXX compiler ABI info
[1.301s] -- Detecting CXX compiler ABI info - done
[1.333s] -- Check for working CXX compiler: /usr/bin/c++ - skipped
[1.335s] -- Detecting CXX compile features
[1.338s] -- Detecting CXX compile features - done
[1.359s] -- Found ament_cmake: 1.3.14 (/opt/ros/humble/share/ament_cmake/cmake)
[1.605s] -- Found Python3: /usr/bin/python3 (found version "3.10.12") found components: Interpreter 
[1.741s] -- Override CMake install command with custom implementation using symlinks instead of copying resources
[1.783s] -- Found rclcpp: 16.0.18 (/opt/ros/humble/share/rclcpp/cmake)
[1.865s] -- Found rosidl_generator_c: 3.1.8 (/opt/ros/humble/share/rosidl_generator_c/cmake)
[1.902s] -- Found rosidl_adapter: 3.1.8 (/opt/ros/humble/share/rosidl_adapter/cmake)
[1.924s] -- Found rosidl_generator_cpp: 3.1.8 (/opt/ros/humble/share/rosidl_generator_cpp/cmake)
[1.957s] -- Using all available rosidl_typesupport_c: rosidl_typesupport_fastrtps_c;rosidl_typesupport_introspection_c
[2.115s] -- Using all available rosidl_typesupport_cpp: rosidl_typesupport_fastrtps_cpp;rosidl_typesupport_introspection_cpp
[2.115s] -- Found rmw_implementation_cmake: 6.1.2 (/opt/ros/humble/share/rmw_implementation_cmake/cmake)
[2.115s] -- Found rmw_fastrtps_cpp: 6.2.10 (/opt/ros/humble/share/rmw_fastrtps_cpp/cmake)
[2.838s] -- Found OpenSSL: /usr/lib/x86_64-linux-gnu/libcrypto.so (found version "3.0.2")  
[3.042s] -- Found FastRTPS: /opt/ros/humble/include  
[3.046s] -- Using RMW implementation 'rmw_fastrtps_cpp' as default
[3.063s] -- Looking for pthread.h
[3.511s] -- Looking for pthread.h - found
[3.513s] -- Performing Test CMAKE_HAVE_LIBC_PTHREAD
[4.050s] -- Performing Test CMAKE_HAVE_LIBC_PTHREAD - Success
[4.050s] -- Found Threads: TRUE  
[4.167s] -- Found ament_lint_auto: 0.12.15 (/opt/ros/humble/share/ament_lint_auto/cmake)
[4.513s] -- Added test 'copyright' to check source files copyright and LICENSE
[4.525s] -- Added test 'cppcheck' to perform static code analysis on C / C++ code
[4.547s] -- Configured cppcheck include dirs: 
[4.547s] -- Configured cppcheck exclude dirs and/or files: 
[4.575s] -- Added test 'cpplint' to check C / C++ code against the Google style
[4.575s] -- Configured cpplint exclude dirs and/or files: 
[4.575s] -- Added test 'lint_cmake' to check CMake code style
[4.577s] -- Added test 'uncrustify' to check C / C++ code style
[4.578s] -- Configured uncrustify additional arguments: 
[4.581s] -- Added test 'xmllint' to check XML markup files
[4.594s] -- Configuring done
[4.624s] -- Generating done
[4.657s] -- Build files have been written to: /home/bryan/Workspace/ros2_ws/build/examples_rclcpp_multithreaded_executor
[4.720s] Invoked command in '/home/bryan/Workspace/ros2_ws/build/examples_rclcpp_multithreaded_executor' returned '0': CMAKE_PREFIX_PATH=/opt/ros/humble /usr/bin/cmake /home/bryan/Workspace/ros2_ws/src/examples/rclcpp/executors/multithreaded_executor -DAMENT_CMAKE_SYMLINK_INSTALL=1 -DCMAKE_INSTALL_PREFIX=/home/bryan/Workspace/ros2_ws/install/examples_rclcpp_multithreaded_executor
[4.780s] Invoking command in '/home/bryan/Workspace/ros2_ws/build/examples_rclcpp_multithreaded_executor': CMAKE_PREFIX_PATH=/opt/ros/humble /usr/bin/cmake --build /home/bryan/Workspace/ros2_ws/build/examples_rclcpp_multithreaded_executor -- -j3 -l3
[4.944s] [ 50%] [32mBuilding CXX object CMakeFiles/multithreaded_executor.dir/multithreaded_executor.cpp.o[0m
[18.617s] [100%] [32m[1mLinking CXX executable multithreaded_executor[0m
[19.424s] [100%] Built target multithreaded_executor
[19.489s] Invoked command in '/home/bryan/Workspace/ros2_ws/build/examples_rclcpp_multithreaded_executor' returned '0': CMAKE_PREFIX_PATH=/opt/ros/humble /usr/bin/cmake --build /home/bryan/Workspace/ros2_ws/build/examples_rclcpp_multithreaded_executor -- -j3 -l3
[19.490s] Invoking command in '/home/bryan/Workspace/ros2_ws/build/examples_rclcpp_multithreaded_executor': CMAKE_PREFIX_PATH=/opt/ros/humble /usr/bin/cmake --install /home/bryan/Workspace/ros2_ws/build/examples_rclcpp_multithreaded_executor
[19.503s] -- Install configuration: ""
[19.505s] -- Execute custom install script
[19.513s] -- Symlinking: /home/bryan/Workspace/ros2_ws/install/examples_rclcpp_multithreaded_executor/lib/examples_rclcpp_multithreaded_executor/multithreaded_executor
[19.513s] -- Symlinking: /home/bryan/Workspace/ros2_ws/install/examples_rclcpp_multithreaded_executor/share/ament_index/resource_index/package_run_dependencies/examples_rclcpp_multithreaded_executor
[19.522s] -- Symlinking: /home/bryan/Workspace/ros2_ws/install/examples_rclcpp_multithreaded_executor/share/ament_index/resource_index/parent_prefix_path/examples_rclcpp_multithreaded_executor
[19.541s] -- Symlinking: /home/bryan/Workspace/ros2_ws/install/examples_rclcpp_multithreaded_executor/share/examples_rclcpp_multithreaded_executor/environment/ament_prefix_path.sh
[19.569s] -- Symlinking: /home/bryan/Workspace/ros2_ws/install/examples_rclcpp_multithreaded_executor/share/examples_rclcpp_multithreaded_executor/environment/ament_prefix_path.dsv
[19.577s] -- Symlinking: /home/bryan/Workspace/ros2_ws/install/examples_rclcpp_multithreaded_executor/share/examples_rclcpp_multithreaded_executor/environment/path.sh
[19.599s] -- Symlinking: /home/bryan/Workspace/ros2_ws/install/examples_rclcpp_multithreaded_executor/share/examples_rclcpp_multithreaded_executor/environment/path.dsv
[19.619s] -- Symlinking: /home/bryan/Workspace/ros2_ws/install/examples_rclcpp_multithreaded_executor/share/examples_rclcpp_multithreaded_executor/local_setup.bash
[19.655s] -- Symlinking: /home/bryan/Workspace/ros2_ws/install/examples_rclcpp_multithreaded_executor/share/examples_rclcpp_multithreaded_executor/local_setup.sh
[19.660s] -- Symlinking: /home/bryan/Workspace/ros2_ws/install/examples_rclcpp_multithreaded_executor/share/examples_rclcpp_multithreaded_executor/local_setup.zsh
[19.682s] -- Symlinking: /home/bryan/Workspace/ros2_ws/install/examples_rclcpp_multithreaded_executor/share/examples_rclcpp_multithreaded_executor/local_setup.dsv
[19.721s] -- Symlinking: /home/bryan/Workspace/ros2_ws/install/examples_rclcpp_multithreaded_executor/share/examples_rclcpp_multithreaded_executor/package.dsv
[19.754s] -- Symlinking: /home/bryan/Workspace/ros2_ws/install/examples_rclcpp_multithreaded_executor/share/ament_index/resource_index/packages/examples_rclcpp_multithreaded_executor
[19.755s] -- Symlinking: /home/bryan/Workspace/ros2_ws/install/examples_rclcpp_multithreaded_executor/share/examples_rclcpp_multithreaded_executor/cmake/examples_rclcpp_multithreaded_executorConfig.cmake
[19.774s] -- Symlinking: /home/bryan/Workspace/ros2_ws/install/examples_rclcpp_multithreaded_executor/share/examples_rclcpp_multithreaded_executor/cmake/examples_rclcpp_multithreaded_executorConfig-version.cmake
[19.792s] -- Symlinking: /home/bryan/Workspace/ros2_ws/install/examples_rclcpp_multithreaded_executor/share/examples_rclcpp_multithreaded_executor/package.xml
[19.818s] Invoked command in '/home/bryan/Workspace/ros2_ws/build/examples_rclcpp_multithreaded_executor' returned '0': CMAKE_PREFIX_PATH=/opt/ros/humble /usr/bin/cmake --install /home/bryan/Workspace/ros2_ws/build/examples_rclcpp_multithreaded_executor
