[0.008s] Invoking command in '/home/bryan/Workspace/ros2_ws/build/image_view': AMENT_PREFIX_PATH=/home/bryan/Workspace/ros2_ws/install/cv_bridge:${AMENT_PREFIX_PATH} CMAKE_PREFIX_PATH=/home/bryan/Workspace/ros2_ws/install/cv_bridge:/opt/ros/humble LD_LIBRARY_PATH=/home/bryan/Workspace/ros2_ws/install/cv_bridge/lib:${LD_LIBRARY_PATH} PYTHONPATH=/home/bryan/Workspace/ros2_ws/install/cv_bridge/local/lib/python3.10/dist-packages:${PYTHONPATH} /usr/bin/cmake /home/bryan/Workspace/ros2_ws/image_pipeline/image_view -DAMENT_CMAKE_SYMLINK_INSTALL=1 -DCMAKE_INSTALL_PREFIX=/home/bryan/Workspace/ros2_ws/install/image_view
[0.184s] -- The C compiler identification is GNU 11.4.0
[0.284s] -- The CXX compiler identification is GNU 11.4.0
[0.298s] -- Detecting C compiler ABI info
[0.428s] -- Detecting C compiler ABI info - done
[0.448s] -- Check for working C compiler: /usr/bin/cc - skipped
[0.463s] -- Detecting C compile features
[0.463s] -- Detecting C compile features - done
[0.463s] -- Detecting CXX compiler ABI info
[0.634s] -- Detecting CXX compiler ABI info - done
[0.644s] -- Check for working CXX compiler: /usr/bin/c++ - skipped
[0.644s] -- Detecting CXX compile features
[0.644s] -- Detecting CXX compile features - done
[0.649s] -- Found ament_cmake_auto: 1.3.14 (/opt/ros/humble/share/ament_cmake_auto/cmake)
[0.932s] -- Found Python3: /usr/bin/python3 (found version "3.10.12") found components: Interpreter 
[1.051s] -- Override CMake install command with custom implementation using symlinks instead of copying resources
[1.191s] -- Found rosidl_generator_c: 3.1.8 (/opt/ros/humble/share/rosidl_generator_c/cmake)
[1.197s] -- Found rosidl_adapter: 3.1.8 (/opt/ros/humble/share/rosidl_adapter/cmake)
[1.210s] -- Found rosidl_generator_cpp: 3.1.8 (/opt/ros/humble/share/rosidl_generator_cpp/cmake)
[1.237s] -- Using all available rosidl_typesupport_c: rosidl_typesupport_fastrtps_c;rosidl_typesupport_introspection_c
[1.265s] -- Using all available rosidl_typesupport_cpp: rosidl_typesupport_fastrtps_cpp;rosidl_typesupport_introspection_cpp
[1.332s] -- Found rmw_implementation_cmake: 6.1.2 (/opt/ros/humble/share/rmw_implementation_cmake/cmake)
[1.335s] -- Found rmw_fastrtps_cpp: 6.2.10 (/opt/ros/humble/share/rmw_fastrtps_cpp/cmake)
[1.528s] -- Found OpenSSL: /usr/lib/x86_64-linux-gnu/libcrypto.so (found version "3.0.2")  
[1.561s] -- Found FastRTPS: /opt/ros/humble/include  
[1.618s] -- Using RMW implementation 'rmw_fastrtps_cpp' as default
[1.636s] -- Looking for pthread.h
[1.801s] -- Looking for pthread.h - found
[1.802s] -- Performing Test CMAKE_HAVE_LIBC_PTHREAD
[1.982s] -- Performing Test CMAKE_HAVE_LIBC_PTHREAD - Success
[1.996s] -- Found Threads: TRUE  
[2.303s] -- Found Boost: /usr/lib/x86_64-linux-gnu/cmake/Boost-1.74.0/BoostConfig.cmake (found version "1.74.0")  
[2.310s] -- Found OpenCV: /usr (found version "4.5.4") 
[2.340s] -- Found ament_lint_auto: 0.12.15 (/opt/ros/humble/share/ament_lint_auto/cmake)
[2.380s] [0mIn this package, headers install destination is set to `include` by ament_auto_package. It is recommended to install `include/image_view` instead and will be the default behavior of ament_auto_package from ROS 2 Kilted Kaiju. On distributions before Kilted, ament_auto_package behaves the same way when you use USE_SCOPED_HEADER_INSTALL_DIR option.[0m
[2.381s] -- Added test 'copyright' to check source files copyright and LICENSE
[2.392s] -- Added test 'cppcheck' to perform static code analysis on C / C++ code
[2.394s] -- Configured cppcheck include dirs: /home/bryan/Workspace/ros2_ws/image_pipeline/image_view/include
[2.394s] -- Configured cppcheck exclude dirs and/or files: 
[2.398s] -- Added test 'cpplint' to check C / C++ code against the Google style
[2.398s] -- Configured cpplint exclude dirs and/or files: 
[2.402s] -- Added test 'lint_cmake' to check CMake code style
[2.402s] -- Added test 'uncrustify' to check C / C++ code style
[2.402s] -- Configured uncrustify additional arguments: 
[2.403s] -- Added test 'xmllint' to check XML markup files
[2.408s] -- Configuring done
[2.503s] -- Generating done
[2.567s] -- Build files have been written to: /home/bryan/Workspace/ros2_ws/build/image_view
[2.592s] Invoked command in '/home/bryan/Workspace/ros2_ws/build/image_view' returned '0': AMENT_PREFIX_PATH=/home/bryan/Workspace/ros2_ws/install/cv_bridge:${AMENT_PREFIX_PATH} CMAKE_PREFIX_PATH=/home/bryan/Workspace/ros2_ws/install/cv_bridge:/opt/ros/humble LD_LIBRARY_PATH=/home/bryan/Workspace/ros2_ws/install/cv_bridge/lib:${LD_LIBRARY_PATH} PYTHONPATH=/home/bryan/Workspace/ros2_ws/install/cv_bridge/local/lib/python3.10/dist-packages:${PYTHONPATH} /usr/bin/cmake /home/bryan/Workspace/ros2_ws/image_pipeline/image_view -DAMENT_CMAKE_SYMLINK_INSTALL=1 -DCMAKE_INSTALL_PREFIX=/home/bryan/Workspace/ros2_ws/install/image_view
[2.593s] Invoking command in '/home/bryan/Workspace/ros2_ws/build/image_view': AMENT_PREFIX_PATH=/home/bryan/Workspace/ros2_ws/install/cv_bridge:${AMENT_PREFIX_PATH} CMAKE_PREFIX_PATH=/home/bryan/Workspace/ros2_ws/install/cv_bridge:/opt/ros/humble LD_LIBRARY_PATH=/home/bryan/Workspace/ros2_ws/install/cv_bridge/lib:${LD_LIBRARY_PATH} PYTHONPATH=/home/bryan/Workspace/ros2_ws/install/cv_bridge/local/lib/python3.10/dist-packages:${PYTHONPATH} /usr/bin/cmake --build /home/bryan/Workspace/ros2_ws/build/image_view -- -j3 -l3
[2.733s] [  5%] [32mBuilding CXX object CMakeFiles/image_view_nodes.dir/src/disparity_view_node.cpp.o[0m
[16.485s] [ 10%] [32mBuilding CXX object CMakeFiles/image_view_nodes.dir/src/image_view_node.cpp.o[0m
[25.985s] [ 15%] [32mBuilding CXX object CMakeFiles/image_view_nodes.dir/src/image_saver_node.cpp.o[0m
[36.422s] [ 21%] [32mBuilding CXX object CMakeFiles/image_view_nodes.dir/src/stereo_view_node.cpp.o[0m
[56.185s] [ 26%] [32mBuilding CXX object CMakeFiles/image_view_nodes.dir/src/video_recorder_node.cpp.o[0m
[62.978s] [ 31%] [32mBuilding CXX object CMakeFiles/image_view_nodes.dir/src/extract_images_node.cpp.o[0m
[71.194s] [ 36%] [32m[1mLinking CXX shared library libimage_view_nodes.so[0m
[73.696s] [ 36%] Built target image_view_nodes
[73.736s] [ 42%] [32mBuilding CXX object CMakeFiles/disparity_view.dir/src/disparity_view.cpp.o[0m
[78.722s] [ 47%] [32m[1mLinking CXX executable disparity_view[0m
[80.507s] [ 47%] Built target disparity_view
[80.578s] [ 52%] [32mBuilding CXX object CMakeFiles/stereo_view.dir/src/stereo_view.cpp.o[0m
[86.800s] [ 57%] [32m[1mLinking CXX executable stereo_view[0m
[88.293s] [ 57%] Built target stereo_view
[88.362s] [ 63%] [32mBuilding CXX object CMakeFiles/extract_images.dir/src/extract_images.cpp.o[0m
[93.571s] [ 68%] [32m[1mLinking CXX executable extract_images[0m
[94.954s] [ 68%] Built target extract_images
[95.025s] [ 73%] [32mBuilding CXX object CMakeFiles/image_saver.dir/src/image_saver.cpp.o[0m
[100.360s] [ 78%] [32m[1mLinking CXX executable image_saver[0m
[101.768s] [ 78%] Built target image_saver
[101.848s] [ 84%] [32mBuilding CXX object CMakeFiles/video_recorder.dir/src/video_recorder.cpp.o[0m
[107.174s] [ 89%] [32m[1mLinking CXX executable video_recorder[0m
[108.313s] [ 89%] Built target video_recorder
[108.372s] [ 94%] [32mBuilding CXX object CMakeFiles/image_view.dir/src/image_view.cpp.o[0m
[114.718s] [100%] [32m[1mLinking CXX executable image_view[0m
[116.039s] [100%] Built target image_view
[116.108s] Invoked command in '/home/bryan/Workspace/ros2_ws/build/image_view' returned '0': AMENT_PREFIX_PATH=/home/bryan/Workspace/ros2_ws/install/cv_bridge:${AMENT_PREFIX_PATH} CMAKE_PREFIX_PATH=/home/bryan/Workspace/ros2_ws/install/cv_bridge:/opt/ros/humble LD_LIBRARY_PATH=/home/bryan/Workspace/ros2_ws/install/cv_bridge/lib:${LD_LIBRARY_PATH} PYTHONPATH=/home/bryan/Workspace/ros2_ws/install/cv_bridge/local/lib/python3.10/dist-packages:${PYTHONPATH} /usr/bin/cmake --build /home/bryan/Workspace/ros2_ws/build/image_view -- -j3 -l3
[116.127s] Invoking command in '/home/bryan/Workspace/ros2_ws/build/image_view': AMENT_PREFIX_PATH=/home/bryan/Workspace/ros2_ws/install/cv_bridge:${AMENT_PREFIX_PATH} CMAKE_PREFIX_PATH=/home/bryan/Workspace/ros2_ws/install/cv_bridge:/opt/ros/humble LD_LIBRARY_PATH=/home/bryan/Workspace/ros2_ws/install/cv_bridge/lib:${LD_LIBRARY_PATH} PYTHONPATH=/home/bryan/Workspace/ros2_ws/install/cv_bridge/local/lib/python3.10/dist-packages:${PYTHONPATH} /usr/bin/cmake --install /home/bryan/Workspace/ros2_ws/build/image_view
[116.129s] -- Install configuration: ""
[116.130s] -- Execute custom install script
[116.131s] -- Symlinking: /home/bryan/Workspace/ros2_ws/install/image_view/include/image_view/disparity_view_node.hpp
[116.434s] -- Symlinking: /home/bryan/Workspace/ros2_ws/install/image_view/include/image_view/extract_images_node.hpp
[116.484s] -- Symlinking: /home/bryan/Workspace/ros2_ws/install/image_view/include/image_view/image_saver_node.hpp
[116.506s] -- Symlinking: /home/bryan/Workspace/ros2_ws/install/image_view/include/image_view/image_view_node.hpp
[116.524s] -- Symlinking: /home/bryan/Workspace/ros2_ws/install/image_view/include/image_view/stereo_view_node.hpp
[116.544s] -- Symlinking: /home/bryan/Workspace/ros2_ws/install/image_view/include/image_view/video_recorder_node.hpp
[116.583s] -- Symlinking: /home/bryan/Workspace/ros2_ws/install/image_view/share/image_view/environment/library_path.sh
[116.595s] -- Symlinking: /home/bryan/Workspace/ros2_ws/install/image_view/share/image_view/environment/library_path.dsv
[116.618s] -- Symlinking: /home/bryan/Workspace/ros2_ws/install/image_view/lib/libimage_view_nodes.so
[116.989s] -- Symlinking: /home/bryan/Workspace/ros2_ws/install/image_view/lib/image_view/disparity_view
[116.990s] -- Symlinking: /home/bryan/Workspace/ros2_ws/install/image_view/lib/image_view/image_view
[116.990s] -- Symlinking: /home/bryan/Workspace/ros2_ws/install/image_view/lib/image_view/stereo_view
[116.990s] -- Symlinking: /home/bryan/Workspace/ros2_ws/install/image_view/lib/image_view/extract_images
[116.990s] -- Symlinking: /home/bryan/Workspace/ros2_ws/install/image_view/lib/image_view/image_saver
[116.990s] -- Symlinking: /home/bryan/Workspace/ros2_ws/install/image_view/lib/image_view/video_recorder
[116.991s] -- Symlinking: /home/bryan/Workspace/ros2_ws/install/image_view/share/ament_index/resource_index/package_run_dependencies/image_view
[116.991s] -- Symlinking: /home/bryan/Workspace/ros2_ws/install/image_view/share/ament_index/resource_index/parent_prefix_path/image_view
[116.991s] -- Symlinking: /home/bryan/Workspace/ros2_ws/install/image_view/share/image_view/environment/ament_prefix_path.sh
[116.992s] -- Symlinking: /home/bryan/Workspace/ros2_ws/install/image_view/share/image_view/environment/ament_prefix_path.dsv
[116.992s] -- Symlinking: /home/bryan/Workspace/ros2_ws/install/image_view/share/image_view/environment/path.sh
[116.992s] -- Symlinking: /home/bryan/Workspace/ros2_ws/install/image_view/share/image_view/environment/path.dsv
[116.992s] -- Symlinking: /home/bryan/Workspace/ros2_ws/install/image_view/share/image_view/local_setup.bash
[116.992s] -- Symlinking: /home/bryan/Workspace/ros2_ws/install/image_view/share/image_view/local_setup.sh
[116.992s] -- Symlinking: /home/bryan/Workspace/ros2_ws/install/image_view/share/image_view/local_setup.zsh
[116.993s] -- Symlinking: /home/bryan/Workspace/ros2_ws/install/image_view/share/image_view/local_setup.dsv
[116.993s] -- Symlinking: /home/bryan/Workspace/ros2_ws/install/image_view/share/image_view/package.dsv
[116.993s] -- Symlinking: /home/bryan/Workspace/ros2_ws/install/image_view/share/ament_index/resource_index/packages/image_view
[116.993s] -- Symlinking: /home/bryan/Workspace/ros2_ws/install/image_view/share/ament_index/resource_index/rclcpp_components/image_view
[116.993s] -- Symlinking: /home/bryan/Workspace/ros2_ws/install/image_view/share/image_view/cmake/ament_cmake_export_dependencies-extras.cmake
[116.993s] -- Symlinking: /home/bryan/Workspace/ros2_ws/install/image_view/share/image_view/cmake/ament_cmake_export_include_directories-extras.cmake
[116.994s] -- Symlinking: /home/bryan/Workspace/ros2_ws/install/image_view/share/image_view/cmake/ament_cmake_export_libraries-extras.cmake
[116.994s] -- Symlinking: /home/bryan/Workspace/ros2_ws/install/image_view/share/image_view/cmake/image_viewConfig.cmake
[116.994s] -- Symlinking: /home/bryan/Workspace/ros2_ws/install/image_view/share/image_view/cmake/image_viewConfig-version.cmake
[116.994s] -- Symlinking: /home/bryan/Workspace/ros2_ws/install/image_view/share/image_view/package.xml
[117.002s] Invoked command in '/home/bryan/Workspace/ros2_ws/build/image_view' returned '0': AMENT_PREFIX_PATH=/home/bryan/Workspace/ros2_ws/install/cv_bridge:${AMENT_PREFIX_PATH} CMAKE_PREFIX_PATH=/home/bryan/Workspace/ros2_ws/install/cv_bridge:/opt/ros/humble LD_LIBRARY_PATH=/home/bryan/Workspace/ros2_ws/install/cv_bridge/lib:${LD_LIBRARY_PATH} PYTHONPATH=/home/bryan/Workspace/ros2_ws/install/cv_bridge/local/lib/python3.10/dist-packages:${PYTHONPATH} /usr/bin/cmake --install /home/bryan/Workspace/ros2_ws/build/image_view
