[0.101s] Invoking command in '/home/bryan/Workspace/ros2_ws/build/examples_rclcpp_async_client': CMAKE_PREFIX_PATH=/opt/ros/humble /usr/bin/cmake /home/bryan/Workspace/ros2_ws/src/examples/rclcpp/services/async_client -DAMENT_CMAKE_SYMLINK_INSTALL=1 -DCMAKE_INSTALL_PREFIX=/home/bryan/Workspace/ros2_ws/install/examples_rclcpp_async_client
[0.803s] -- The C compiler identification is GNU 11.4.0
[1.167s] -- The CXX compiler identification is GNU 11.4.0
[1.280s] -- Detecting C compiler ABI info
[1.537s] -- Detecting C compiler ABI info - done
[1.548s] -- Check for working C compiler: /usr/bin/cc - skipped
[1.548s] -- Detecting C compile features
[1.548s] -- Detecting C compile features - done
[1.555s] -- Detecting CXX compiler ABI info
[1.829s] -- Detecting CXX compiler ABI info - done
[1.835s] -- Check for working CXX compiler: /usr/bin/c++ - skipped
[1.874s] -- Detecting CXX compile features
[1.886s] -- Detecting CXX compile features - done
[1.887s] -- Found ament_cmake: 1.3.14 (/opt/ros/humble/share/ament_cmake/cmake)
[2.194s] -- Found Python3: /usr/bin/python3 (found version "3.10.12") found components: Interpreter 
[2.312s] -- Override CMake install command with custom implementation using symlinks instead of copying resources
[2.488s] -- Found example_interfaces: 0.9.3 (/opt/ros/humble/share/example_interfaces/cmake)
[2.689s] -- Found rosidl_generator_c: 3.1.8 (/opt/ros/humble/share/rosidl_generator_c/cmake)
[2.707s] -- Found rosidl_adapter: 3.1.8 (/opt/ros/humble/share/rosidl_adapter/cmake)
[2.774s] -- Found rosidl_generator_cpp: 3.1.8 (/opt/ros/humble/share/rosidl_generator_cpp/cmake)
[2.862s] -- Using all available rosidl_typesupport_c: rosidl_typesupport_fastrtps_c;rosidl_typesupport_introspection_c
[2.907s] -- Using all available rosidl_typesupport_cpp: rosidl_typesupport_fastrtps_cpp;rosidl_typesupport_introspection_cpp
[3.137s] -- Found rclcpp: 16.0.18 (/opt/ros/humble/share/rclcpp/cmake)
[3.186s] -- Found rmw_implementation_cmake: 6.1.2 (/opt/ros/humble/share/rmw_implementation_cmake/cmake)
[3.189s] -- Found rmw_fastrtps_cpp: 6.2.10 (/opt/ros/humble/share/rmw_fastrtps_cpp/cmake)
[3.516s] -- Found OpenSSL: /usr/lib/x86_64-linux-gnu/libcrypto.so (found version "3.0.2")  
[3.555s] -- Found FastRTPS: /opt/ros/humble/include  
[3.645s] -- Using RMW implementation 'rmw_fastrtps_cpp' as default
[3.698s] -- Looking for pthread.h
[3.937s] -- Looking for pthread.h - found
[3.937s] -- Performing Test CMAKE_HAVE_LIBC_PTHREAD
[4.129s] -- Performing Test CMAKE_HAVE_LIBC_PTHREAD - Success
[4.133s] -- Found Threads: TRUE  
[4.366s] -- Found ament_lint_auto: 0.12.15 (/opt/ros/humble/share/ament_lint_auto/cmake)
[4.546s] -- Added test 'copyright' to check source files copyright and LICENSE
[4.546s] -- Added test 'cppcheck' to perform static code analysis on C / C++ code
[4.546s] -- Configured cppcheck include dirs: 
[4.546s] -- Configured cppcheck exclude dirs and/or files: 
[4.547s] -- Added test 'cpplint' to check C / C++ code against the Google style
[4.547s] -- Configured cpplint exclude dirs and/or files: 
[4.551s] -- Added test 'lint_cmake' to check CMake code style
[4.553s] -- Added test 'uncrustify' to check C / C++ code style
[4.553s] -- Configured uncrustify additional arguments: 
[4.554s] -- Added test 'xmllint' to check XML markup files
[4.560s] -- Configuring done
[4.605s] -- Generating done
[4.614s] -- Build files have been written to: /home/bryan/Workspace/ros2_ws/build/examples_rclcpp_async_client
[4.632s] Invoked command in '/home/bryan/Workspace/ros2_ws/build/examples_rclcpp_async_client' returned '0': CMAKE_PREFIX_PATH=/opt/ros/humble /usr/bin/cmake /home/bryan/Workspace/ros2_ws/src/examples/rclcpp/services/async_client -DAMENT_CMAKE_SYMLINK_INSTALL=1 -DCMAKE_INSTALL_PREFIX=/home/bryan/Workspace/ros2_ws/install/examples_rclcpp_async_client
[4.639s] Invoking command in '/home/bryan/Workspace/ros2_ws/build/examples_rclcpp_async_client': CMAKE_PREFIX_PATH=/opt/ros/humble /usr/bin/cmake --build /home/bryan/Workspace/ros2_ws/build/examples_rclcpp_async_client -- -j3 -l3
[4.865s] [ 50%] [32mBuilding CXX object CMakeFiles/client_main.dir/main.cpp.o[0m
[27.547s] [100%] [32m[1mLinking CXX executable client_main[0m
[35.302s] [100%] Built target client_main
[36.390s] Invoked command in '/home/bryan/Workspace/ros2_ws/build/examples_rclcpp_async_client' returned '0': CMAKE_PREFIX_PATH=/opt/ros/humble /usr/bin/cmake --build /home/bryan/Workspace/ros2_ws/build/examples_rclcpp_async_client -- -j3 -l3
[37.087s] Invoking command in '/home/bryan/Workspace/ros2_ws/build/examples_rclcpp_async_client': CMAKE_PREFIX_PATH=/opt/ros/humble /usr/bin/cmake --install /home/bryan/Workspace/ros2_ws/build/examples_rclcpp_async_client
[37.106s] -- Install configuration: ""
[37.107s] -- Execute custom install script
[37.109s] -- Symlinking: /home/bryan/Workspace/ros2_ws/install/examples_rclcpp_async_client/lib/examples_rclcpp_async_client/client_main
[37.123s] -- Symlinking: /home/bryan/Workspace/ros2_ws/install/examples_rclcpp_async_client/share/ament_index/resource_index/package_run_dependencies/examples_rclcpp_async_client
[37.136s] -- Symlinking: /home/bryan/Workspace/ros2_ws/install/examples_rclcpp_async_client/share/ament_index/resource_index/parent_prefix_path/examples_rclcpp_async_client
[37.151s] -- Symlinking: /home/bryan/Workspace/ros2_ws/install/examples_rclcpp_async_client/share/examples_rclcpp_async_client/environment/ament_prefix_path.sh
[37.165s] -- Symlinking: /home/bryan/Workspace/ros2_ws/install/examples_rclcpp_async_client/share/examples_rclcpp_async_client/environment/ament_prefix_path.dsv
[37.295s] -- Symlinking: /home/bryan/Workspace/ros2_ws/install/examples_rclcpp_async_client/share/examples_rclcpp_async_client/environment/path.sh
[37.295s] -- Symlinking: /home/bryan/Workspace/ros2_ws/install/examples_rclcpp_async_client/share/examples_rclcpp_async_client/environment/path.dsv
[37.295s] -- Symlinking: /home/bryan/Workspace/ros2_ws/install/examples_rclcpp_async_client/share/examples_rclcpp_async_client/local_setup.bash
[37.295s] -- Symlinking: /home/bryan/Workspace/ros2_ws/install/examples_rclcpp_async_client/share/examples_rclcpp_async_client/local_setup.sh
[37.295s] -- Symlinking: /home/bryan/Workspace/ros2_ws/install/examples_rclcpp_async_client/share/examples_rclcpp_async_client/local_setup.zsh
[37.296s] -- Symlinking: /home/bryan/Workspace/ros2_ws/install/examples_rclcpp_async_client/share/examples_rclcpp_async_client/local_setup.dsv
[37.296s] -- Symlinking: /home/bryan/Workspace/ros2_ws/install/examples_rclcpp_async_client/share/examples_rclcpp_async_client/package.dsv
[37.296s] -- Symlinking: /home/bryan/Workspace/ros2_ws/install/examples_rclcpp_async_client/share/ament_index/resource_index/packages/examples_rclcpp_async_client
[37.296s] -- Symlinking: /home/bryan/Workspace/ros2_ws/install/examples_rclcpp_async_client/share/examples_rclcpp_async_client/cmake/examples_rclcpp_async_clientConfig.cmake
[37.364s] -- Symlinking: /home/bryan/Workspace/ros2_ws/install/examples_rclcpp_async_client/share/examples_rclcpp_async_client/cmake/examples_rclcpp_async_clientConfig-version.cmake
[37.403s] -- Symlinking: /home/bryan/Workspace/ros2_ws/install/examples_rclcpp_async_client/share/examples_rclcpp_async_client/package.xml
[37.454s] Invoked command in '/home/bryan/Workspace/ros2_ws/build/examples_rclcpp_async_client' returned '0': CMAKE_PREFIX_PATH=/opt/ros/humble /usr/bin/cmake --install /home/bryan/Workspace/ros2_ws/build/examples_rclcpp_async_client
