[0.741s] Invoking command in '/home/hannah/Workspace/ros2_ws/src/ros2_sumo-v010/ros2_sumo-main/build/ros2_sumo': PYTHONPATH=/home/hannah/Workspace/ros2_ws/src/ros2_sumo-v010/ros2_sumo-main/build/ros2_sumo/prefix_override:/usr/lib/python3/dist-packages/colcon_core/task/python/colcon_distutils_commands:/home/hannah/Workspace/ros2_ws/src/ros2_sumo-v010/ros2_sumo-main/install/ros2_sumo/lib/python3.10/site-packages:${PYTHONPATH} /usr/bin/python3 -W ignore:setup.py install is deprecated -W ignore:easy_install command is deprecated setup.py develop --uninstall --editable --build-directory /home/hannah/Workspace/ros2_ws/src/ros2_sumo-v010/ros2_sumo-main/build/ros2_sumo/build
[0.997s] running develop
[1.190s] Removing /home/hannah/Workspace/ros2_ws/src/ros2_sumo-v010/ros2_sumo-main/install/ros2_sumo/lib/python3.10/site-packages/ros2-sumo.egg-link (link to .)
[1.217s] Invoked command in '/home/hannah/Workspace/ros2_ws/src/ros2_sumo-v010/ros2_sumo-main/build/ros2_sumo' returned '0': PYTHONPATH=/home/hannah/Workspace/ros2_ws/src/ros2_sumo-v010/ros2_sumo-main/build/ros2_sumo/prefix_override:/usr/lib/python3/dist-packages/colcon_core/task/python/colcon_distutils_commands:/home/hannah/Workspace/ros2_ws/src/ros2_sumo-v010/ros2_sumo-main/install/ros2_sumo/lib/python3.10/site-packages:${PYTHONPATH} /usr/bin/python3 -W ignore:setup.py install is deprecated -W ignore:easy_install command is deprecated setup.py develop --uninstall --editable --build-directory /home/hannah/Workspace/ros2_ws/src/ros2_sumo-v010/ros2_sumo-main/build/ros2_sumo/build
[1.221s] Invoking command in '/home/hannah/Workspace/ros2_ws/src/ros2_sumo-v010/ros2_sumo-main': PYTHONPATH=/home/hannah/Workspace/ros2_ws/src/ros2_sumo-v010/ros2_sumo-main/build/ros2_sumo/prefix_override:/usr/lib/python3/dist-packages/colcon_core/task/python/colcon_distutils_commands:/home/hannah/Workspace/ros2_ws/src/ros2_sumo-v010/ros2_sumo-main/install/ros2_sumo/lib/python3.10/site-packages:${PYTHONPATH} /usr/bin/python3 -W ignore:setup.py install is deprecated -W ignore:easy_install command is deprecated setup.py egg_info --egg-base build/ros2_sumo build --build-base /home/hannah/Workspace/ros2_ws/src/ros2_sumo-v010/ros2_sumo-main/build/ros2_sumo/build install --record /home/hannah/Workspace/ros2_ws/src/ros2_sumo-v010/ros2_sumo-main/build/ros2_sumo/install.log --single-version-externally-managed install_data --force
[1.467s] running egg_info
[1.468s] writing build/ros2_sumo/ros2_sumo.egg-info/PKG-INFO
[1.469s] writing dependency_links to build/ros2_sumo/ros2_sumo.egg-info/dependency_links.txt
[1.469s] writing entry points to build/ros2_sumo/ros2_sumo.egg-info/entry_points.txt
[1.469s] writing requirements to build/ros2_sumo/ros2_sumo.egg-info/requires.txt
[1.469s] writing top-level names to build/ros2_sumo/ros2_sumo.egg-info/top_level.txt
[1.471s] reading manifest file 'build/ros2_sumo/ros2_sumo.egg-info/SOURCES.txt'
[1.473s] writing manifest file 'build/ros2_sumo/ros2_sumo.egg-info/SOURCES.txt'
[1.473s] running build
[1.473s] running build_py
[1.474s] running install
[1.474s] running install_lib
[1.476s] creating /home/hannah/Workspace/ros2_ws/src/ros2_sumo-v010/ros2_sumo-main/install/ros2_sumo/lib/python3.10/site-packages/ros2_sumo
[1.476s] copying /home/hannah/Workspace/ros2_ws/src/ros2_sumo-v010/ros2_sumo-main/build/ros2_sumo/build/lib/ros2_sumo/vehicle_publisher.py -> /home/hannah/Workspace/ros2_ws/src/ros2_sumo-v010/ros2_sumo-main/install/ros2_sumo/lib/python3.10/site-packages/ros2_sumo
[1.476s] copying /home/hannah/Workspace/ros2_ws/src/ros2_sumo-v010/ros2_sumo-main/build/ros2_sumo/build/lib/ros2_sumo/__init__.py -> /home/hannah/Workspace/ros2_ws/src/ros2_sumo-v010/ros2_sumo-main/install/ros2_sumo/lib/python3.10/site-packages/ros2_sumo
[1.476s] copying /home/hannah/Workspace/ros2_ws/src/ros2_sumo-v010/ros2_sumo-main/build/ros2_sumo/build/lib/ros2_sumo/arduino_readwrite.py -> /home/hannah/Workspace/ros2_ws/src/ros2_sumo-v010/ros2_sumo-main/install/ros2_sumo/lib/python3.10/site-packages/ros2_sumo
[1.476s] copying /home/hannah/Workspace/ros2_ws/src/ros2_sumo-v010/ros2_sumo-main/build/ros2_sumo/build/lib/ros2_sumo/multi_sim_publisher.py -> /home/hannah/Workspace/ros2_ws/src/ros2_sumo-v010/ros2_sumo-main/install/ros2_sumo/lib/python3.10/site-packages/ros2_sumo
[1.476s] copying /home/hannah/Workspace/ros2_ws/src/ros2_sumo-v010/ros2_sumo-main/build/ros2_sumo/build/lib/ros2_sumo/traffic_lights_publisher.py -> /home/hannah/Workspace/ros2_ws/src/ros2_sumo-v010/ros2_sumo-main/install/ros2_sumo/lib/python3.10/site-packages/ros2_sumo
[1.476s] byte-compiling /home/hannah/Workspace/ros2_ws/src/ros2_sumo-v010/ros2_sumo-main/install/ros2_sumo/lib/python3.10/site-packages/ros2_sumo/vehicle_publisher.py to vehicle_publisher.cpython-310.pyc
[1.477s] byte-compiling /home/hannah/Workspace/ros2_ws/src/ros2_sumo-v010/ros2_sumo-main/install/ros2_sumo/lib/python3.10/site-packages/ros2_sumo/__init__.py to __init__.cpython-310.pyc
[1.478s] byte-compiling /home/hannah/Workspace/ros2_ws/src/ros2_sumo-v010/ros2_sumo-main/install/ros2_sumo/lib/python3.10/site-packages/ros2_sumo/arduino_readwrite.py to arduino_readwrite.cpython-310.pyc
[1.479s] byte-compiling /home/hannah/Workspace/ros2_ws/src/ros2_sumo-v010/ros2_sumo-main/install/ros2_sumo/lib/python3.10/site-packages/ros2_sumo/multi_sim_publisher.py to multi_sim_publisher.cpython-310.pyc
[1.479s] byte-compiling /home/hannah/Workspace/ros2_ws/src/ros2_sumo-v010/ros2_sumo-main/install/ros2_sumo/lib/python3.10/site-packages/ros2_sumo/traffic_lights_publisher.py to traffic_lights_publisher.cpython-310.pyc
[1.480s] running install_data
[1.480s] copying resource/ros2_sumo -> /home/hannah/Workspace/ros2_ws/src/ros2_sumo-v010/ros2_sumo-main/install/ros2_sumo/share/ament_index/resource_index/packages
[1.480s] copying package.xml -> /home/hannah/Workspace/ros2_ws/src/ros2_sumo-v010/ros2_sumo-main/install/ros2_sumo/share/ros2_sumo
[1.481s] copying launch/vehicle_publisher_with_rviz2_launch.py -> /home/hannah/Workspace/ros2_ws/src/ros2_sumo-v010/ros2_sumo-main/install/ros2_sumo/share/ros2_sumo/launch
[1.481s] copying config/vehicle_publisher_rviz_config.rviz -> /home/hannah/Workspace/ros2_ws/src/ros2_sumo-v010/ros2_sumo-main/install/ros2_sumo/share/ros2_sumo/config
[1.481s] running install_egg_info
[1.485s] Copying build/ros2_sumo/ros2_sumo.egg-info to /home/hannah/Workspace/ros2_ws/src/ros2_sumo-v010/ros2_sumo-main/install/ros2_sumo/lib/python3.10/site-packages/ros2_sumo-0.1.0-py3.10.egg-info
[1.489s] running install_scripts
[1.508s] Installing arduino_read_write script to /home/hannah/Workspace/ros2_ws/src/ros2_sumo-v010/ros2_sumo-main/install/ros2_sumo/lib/ros2_sumo
[1.509s] Installing multi_sim_publisher script to /home/hannah/Workspace/ros2_ws/src/ros2_sumo-v010/ros2_sumo-main/install/ros2_sumo/lib/ros2_sumo
[1.509s] Installing traffic_lights_publisher script to /home/hannah/Workspace/ros2_ws/src/ros2_sumo-v010/ros2_sumo-main/install/ros2_sumo/lib/ros2_sumo
[1.509s] Installing vehicle_publisher script to /home/hannah/Workspace/ros2_ws/src/ros2_sumo-v010/ros2_sumo-main/install/ros2_sumo/lib/ros2_sumo
[1.509s] writing list of installed files to '/home/hannah/Workspace/ros2_ws/src/ros2_sumo-v010/ros2_sumo-main/build/ros2_sumo/install.log'
[1.538s] Invoked command in '/home/hannah/Workspace/ros2_ws/src/ros2_sumo-v010/ros2_sumo-main' returned '0': PYTHONPATH=/home/hannah/Workspace/ros2_ws/src/ros2_sumo-v010/ros2_sumo-main/build/ros2_sumo/prefix_override:/usr/lib/python3/dist-packages/colcon_core/task/python/colcon_distutils_commands:/home/hannah/Workspace/ros2_ws/src/ros2_sumo-v010/ros2_sumo-main/install/ros2_sumo/lib/python3.10/site-packages:${PYTHONPATH} /usr/bin/python3 -W ignore:setup.py install is deprecated -W ignore:easy_install command is deprecated setup.py egg_info --egg-base build/ros2_sumo build --build-base /home/hannah/Workspace/ros2_ws/src/ros2_sumo-v010/ros2_sumo-main/build/ros2_sumo/build install --record /home/hannah/Workspace/ros2_ws/src/ros2_sumo-v010/ros2_sumo-main/build/ros2_sumo/install.log --single-version-externally-managed install_data --force
