[1.755s] Invoking command in '/home/bryan/Workspace/ros2_ws/build/examples_rclpy_minimal_subscriber': PYTHONPATH=/home/bryan/Workspace/ros2_ws/build/examples_rclpy_minimal_subscriber/prefix_override:/usr/lib/python3/dist-packages/colcon_core/task/python/colcon_distutils_commands:/home/bryan/Workspace/ros2_ws/install/examples_rclpy_minimal_subscriber/lib/python3.10/site-packages:${PYTHONPATH} /usr/bin/python3 -W ignore:setup.py install is deprecated -W ignore:easy_install command is deprecated setup.py develop --uninstall --editable --build-directory /home/bryan/Workspace/ros2_ws/build/examples_rclpy_minimal_subscriber/build
[2.566s] running develop
[2.847s] Removing /home/bryan/Workspace/ros2_ws/install/examples_rclpy_minimal_subscriber/lib/python3.10/site-packages/examples-rclpy-minimal-subscriber.egg-link (link to .)
[2.947s] Invoked command in '/home/bryan/Workspace/ros2_ws/build/examples_rclpy_minimal_subscriber' returned '0': PYTHONPATH=/home/bryan/Workspace/ros2_ws/build/examples_rclpy_minimal_subscriber/prefix_override:/usr/lib/python3/dist-packages/colcon_core/task/python/colcon_distutils_commands:/home/bryan/Workspace/ros2_ws/install/examples_rclpy_minimal_subscriber/lib/python3.10/site-packages:${PYTHONPATH} /usr/bin/python3 -W ignore:setup.py install is deprecated -W ignore:easy_install command is deprecated setup.py develop --uninstall --editable --build-directory /home/bryan/Workspace/ros2_ws/build/examples_rclpy_minimal_subscriber/build
[2.973s] Invoking command in '/home/bryan/Workspace/ros2_ws/src/examples/rclpy/topics/minimal_subscriber': PYTHONPATH=/home/bryan/Workspace/ros2_ws/build/examples_rclpy_minimal_subscriber/prefix_override:/usr/lib/python3/dist-packages/colcon_core/task/python/colcon_distutils_commands:/home/bryan/Workspace/ros2_ws/install/examples_rclpy_minimal_subscriber/lib/python3.10/site-packages:${PYTHONPATH} /usr/bin/python3 -W ignore:setup.py install is deprecated -W ignore:easy_install command is deprecated setup.py egg_info --egg-base ../../../../../build/examples_rclpy_minimal_subscriber build --build-base /home/bryan/Workspace/ros2_ws/build/examples_rclpy_minimal_subscriber/build install --record /home/bryan/Workspace/ros2_ws/build/examples_rclpy_minimal_subscriber/install.log --single-version-externally-managed install_data --force
[3.548s] running egg_info
[3.566s] writing ../../../../../build/examples_rclpy_minimal_subscriber/examples_rclpy_minimal_subscriber.egg-info/PKG-INFO
[3.566s] writing dependency_links to ../../../../../build/examples_rclpy_minimal_subscriber/examples_rclpy_minimal_subscriber.egg-info/dependency_links.txt
[3.571s] writing entry points to ../../../../../build/examples_rclpy_minimal_subscriber/examples_rclpy_minimal_subscriber.egg-info/entry_points.txt
[3.572s] writing requirements to ../../../../../build/examples_rclpy_minimal_subscriber/examples_rclpy_minimal_subscriber.egg-info/requires.txt
[3.572s] writing top-level names to ../../../../../build/examples_rclpy_minimal_subscriber/examples_rclpy_minimal_subscriber.egg-info/top_level.txt
[3.575s] reading manifest file '../../../../../build/examples_rclpy_minimal_subscriber/examples_rclpy_minimal_subscriber.egg-info/SOURCES.txt'
[3.581s] writing manifest file '../../../../../build/examples_rclpy_minimal_subscriber/examples_rclpy_minimal_subscriber.egg-info/SOURCES.txt'
[3.583s] running build
[3.584s] running build_py
[3.584s] creating /home/bryan/Workspace/ros2_ws/build/examples_rclpy_minimal_subscriber/build
[3.584s] creating /home/bryan/Workspace/ros2_ws/build/examples_rclpy_minimal_subscriber/build/lib
[3.584s] creating /home/bryan/Workspace/ros2_ws/build/examples_rclpy_minimal_subscriber/build/lib/examples_rclpy_minimal_subscriber
[3.584s] copying examples_rclpy_minimal_subscriber/subscriber_lambda.py -> /home/bryan/Workspace/ros2_ws/build/examples_rclpy_minimal_subscriber/build/lib/examples_rclpy_minimal_subscriber
[3.619s] copying examples_rclpy_minimal_subscriber/subscriber_member_function.py -> /home/bryan/Workspace/ros2_ws/build/examples_rclpy_minimal_subscriber/build/lib/examples_rclpy_minimal_subscriber
[3.619s] copying examples_rclpy_minimal_subscriber/subscriber_old_school.py -> /home/bryan/Workspace/ros2_ws/build/examples_rclpy_minimal_subscriber/build/lib/examples_rclpy_minimal_subscriber
[3.619s] copying examples_rclpy_minimal_subscriber/__init__.py -> /home/bryan/Workspace/ros2_ws/build/examples_rclpy_minimal_subscriber/build/lib/examples_rclpy_minimal_subscriber
[3.619s] running install
[3.620s] running install_lib
[3.620s] creating /home/bryan/Workspace/ros2_ws/install/examples_rclpy_minimal_subscriber/lib/python3.10/site-packages/examples_rclpy_minimal_subscriber
[3.620s] copying /home/bryan/Workspace/ros2_ws/build/examples_rclpy_minimal_subscriber/build/lib/examples_rclpy_minimal_subscriber/subscriber_lambda.py -> /home/bryan/Workspace/ros2_ws/install/examples_rclpy_minimal_subscriber/lib/python3.10/site-packages/examples_rclpy_minimal_subscriber
[3.620s] copying /home/bryan/Workspace/ros2_ws/build/examples_rclpy_minimal_subscriber/build/lib/examples_rclpy_minimal_subscriber/subscriber_member_function.py -> /home/bryan/Workspace/ros2_ws/install/examples_rclpy_minimal_subscriber/lib/python3.10/site-packages/examples_rclpy_minimal_subscriber
[3.620s] copying /home/bryan/Workspace/ros2_ws/build/examples_rclpy_minimal_subscriber/build/lib/examples_rclpy_minimal_subscriber/subscriber_old_school.py -> /home/bryan/Workspace/ros2_ws/install/examples_rclpy_minimal_subscriber/lib/python3.10/site-packages/examples_rclpy_minimal_subscriber
[3.620s] copying /home/bryan/Workspace/ros2_ws/build/examples_rclpy_minimal_subscriber/build/lib/examples_rclpy_minimal_subscriber/__init__.py -> /home/bryan/Workspace/ros2_ws/install/examples_rclpy_minimal_subscriber/lib/python3.10/site-packages/examples_rclpy_minimal_subscriber
[3.620s] byte-compiling /home/bryan/Workspace/ros2_ws/install/examples_rclpy_minimal_subscriber/lib/python3.10/site-packages/examples_rclpy_minimal_subscriber/subscriber_lambda.py to subscriber_lambda.cpython-310.pyc
[3.620s] byte-compiling /home/bryan/Workspace/ros2_ws/install/examples_rclpy_minimal_subscriber/lib/python3.10/site-packages/examples_rclpy_minimal_subscriber/subscriber_member_function.py to subscriber_member_function.cpython-310.pyc
[3.620s] byte-compiling /home/bryan/Workspace/ros2_ws/install/examples_rclpy_minimal_subscriber/lib/python3.10/site-packages/examples_rclpy_minimal_subscriber/subscriber_old_school.py to subscriber_old_school.cpython-310.pyc
[3.620s] byte-compiling /home/bryan/Workspace/ros2_ws/install/examples_rclpy_minimal_subscriber/lib/python3.10/site-packages/examples_rclpy_minimal_subscriber/__init__.py to __init__.cpython-310.pyc
[3.621s] running install_data
[3.621s] copying resource/examples_rclpy_minimal_subscriber -> /home/bryan/Workspace/ros2_ws/install/examples_rclpy_minimal_subscriber/share/ament_index/resource_index/packages
[3.621s] copying package.xml -> /home/bryan/Workspace/ros2_ws/install/examples_rclpy_minimal_subscriber/share/examples_rclpy_minimal_subscriber
[3.636s] running install_egg_info
[3.636s] Copying ../../../../../build/examples_rclpy_minimal_subscriber/examples_rclpy_minimal_subscriber.egg-info to /home/bryan/Workspace/ros2_ws/install/examples_rclpy_minimal_subscriber/lib/python3.10/site-packages/examples_rclpy_minimal_subscriber-0.15.5-py3.10.egg-info
[3.637s] running install_scripts
[3.691s] Installing subscriber_lambda script to /home/bryan/Workspace/ros2_ws/install/examples_rclpy_minimal_subscriber/lib/examples_rclpy_minimal_subscriber
[3.692s] Installing subscriber_member_function script to /home/bryan/Workspace/ros2_ws/install/examples_rclpy_minimal_subscriber/lib/examples_rclpy_minimal_subscriber
[3.692s] Installing subscriber_old_school script to /home/bryan/Workspace/ros2_ws/install/examples_rclpy_minimal_subscriber/lib/examples_rclpy_minimal_subscriber
[3.693s] writing list of installed files to '/home/bryan/Workspace/ros2_ws/build/examples_rclpy_minimal_subscriber/install.log'
[3.806s] Invoked command in '/home/bryan/Workspace/ros2_ws/src/examples/rclpy/topics/minimal_subscriber' returned '0': PYTHONPATH=/home/bryan/Workspace/ros2_ws/build/examples_rclpy_minimal_subscriber/prefix_override:/usr/lib/python3/dist-packages/colcon_core/task/python/colcon_distutils_commands:/home/bryan/Workspace/ros2_ws/install/examples_rclpy_minimal_subscriber/lib/python3.10/site-packages:${PYTHONPATH} /usr/bin/python3 -W ignore:setup.py install is deprecated -W ignore:easy_install command is deprecated setup.py egg_info --egg-base ../../../../../build/examples_rclpy_minimal_subscriber build --build-base /home/bryan/Workspace/ros2_ws/build/examples_rclpy_minimal_subscriber/build install --record /home/bryan/Workspace/ros2_ws/build/examples_rclpy_minimal_subscriber/install.log --single-version-externally-managed install_data --force
