[1.280s] Invoking command in '/home/bryan/Workspace/ros2_ws/build/examples_rclpy_minimal_service': PYTHONPATH=/home/bryan/Workspace/ros2_ws/build/examples_rclpy_minimal_service/prefix_override:/usr/lib/python3/dist-packages/colcon_core/task/python/colcon_distutils_commands:/home/bryan/Workspace/ros2_ws/install/examples_rclpy_minimal_service/lib/python3.10/site-packages:${PYTHONPATH} /usr/bin/python3 -W ignore:setup.py install is deprecated -W ignore:easy_install command is deprecated setup.py develop --editable --build-directory /home/bryan/Workspace/ros2_ws/build/examples_rclpy_minimal_service/build --no-deps symlink_data
[1.493s] running develop
[1.494s] running egg_info
[1.494s] creating examples_rclpy_minimal_service.egg-info
[1.494s] writing examples_rclpy_minimal_service.egg-info/PKG-INFO
[1.494s] writing dependency_links to examples_rclpy_minimal_service.egg-info/dependency_links.txt
[1.494s] writing entry points to examples_rclpy_minimal_service.egg-info/entry_points.txt
[1.494s] writing requirements to examples_rclpy_minimal_service.egg-info/requires.txt
[1.494s] writing top-level names to examples_rclpy_minimal_service.egg-info/top_level.txt
[1.494s] writing manifest file 'examples_rclpy_minimal_service.egg-info/SOURCES.txt'
[1.497s] reading manifest file 'examples_rclpy_minimal_service.egg-info/SOURCES.txt'
[1.499s] writing manifest file 'examples_rclpy_minimal_service.egg-info/SOURCES.txt'
[1.537s] running build_ext
[1.537s] Creating /home/bryan/Workspace/ros2_ws/install/examples_rclpy_minimal_service/lib/python3.10/site-packages/examples-rclpy-minimal-service.egg-link (link to .)
[1.586s] Installing service script to /home/bryan/Workspace/ros2_ws/install/examples_rclpy_minimal_service/lib/examples_rclpy_minimal_service
[1.586s] Installing service_member_function script to /home/bryan/Workspace/ros2_ws/install/examples_rclpy_minimal_service/lib/examples_rclpy_minimal_service
[1.586s] 
[1.586s] Installed /home/bryan/Workspace/ros2_ws/build/examples_rclpy_minimal_service
[1.586s] running symlink_data
[1.586s] creating /home/bryan/Workspace/ros2_ws/install/examples_rclpy_minimal_service/share/ament_index
[1.586s] creating /home/bryan/Workspace/ros2_ws/install/examples_rclpy_minimal_service/share/ament_index/resource_index
[1.587s] creating /home/bryan/Workspace/ros2_ws/install/examples_rclpy_minimal_service/share/ament_index/resource_index/packages
[1.587s] symbolically linking /home/bryan/Workspace/ros2_ws/build/examples_rclpy_minimal_service/resource/examples_rclpy_minimal_service -> /home/bryan/Workspace/ros2_ws/install/examples_rclpy_minimal_service/share/ament_index/resource_index/packages
[1.587s] symbolically linking /home/bryan/Workspace/ros2_ws/build/examples_rclpy_minimal_service/package.xml -> /home/bryan/Workspace/ros2_ws/install/examples_rclpy_minimal_service/share/examples_rclpy_minimal_service
[1.595s] Invoked command in '/home/bryan/Workspace/ros2_ws/build/examples_rclpy_minimal_service' returned '0': PYTHONPATH=/home/bryan/Workspace/ros2_ws/build/examples_rclpy_minimal_service/prefix_override:/usr/lib/python3/dist-packages/colcon_core/task/python/colcon_distutils_commands:/home/bryan/Workspace/ros2_ws/install/examples_rclpy_minimal_service/lib/python3.10/site-packages:${PYTHONPATH} /usr/bin/python3 -W ignore:setup.py install is deprecated -W ignore:easy_install command is deprecated setup.py develop --editable --build-directory /home/bryan/Workspace/ros2_ws/build/examples_rclpy_minimal_service/build --no-deps symlink_data
