[2.141s] Invoking command in '/home/bryan/Workspace/ros2_ws/src/examples/rclpy/actions/minimal_action_client': PYTHONPATH=/home/bryan/Workspace/ros2_ws/build/examples_rclpy_minimal_action_client/prefix_override:/usr/lib/python3/dist-packages/colcon_core/task/python/colcon_distutils_commands:/home/bryan/Workspace/ros2_ws/install/examples_rclpy_minimal_action_client/lib/python3.10/site-packages:${PYTHONPATH} /usr/bin/python3 -W ignore:setup.py install is deprecated -W ignore:easy_install command is deprecated setup.py egg_info --egg-base ../../../../../build/examples_rclpy_minimal_action_client build --build-base /home/bryan/Workspace/ros2_ws/build/examples_rclpy_minimal_action_client/build install --record /home/bryan/Workspace/ros2_ws/build/examples_rclpy_minimal_action_client/install.log --single-version-externally-managed install_data
[2.731s] running egg_info
[2.731s] writing ../../../../../build/examples_rclpy_minimal_action_client/examples_rclpy_minimal_action_client.egg-info/PKG-INFO
[2.732s] writing dependency_links to ../../../../../build/examples_rclpy_minimal_action_client/examples_rclpy_minimal_action_client.egg-info/dependency_links.txt
[2.745s] writing entry points to ../../../../../build/examples_rclpy_minimal_action_client/examples_rclpy_minimal_action_client.egg-info/entry_points.txt
[2.745s] writing requirements to ../../../../../build/examples_rclpy_minimal_action_client/examples_rclpy_minimal_action_client.egg-info/requires.txt
[2.745s] writing top-level names to ../../../../../build/examples_rclpy_minimal_action_client/examples_rclpy_minimal_action_client.egg-info/top_level.txt
[2.745s] reading manifest file '../../../../../build/examples_rclpy_minimal_action_client/examples_rclpy_minimal_action_client.egg-info/SOURCES.txt'
[2.745s] writing manifest file '../../../../../build/examples_rclpy_minimal_action_client/examples_rclpy_minimal_action_client.egg-info/SOURCES.txt'
[2.745s] running build
[2.745s] running build_py
[2.746s] running install
[2.746s] running install_lib
[2.746s] running install_data
[2.746s] running install_egg_info
[2.746s] removing '/home/bryan/Workspace/ros2_ws/install/examples_rclpy_minimal_action_client/lib/python3.10/site-packages/examples_rclpy_minimal_action_client-0.15.5-py3.10.egg-info' (and everything under it)
[2.746s] Copying ../../../../../build/examples_rclpy_minimal_action_client/examples_rclpy_minimal_action_client.egg-info to /home/bryan/Workspace/ros2_ws/install/examples_rclpy_minimal_action_client/lib/python3.10/site-packages/examples_rclpy_minimal_action_client-0.15.5-py3.10.egg-info
[2.746s] running install_scripts
[2.746s] Installing client script to /home/bryan/Workspace/ros2_ws/install/examples_rclpy_minimal_action_client/lib/examples_rclpy_minimal_action_client
[2.762s] Installing client_asyncio script to /home/bryan/Workspace/ros2_ws/install/examples_rclpy_minimal_action_client/lib/examples_rclpy_minimal_action_client
[2.772s] Installing client_cancel script to /home/bryan/Workspace/ros2_ws/install/examples_rclpy_minimal_action_client/lib/examples_rclpy_minimal_action_client
[2.772s] Installing client_not_composable script to /home/bryan/Workspace/ros2_ws/install/examples_rclpy_minimal_action_client/lib/examples_rclpy_minimal_action_client
[2.772s] writing list of installed files to '/home/bryan/Workspace/ros2_ws/build/examples_rclpy_minimal_action_client/install.log'
[3.259s] Invoked command in '/home/bryan/Workspace/ros2_ws/src/examples/rclpy/actions/minimal_action_client' returned '0': PYTHONPATH=/home/bryan/Workspace/ros2_ws/build/examples_rclpy_minimal_action_client/prefix_override:/usr/lib/python3/dist-packages/colcon_core/task/python/colcon_distutils_commands:/home/bryan/Workspace/ros2_ws/install/examples_rclpy_minimal_action_client/lib/python3.10/site-packages:${PYTHONPATH} /usr/bin/python3 -W ignore:setup.py install is deprecated -W ignore:easy_install command is deprecated setup.py egg_info --egg-base ../../../../../build/examples_rclpy_minimal_action_client build --build-base /home/bryan/Workspace/ros2_ws/build/examples_rclpy_minimal_action_client/build install --record /home/bryan/Workspace/ros2_ws/build/examples_rclpy_minimal_action_client/install.log --single-version-externally-managed install_data
