[1.232s] Invoking command in '/home/hannah/Workspace/ros2_ws/src/ros2_sumo-v010/ros2_sumo-main': PYTHONPATH=/home/hannah/Workspace/ros2_ws/src/ros2_sumo-v010/ros2_sumo-main/build/ros2_sumo/prefix_override:/usr/lib/python3/dist-packages/colcon_core/task/python/colcon_distutils_commands:/home/hannah/Workspace/ros2_ws/src/ros2_sumo-v010/ros2_sumo-main/install/ros2_sumo/lib/python3.10/site-packages:${PYTHONPATH} /usr/bin/python3 -W ignore:setup.py install is deprecated -W ignore:easy_install command is deprecated setup.py egg_info --egg-base build/ros2_sumo build --build-base /home/hannah/Workspace/ros2_ws/src/ros2_sumo-v010/ros2_sumo-main/build/ros2_sumo/build install --record /home/hannah/Workspace/ros2_ws/src/ros2_sumo-v010/ros2_sumo-main/build/ros2_sumo/install.log --single-version-externally-managed install_data
[1.615s] running egg_info
[1.616s] writing build/ros2_sumo/ros2_sumo.egg-info/PKG-INFO
[1.617s] writing dependency_links to build/ros2_sumo/ros2_sumo.egg-info/dependency_links.txt
[1.618s] writing entry points to build/ros2_sumo/ros2_sumo.egg-info/entry_points.txt
[1.618s] writing requirements to build/ros2_sumo/ros2_sumo.egg-info/requires.txt
[1.621s] writing top-level names to build/ros2_sumo/ros2_sumo.egg-info/top_level.txt
[1.622s] reading manifest file 'build/ros2_sumo/ros2_sumo.egg-info/SOURCES.txt'
[1.624s] writing manifest file 'build/ros2_sumo/ros2_sumo.egg-info/SOURCES.txt'
[1.625s] running build
[1.626s] running build_py
[1.626s] copying ros2_sumo/vehicle_publisher_with_rviz2_launch.py -> /home/hannah/Workspace/ros2_ws/src/ros2_sumo-v010/ros2_sumo-main/build/ros2_sumo/build/lib/ros2_sumo
[1.627s] running install
[1.629s] running install_lib
[1.629s] copying /home/hannah/Workspace/ros2_ws/src/ros2_sumo-v010/ros2_sumo-main/build/ros2_sumo/build/lib/ros2_sumo/vehicle_publisher_with_rviz2_launch.py -> /home/hannah/Workspace/ros2_ws/src/ros2_sumo-v010/ros2_sumo-main/install/ros2_sumo/lib/python3.10/site-packages/ros2_sumo
[1.631s] byte-compiling /home/hannah/Workspace/ros2_ws/src/ros2_sumo-v010/ros2_sumo-main/install/ros2_sumo/lib/python3.10/site-packages/ros2_sumo/vehicle_publisher_with_rviz2_launch.py to vehicle_publisher_with_rviz2_launch.cpython-310.pyc
[1.633s] running install_data
[1.633s] running install_egg_info
[1.641s] removing '/home/hannah/Workspace/ros2_ws/src/ros2_sumo-v010/ros2_sumo-main/install/ros2_sumo/lib/python3.10/site-packages/ros2_sumo-0.1.0-py3.10.egg-info' (and everything under it)
[1.642s] Copying build/ros2_sumo/ros2_sumo.egg-info to /home/hannah/Workspace/ros2_ws/src/ros2_sumo-v010/ros2_sumo-main/install/ros2_sumo/lib/python3.10/site-packages/ros2_sumo-0.1.0-py3.10.egg-info
[1.647s] running install_scripts
[1.677s] Installing arduino_read_write script to /home/hannah/Workspace/ros2_ws/src/ros2_sumo-v010/ros2_sumo-main/install/ros2_sumo/lib/ros2_sumo
[1.677s] Installing multi_sim_publisher script to /home/hannah/Workspace/ros2_ws/src/ros2_sumo-v010/ros2_sumo-main/install/ros2_sumo/lib/ros2_sumo
[1.677s] Installing traffic_lights_publisher script to /home/hannah/Workspace/ros2_ws/src/ros2_sumo-v010/ros2_sumo-main/install/ros2_sumo/lib/ros2_sumo
[1.679s] Installing vehicle_publisher script to /home/hannah/Workspace/ros2_ws/src/ros2_sumo-v010/ros2_sumo-main/install/ros2_sumo/lib/ros2_sumo
[1.679s] writing list of installed files to '/home/hannah/Workspace/ros2_ws/src/ros2_sumo-v010/ros2_sumo-main/build/ros2_sumo/install.log'
[1.722s] Invoked command in '/home/hannah/Workspace/ros2_ws/src/ros2_sumo-v010/ros2_sumo-main' returned '0': PYTHONPATH=/home/hannah/Workspace/ros2_ws/src/ros2_sumo-v010/ros2_sumo-main/build/ros2_sumo/prefix_override:/usr/lib/python3/dist-packages/colcon_core/task/python/colcon_distutils_commands:/home/hannah/Workspace/ros2_ws/src/ros2_sumo-v010/ros2_sumo-main/install/ros2_sumo/lib/python3.10/site-packages:${PYTHONPATH} /usr/bin/python3 -W ignore:setup.py install is deprecated -W ignore:easy_install command is deprecated setup.py egg_info --egg-base build/ros2_sumo build --build-base /home/hannah/Workspace/ros2_ws/src/ros2_sumo-v010/ros2_sumo-main/build/ros2_sumo/build install --record /home/hannah/Workspace/ros2_ws/src/ros2_sumo-v010/ros2_sumo-main/build/ros2_sumo/install.log --single-version-externally-managed install_data
