[0.009s] Invoking command in '/home/bryan/Workspace/ros2_ws/build/image_publisher': CMAKE_PREFIX_PATH=/opt/ros/humble /usr/bin/cmake /home/bryan/Workspace/ros2_ws/image_pipeline/image_publisher -DCMAKE_INSTALL_PREFIX=/home/bryan/Workspace/ros2_ws/install/image_publisher
[0.234s] -- The C compiler identification is GNU 11.4.0
[0.364s] -- The CXX compiler identification is GNU 11.4.0
[0.372s] -- Detecting C compiler ABI info
[0.573s] -- Detecting C compiler ABI info - done
[0.613s] -- Check for working C compiler: /usr/bin/cc - skipped
[0.614s] -- Detecting C compile features
[0.614s] -- Detecting C compile features - done
[0.618s] -- Detecting CXX compiler ABI info
[0.866s] -- Detecting CXX compiler ABI info - done
[0.881s] -- Check for working CXX compiler: /usr/bin/c++ - skipped
[0.882s] -- Detecting CXX compile features
[0.882s] -- Detecting CXX compile features - done
[0.884s] -- Found ament_cmake_auto: 1.3.14 (/opt/ros/humble/share/ament_cmake_auto/cmake)
[1.261s] -- Found Python3: /usr/bin/python3 (found version "3.10.12") found components: Interpreter 
[1.484s] -- Found camera_info_manager: 3.1.12 (/opt/ros/humble/share/camera_info_manager/cmake)
[1.592s] -- Found rosidl_generator_c: 3.1.8 (/opt/ros/humble/share/rosidl_generator_c/cmake)
[1.604s] -- Found rosidl_adapter: 3.1.8 (/opt/ros/humble/share/rosidl_adapter/cmake)
[1.654s] -- Found rosidl_generator_cpp: 3.1.8 (/opt/ros/humble/share/rosidl_generator_cpp/cmake)
[1.713s] -- Using all available rosidl_typesupport_c: rosidl_typesupport_fastrtps_c;rosidl_typesupport_introspection_c
[1.807s] -- Using all available rosidl_typesupport_cpp: rosidl_typesupport_fastrtps_cpp;rosidl_typesupport_introspection_cpp
[1.939s] -- Found rmw_implementation_cmake: 6.1.2 (/opt/ros/humble/share/rmw_implementation_cmake/cmake)
[1.942s] -- Found rmw_fastrtps_cpp: 6.2.10 (/opt/ros/humble/share/rmw_fastrtps_cpp/cmake)
[2.566s] -- Found OpenSSL: /usr/lib/x86_64-linux-gnu/libcrypto.so (found version "3.0.2")  
[2.716s] -- Found FastRTPS: /opt/ros/humble/include  
[2.913s] -- Using RMW implementation 'rmw_fastrtps_cpp' as default
[2.934s] -- Looking for pthread.h
[3.317s] -- Looking for pthread.h - found
[3.317s] -- Performing Test CMAKE_HAVE_LIBC_PTHREAD
[3.770s] -- Performing Test CMAKE_HAVE_LIBC_PTHREAD - Success
[3.841s] -- Found Threads: TRUE  
[4.638s] -- Found OpenCV: /usr (found version "4.5.4") found components: core imgcodecs videoio 
[4.642s] -- opencv version 4.5.4
[4.702s] -- Found ament_lint_auto: 0.12.15 (/opt/ros/humble/share/ament_lint_auto/cmake)
[4.737s] [0mIn this package, headers install destination is set to `include` by ament_auto_package. It is recommended to install `include/image_publisher` instead and will be the default behavior of ament_auto_package from ROS 2 Kilted Kaiju. On distributions before Kilted, ament_auto_package behaves the same way when you use USE_SCOPED_HEADER_INSTALL_DIR option.[0m
[4.740s] -- Added test 'copyright' to check source files copyright and LICENSE
[4.968s] -- Added test 'cppcheck' to perform static code analysis on C / C++ code
[4.968s] -- Configured cppcheck include dirs: /home/bryan/Workspace/ros2_ws/image_pipeline/image_publisher/include
[4.969s] -- Configured cppcheck exclude dirs and/or files: 
[4.984s] -- Added test 'cpplint' to check C / C++ code against the Google style
[4.985s] -- Configured cpplint exclude dirs and/or files: 
[4.994s] -- Added test 'flake8' to check Python code syntax and style conventions
[4.995s] -- Added test 'lint_cmake' to check CMake code style
[4.998s] -- Added test 'pep257' to check Python code against some of the docstring style conventions in PEP 257
[5.027s] -- Added test 'uncrustify' to check C / C++ code style
[5.027s] -- Configured uncrustify additional arguments: 
[5.031s] -- Added test 'xmllint' to check XML markup files
[5.039s] -- Configuring done
[5.128s] -- Generating done
[5.142s] -- Build files have been written to: /home/bryan/Workspace/ros2_ws/build/image_publisher
[5.182s] Invoked command in '/home/bryan/Workspace/ros2_ws/build/image_publisher' returned '0': CMAKE_PREFIX_PATH=/opt/ros/humble /usr/bin/cmake /home/bryan/Workspace/ros2_ws/image_pipeline/image_publisher -DCMAKE_INSTALL_PREFIX=/home/bryan/Workspace/ros2_ws/install/image_publisher
[5.183s] Invoking command in '/home/bryan/Workspace/ros2_ws/build/image_publisher': CMAKE_PREFIX_PATH=/opt/ros/humble /usr/bin/cmake --build /home/bryan/Workspace/ros2_ws/build/image_publisher -- -j3 -l3
[6.416s] [ 25%] [32mBuilding CXX object CMakeFiles/image_publisher.dir/src/image_publisher.cpp.o[0m
[22.513s] [ 50%] [32m[1mLinking CXX shared library libimage_publisher.so[0m
[28.671s] [ 50%] Built target image_publisher
[29.220s] [ 75%] [32mBuilding CXX object CMakeFiles/image_publisher_node.dir/src/image_publisher_node.cpp.o[0m
[37.485s] [100%] [32m[1mLinking CXX executable image_publisher_node[0m
[39.180s] [100%] Built target image_publisher_node
[40.049s] Invoked command in '/home/bryan/Workspace/ros2_ws/build/image_publisher' returned '0': CMAKE_PREFIX_PATH=/opt/ros/humble /usr/bin/cmake --build /home/bryan/Workspace/ros2_ws/build/image_publisher -- -j3 -l3
[40.123s] Invoking command in '/home/bryan/Workspace/ros2_ws/build/image_publisher': CMAKE_PREFIX_PATH=/opt/ros/humble /usr/bin/cmake --install /home/bryan/Workspace/ros2_ws/build/image_publisher
[40.365s] -- Install configuration: ""
[40.372s] -- Installing: /home/bryan/Workspace/ros2_ws/install/image_publisher/include
[40.373s] -- Installing: /home/bryan/Workspace/ros2_ws/install/image_publisher/include/image_publisher
[40.376s] -- Installing: /home/bryan/Workspace/ros2_ws/install/image_publisher/include/image_publisher/image_publisher.hpp
[40.377s] -- Installing: /home/bryan/Workspace/ros2_ws/install/image_publisher/include/image_publisher/visibility.h
[40.380s] -- Installing: /home/bryan/Workspace/ros2_ws/install/image_publisher/share/image_publisher/environment/library_path.sh
[40.381s] -- Installing: /home/bryan/Workspace/ros2_ws/install/image_publisher/share/image_publisher/environment/library_path.dsv
[40.381s] -- Installing: /home/bryan/Workspace/ros2_ws/install/image_publisher/lib/libimage_publisher.so
[40.392s] -- Set runtime path of "/home/bryan/Workspace/ros2_ws/install/image_publisher/lib/libimage_publisher.so" to ""
[40.392s] -- Installing: /home/bryan/Workspace/ros2_ws/install/image_publisher/lib/image_publisher/image_publisher_node
[40.393s] -- Set runtime path of "/home/bryan/Workspace/ros2_ws/install/image_publisher/lib/image_publisher/image_publisher_node" to ""
[40.394s] -- Installing: /home/bryan/Workspace/ros2_ws/install/image_publisher/share/image_publisher/launch
[40.397s] -- Installing: /home/bryan/Workspace/ros2_ws/install/image_publisher/share/image_publisher/launch/image_publisher_file.launch.py
[40.407s] -- Installing: /home/bryan/Workspace/ros2_ws/install/image_publisher/share/image_publisher/launch/image_publisher_mono.launch.py
[40.407s] -- Installing: /home/bryan/Workspace/ros2_ws/install/image_publisher/share/image_publisher/launch/image_publisher_stereo.launch.py
[40.408s] -- Installing: /home/bryan/Workspace/ros2_ws/install/image_publisher/share/image_publisher/launch/splash.png
[40.408s] -- Installing: /home/bryan/Workspace/ros2_ws/install/image_publisher/share/ament_index/resource_index/package_run_dependencies/image_publisher
[40.409s] -- Installing: /home/bryan/Workspace/ros2_ws/install/image_publisher/share/ament_index/resource_index/parent_prefix_path/image_publisher
[40.409s] -- Installing: /home/bryan/Workspace/ros2_ws/install/image_publisher/share/image_publisher/environment/ament_prefix_path.sh
[40.409s] -- Installing: /home/bryan/Workspace/ros2_ws/install/image_publisher/share/image_publisher/environment/ament_prefix_path.dsv
[40.409s] -- Installing: /home/bryan/Workspace/ros2_ws/install/image_publisher/share/image_publisher/environment/path.sh
[40.410s] -- Installing: /home/bryan/Workspace/ros2_ws/install/image_publisher/share/image_publisher/environment/path.dsv
[40.412s] -- Installing: /home/bryan/Workspace/ros2_ws/install/image_publisher/share/image_publisher/local_setup.bash
[40.422s] -- Installing: /home/bryan/Workspace/ros2_ws/install/image_publisher/share/image_publisher/local_setup.sh
[40.422s] -- Installing: /home/bryan/Workspace/ros2_ws/install/image_publisher/share/image_publisher/local_setup.zsh
[40.423s] -- Installing: /home/bryan/Workspace/ros2_ws/install/image_publisher/share/image_publisher/local_setup.dsv
[40.423s] -- Installing: /home/bryan/Workspace/ros2_ws/install/image_publisher/share/image_publisher/package.dsv
[40.423s] -- Installing: /home/bryan/Workspace/ros2_ws/install/image_publisher/share/ament_index/resource_index/packages/image_publisher
[40.423s] -- Installing: /home/bryan/Workspace/ros2_ws/install/image_publisher/share/ament_index/resource_index/rclcpp_components/image_publisher
[40.423s] -- Installing: /home/bryan/Workspace/ros2_ws/install/image_publisher/share/image_publisher/cmake/ament_cmake_export_dependencies-extras.cmake
[40.424s] -- Installing: /home/bryan/Workspace/ros2_ws/install/image_publisher/share/image_publisher/cmake/ament_cmake_export_include_directories-extras.cmake
[40.424s] -- Installing: /home/bryan/Workspace/ros2_ws/install/image_publisher/share/image_publisher/cmake/ament_cmake_export_libraries-extras.cmake
[40.428s] -- Installing: /home/bryan/Workspace/ros2_ws/install/image_publisher/share/image_publisher/cmake/image_publisherConfig.cmake
[40.429s] -- Installing: /home/bryan/Workspace/ros2_ws/install/image_publisher/share/image_publisher/cmake/image_publisherConfig-version.cmake
[40.429s] -- Installing: /home/bryan/Workspace/ros2_ws/install/image_publisher/share/image_publisher/package.xml
[40.459s] Invoked command in '/home/bryan/Workspace/ros2_ws/build/image_publisher' returned '0': CMAKE_PREFIX_PATH=/opt/ros/humble /usr/bin/cmake --install /home/bryan/Workspace/ros2_ws/build/image_publisher
