[0.011s] Invoking command in '/home/bryan/Workspace/ros2_ws/build/examples_rclcpp_minimal_client': CMAKE_PREFIX_PATH=${CMAKE_PREFIX_PATH}:/home/bryan/Workspace/ros2_ws/install/sprint2:/home/bryan/Workspace/ros2_ws/install/launch_testing_examples:/home/bryan/Workspace/ros2_ws/install/image_converter:/home/bryan/Workspace/ros2_ws/install/first_package:/home/bryan/Workspace/ros2_ws/install/examples_rclpy_pointcloud_publisher:/home/bryan/Workspace/ros2_ws/install/examples_rclpy_minimal_subscriber:/home/bryan/Workspace/ros2_ws/install/examples_rclpy_minimal_service:/home/bryan/Workspace/ros2_ws/install/examples_rclpy_minimal_publisher:/home/bryan/Workspace/ros2_ws/install/examples_rclpy_minimal_client:/home/bryan/Workspace/ros2_ws/install/examples_rclpy_minimal_action_server:/home/bryan/Workspace/ros2_ws/install/examples_rclpy_minimal_action_client:/home/bryan/Workspace/ros2_ws/install/examples_rclpy_guard_conditions:/home/bryan/Workspace/ros2_ws/install/examples_rclpy_executors:/home/bryan/Workspace/ros2_ws/install/camera_calibration:/opt/ros/humble /usr/bin/cmake /home/bryan/Workspace/ros2_ws/src/examples/rclcpp/services/minimal_client -DCMAKE_INSTALL_PREFIX=/home/bryan/Workspace/ros2_ws/install/examples_rclcpp_minimal_client
[0.026s] -- Found ament_cmake: 1.3.14 (/opt/ros/humble/share/ament_cmake/cmake)
[0.747s] -- Override CMake install command with custom implementation using symlinks instead of copying resources
[1.049s] -- Found example_interfaces: 0.9.3 (/opt/ros/humble/share/example_interfaces/cmake)
[1.049s] -- Found rosidl_generator_c: 3.1.8 (/opt/ros/humble/share/rosidl_generator_c/cmake)
[1.049s] -- Found rosidl_adapter: 3.1.8 (/opt/ros/humble/share/rosidl_adapter/cmake)
[1.049s] -- Found rosidl_generator_cpp: 3.1.8 (/opt/ros/humble/share/rosidl_generator_cpp/cmake)
[1.049s] -- Using all available rosidl_typesupport_c: rosidl_typesupport_fastrtps_c;rosidl_typesupport_introspection_c
[1.050s] -- Using all available rosidl_typesupport_cpp: rosidl_typesupport_fastrtps_cpp;rosidl_typesupport_introspection_cpp
[1.050s] -- Found rclcpp: 16.0.18 (/opt/ros/humble/share/rclcpp/cmake)
[1.050s] -- Found rmw_implementation_cmake: 6.1.2 (/opt/ros/humble/share/rmw_implementation_cmake/cmake)
[1.050s] -- Found rmw_fastrtps_cpp: 6.2.10 (/opt/ros/humble/share/rmw_fastrtps_cpp/cmake)
[1.324s] -- Using RMW implementation 'rmw_fastrtps_cpp' as default
[1.571s] -- Found ament_lint_auto: 0.12.15 (/opt/ros/humble/share/ament_lint_auto/cmake)
[1.912s] -- Added test 'copyright' to check source files copyright and LICENSE
[1.912s] -- Added test 'cppcheck' to perform static code analysis on C / C++ code
[1.912s] -- Configured cppcheck include dirs: 
[1.912s] -- Configured cppcheck exclude dirs and/or files: 
[1.912s] -- Added test 'cpplint' to check C / C++ code against the Google style
[1.912s] -- Configured cpplint exclude dirs and/or files: 
[1.913s] -- Added test 'lint_cmake' to check CMake code style
[1.913s] -- Added test 'uncrustify' to check C / C++ code style
[1.913s] -- Configured uncrustify additional arguments: 
[1.913s] -- Added test 'xmllint' to check XML markup files
[1.925s] -- Configuring done
[2.008s] -- Generating done
[2.024s] -- Build files have been written to: /home/bryan/Workspace/ros2_ws/build/examples_rclcpp_minimal_client
[2.054s] Invoked command in '/home/bryan/Workspace/ros2_ws/build/examples_rclcpp_minimal_client' returned '0': CMAKE_PREFIX_PATH=${CMAKE_PREFIX_PATH}:/home/bryan/Workspace/ros2_ws/install/sprint2:/home/bryan/Workspace/ros2_ws/install/launch_testing_examples:/home/bryan/Workspace/ros2_ws/install/image_converter:/home/bryan/Workspace/ros2_ws/install/first_package:/home/bryan/Workspace/ros2_ws/install/examples_rclpy_pointcloud_publisher:/home/bryan/Workspace/ros2_ws/install/examples_rclpy_minimal_subscriber:/home/bryan/Workspace/ros2_ws/install/examples_rclpy_minimal_service:/home/bryan/Workspace/ros2_ws/install/examples_rclpy_minimal_publisher:/home/bryan/Workspace/ros2_ws/install/examples_rclpy_minimal_client:/home/bryan/Workspace/ros2_ws/install/examples_rclpy_minimal_action_server:/home/bryan/Workspace/ros2_ws/install/examples_rclpy_minimal_action_client:/home/bryan/Workspace/ros2_ws/install/examples_rclpy_guard_conditions:/home/bryan/Workspace/ros2_ws/install/examples_rclpy_executors:/home/bryan/Workspace/ros2_ws/install/camera_calibration:/opt/ros/humble /usr/bin/cmake /home/bryan/Workspace/ros2_ws/src/examples/rclcpp/services/minimal_client -DCMAKE_INSTALL_PREFIX=/home/bryan/Workspace/ros2_ws/install/examples_rclcpp_minimal_client
[2.055s] Invoking command in '/home/bryan/Workspace/ros2_ws/build/examples_rclcpp_minimal_client': CMAKE_PREFIX_PATH=${CMAKE_PREFIX_PATH}:/home/bryan/Workspace/ros2_ws/install/sprint2:/home/bryan/Workspace/ros2_ws/install/launch_testing_examples:/home/bryan/Workspace/ros2_ws/install/image_converter:/home/bryan/Workspace/ros2_ws/install/first_package:/home/bryan/Workspace/ros2_ws/install/examples_rclpy_pointcloud_publisher:/home/bryan/Workspace/ros2_ws/install/examples_rclpy_minimal_subscriber:/home/bryan/Workspace/ros2_ws/install/examples_rclpy_minimal_service:/home/bryan/Workspace/ros2_ws/install/examples_rclpy_minimal_publisher:/home/bryan/Workspace/ros2_ws/install/examples_rclpy_minimal_client:/home/bryan/Workspace/ros2_ws/install/examples_rclpy_minimal_action_server:/home/bryan/Workspace/ros2_ws/install/examples_rclpy_minimal_action_client:/home/bryan/Workspace/ros2_ws/install/examples_rclpy_guard_conditions:/home/bryan/Workspace/ros2_ws/install/examples_rclpy_executors:/home/bryan/Workspace/ros2_ws/install/camera_calibration:/opt/ros/humble /usr/bin/cmake --build /home/bryan/Workspace/ros2_ws/build/examples_rclcpp_minimal_client -- -j3 -l3
[2.288s] [35m[1mConsolidate compiler generated dependencies of target client_main[0m
[2.446s] [100%] Built target client_main
[2.479s] Invoked command in '/home/bryan/Workspace/ros2_ws/build/examples_rclcpp_minimal_client' returned '0': CMAKE_PREFIX_PATH=${CMAKE_PREFIX_PATH}:/home/bryan/Workspace/ros2_ws/install/sprint2:/home/bryan/Workspace/ros2_ws/install/launch_testing_examples:/home/bryan/Workspace/ros2_ws/install/image_converter:/home/bryan/Workspace/ros2_ws/install/first_package:/home/bryan/Workspace/ros2_ws/install/examples_rclpy_pointcloud_publisher:/home/bryan/Workspace/ros2_ws/install/examples_rclpy_minimal_subscriber:/home/bryan/Workspace/ros2_ws/install/examples_rclpy_minimal_service:/home/bryan/Workspace/ros2_ws/install/examples_rclpy_minimal_publisher:/home/bryan/Workspace/ros2_ws/install/examples_rclpy_minimal_client:/home/bryan/Workspace/ros2_ws/install/examples_rclpy_minimal_action_server:/home/bryan/Workspace/ros2_ws/install/examples_rclpy_minimal_action_client:/home/bryan/Workspace/ros2_ws/install/examples_rclpy_guard_conditions:/home/bryan/Workspace/ros2_ws/install/examples_rclpy_executors:/home/bryan/Workspace/ros2_ws/install/camera_calibration:/opt/ros/humble /usr/bin/cmake --build /home/bryan/Workspace/ros2_ws/build/examples_rclcpp_minimal_client -- -j3 -l3
[2.554s] Invoking command in '/home/bryan/Workspace/ros2_ws/build/examples_rclcpp_minimal_client': CMAKE_PREFIX_PATH=${CMAKE_PREFIX_PATH}:/home/bryan/Workspace/ros2_ws/install/sprint2:/home/bryan/Workspace/ros2_ws/install/launch_testing_examples:/home/bryan/Workspace/ros2_ws/install/image_converter:/home/bryan/Workspace/ros2_ws/install/first_package:/home/bryan/Workspace/ros2_ws/install/examples_rclpy_pointcloud_publisher:/home/bryan/Workspace/ros2_ws/install/examples_rclpy_minimal_subscriber:/home/bryan/Workspace/ros2_ws/install/examples_rclpy_minimal_service:/home/bryan/Workspace/ros2_ws/install/examples_rclpy_minimal_publisher:/home/bryan/Workspace/ros2_ws/install/examples_rclpy_minimal_client:/home/bryan/Workspace/ros2_ws/install/examples_rclpy_minimal_action_server:/home/bryan/Workspace/ros2_ws/install/examples_rclpy_minimal_action_client:/home/bryan/Workspace/ros2_ws/install/examples_rclpy_guard_conditions:/home/bryan/Workspace/ros2_ws/install/examples_rclpy_executors:/home/bryan/Workspace/ros2_ws/install/camera_calibration:/opt/ros/humble /usr/bin/cmake --install /home/bryan/Workspace/ros2_ws/build/examples_rclcpp_minimal_client
[2.620s] -- Install configuration: ""
[2.620s] -- Execute custom install script
[2.645s] -- Up-to-date symlink: /home/bryan/Workspace/ros2_ws/install/examples_rclcpp_minimal_client/lib/examples_rclcpp_minimal_client/client_main
[2.645s] -- Up-to-date symlink: /home/bryan/Workspace/ros2_ws/install/examples_rclcpp_minimal_client/share/ament_index/resource_index/package_run_dependencies/examples_rclcpp_minimal_client
[2.646s] -- Up-to-date symlink: /home/bryan/Workspace/ros2_ws/install/examples_rclcpp_minimal_client/share/ament_index/resource_index/parent_prefix_path/examples_rclcpp_minimal_client
[2.646s] -- Up-to-date symlink: /home/bryan/Workspace/ros2_ws/install/examples_rclcpp_minimal_client/share/examples_rclcpp_minimal_client/environment/ament_prefix_path.sh
[2.646s] -- Up-to-date symlink: /home/bryan/Workspace/ros2_ws/install/examples_rclcpp_minimal_client/share/examples_rclcpp_minimal_client/environment/ament_prefix_path.dsv
[2.646s] -- Up-to-date symlink: /home/bryan/Workspace/ros2_ws/install/examples_rclcpp_minimal_client/share/examples_rclcpp_minimal_client/environment/path.sh
[2.646s] -- Up-to-date symlink: /home/bryan/Workspace/ros2_ws/install/examples_rclcpp_minimal_client/share/examples_rclcpp_minimal_client/environment/path.dsv
[2.646s] -- Up-to-date symlink: /home/bryan/Workspace/ros2_ws/install/examples_rclcpp_minimal_client/share/examples_rclcpp_minimal_client/local_setup.bash
[2.646s] -- Up-to-date symlink: /home/bryan/Workspace/ros2_ws/install/examples_rclcpp_minimal_client/share/examples_rclcpp_minimal_client/local_setup.sh
[2.646s] -- Up-to-date symlink: /home/bryan/Workspace/ros2_ws/install/examples_rclcpp_minimal_client/share/examples_rclcpp_minimal_client/local_setup.zsh
[2.646s] -- Up-to-date symlink: /home/bryan/Workspace/ros2_ws/install/examples_rclcpp_minimal_client/share/examples_rclcpp_minimal_client/local_setup.dsv
[2.646s] -- Symlinking: /home/bryan/Workspace/ros2_ws/install/examples_rclcpp_minimal_client/share/examples_rclcpp_minimal_client/package.dsv
[2.707s] -- Up-to-date symlink: /home/bryan/Workspace/ros2_ws/install/examples_rclcpp_minimal_client/share/ament_index/resource_index/packages/examples_rclcpp_minimal_client
[2.713s] -- Up-to-date symlink: /home/bryan/Workspace/ros2_ws/install/examples_rclcpp_minimal_client/share/examples_rclcpp_minimal_client/cmake/examples_rclcpp_minimal_clientConfig.cmake
[2.713s] -- Up-to-date symlink: /home/bryan/Workspace/ros2_ws/install/examples_rclcpp_minimal_client/share/examples_rclcpp_minimal_client/cmake/examples_rclcpp_minimal_clientConfig-version.cmake
[2.735s] -- Up-to-date symlink: /home/bryan/Workspace/ros2_ws/install/examples_rclcpp_minimal_client/share/examples_rclcpp_minimal_client/package.xml
[2.744s] Invoked command in '/home/bryan/Workspace/ros2_ws/build/examples_rclcpp_minimal_client' returned '0': CMAKE_PREFIX_PATH=${CMAKE_PREFIX_PATH}:/home/bryan/Workspace/ros2_ws/install/sprint2:/home/bryan/Workspace/ros2_ws/install/launch_testing_examples:/home/bryan/Workspace/ros2_ws/install/image_converter:/home/bryan/Workspace/ros2_ws/install/first_package:/home/bryan/Workspace/ros2_ws/install/examples_rclpy_pointcloud_publisher:/home/bryan/Workspace/ros2_ws/install/examples_rclpy_minimal_subscriber:/home/bryan/Workspace/ros2_ws/install/examples_rclpy_minimal_service:/home/bryan/Workspace/ros2_ws/install/examples_rclpy_minimal_publisher:/home/bryan/Workspace/ros2_ws/install/examples_rclpy_minimal_client:/home/bryan/Workspace/ros2_ws/install/examples_rclpy_minimal_action_server:/home/bryan/Workspace/ros2_ws/install/examples_rclpy_minimal_action_client:/home/bryan/Workspace/ros2_ws/install/examples_rclpy_guard_conditions:/home/bryan/Workspace/ros2_ws/install/examples_rclpy_executors:/home/bryan/Workspace/ros2_ws/install/camera_calibration:/opt/ros/humble /usr/bin/cmake --install /home/bryan/Workspace/ros2_ws/build/examples_rclcpp_minimal_client
