[0.621s] DEBUG:colcon:Command line arguments: ['/usr/bin/colcon', 'build']
[0.621s] DEBUG:colcon:Parsed command line arguments: Namespace(log_base=None, log_level=None, verb_name='build', build_base='build', install_base='install', merge_install=False, symlink_install=False, test_result_base=None, continue_on_error=False, executor='parallel', parallel_workers=3, event_handlers=None, ignore_user_meta=False, metas=['./colcon.meta'], base_paths=['.'], packages_ignore=None, packages_ignore_regex=None, paths=None, packages_up_to=None, packages_up_to_regex=None, packages_above=None, packages_above_and_dependencies=None, packages_above_depth=None, packages_select_by_dep=None, packages_skip_by_dep=None, packages_skip_up_to=None, packages_select_build_failed=False, packages_skip_build_finished=False, packages_select_test_failures=False, packages_skip_test_passed=False, packages_select=None, packages_skip=None, packages_select_regex=None, packages_skip_regex=None, packages_start=None, packages_end=None, allow_overriding=[], cmake_args=None, cmake_target=None, cmake_target_skip_unavailable=False, cmake_clean_cache=False, cmake_clean_first=False, cmake_force_configure=False, ament_cmake_args=None, catkin_cmake_args=None, catkin_skip_building_tests=False, mixin_files=None, mixin=None, verb_parser=<colcon_mixin.mixin.mixin_argument.MixinArgumentDecorator object at 0x791e8954d210>, verb_extension=<colcon_core.verb.build.BuildVerb object at 0x791e8954cc70>, main=<bound method BuildVerb.main of <colcon_core.verb.build.BuildVerb object at 0x791e8954cc70>>, mixin_verb=('build',))
[1.193s] Level 1:colcon.colcon_core.package_discovery:discover_packages(colcon_meta) check parameters
[1.193s] Level 1:colcon.colcon_core.package_discovery:discover_packages(recursive) check parameters
[1.193s] Level 1:colcon.colcon_core.package_discovery:discover_packages(ignore) check parameters
[1.193s] Level 1:colcon.colcon_core.package_discovery:discover_packages(path) check parameters
[1.193s] Level 1:colcon.colcon_core.package_discovery:discover_packages(colcon_meta) discover
[1.194s] Level 1:colcon.colcon_core.package_discovery:discover_packages(recursive) discover
[1.194s] INFO:colcon.colcon_core.package_discovery:Crawling recursively for packages in '/home/hannah/Workspace/ros2_ws/src/ros2_sumo-v010/ros2_sumo-main'
[1.194s] Level 1:colcon.colcon_core.package_identification:_identify(.) by extensions ['ignore', 'ignore_ament_install']
[1.194s] Level 1:colcon.colcon_core.package_identification:_identify(.) by extension 'ignore'
[1.194s] Level 1:colcon.colcon_core.package_identification:_identify(.) by extension 'ignore_ament_install'
[1.195s] Level 1:colcon.colcon_core.package_identification:_identify(.) by extensions ['colcon_pkg']
[1.195s] Level 1:colcon.colcon_core.package_identification:_identify(.) by extension 'colcon_pkg'
[1.195s] Level 1:colcon.colcon_core.package_identification:_identify(.) by extensions ['colcon_meta']
[1.195s] Level 1:colcon.colcon_core.package_identification:_identify(.) by extension 'colcon_meta'
[1.195s] Level 1:colcon.colcon_core.package_identification:_identify(.) by extensions ['ros']
[1.195s] Level 1:colcon.colcon_core.package_identification:_identify(.) by extension 'ros'
[1.230s] DEBUG:colcon.colcon_core.package_identification:Package '.' with type 'ros.ament_python' and name 'ros2_sumo'
[1.230s] Level 1:colcon.colcon_core.package_discovery:discover_packages(recursive) using defaults
[1.230s] Level 1:colcon.colcon_core.package_discovery:discover_packages(ignore) discover
[1.231s] Level 1:colcon.colcon_core.package_discovery:discover_packages(ignore) using defaults
[1.231s] Level 1:colcon.colcon_core.package_discovery:discover_packages(path) discover
[1.231s] Level 1:colcon.colcon_core.package_discovery:discover_packages(path) using defaults
[1.320s] Level 1:colcon.colcon_core.package_discovery:discover_packages(prefix_path) check parameters
[1.320s] Level 1:colcon.colcon_core.package_discovery:discover_packages(prefix_path) discover
[1.328s] DEBUG:colcon.colcon_installed_package_information.package_discovery:Found 273 installed packages in /opt/ros/humble
[1.330s] Level 1:colcon.colcon_core.package_discovery:discover_packages(prefix_path) using defaults
[1.396s] Level 5:colcon.colcon_core.verb:set package 'ros2_sumo' build argument 'cmake_args' from command line to 'None'
[1.396s] Level 5:colcon.colcon_core.verb:set package 'ros2_sumo' build argument 'cmake_target' from command line to 'None'
[1.396s] Level 5:colcon.colcon_core.verb:set package 'ros2_sumo' build argument 'cmake_target_skip_unavailable' from command line to 'False'
[1.396s] Level 5:colcon.colcon_core.verb:set package 'ros2_sumo' build argument 'cmake_clean_cache' from command line to 'False'
[1.396s] Level 5:colcon.colcon_core.verb:set package 'ros2_sumo' build argument 'cmake_clean_first' from command line to 'False'
[1.396s] Level 5:colcon.colcon_core.verb:set package 'ros2_sumo' build argument 'cmake_force_configure' from command line to 'False'
[1.396s] Level 5:colcon.colcon_core.verb:set package 'ros2_sumo' build argument 'ament_cmake_args' from command line to 'None'
[1.396s] Level 5:colcon.colcon_core.verb:set package 'ros2_sumo' build argument 'catkin_cmake_args' from command line to 'None'
[1.396s] Level 5:colcon.colcon_core.verb:set package 'ros2_sumo' build argument 'catkin_skip_building_tests' from command line to 'False'
[1.396s] DEBUG:colcon.colcon_core.verb:Building package 'ros2_sumo' with the following arguments: {'ament_cmake_args': None, 'build_base': '/home/hannah/Workspace/ros2_ws/src/ros2_sumo-v010/ros2_sumo-main/build/ros2_sumo', 'catkin_cmake_args': None, 'catkin_skip_building_tests': False, 'cmake_args': None, 'cmake_clean_cache': False, 'cmake_clean_first': False, 'cmake_force_configure': False, 'cmake_target': None, 'cmake_target_skip_unavailable': False, 'install_base': '/home/hannah/Workspace/ros2_ws/src/ros2_sumo-v010/ros2_sumo-main/install/ros2_sumo', 'merge_install': False, 'path': '/home/hannah/Workspace/ros2_ws/src/ros2_sumo-v010/ros2_sumo-main', 'symlink_install': False, 'test_result_base': None}
[1.397s] INFO:colcon.colcon_core.executor:Executing jobs using 'parallel' executor
[1.398s] DEBUG:colcon.colcon_parallel_executor.executor.parallel:run_until_complete
[1.399s] INFO:colcon.colcon_ros.task.ament_python.build:Building ROS package in '/home/hannah/Workspace/ros2_ws/src/ros2_sumo-v010/ros2_sumo-main' with build type 'ament_python'
[1.399s] Level 1:colcon.colcon_core.shell:create_environment_hook('ros2_sumo', 'ament_prefix_path')
[1.410s] INFO:colcon.colcon_core.plugin_system:Skipping extension 'colcon_core.shell.bat': Not used on non-Windows systems
[1.410s] INFO:colcon.colcon_core.shell:Creating environment hook '/home/hannah/Workspace/ros2_ws/src/ros2_sumo-v010/ros2_sumo-main/install/ros2_sumo/share/ros2_sumo/hook/ament_prefix_path.ps1'
[1.414s] INFO:colcon.colcon_core.shell:Creating environment descriptor '/home/hannah/Workspace/ros2_ws/src/ros2_sumo-v010/ros2_sumo-main/install/ros2_sumo/share/ros2_sumo/hook/ament_prefix_path.dsv'
[1.416s] INFO:colcon.colcon_core.shell:Creating environment hook '/home/hannah/Workspace/ros2_ws/src/ros2_sumo-v010/ros2_sumo-main/install/ros2_sumo/share/ros2_sumo/hook/ament_prefix_path.sh'
[1.418s] INFO:colcon.colcon_core.shell:Skip shell extension 'powershell' for command environment: Not usable outside of PowerShell
[1.418s] DEBUG:colcon.colcon_core.shell:Skip shell extension 'dsv' for command environment
[1.983s] INFO:colcon.colcon_core.task.python.build:Building Python package in '/home/hannah/Workspace/ros2_ws/src/ros2_sumo-v010/ros2_sumo-main'
[1.983s] INFO:colcon.colcon_core.shell:Skip shell extension 'powershell' for command environment: Not usable outside of PowerShell
[1.984s] DEBUG:colcon.colcon_core.shell:Skip shell extension 'dsv' for command environment
[2.782s] DEBUG:colcon.colcon_core.event_handler.log_command:Invoking command in '/home/hannah/Workspace/ros2_ws/src/ros2_sumo-v010/ros2_sumo-main': PYTHONPATH=/home/hannah/Workspace/ros2_ws/src/ros2_sumo-v010/ros2_sumo-main/build/ros2_sumo/prefix_override:/usr/lib/python3/dist-packages/colcon_core/task/python/colcon_distutils_commands:/home/hannah/Workspace/ros2_ws/src/ros2_sumo-v010/ros2_sumo-main/install/ros2_sumo/lib/python3.10/site-packages:${PYTHONPATH} /usr/bin/python3 -W ignore:setup.py install is deprecated -W ignore:easy_install command is deprecated setup.py egg_info --egg-base build/ros2_sumo build --build-base /home/hannah/Workspace/ros2_ws/src/ros2_sumo-v010/ros2_sumo-main/build/ros2_sumo/build install --record /home/hannah/Workspace/ros2_ws/src/ros2_sumo-v010/ros2_sumo-main/build/ros2_sumo/install.log --single-version-externally-managed install_data
[3.244s] DEBUG:colcon.colcon_core.event_handler.log_command:Invoked command in '/home/hannah/Workspace/ros2_ws/src/ros2_sumo-v010/ros2_sumo-main' returned '0': PYTHONPATH=/home/hannah/Workspace/ros2_ws/src/ros2_sumo-v010/ros2_sumo-main/build/ros2_sumo/prefix_override:/usr/lib/python3/dist-packages/colcon_core/task/python/colcon_distutils_commands:/home/hannah/Workspace/ros2_ws/src/ros2_sumo-v010/ros2_sumo-main/install/ros2_sumo/lib/python3.10/site-packages:${PYTHONPATH} /usr/bin/python3 -W ignore:setup.py install is deprecated -W ignore:easy_install command is deprecated setup.py egg_info --egg-base build/ros2_sumo build --build-base /home/hannah/Workspace/ros2_ws/src/ros2_sumo-v010/ros2_sumo-main/build/ros2_sumo/build install --record /home/hannah/Workspace/ros2_ws/src/ros2_sumo-v010/ros2_sumo-main/build/ros2_sumo/install.log --single-version-externally-managed install_data
[3.256s] Level 1:colcon.colcon_core.environment:checking '/home/hannah/Workspace/ros2_ws/src/ros2_sumo-v010/ros2_sumo-main/install/ros2_sumo' for CMake module files
[3.257s] Level 1:colcon.colcon_core.environment:checking '/home/hannah/Workspace/ros2_ws/src/ros2_sumo-v010/ros2_sumo-main/install/ros2_sumo' for CMake config files
[3.259s] Level 1:colcon.colcon_core.environment:checking '/home/hannah/Workspace/ros2_ws/src/ros2_sumo-v010/ros2_sumo-main/install/ros2_sumo/lib'
[3.259s] Level 1:colcon.colcon_core.environment:checking '/home/hannah/Workspace/ros2_ws/src/ros2_sumo-v010/ros2_sumo-main/install/ros2_sumo/bin'
[3.259s] Level 1:colcon.colcon_core.environment:checking '/home/hannah/Workspace/ros2_ws/src/ros2_sumo-v010/ros2_sumo-main/install/ros2_sumo/lib/pkgconfig/ros2_sumo.pc'
[3.259s] Level 1:colcon.colcon_core.environment:checking '/home/hannah/Workspace/ros2_ws/src/ros2_sumo-v010/ros2_sumo-main/install/ros2_sumo/lib/python3.10/site-packages'
[3.259s] Level 1:colcon.colcon_core.shell:create_environment_hook('ros2_sumo', 'pythonpath')
[3.260s] INFO:colcon.colcon_core.shell:Creating environment hook '/home/hannah/Workspace/ros2_ws/src/ros2_sumo-v010/ros2_sumo-main/install/ros2_sumo/share/ros2_sumo/hook/pythonpath.ps1'
[3.260s] INFO:colcon.colcon_core.shell:Creating environment descriptor '/home/hannah/Workspace/ros2_ws/src/ros2_sumo-v010/ros2_sumo-main/install/ros2_sumo/share/ros2_sumo/hook/pythonpath.dsv'
[3.261s] INFO:colcon.colcon_core.shell:Creating environment hook '/home/hannah/Workspace/ros2_ws/src/ros2_sumo-v010/ros2_sumo-main/install/ros2_sumo/share/ros2_sumo/hook/pythonpath.sh'
[3.262s] Level 1:colcon.colcon_core.environment:checking '/home/hannah/Workspace/ros2_ws/src/ros2_sumo-v010/ros2_sumo-main/install/ros2_sumo/bin'
[3.262s] Level 1:colcon.colcon_core.environment:create_environment_scripts_only(ros2_sumo)
[3.262s] INFO:colcon.colcon_core.shell:Creating package script '/home/hannah/Workspace/ros2_ws/src/ros2_sumo-v010/ros2_sumo-main/install/ros2_sumo/share/ros2_sumo/package.ps1'
[3.264s] INFO:colcon.colcon_core.shell:Creating package descriptor '/home/hannah/Workspace/ros2_ws/src/ros2_sumo-v010/ros2_sumo-main/install/ros2_sumo/share/ros2_sumo/package.dsv'
[3.265s] INFO:colcon.colcon_core.shell:Creating package script '/home/hannah/Workspace/ros2_ws/src/ros2_sumo-v010/ros2_sumo-main/install/ros2_sumo/share/ros2_sumo/package.sh'
[3.267s] INFO:colcon.colcon_core.shell:Creating package script '/home/hannah/Workspace/ros2_ws/src/ros2_sumo-v010/ros2_sumo-main/install/ros2_sumo/share/ros2_sumo/package.bash'
[3.269s] INFO:colcon.colcon_core.shell:Creating package script '/home/hannah/Workspace/ros2_ws/src/ros2_sumo-v010/ros2_sumo-main/install/ros2_sumo/share/ros2_sumo/package.zsh'
[3.271s] Level 1:colcon.colcon_core.environment:create_file_with_runtime_dependencies(/home/hannah/Workspace/ros2_ws/src/ros2_sumo-v010/ros2_sumo-main/install/ros2_sumo/share/colcon-core/packages/ros2_sumo)
[3.272s] DEBUG:colcon.colcon_parallel_executor.executor.parallel:closing loop
[3.272s] DEBUG:colcon.colcon_parallel_executor.executor.parallel:loop closed
[3.272s] DEBUG:colcon.colcon_parallel_executor.executor.parallel:run_until_complete finished with '0'
[3.272s] DEBUG:colcon.colcon_core.event_reactor:joining thread
[3.285s] INFO:colcon.colcon_core.plugin_system:Skipping extension 'colcon_notification.desktop_notification.terminal_notifier': Not used on non-Darwin systems
[3.285s] INFO:colcon.colcon_core.plugin_system:Skipping extension 'colcon_notification.desktop_notification.win32': Not used on non-Windows systems
[3.285s] INFO:colcon.colcon_notification.desktop_notification:Sending desktop notification using 'notify2'
[3.336s] DEBUG:colcon.colcon_core.event_reactor:joined thread
[3.336s] INFO:colcon.colcon_core.shell:Creating prefix script '/home/hannah/Workspace/ros2_ws/src/ros2_sumo-v010/ros2_sumo-main/install/local_setup.ps1'
[3.338s] INFO:colcon.colcon_core.shell:Creating prefix util module '/home/hannah/Workspace/ros2_ws/src/ros2_sumo-v010/ros2_sumo-main/install/_local_setup_util_ps1.py'
[3.341s] INFO:colcon.colcon_core.shell:Creating prefix chain script '/home/hannah/Workspace/ros2_ws/src/ros2_sumo-v010/ros2_sumo-main/install/setup.ps1'
[3.344s] INFO:colcon.colcon_core.shell:Creating prefix script '/home/hannah/Workspace/ros2_ws/src/ros2_sumo-v010/ros2_sumo-main/install/local_setup.sh'
[3.347s] INFO:colcon.colcon_core.shell:Creating prefix util module '/home/hannah/Workspace/ros2_ws/src/ros2_sumo-v010/ros2_sumo-main/install/_local_setup_util_sh.py'
[3.348s] INFO:colcon.colcon_core.shell:Creating prefix chain script '/home/hannah/Workspace/ros2_ws/src/ros2_sumo-v010/ros2_sumo-main/install/setup.sh'
[3.352s] INFO:colcon.colcon_core.shell:Creating prefix script '/home/hannah/Workspace/ros2_ws/src/ros2_sumo-v010/ros2_sumo-main/install/local_setup.bash'
[3.354s] INFO:colcon.colcon_core.shell:Creating prefix chain script '/home/hannah/Workspace/ros2_ws/src/ros2_sumo-v010/ros2_sumo-main/install/setup.bash'
[3.359s] INFO:colcon.colcon_core.shell:Creating prefix script '/home/hannah/Workspace/ros2_ws/src/ros2_sumo-v010/ros2_sumo-main/install/local_setup.zsh'
[3.361s] INFO:colcon.colcon_core.shell:Creating prefix chain script '/home/hannah/Workspace/ros2_ws/src/ros2_sumo-v010/ros2_sumo-main/install/setup.zsh'
