[0.099s] Invoking command in '/home/bryan/Workspace/ros2_ws/build/examples_rclcpp_minimal_publisher': CMAKE_PREFIX_PATH=/opt/ros/humble /usr/bin/cmake /home/bryan/Workspace/ros2_ws/src/examples/rclcpp/topics/minimal_publisher -DAMENT_CMAKE_SYMLINK_INSTALL=1 -DCMAKE_INSTALL_PREFIX=/home/bryan/Workspace/ros2_ws/install/examples_rclcpp_minimal_publisher
[0.334s] -- The C compiler identification is GNU 11.4.0
[0.520s] -- The CXX compiler identification is GNU 11.4.0
[0.535s] -- Detecting C compiler ABI info
[0.854s] -- Detecting C compiler ABI info - done
[0.883s] -- Check for working C compiler: /usr/bin/cc - skipped
[0.883s] -- Detecting C compile features
[0.883s] -- Detecting C compile features - done
[0.917s] -- Detecting CXX compiler ABI info
[1.245s] -- Detecting CXX compiler ABI info - done
[1.279s] -- Check for working CXX compiler: /usr/bin/c++ - skipped
[1.281s] -- Detecting CXX compile features
[1.281s] -- Detecting CXX compile features - done
[1.282s] -- Found ament_cmake: 1.3.14 (/opt/ros/humble/share/ament_cmake/cmake)
[1.585s] -- Found Python3: /usr/bin/python3 (found version "3.10.12") found components: Interpreter 
[1.684s] -- Override CMake install command with custom implementation using symlinks instead of copying resources
[1.715s] -- Found rclcpp: 16.0.18 (/opt/ros/humble/share/rclcpp/cmake)
[1.775s] -- Found rosidl_generator_c: 3.1.8 (/opt/ros/humble/share/rosidl_generator_c/cmake)
[1.781s] -- Found rosidl_adapter: 3.1.8 (/opt/ros/humble/share/rosidl_adapter/cmake)
[1.820s] -- Found rosidl_generator_cpp: 3.1.8 (/opt/ros/humble/share/rosidl_generator_cpp/cmake)
[1.821s] -- Using all available rosidl_typesupport_c: rosidl_typesupport_fastrtps_c;rosidl_typesupport_introspection_c
[1.822s] -- Using all available rosidl_typesupport_cpp: rosidl_typesupport_fastrtps_cpp;rosidl_typesupport_introspection_cpp
[1.887s] -- Found rmw_implementation_cmake: 6.1.2 (/opt/ros/humble/share/rmw_implementation_cmake/cmake)
[1.892s] -- Found rmw_fastrtps_cpp: 6.2.10 (/opt/ros/humble/share/rmw_fastrtps_cpp/cmake)
[2.119s] -- Found OpenSSL: /usr/lib/x86_64-linux-gnu/libcrypto.so (found version "3.0.2")  
[2.158s] -- Found FastRTPS: /opt/ros/humble/include  
[2.265s] -- Using RMW implementation 'rmw_fastrtps_cpp' as default
[2.292s] -- Looking for pthread.h
[2.443s] -- Looking for pthread.h - found
[2.443s] -- Performing Test CMAKE_HAVE_LIBC_PTHREAD
[2.648s] -- Performing Test CMAKE_HAVE_LIBC_PTHREAD - Success
[2.649s] -- Found Threads: TRUE  
[2.816s] -- Found ament_lint_auto: 0.12.15 (/opt/ros/humble/share/ament_lint_auto/cmake)
[2.869s] -- Added test 'copyright' to check source files copyright and LICENSE
[2.871s] -- Added test 'cppcheck' to perform static code analysis on C / C++ code
[2.875s] -- Configured cppcheck include dirs: 
[2.875s] -- Configured cppcheck exclude dirs and/or files: 
[2.877s] -- Added test 'cpplint' to check C / C++ code against the Google style
[2.877s] -- Configured cpplint exclude dirs and/or files: 
[2.880s] -- Added test 'lint_cmake' to check CMake code style
[2.882s] -- Added test 'uncrustify' to check C / C++ code style
[2.882s] -- Configured uncrustify additional arguments: 
[2.884s] -- Added test 'xmllint' to check XML markup files
[2.895s] -- Configuring done
[3.013s] -- Generating done
[3.050s] -- Build files have been written to: /home/bryan/Workspace/ros2_ws/build/examples_rclcpp_minimal_publisher
[3.053s] Invoked command in '/home/bryan/Workspace/ros2_ws/build/examples_rclcpp_minimal_publisher' returned '0': CMAKE_PREFIX_PATH=/opt/ros/humble /usr/bin/cmake /home/bryan/Workspace/ros2_ws/src/examples/rclcpp/topics/minimal_publisher -DAMENT_CMAKE_SYMLINK_INSTALL=1 -DCMAKE_INSTALL_PREFIX=/home/bryan/Workspace/ros2_ws/install/examples_rclcpp_minimal_publisher
[3.054s] Invoking command in '/home/bryan/Workspace/ros2_ws/build/examples_rclcpp_minimal_publisher': CMAKE_PREFIX_PATH=/opt/ros/humble /usr/bin/cmake --build /home/bryan/Workspace/ros2_ws/build/examples_rclcpp_minimal_publisher -- -j3 -l3
[3.174s] [  8%] [32mBuilding CXX object CMakeFiles/publisher_lambda.dir/lambda.cpp.o[0m
[9.422s] [ 16%] [32m[1mLinking CXX executable publisher_lambda[0m
[9.748s] [ 16%] Built target publisher_lambda
[9.846s] [ 25%] [32mBuilding CXX object CMakeFiles/publisher_member_function_with_type_adapter.dir/member_function_with_type_adapter.cpp.o[0m
[17.150s] [ 33%] [32m[1mLinking CXX executable publisher_member_function_with_type_adapter[0m
[17.619s] [ 33%] Built target publisher_member_function_with_type_adapter
[17.796s] [ 41%] [32mBuilding CXX object CMakeFiles/publisher_member_function_with_unique_network_flow_endpoints.dir/member_function_with_unique_network_flow_endpoints.cpp.o[0m
[28.086s] [ 50%] [32m[1mLinking CXX executable publisher_member_function_with_unique_network_flow_endpoints[0m
[28.464s] [ 50%] Built target publisher_member_function_with_unique_network_flow_endpoints
[28.519s] [ 58%] [32mBuilding CXX object CMakeFiles/publisher_wait_for_all_acked.dir/member_function_with_wait_for_all_acked.cpp.o[0m
[35.003s] [ 66%] [32m[1mLinking CXX executable publisher_wait_for_all_acked[0m
[35.349s] [ 66%] Built target publisher_wait_for_all_acked
[35.764s] [ 75%] [32mBuilding CXX object CMakeFiles/publisher_not_composable.dir/not_composable.cpp.o[0m
[43.084s] [ 83%] [32m[1mLinking CXX executable publisher_not_composable[0m
[43.457s] [ 83%] Built target publisher_not_composable
[43.483s] [ 91%] [32mBuilding CXX object CMakeFiles/publisher_member_function.dir/member_function.cpp.o[0m
[51.279s] [100%] [32m[1mLinking CXX executable publisher_member_function[0m
[52.236s] [100%] Built target publisher_member_function
[52.341s] Invoked command in '/home/bryan/Workspace/ros2_ws/build/examples_rclcpp_minimal_publisher' returned '0': CMAKE_PREFIX_PATH=/opt/ros/humble /usr/bin/cmake --build /home/bryan/Workspace/ros2_ws/build/examples_rclcpp_minimal_publisher -- -j3 -l3
[52.341s] Invoking command in '/home/bryan/Workspace/ros2_ws/build/examples_rclcpp_minimal_publisher': CMAKE_PREFIX_PATH=/opt/ros/humble /usr/bin/cmake --install /home/bryan/Workspace/ros2_ws/build/examples_rclcpp_minimal_publisher
[52.343s] -- Install configuration: ""
[52.343s] -- Execute custom install script
[52.343s] -- Symlinking: /home/bryan/Workspace/ros2_ws/install/examples_rclcpp_minimal_publisher/lib/examples_rclcpp_minimal_publisher/publisher_lambda
[52.849s] -- Symlinking: /home/bryan/Workspace/ros2_ws/install/examples_rclcpp_minimal_publisher/lib/examples_rclcpp_minimal_publisher/publisher_member_function
[52.873s] -- Symlinking: /home/bryan/Workspace/ros2_ws/install/examples_rclcpp_minimal_publisher/lib/examples_rclcpp_minimal_publisher/publisher_member_function_with_type_adapter
[52.942s] -- Symlinking: /home/bryan/Workspace/ros2_ws/install/examples_rclcpp_minimal_publisher/lib/examples_rclcpp_minimal_publisher/publisher_member_function_with_unique_network_flow_endpoints
[53.010s] -- Symlinking: /home/bryan/Workspace/ros2_ws/install/examples_rclcpp_minimal_publisher/lib/examples_rclcpp_minimal_publisher/publisher_wait_for_all_acked
[53.011s] -- Symlinking: /home/bryan/Workspace/ros2_ws/install/examples_rclcpp_minimal_publisher/lib/examples_rclcpp_minimal_publisher/publisher_not_composable
[53.030s] -- Symlinking: /home/bryan/Workspace/ros2_ws/install/examples_rclcpp_minimal_publisher/share/ament_index/resource_index/package_run_dependencies/examples_rclcpp_minimal_publisher
[53.046s] -- Symlinking: /home/bryan/Workspace/ros2_ws/install/examples_rclcpp_minimal_publisher/share/ament_index/resource_index/parent_prefix_path/examples_rclcpp_minimal_publisher
[53.064s] -- Symlinking: /home/bryan/Workspace/ros2_ws/install/examples_rclcpp_minimal_publisher/share/examples_rclcpp_minimal_publisher/environment/ament_prefix_path.sh
[53.081s] -- Symlinking: /home/bryan/Workspace/ros2_ws/install/examples_rclcpp_minimal_publisher/share/examples_rclcpp_minimal_publisher/environment/ament_prefix_path.dsv
[53.099s] -- Symlinking: /home/bryan/Workspace/ros2_ws/install/examples_rclcpp_minimal_publisher/share/examples_rclcpp_minimal_publisher/environment/path.sh
[53.120s] -- Symlinking: /home/bryan/Workspace/ros2_ws/install/examples_rclcpp_minimal_publisher/share/examples_rclcpp_minimal_publisher/environment/path.dsv
[53.149s] -- Symlinking: /home/bryan/Workspace/ros2_ws/install/examples_rclcpp_minimal_publisher/share/examples_rclcpp_minimal_publisher/local_setup.bash
[53.169s] -- Symlinking: /home/bryan/Workspace/ros2_ws/install/examples_rclcpp_minimal_publisher/share/examples_rclcpp_minimal_publisher/local_setup.sh
[53.187s] -- Symlinking: /home/bryan/Workspace/ros2_ws/install/examples_rclcpp_minimal_publisher/share/examples_rclcpp_minimal_publisher/local_setup.zsh
[53.205s] -- Symlinking: /home/bryan/Workspace/ros2_ws/install/examples_rclcpp_minimal_publisher/share/examples_rclcpp_minimal_publisher/local_setup.dsv
[53.221s] -- Symlinking: /home/bryan/Workspace/ros2_ws/install/examples_rclcpp_minimal_publisher/share/examples_rclcpp_minimal_publisher/package.dsv
[53.238s] -- Symlinking: /home/bryan/Workspace/ros2_ws/install/examples_rclcpp_minimal_publisher/share/ament_index/resource_index/packages/examples_rclcpp_minimal_publisher
[53.259s] -- Symlinking: /home/bryan/Workspace/ros2_ws/install/examples_rclcpp_minimal_publisher/share/examples_rclcpp_minimal_publisher/cmake/examples_rclcpp_minimal_publisherConfig.cmake
[53.282s] -- Symlinking: /home/bryan/Workspace/ros2_ws/install/examples_rclcpp_minimal_publisher/share/examples_rclcpp_minimal_publisher/cmake/examples_rclcpp_minimal_publisherConfig-version.cmake
[53.793s] -- Symlinking: /home/bryan/Workspace/ros2_ws/install/examples_rclcpp_minimal_publisher/share/examples_rclcpp_minimal_publisher/package.xml
[53.810s] Invoked command in '/home/bryan/Workspace/ros2_ws/build/examples_rclcpp_minimal_publisher' returned '0': CMAKE_PREFIX_PATH=/opt/ros/humble /usr/bin/cmake --install /home/bryan/Workspace/ros2_ws/build/examples_rclcpp_minimal_publisher
