[0.048s] Invoking command in '/home/bryan/Workspace/ros2_ws/build/examples_rclcpp_minimal_action_client': CMAKE_PREFIX_PATH=/opt/ros/humble /usr/bin/cmake /home/bryan/Workspace/ros2_ws/src/examples/rclcpp/actions/minimal_action_client -DAMENT_CMAKE_SYMLINK_INSTALL=1 -DCMAKE_INSTALL_PREFIX=/home/bryan/Workspace/ros2_ws/install/examples_rclcpp_minimal_action_client
[2.642s] -- The C compiler identification is GNU 11.4.0
[3.532s] -- The CXX compiler identification is GNU 11.4.0
[3.555s] -- Detecting C compiler ABI info
[4.009s] -- Detecting C compiler ABI info - done
[4.044s] -- Check for working C compiler: /usr/bin/cc - skipped
[4.044s] -- Detecting C compile features
[4.045s] -- Detecting C compile features - done
[4.050s] -- Detecting CXX compiler ABI info
[6.753s] -- Detecting CXX compiler ABI info - done
[6.768s] -- Check for working CXX compiler: /usr/bin/c++ - skipped
[6.770s] -- Detecting CXX compile features
[6.772s] -- Detecting CXX compile features - done
[6.781s] -- Found ament_cmake: 1.3.14 (/opt/ros/humble/share/ament_cmake/cmake)
[8.206s] -- Found Python3: /usr/bin/python3 (found version "3.10.12") found components: Interpreter 
[8.753s] -- Override CMake install command with custom implementation using symlinks instead of copying resources
[8.806s] -- Found example_interfaces: 0.9.3 (/opt/ros/humble/share/example_interfaces/cmake)
[8.808s] -- Found rosidl_generator_c: 3.1.8 (/opt/ros/humble/share/rosidl_generator_c/cmake)
[8.816s] -- Found rosidl_adapter: 3.1.8 (/opt/ros/humble/share/rosidl_adapter/cmake)
[8.849s] -- Found rosidl_generator_cpp: 3.1.8 (/opt/ros/humble/share/rosidl_generator_cpp/cmake)
[8.872s] -- Using all available rosidl_typesupport_c: rosidl_typesupport_fastrtps_c;rosidl_typesupport_introspection_c
[8.895s] -- Using all available rosidl_typesupport_cpp: rosidl_typesupport_fastrtps_cpp;rosidl_typesupport_introspection_cpp
[8.974s] -- Found rclcpp: 16.0.18 (/opt/ros/humble/share/rclcpp/cmake)
[9.057s] -- Found rmw_implementation_cmake: 6.1.2 (/opt/ros/humble/share/rmw_implementation_cmake/cmake)
[9.058s] -- Found rmw_fastrtps_cpp: 6.2.10 (/opt/ros/humble/share/rmw_fastrtps_cpp/cmake)
[10.134s] -- Found OpenSSL: /usr/lib/x86_64-linux-gnu/libcrypto.so (found version "3.0.2")  
[10.223s] -- Found FastRTPS: /opt/ros/humble/include  
[10.326s] -- Using RMW implementation 'rmw_fastrtps_cpp' as default
[10.339s] -- Looking for pthread.h
[10.519s] -- Looking for pthread.h - found
[10.522s] -- Performing Test CMAKE_HAVE_LIBC_PTHREAD
[10.679s] -- Performing Test CMAKE_HAVE_LIBC_PTHREAD - Success
[10.697s] -- Found Threads: TRUE  
[10.786s] -- Found rclcpp_action: 16.0.18 (/opt/ros/humble/share/rclcpp_action/cmake)
[13.330s] -- Found ament_lint_auto: 0.12.15 (/opt/ros/humble/share/ament_lint_auto/cmake)
[13.331s] -- Added test 'copyright' to check source files copyright and LICENSE
[13.331s] -- Added test 'cppcheck' to perform static code analysis on C / C++ code
[13.331s] -- Configured cppcheck include dirs: 
[13.331s] -- Configured cppcheck exclude dirs and/or files: 
[13.331s] -- Added test 'cpplint' to check C / C++ code against the Google style
[13.331s] -- Configured cpplint exclude dirs and/or files: 
[13.331s] -- Added test 'lint_cmake' to check CMake code style
[13.331s] -- Added test 'uncrustify' to check C / C++ code style
[13.331s] -- Configured uncrustify additional arguments: 
[13.331s] -- Added test 'xmllint' to check XML markup files
[13.332s] -- Configuring done
[13.332s] -- Generating done
[13.332s] -- Build files have been written to: /home/bryan/Workspace/ros2_ws/build/examples_rclcpp_minimal_action_client
[13.462s] Invoked command in '/home/bryan/Workspace/ros2_ws/build/examples_rclcpp_minimal_action_client' returned '0': CMAKE_PREFIX_PATH=/opt/ros/humble /usr/bin/cmake /home/bryan/Workspace/ros2_ws/src/examples/rclcpp/actions/minimal_action_client -DAMENT_CMAKE_SYMLINK_INSTALL=1 -DCMAKE_INSTALL_PREFIX=/home/bryan/Workspace/ros2_ws/install/examples_rclcpp_minimal_action_client
[13.463s] Invoking command in '/home/bryan/Workspace/ros2_ws/build/examples_rclcpp_minimal_action_client': CMAKE_PREFIX_PATH=/opt/ros/humble /usr/bin/cmake --build /home/bryan/Workspace/ros2_ws/build/examples_rclcpp_minimal_action_client -- -j3 -l3
[13.693s] [ 12%] [32mBuilding CXX object CMakeFiles/action_client_member_functions.dir/member_functions.cpp.o[0m
[26.644s] [ 25%] [32m[1mLinking CXX executable action_client_member_functions[0m
[27.394s] [ 25%] Built target action_client_member_functions
[27.514s] [ 37%] [32mBuilding CXX object CMakeFiles/action_client_not_composable_with_cancel.dir/not_composable_with_cancel.cpp.o[0m
[36.433s] [ 50%] [32m[1mLinking CXX executable action_client_not_composable_with_cancel[0m
[36.756s] [ 50%] Built target action_client_not_composable_with_cancel
[37.654s] [ 62%] [32mBuilding CXX object CMakeFiles/action_client_not_composable_with_feedback.dir/not_composable_with_feedback.cpp.o[0m
[43.807s] [ 75%] [32m[1mLinking CXX executable action_client_not_composable_with_feedback[0m
[44.119s] [ 75%] Built target action_client_not_composable_with_feedback
[44.174s] [ 87%] [32mBuilding CXX object CMakeFiles/action_client_not_composable.dir/not_composable.cpp.o[0m
[51.161s] [100%] [32m[1mLinking CXX executable action_client_not_composable[0m
[51.474s] [100%] Built target action_client_not_composable
[51.492s] Invoked command in '/home/bryan/Workspace/ros2_ws/build/examples_rclcpp_minimal_action_client' returned '0': CMAKE_PREFIX_PATH=/opt/ros/humble /usr/bin/cmake --build /home/bryan/Workspace/ros2_ws/build/examples_rclcpp_minimal_action_client -- -j3 -l3
[51.512s] Invoking command in '/home/bryan/Workspace/ros2_ws/build/examples_rclcpp_minimal_action_client': CMAKE_PREFIX_PATH=/opt/ros/humble /usr/bin/cmake --install /home/bryan/Workspace/ros2_ws/build/examples_rclcpp_minimal_action_client
[51.514s] -- Install configuration: ""
[51.514s] -- Execute custom install script
[51.515s] -- Symlinking: /home/bryan/Workspace/ros2_ws/install/examples_rclcpp_minimal_action_client/lib/examples_rclcpp_minimal_action_client/action_client_member_functions
[51.528s] -- Symlinking: /home/bryan/Workspace/ros2_ws/install/examples_rclcpp_minimal_action_client/lib/examples_rclcpp_minimal_action_client/action_client_not_composable
[51.555s] -- Symlinking: /home/bryan/Workspace/ros2_ws/install/examples_rclcpp_minimal_action_client/lib/examples_rclcpp_minimal_action_client/action_client_not_composable_with_cancel
[51.596s] -- Symlinking: /home/bryan/Workspace/ros2_ws/install/examples_rclcpp_minimal_action_client/lib/examples_rclcpp_minimal_action_client/action_client_not_composable_with_feedback
[51.605s] -- Symlinking: /home/bryan/Workspace/ros2_ws/install/examples_rclcpp_minimal_action_client/share/ament_index/resource_index/package_run_dependencies/examples_rclcpp_minimal_action_client
[51.632s] -- Symlinking: /home/bryan/Workspace/ros2_ws/install/examples_rclcpp_minimal_action_client/share/ament_index/resource_index/parent_prefix_path/examples_rclcpp_minimal_action_client
[51.667s] -- Symlinking: /home/bryan/Workspace/ros2_ws/install/examples_rclcpp_minimal_action_client/share/examples_rclcpp_minimal_action_client/environment/ament_prefix_path.sh
[51.710s] -- Symlinking: /home/bryan/Workspace/ros2_ws/install/examples_rclcpp_minimal_action_client/share/examples_rclcpp_minimal_action_client/environment/ament_prefix_path.dsv
[51.730s] -- Symlinking: /home/bryan/Workspace/ros2_ws/install/examples_rclcpp_minimal_action_client/share/examples_rclcpp_minimal_action_client/environment/path.sh
[51.751s] -- Symlinking: /home/bryan/Workspace/ros2_ws/install/examples_rclcpp_minimal_action_client/share/examples_rclcpp_minimal_action_client/environment/path.dsv
[51.772s] -- Symlinking: /home/bryan/Workspace/ros2_ws/install/examples_rclcpp_minimal_action_client/share/examples_rclcpp_minimal_action_client/local_setup.bash
[51.793s] -- Symlinking: /home/bryan/Workspace/ros2_ws/install/examples_rclcpp_minimal_action_client/share/examples_rclcpp_minimal_action_client/local_setup.sh
[51.812s] -- Symlinking: /home/bryan/Workspace/ros2_ws/install/examples_rclcpp_minimal_action_client/share/examples_rclcpp_minimal_action_client/local_setup.zsh
[51.834s] -- Symlinking: /home/bryan/Workspace/ros2_ws/install/examples_rclcpp_minimal_action_client/share/examples_rclcpp_minimal_action_client/local_setup.dsv
[51.848s] -- Symlinking: /home/bryan/Workspace/ros2_ws/install/examples_rclcpp_minimal_action_client/share/examples_rclcpp_minimal_action_client/package.dsv
[51.863s] -- Symlinking: /home/bryan/Workspace/ros2_ws/install/examples_rclcpp_minimal_action_client/share/ament_index/resource_index/packages/examples_rclcpp_minimal_action_client
[51.880s] -- Symlinking: /home/bryan/Workspace/ros2_ws/install/examples_rclcpp_minimal_action_client/share/examples_rclcpp_minimal_action_client/cmake/examples_rclcpp_minimal_action_clientConfig.cmake
[51.899s] -- Symlinking: /home/bryan/Workspace/ros2_ws/install/examples_rclcpp_minimal_action_client/share/examples_rclcpp_minimal_action_client/cmake/examples_rclcpp_minimal_action_clientConfig-version.cmake
[51.922s] -- Symlinking: /home/bryan/Workspace/ros2_ws/install/examples_rclcpp_minimal_action_client/share/examples_rclcpp_minimal_action_client/package.xml
[51.948s] Invoked command in '/home/bryan/Workspace/ros2_ws/build/examples_rclcpp_minimal_action_client' returned '0': CMAKE_PREFIX_PATH=/opt/ros/humble /usr/bin/cmake --install /home/bryan/Workspace/ros2_ws/build/examples_rclcpp_minimal_action_client
