[0.220s] Invoking command in '/home/bryan/Workspace/ros2_ws/build/examples_rclcpp_async_client': CMAKE_PREFIX_PATH=/opt/ros/humble /usr/bin/cmake /home/bryan/Workspace/ros2_ws/src/examples/rclcpp/services/async_client -DAMENT_CMAKE_SYMLINK_INSTALL=1 -DCMAKE_INSTALL_PREFIX=/home/bryan/Workspace/ros2_ws/install/examples_rclcpp_async_client
[0.568s] -- The C compiler identification is GNU 11.4.0
[0.768s] -- The CXX compiler identification is GNU 11.4.0
[0.953s] -- Detecting C compiler ABI info
[1.786s] -- Detecting C compiler ABI info - done
[1.805s] -- Check for working C compiler: /usr/bin/cc - skipped
[1.805s] -- Detecting C compile features
[1.805s] -- Detecting C compile features - done
[1.805s] -- Detecting CXX compiler ABI info
[2.015s] -- Detecting CXX compiler ABI info - done
[2.015s] -- Check for working CXX compiler: /usr/bin/c++ - skipped
[2.015s] -- Detecting CXX compile features
[2.015s] -- Detecting CXX compile features - done
[2.015s] -- Found ament_cmake: 1.3.14 (/opt/ros/humble/share/ament_cmake/cmake)
[2.459s] -- Found Python3: /usr/bin/python3 (found version "3.10.12") found components: Interpreter 
[2.736s] -- Override CMake install command with custom implementation using symlinks instead of copying resources
[2.846s] -- Found example_interfaces: 0.9.3 (/opt/ros/humble/share/example_interfaces/cmake)
[2.967s] -- Found rosidl_generator_c: 3.1.8 (/opt/ros/humble/share/rosidl_generator_c/cmake)
[2.991s] -- Found rosidl_adapter: 3.1.8 (/opt/ros/humble/share/rosidl_adapter/cmake)
[3.020s] -- Found rosidl_generator_cpp: 3.1.8 (/opt/ros/humble/share/rosidl_generator_cpp/cmake)
[3.026s] -- Using all available rosidl_typesupport_c: rosidl_typesupport_fastrtps_c;rosidl_typesupport_introspection_c
[3.043s] -- Using all available rosidl_typesupport_cpp: rosidl_typesupport_fastrtps_cpp;rosidl_typesupport_introspection_cpp
[3.524s] -- Found rclcpp: 16.0.18 (/opt/ros/humble/share/rclcpp/cmake)
[4.207s] -- Found rmw_implementation_cmake: 6.1.2 (/opt/ros/humble/share/rmw_implementation_cmake/cmake)
[4.381s] -- Found rmw_fastrtps_cpp: 6.2.10 (/opt/ros/humble/share/rmw_fastrtps_cpp/cmake)
[4.682s] -- Found OpenSSL: /usr/lib/x86_64-linux-gnu/libcrypto.so (found version "3.0.2")  
[4.747s] -- Found FastRTPS: /opt/ros/humble/include  
[4.864s] -- Using RMW implementation 'rmw_fastrtps_cpp' as default
[4.912s] -- Looking for pthread.h
[5.138s] -- Looking for pthread.h - found
[5.138s] -- Performing Test CMAKE_HAVE_LIBC_PTHREAD
[5.645s] -- Performing Test CMAKE_HAVE_LIBC_PTHREAD - Success
[5.645s] -- Found Threads: TRUE  
[6.905s] -- Found ament_lint_auto: 0.12.15 (/opt/ros/humble/share/ament_lint_auto/cmake)
[7.437s] -- Added test 'copyright' to check source files copyright and LICENSE
[7.438s] -- Added test 'cppcheck' to perform static code analysis on C / C++ code
[7.438s] -- Configured cppcheck include dirs: 
[7.438s] -- Configured cppcheck exclude dirs and/or files: 
[7.439s] -- Added test 'cpplint' to check C / C++ code against the Google style
[7.439s] -- Configured cpplint exclude dirs and/or files: 
[7.440s] -- Added test 'lint_cmake' to check CMake code style
[7.441s] -- Added test 'uncrustify' to check C / C++ code style
[7.441s] -- Configured uncrustify additional arguments: 
[7.480s] -- Added test 'xmllint' to check XML markup files
[7.480s] -- Configuring done
[7.480s] -- Generating done
[7.480s] -- Build files have been written to: /home/bryan/Workspace/ros2_ws/build/examples_rclcpp_async_client
[7.506s] Invoked command in '/home/bryan/Workspace/ros2_ws/build/examples_rclcpp_async_client' returned '0': CMAKE_PREFIX_PATH=/opt/ros/humble /usr/bin/cmake /home/bryan/Workspace/ros2_ws/src/examples/rclcpp/services/async_client -DAMENT_CMAKE_SYMLINK_INSTALL=1 -DCMAKE_INSTALL_PREFIX=/home/bryan/Workspace/ros2_ws/install/examples_rclcpp_async_client
[7.507s] Invoking command in '/home/bryan/Workspace/ros2_ws/build/examples_rclcpp_async_client': CMAKE_PREFIX_PATH=/opt/ros/humble /usr/bin/cmake --build /home/bryan/Workspace/ros2_ws/build/examples_rclcpp_async_client -- -j3 -l3
[7.920s] [ 50%] [32mBuilding CXX object CMakeFiles/client_main.dir/main.cpp.o[0m
[20.167s] [100%] [32m[1mLinking CXX executable client_main[0m
[20.996s] [100%] Built target client_main
[21.035s] Invoked command in '/home/bryan/Workspace/ros2_ws/build/examples_rclcpp_async_client' returned '0': CMAKE_PREFIX_PATH=/opt/ros/humble /usr/bin/cmake --build /home/bryan/Workspace/ros2_ws/build/examples_rclcpp_async_client -- -j3 -l3
[21.036s] Invoking command in '/home/bryan/Workspace/ros2_ws/build/examples_rclcpp_async_client': CMAKE_PREFIX_PATH=/opt/ros/humble /usr/bin/cmake --install /home/bryan/Workspace/ros2_ws/build/examples_rclcpp_async_client
[21.078s] -- Install configuration: ""
[21.078s] -- Execute custom install script
[21.078s] -- Symlinking: /home/bryan/Workspace/ros2_ws/install/examples_rclcpp_async_client/lib/examples_rclcpp_async_client/client_main
[21.140s] -- Symlinking: /home/bryan/Workspace/ros2_ws/install/examples_rclcpp_async_client/share/ament_index/resource_index/package_run_dependencies/examples_rclcpp_async_client
[21.409s] -- Symlinking: /home/bryan/Workspace/ros2_ws/install/examples_rclcpp_async_client/share/ament_index/resource_index/parent_prefix_path/examples_rclcpp_async_client
[21.675s] -- Symlinking: /home/bryan/Workspace/ros2_ws/install/examples_rclcpp_async_client/share/examples_rclcpp_async_client/environment/ament_prefix_path.sh
[21.675s] -- Symlinking: /home/bryan/Workspace/ros2_ws/install/examples_rclcpp_async_client/share/examples_rclcpp_async_client/environment/ament_prefix_path.dsv
[21.675s] -- Symlinking: /home/bryan/Workspace/ros2_ws/install/examples_rclcpp_async_client/share/examples_rclcpp_async_client/environment/path.sh
[21.675s] -- Symlinking: /home/bryan/Workspace/ros2_ws/install/examples_rclcpp_async_client/share/examples_rclcpp_async_client/environment/path.dsv
[21.675s] -- Symlinking: /home/bryan/Workspace/ros2_ws/install/examples_rclcpp_async_client/share/examples_rclcpp_async_client/local_setup.bash
[21.675s] -- Symlinking: /home/bryan/Workspace/ros2_ws/install/examples_rclcpp_async_client/share/examples_rclcpp_async_client/local_setup.sh
[21.675s] -- Symlinking: /home/bryan/Workspace/ros2_ws/install/examples_rclcpp_async_client/share/examples_rclcpp_async_client/local_setup.zsh
[21.675s] -- Symlinking: /home/bryan/Workspace/ros2_ws/install/examples_rclcpp_async_client/share/examples_rclcpp_async_client/local_setup.dsv
[21.675s] -- Symlinking: /home/bryan/Workspace/ros2_ws/install/examples_rclcpp_async_client/share/examples_rclcpp_async_client/package.dsv
[21.675s] -- Symlinking: /home/bryan/Workspace/ros2_ws/install/examples_rclcpp_async_client/share/ament_index/resource_index/packages/examples_rclcpp_async_client
[21.676s] -- Symlinking: /home/bryan/Workspace/ros2_ws/install/examples_rclcpp_async_client/share/examples_rclcpp_async_client/cmake/examples_rclcpp_async_clientConfig.cmake
[21.676s] -- Symlinking: /home/bryan/Workspace/ros2_ws/install/examples_rclcpp_async_client/share/examples_rclcpp_async_client/cmake/examples_rclcpp_async_clientConfig-version.cmake
[21.676s] -- Symlinking: /home/bryan/Workspace/ros2_ws/install/examples_rclcpp_async_client/share/examples_rclcpp_async_client/package.xml
[21.752s] Invoked command in '/home/bryan/Workspace/ros2_ws/build/examples_rclcpp_async_client' returned '0': CMAKE_PREFIX_PATH=/opt/ros/humble /usr/bin/cmake --install /home/bryan/Workspace/ros2_ws/build/examples_rclcpp_async_client
