[1.669s] Invoking command in '/home/bryan/Workspace/ros2_ws/build/examples_rclpy_minimal_publisher': PYTHONPATH=/home/bryan/Workspace/ros2_ws/build/examples_rclpy_minimal_publisher/prefix_override:/usr/lib/python3/dist-packages/colcon_core/task/python/colcon_distutils_commands:/home/bryan/Workspace/ros2_ws/install/examples_rclpy_minimal_publisher/lib/python3.10/site-packages:${PYTHONPATH} /usr/bin/python3 -W ignore:setup.py install is deprecated -W ignore:easy_install command is deprecated setup.py develop --editable --build-directory /home/bryan/Workspace/ros2_ws/build/examples_rclpy_minimal_publisher/build --no-deps symlink_data
[2.102s] running develop
[2.459s] running egg_info
[2.467s] writing examples_rclpy_minimal_publisher.egg-info/PKG-INFO
[2.468s] writing dependency_links to examples_rclpy_minimal_publisher.egg-info/dependency_links.txt
[2.468s] writing entry points to examples_rclpy_minimal_publisher.egg-info/entry_points.txt
[2.468s] writing requirements to examples_rclpy_minimal_publisher.egg-info/requires.txt
[2.468s] writing top-level names to examples_rclpy_minimal_publisher.egg-info/top_level.txt
[2.468s] reading manifest file 'examples_rclpy_minimal_publisher.egg-info/SOURCES.txt'
[2.468s] writing manifest file 'examples_rclpy_minimal_publisher.egg-info/SOURCES.txt'
[2.471s] running build_ext
[2.471s] Creating /home/bryan/Workspace/ros2_ws/install/examples_rclpy_minimal_publisher/lib/python3.10/site-packages/examples-rclpy-minimal-publisher.egg-link (link to .)
[2.471s] Installing publisher_local_function script to /home/bryan/Workspace/ros2_ws/install/examples_rclpy_minimal_publisher/lib/examples_rclpy_minimal_publisher
[2.471s] Installing publisher_member_function script to /home/bryan/Workspace/ros2_ws/install/examples_rclpy_minimal_publisher/lib/examples_rclpy_minimal_publisher
[2.471s] Installing publisher_member_function_with_wait_for_all_acked script to /home/bryan/Workspace/ros2_ws/install/examples_rclpy_minimal_publisher/lib/examples_rclpy_minimal_publisher
[2.471s] Installing publisher_old_school script to /home/bryan/Workspace/ros2_ws/install/examples_rclpy_minimal_publisher/lib/examples_rclpy_minimal_publisher
[2.471s] 
[2.471s] Installed /home/bryan/Workspace/ros2_ws/build/examples_rclpy_minimal_publisher
[2.471s] running symlink_data
[2.510s] Invoked command in '/home/bryan/Workspace/ros2_ws/build/examples_rclpy_minimal_publisher' returned '0': PYTHONPATH=/home/bryan/Workspace/ros2_ws/build/examples_rclpy_minimal_publisher/prefix_override:/usr/lib/python3/dist-packages/colcon_core/task/python/colcon_distutils_commands:/home/bryan/Workspace/ros2_ws/install/examples_rclpy_minimal_publisher/lib/python3.10/site-packages:${PYTHONPATH} /usr/bin/python3 -W ignore:setup.py install is deprecated -W ignore:easy_install command is deprecated setup.py develop --editable --build-directory /home/bryan/Workspace/ros2_ws/build/examples_rclpy_minimal_publisher/build --no-deps symlink_data
