[0.937s] Invoking command in '/home/bryan/Workspace/ros2_ws/build/examples_rclpy_minimal_action_client': PYTHONPATH=/home/bryan/Workspace/ros2_ws/build/examples_rclpy_minimal_action_client/prefix_override:/usr/lib/python3/dist-packages/colcon_core/task/python/colcon_distutils_commands:/home/bryan/Workspace/ros2_ws/install/examples_rclpy_minimal_action_client/lib/python3.10/site-packages:${PYTHONPATH} /usr/bin/python3 -W ignore:setup.py install is deprecated -W ignore:easy_install command is deprecated setup.py develop --editable --build-directory /home/bryan/Workspace/ros2_ws/build/examples_rclpy_minimal_action_client/build --no-deps symlink_data
[1.322s] running develop
[1.560s] running egg_info
[1.560s] creating examples_rclpy_minimal_action_client.egg-info
[1.561s] writing examples_rclpy_minimal_action_client.egg-info/PKG-INFO
[1.570s] writing dependency_links to examples_rclpy_minimal_action_client.egg-info/dependency_links.txt
[1.570s] writing entry points to examples_rclpy_minimal_action_client.egg-info/entry_points.txt
[1.571s] writing requirements to examples_rclpy_minimal_action_client.egg-info/requires.txt
[1.571s] writing top-level names to examples_rclpy_minimal_action_client.egg-info/top_level.txt
[1.571s] writing manifest file 'examples_rclpy_minimal_action_client.egg-info/SOURCES.txt'
[1.571s] reading manifest file 'examples_rclpy_minimal_action_client.egg-info/SOURCES.txt'
[1.571s] writing manifest file 'examples_rclpy_minimal_action_client.egg-info/SOURCES.txt'
[1.572s] running build_ext
[1.573s] Creating /home/bryan/Workspace/ros2_ws/install/examples_rclpy_minimal_action_client/lib/python3.10/site-packages/examples-rclpy-minimal-action-client.egg-link (link to .)
[1.575s] Installing client script to /home/bryan/Workspace/ros2_ws/install/examples_rclpy_minimal_action_client/lib/examples_rclpy_minimal_action_client
[1.575s] Installing client_asyncio script to /home/bryan/Workspace/ros2_ws/install/examples_rclpy_minimal_action_client/lib/examples_rclpy_minimal_action_client
[1.575s] Installing client_cancel script to /home/bryan/Workspace/ros2_ws/install/examples_rclpy_minimal_action_client/lib/examples_rclpy_minimal_action_client
[1.576s] Installing client_not_composable script to /home/bryan/Workspace/ros2_ws/install/examples_rclpy_minimal_action_client/lib/examples_rclpy_minimal_action_client
[1.576s] 
[1.576s] Installed /home/bryan/Workspace/ros2_ws/build/examples_rclpy_minimal_action_client
[1.577s] running symlink_data
[1.577s] creating /home/bryan/Workspace/ros2_ws/install/examples_rclpy_minimal_action_client/share/ament_index
[1.577s] creating /home/bryan/Workspace/ros2_ws/install/examples_rclpy_minimal_action_client/share/ament_index/resource_index
[1.578s] creating /home/bryan/Workspace/ros2_ws/install/examples_rclpy_minimal_action_client/share/ament_index/resource_index/packages
[1.578s] symbolically linking /home/bryan/Workspace/ros2_ws/build/examples_rclpy_minimal_action_client/resource/examples_rclpy_minimal_action_client -> /home/bryan/Workspace/ros2_ws/install/examples_rclpy_minimal_action_client/share/ament_index/resource_index/packages
[1.579s] symbolically linking /home/bryan/Workspace/ros2_ws/build/examples_rclpy_minimal_action_client/package.xml -> /home/bryan/Workspace/ros2_ws/install/examples_rclpy_minimal_action_client/share/examples_rclpy_minimal_action_client
[1.634s] Invoked command in '/home/bryan/Workspace/ros2_ws/build/examples_rclpy_minimal_action_client' returned '0': PYTHONPATH=/home/bryan/Workspace/ros2_ws/build/examples_rclpy_minimal_action_client/prefix_override:/usr/lib/python3/dist-packages/colcon_core/task/python/colcon_distutils_commands:/home/bryan/Workspace/ros2_ws/install/examples_rclpy_minimal_action_client/lib/python3.10/site-packages:${PYTHONPATH} /usr/bin/python3 -W ignore:setup.py install is deprecated -W ignore:easy_install command is deprecated setup.py develop --editable --build-directory /home/bryan/Workspace/ros2_ws/build/examples_rclpy_minimal_action_client/build --no-deps symlink_data
