[0.775s] Invoking command in '/home/bryan/Workspace/ros2_ws/build/image_proc': AMENT_PREFIX_PATH=/home/bryan/Workspace/ros2_ws/install/image_geometry:/home/bryan/Workspace/ros2_ws/install/cv_bridge:${AMENT_PREFIX_PATH} CMAKE_PREFIX_PATH=/home/bryan/Workspace/ros2_ws/install/tracetools_image_pipeline:/home/bryan/Workspace/ros2_ws/install/image_geometry:/home/bryan/Workspace/ros2_ws/install/cv_bridge:/home/bryan/Workspace/ros2_ws/install/image_proc:/home/bryan/Workspace/ros2_ws/install/image_rotate:/home/bryan/Workspace/ros2_ws/install/image_publisher:/home/bryan/Workspace/ros2_ws/install/examples_rclcpp_wait_set:/home/bryan/Workspace/ros2_ws/install/examples_rclcpp_multithreaded_executor:/home/bryan/Workspace/ros2_ws/install/examples_rclcpp_minimal_timer:/home/bryan/Workspace/ros2_ws/install/examples_rclcpp_minimal_subscriber:/home/bryan/Workspace/ros2_ws/install/examples_rclcpp_minimal_service:/home/bryan/Workspace/ros2_ws/install/examples_rclcpp_minimal_publisher:/home/bryan/Workspace/ros2_ws/install/examples_rclcpp_minimal_composition:/home/bryan/Workspace/ros2_ws/install/examples_rclcpp_minimal_client:/home/bryan/Workspace/ros2_ws/install/examples_rclcpp_minimal_action_server:/home/bryan/Workspace/ros2_ws/install/examples_rclcpp_minimal_action_client:/home/bryan/Workspace/ros2_ws/install/examples_rclcpp_cbg_executor:/home/bryan/Workspace/ros2_ws/install/examples_rclcpp_async_client:/home/bryan/Workspace/ros2_ws/install/sprint2:/home/bryan/Workspace/ros2_ws/install/launch_testing_examples:/home/bryan/Workspace/ros2_ws/install/image_converter:/home/bryan/Workspace/ros2_ws/install/first_package:/home/bryan/Workspace/ros2_ws/install/examples_rclpy_pointcloud_publisher:/home/bryan/Workspace/ros2_ws/install/examples_rclpy_minimal_subscriber:/home/bryan/Workspace/ros2_ws/install/examples_rclpy_minimal_service:/home/bryan/Workspace/ros2_ws/install/examples_rclpy_minimal_publisher:/home/bryan/Workspace/ros2_ws/install/examples_rclpy_minimal_client:/home/bryan/Workspace/ros2_ws/install/examples_rclpy_minimal_action_server:/home/bryan/Workspace/ros2_ws/install/examples_rclpy_minimal_action_client:/home/bryan/Workspace/ros2_ws/install/examples_rclpy_guard_conditions:/home/bryan/Workspace/ros2_ws/install/examples_rclpy_executors:/home/bryan/Workspace/ros2_ws/install/camera_calibration:/opt/ros/humble LD_LIBRARY_PATH=/home/bryan/Workspace/ros2_ws/install/tracetools_image_pipeline/lib:/home/bryan/Workspace/ros2_ws/install/image_geometry/lib:/home/bryan/Workspace/ros2_ws/install/cv_bridge/lib:/home/bryan/Workspace/ros2_ws/install/image_proc/lib:/home/bryan/Workspace/ros2_ws/install/image_rotate/lib:/home/bryan/Workspace/ros2_ws/install/image_publisher/lib:/home/bryan/Workspace/ros2_ws/install/examples_rclcpp_wait_set/lib:/home/bryan/Workspace/ros2_ws/install/examples_rclcpp_minimal_subscriber/lib:/home/bryan/Workspace/ros2_ws/install/examples_rclcpp_minimal_composition/lib:/opt/ros/humble/opt/rviz_ogre_vendor/lib:/opt/ros/humble/lib/x86_64-linux-gnu:/opt/ros/humble/lib PYTHONPATH=/home/bryan/Workspace/ros2_ws/install/image_geometry/local/lib/python3.10/dist-packages:/home/bryan/Workspace/ros2_ws/install/cv_bridge/local/lib/python3.10/dist-packages:${PYTHONPATH} /usr/bin/cmake --build /home/bryan/Workspace/ros2_ws/build/image_proc -- -j3 -l3
[0.947s] [35m[1mConsolidate compiler generated dependencies of target image_proc[0m
[1.059s] [  8%] Built target image_proc
[1.116s] [35m[1mConsolidate compiler generated dependencies of target debayer_node[0m
[1.191s] [ 16%] Built target debayer_node
[1.244s] [35m[1mConsolidate compiler generated dependencies of target resize_node[0m
[1.384s] [ 24%] Built target resize_node
[1.426s] [35m[1mConsolidate compiler generated dependencies of target crop_decimate_node[0m
[1.511s] [ 32%] Built target crop_decimate_node
[1.629s] [35m[1mConsolidate compiler generated dependencies of target crop_non_zero_node[0m
[2.100s] [ 40%] Built target crop_non_zero_node
[2.190s] [35m[1mConsolidate compiler generated dependencies of target rectify[0m
[2.381s] [ 48%] Built target rectify
[2.436s] [35m[1mConsolidate compiler generated dependencies of target rectify_node[0m
[2.582s] [ 56%] Built target rectify_node
[2.644s] [35m[1mConsolidate compiler generated dependencies of target debayer[0m
[2.748s] [ 68%] Built target debayer
[2.838s] [35m[1mConsolidate compiler generated dependencies of target resize[0m
[2.928s] [ 76%] Built target resize
[3.003s] [35m[1mConsolidate compiler generated dependencies of target crop_decimate[0m
[3.082s] [ 84%] Built target crop_decimate
[3.222s] [35m[1mConsolidate compiler generated dependencies of target crop_non_zero[0m
[3.382s] [ 92%] Built target crop_non_zero
[3.465s] [35m[1mConsolidate compiler generated dependencies of target image_proc_exe[0m
[3.525s] [100%] Built target image_proc_exe
[3.640s] Invoked command in '/home/bryan/Workspace/ros2_ws/build/image_proc' returned '0': AMENT_PREFIX_PATH=/home/bryan/Workspace/ros2_ws/install/image_geometry:/home/bryan/Workspace/ros2_ws/install/cv_bridge:${AMENT_PREFIX_PATH} CMAKE_PREFIX_PATH=/home/bryan/Workspace/ros2_ws/install/tracetools_image_pipeline:/home/bryan/Workspace/ros2_ws/install/image_geometry:/home/bryan/Workspace/ros2_ws/install/cv_bridge:/home/bryan/Workspace/ros2_ws/install/image_proc:/home/bryan/Workspace/ros2_ws/install/image_rotate:/home/bryan/Workspace/ros2_ws/install/image_publisher:/home/bryan/Workspace/ros2_ws/install/examples_rclcpp_wait_set:/home/bryan/Workspace/ros2_ws/install/examples_rclcpp_multithreaded_executor:/home/bryan/Workspace/ros2_ws/install/examples_rclcpp_minimal_timer:/home/bryan/Workspace/ros2_ws/install/examples_rclcpp_minimal_subscriber:/home/bryan/Workspace/ros2_ws/install/examples_rclcpp_minimal_service:/home/bryan/Workspace/ros2_ws/install/examples_rclcpp_minimal_publisher:/home/bryan/Workspace/ros2_ws/install/examples_rclcpp_minimal_composition:/home/bryan/Workspace/ros2_ws/install/examples_rclcpp_minimal_client:/home/bryan/Workspace/ros2_ws/install/examples_rclcpp_minimal_action_server:/home/bryan/Workspace/ros2_ws/install/examples_rclcpp_minimal_action_client:/home/bryan/Workspace/ros2_ws/install/examples_rclcpp_cbg_executor:/home/bryan/Workspace/ros2_ws/install/examples_rclcpp_async_client:/home/bryan/Workspace/ros2_ws/install/sprint2:/home/bryan/Workspace/ros2_ws/install/launch_testing_examples:/home/bryan/Workspace/ros2_ws/install/image_converter:/home/bryan/Workspace/ros2_ws/install/first_package:/home/bryan/Workspace/ros2_ws/install/examples_rclpy_pointcloud_publisher:/home/bryan/Workspace/ros2_ws/install/examples_rclpy_minimal_subscriber:/home/bryan/Workspace/ros2_ws/install/examples_rclpy_minimal_service:/home/bryan/Workspace/ros2_ws/install/examples_rclpy_minimal_publisher:/home/bryan/Workspace/ros2_ws/install/examples_rclpy_minimal_client:/home/bryan/Workspace/ros2_ws/install/examples_rclpy_minimal_action_server:/home/bryan/Workspace/ros2_ws/install/examples_rclpy_minimal_action_client:/home/bryan/Workspace/ros2_ws/install/examples_rclpy_guard_conditions:/home/bryan/Workspace/ros2_ws/install/examples_rclpy_executors:/home/bryan/Workspace/ros2_ws/install/camera_calibration:/opt/ros/humble LD_LIBRARY_PATH=/home/bryan/Workspace/ros2_ws/install/tracetools_image_pipeline/lib:/home/bryan/Workspace/ros2_ws/install/image_geometry/lib:/home/bryan/Workspace/ros2_ws/install/cv_bridge/lib:/home/bryan/Workspace/ros2_ws/install/image_proc/lib:/home/bryan/Workspace/ros2_ws/install/image_rotate/lib:/home/bryan/Workspace/ros2_ws/install/image_publisher/lib:/home/bryan/Workspace/ros2_ws/install/examples_rclcpp_wait_set/lib:/home/bryan/Workspace/ros2_ws/install/examples_rclcpp_minimal_subscriber/lib:/home/bryan/Workspace/ros2_ws/install/examples_rclcpp_minimal_composition/lib:/opt/ros/humble/opt/rviz_ogre_vendor/lib:/opt/ros/humble/lib/x86_64-linux-gnu:/opt/ros/humble/lib PYTHONPATH=/home/bryan/Workspace/ros2_ws/install/image_geometry/local/lib/python3.10/dist-packages:/home/bryan/Workspace/ros2_ws/install/cv_bridge/local/lib/python3.10/dist-packages:${PYTHONPATH} /usr/bin/cmake --build /home/bryan/Workspace/ros2_ws/build/image_proc -- -j3 -l3
[3.640s] Invoking command in '/home/bryan/Workspace/ros2_ws/build/image_proc': AMENT_PREFIX_PATH=/home/bryan/Workspace/ros2_ws/install/image_geometry:/home/bryan/Workspace/ros2_ws/install/cv_bridge:${AMENT_PREFIX_PATH} CMAKE_PREFIX_PATH=/home/bryan/Workspace/ros2_ws/install/tracetools_image_pipeline:/home/bryan/Workspace/ros2_ws/install/image_geometry:/home/bryan/Workspace/ros2_ws/install/cv_bridge:/home/bryan/Workspace/ros2_ws/install/image_proc:/home/bryan/Workspace/ros2_ws/install/image_rotate:/home/bryan/Workspace/ros2_ws/install/image_publisher:/home/bryan/Workspace/ros2_ws/install/examples_rclcpp_wait_set:/home/bryan/Workspace/ros2_ws/install/examples_rclcpp_multithreaded_executor:/home/bryan/Workspace/ros2_ws/install/examples_rclcpp_minimal_timer:/home/bryan/Workspace/ros2_ws/install/examples_rclcpp_minimal_subscriber:/home/bryan/Workspace/ros2_ws/install/examples_rclcpp_minimal_service:/home/bryan/Workspace/ros2_ws/install/examples_rclcpp_minimal_publisher:/home/bryan/Workspace/ros2_ws/install/examples_rclcpp_minimal_composition:/home/bryan/Workspace/ros2_ws/install/examples_rclcpp_minimal_client:/home/bryan/Workspace/ros2_ws/install/examples_rclcpp_minimal_action_server:/home/bryan/Workspace/ros2_ws/install/examples_rclcpp_minimal_action_client:/home/bryan/Workspace/ros2_ws/install/examples_rclcpp_cbg_executor:/home/bryan/Workspace/ros2_ws/install/examples_rclcpp_async_client:/home/bryan/Workspace/ros2_ws/install/sprint2:/home/bryan/Workspace/ros2_ws/install/launch_testing_examples:/home/bryan/Workspace/ros2_ws/install/image_converter:/home/bryan/Workspace/ros2_ws/install/first_package:/home/bryan/Workspace/ros2_ws/install/examples_rclpy_pointcloud_publisher:/home/bryan/Workspace/ros2_ws/install/examples_rclpy_minimal_subscriber:/home/bryan/Workspace/ros2_ws/install/examples_rclpy_minimal_service:/home/bryan/Workspace/ros2_ws/install/examples_rclpy_minimal_publisher:/home/bryan/Workspace/ros2_ws/install/examples_rclpy_minimal_client:/home/bryan/Workspace/ros2_ws/install/examples_rclpy_minimal_action_server:/home/bryan/Workspace/ros2_ws/install/examples_rclpy_minimal_action_client:/home/bryan/Workspace/ros2_ws/install/examples_rclpy_guard_conditions:/home/bryan/Workspace/ros2_ws/install/examples_rclpy_executors:/home/bryan/Workspace/ros2_ws/install/camera_calibration:/opt/ros/humble LD_LIBRARY_PATH=/home/bryan/Workspace/ros2_ws/install/tracetools_image_pipeline/lib:/home/bryan/Workspace/ros2_ws/install/image_geometry/lib:/home/bryan/Workspace/ros2_ws/install/cv_bridge/lib:/home/bryan/Workspace/ros2_ws/install/image_proc/lib:/home/bryan/Workspace/ros2_ws/install/image_rotate/lib:/home/bryan/Workspace/ros2_ws/install/image_publisher/lib:/home/bryan/Workspace/ros2_ws/install/examples_rclcpp_wait_set/lib:/home/bryan/Workspace/ros2_ws/install/examples_rclcpp_minimal_subscriber/lib:/home/bryan/Workspace/ros2_ws/install/examples_rclcpp_minimal_composition/lib:/opt/ros/humble/opt/rviz_ogre_vendor/lib:/opt/ros/humble/lib/x86_64-linux-gnu:/opt/ros/humble/lib PYTHONPATH=/home/bryan/Workspace/ros2_ws/install/image_geometry/local/lib/python3.10/dist-packages:/home/bryan/Workspace/ros2_ws/install/cv_bridge/local/lib/python3.10/dist-packages:${PYTHONPATH} /usr/bin/cmake --install /home/bryan/Workspace/ros2_ws/build/image_proc
[3.702s] -- Install configuration: ""
[3.705s] -- Up-to-date: /home/bryan/Workspace/ros2_ws/install/image_proc/lib/image_proc/rectify_node
[3.706s] -- Up-to-date: /home/bryan/Workspace/ros2_ws/install/image_proc/lib/image_proc/debayer_node
[3.708s] -- Up-to-date: /home/bryan/Workspace/ros2_ws/install/image_proc/lib/image_proc/resize_node
[3.712s] -- Up-to-date: /home/bryan/Workspace/ros2_ws/install/image_proc/lib/image_proc/crop_decimate_node
[3.713s] -- Up-to-date: /home/bryan/Workspace/ros2_ws/install/image_proc/lib/image_proc/crop_non_zero_node
[3.716s] -- Up-to-date: /home/bryan/Workspace/ros2_ws/install/image_proc/bin/image_proc
[3.716s] -- Up-to-date: /home/bryan/Workspace/ros2_ws/install/image_proc/include
[3.716s] -- Up-to-date: /home/bryan/Workspace/ros2_ws/install/image_proc/include/image_proc
[3.716s] -- Up-to-date: /home/bryan/Workspace/ros2_ws/install/image_proc/include/image_proc/debayer.hpp
[3.716s] -- Up-to-date: /home/bryan/Workspace/ros2_ws/install/image_proc/include/image_proc/utils.hpp
[3.716s] -- Up-to-date: /home/bryan/Workspace/ros2_ws/install/image_proc/include/image_proc/crop_decimate.hpp
[3.718s] -- Up-to-date: /home/bryan/Workspace/ros2_ws/install/image_proc/include/image_proc/resize.hpp
[3.718s] -- Up-to-date: /home/bryan/Workspace/ros2_ws/install/image_proc/include/image_proc/edge_aware.hpp
[3.718s] -- Up-to-date: /home/bryan/Workspace/ros2_ws/install/image_proc/include/image_proc/processor.hpp
[3.718s] -- Up-to-date: /home/bryan/Workspace/ros2_ws/install/image_proc/include/image_proc/crop_non_zero.hpp
[3.718s] -- Up-to-date: /home/bryan/Workspace/ros2_ws/install/image_proc/include/image_proc/rectify.hpp
[3.719s] -- Up-to-date: /home/bryan/Workspace/ros2_ws/install/image_proc/share/image_proc/environment/library_path.sh
[3.719s] -- Up-to-date: /home/bryan/Workspace/ros2_ws/install/image_proc/share/image_proc/environment/library_path.dsv
[3.719s] -- Up-to-date: /home/bryan/Workspace/ros2_ws/install/image_proc/lib/libimage_proc.so
[3.719s] -- Up-to-date: /home/bryan/Workspace/ros2_ws/install/image_proc/lib/librectify.so
[3.727s] -- Up-to-date: /home/bryan/Workspace/ros2_ws/install/image_proc/lib/libdebayer.so
[3.729s] -- Up-to-date: /home/bryan/Workspace/ros2_ws/install/image_proc/lib/libresize.so
[3.729s] -- Up-to-date: /home/bryan/Workspace/ros2_ws/install/image_proc/lib/libcrop_decimate.so
[3.729s] -- Up-to-date: /home/bryan/Workspace/ros2_ws/install/image_proc/lib/libcrop_non_zero.so
[3.730s] -- Up-to-date: /home/bryan/Workspace/ros2_ws/install/image_proc/lib/image_proc/image_proc
[3.730s] -- Up-to-date: /home/bryan/Workspace/ros2_ws/install/image_proc/share/image_proc/launch
[3.730s] -- Up-to-date: /home/bryan/Workspace/ros2_ws/install/image_proc/share/image_proc/launch/image_proc.launch.py
[3.730s] -- Up-to-date: /home/bryan/Workspace/ros2_ws/install/image_proc/share/ament_index/resource_index/package_run_dependencies/image_proc
[3.730s] -- Up-to-date: /home/bryan/Workspace/ros2_ws/install/image_proc/share/ament_index/resource_index/parent_prefix_path/image_proc
[3.730s] -- Up-to-date: /home/bryan/Workspace/ros2_ws/install/image_proc/share/image_proc/environment/ament_prefix_path.sh
[3.730s] -- Up-to-date: /home/bryan/Workspace/ros2_ws/install/image_proc/share/image_proc/environment/ament_prefix_path.dsv
[3.730s] -- Up-to-date: /home/bryan/Workspace/ros2_ws/install/image_proc/share/image_proc/environment/path.sh
[3.730s] -- Up-to-date: /home/bryan/Workspace/ros2_ws/install/image_proc/share/image_proc/environment/path.dsv
[3.730s] -- Up-to-date: /home/bryan/Workspace/ros2_ws/install/image_proc/share/image_proc/local_setup.bash
[3.730s] -- Up-to-date: /home/bryan/Workspace/ros2_ws/install/image_proc/share/image_proc/local_setup.sh
[3.730s] -- Up-to-date: /home/bryan/Workspace/ros2_ws/install/image_proc/share/image_proc/local_setup.zsh
[3.731s] -- Up-to-date: /home/bryan/Workspace/ros2_ws/install/image_proc/share/image_proc/local_setup.dsv
[3.731s] -- Installing: /home/bryan/Workspace/ros2_ws/install/image_proc/share/image_proc/package.dsv
[3.731s] -- Up-to-date: /home/bryan/Workspace/ros2_ws/install/image_proc/share/ament_index/resource_index/packages/image_proc
[3.731s] -- Up-to-date: /home/bryan/Workspace/ros2_ws/install/image_proc/share/ament_index/resource_index/rclcpp_components/image_proc
[3.731s] -- Up-to-date: /home/bryan/Workspace/ros2_ws/install/image_proc/share/image_proc/cmake/ament_cmake_export_dependencies-extras.cmake
[3.731s] -- Up-to-date: /home/bryan/Workspace/ros2_ws/install/image_proc/share/image_proc/cmake/ament_cmake_export_include_directories-extras.cmake
[3.731s] -- Up-to-date: /home/bryan/Workspace/ros2_ws/install/image_proc/share/image_proc/cmake/ament_cmake_export_libraries-extras.cmake
[3.731s] -- Up-to-date: /home/bryan/Workspace/ros2_ws/install/image_proc/share/image_proc/cmake/image_procConfig.cmake
[3.731s] -- Up-to-date: /home/bryan/Workspace/ros2_ws/install/image_proc/share/image_proc/cmake/image_procConfig-version.cmake
[3.731s] -- Up-to-date: /home/bryan/Workspace/ros2_ws/install/image_proc/share/image_proc/package.xml
[3.735s] Invoked command in '/home/bryan/Workspace/ros2_ws/build/image_proc' returned '0': AMENT_PREFIX_PATH=/home/bryan/Workspace/ros2_ws/install/image_geometry:/home/bryan/Workspace/ros2_ws/install/cv_bridge:${AMENT_PREFIX_PATH} CMAKE_PREFIX_PATH=/home/bryan/Workspace/ros2_ws/install/tracetools_image_pipeline:/home/bryan/Workspace/ros2_ws/install/image_geometry:/home/bryan/Workspace/ros2_ws/install/cv_bridge:/home/bryan/Workspace/ros2_ws/install/image_proc:/home/bryan/Workspace/ros2_ws/install/image_rotate:/home/bryan/Workspace/ros2_ws/install/image_publisher:/home/bryan/Workspace/ros2_ws/install/examples_rclcpp_wait_set:/home/bryan/Workspace/ros2_ws/install/examples_rclcpp_multithreaded_executor:/home/bryan/Workspace/ros2_ws/install/examples_rclcpp_minimal_timer:/home/bryan/Workspace/ros2_ws/install/examples_rclcpp_minimal_subscriber:/home/bryan/Workspace/ros2_ws/install/examples_rclcpp_minimal_service:/home/bryan/Workspace/ros2_ws/install/examples_rclcpp_minimal_publisher:/home/bryan/Workspace/ros2_ws/install/examples_rclcpp_minimal_composition:/home/bryan/Workspace/ros2_ws/install/examples_rclcpp_minimal_client:/home/bryan/Workspace/ros2_ws/install/examples_rclcpp_minimal_action_server:/home/bryan/Workspace/ros2_ws/install/examples_rclcpp_minimal_action_client:/home/bryan/Workspace/ros2_ws/install/examples_rclcpp_cbg_executor:/home/bryan/Workspace/ros2_ws/install/examples_rclcpp_async_client:/home/bryan/Workspace/ros2_ws/install/sprint2:/home/bryan/Workspace/ros2_ws/install/launch_testing_examples:/home/bryan/Workspace/ros2_ws/install/image_converter:/home/bryan/Workspace/ros2_ws/install/first_package:/home/bryan/Workspace/ros2_ws/install/examples_rclpy_pointcloud_publisher:/home/bryan/Workspace/ros2_ws/install/examples_rclpy_minimal_subscriber:/home/bryan/Workspace/ros2_ws/install/examples_rclpy_minimal_service:/home/bryan/Workspace/ros2_ws/install/examples_rclpy_minimal_publisher:/home/bryan/Workspace/ros2_ws/install/examples_rclpy_minimal_client:/home/bryan/Workspace/ros2_ws/install/examples_rclpy_minimal_action_server:/home/bryan/Workspace/ros2_ws/install/examples_rclpy_minimal_action_client:/home/bryan/Workspace/ros2_ws/install/examples_rclpy_guard_conditions:/home/bryan/Workspace/ros2_ws/install/examples_rclpy_executors:/home/bryan/Workspace/ros2_ws/install/camera_calibration:/opt/ros/humble LD_LIBRARY_PATH=/home/bryan/Workspace/ros2_ws/install/tracetools_image_pipeline/lib:/home/bryan/Workspace/ros2_ws/install/image_geometry/lib:/home/bryan/Workspace/ros2_ws/install/cv_bridge/lib:/home/bryan/Workspace/ros2_ws/install/image_proc/lib:/home/bryan/Workspace/ros2_ws/install/image_rotate/lib:/home/bryan/Workspace/ros2_ws/install/image_publisher/lib:/home/bryan/Workspace/ros2_ws/install/examples_rclcpp_wait_set/lib:/home/bryan/Workspace/ros2_ws/install/examples_rclcpp_minimal_subscriber/lib:/home/bryan/Workspace/ros2_ws/install/examples_rclcpp_minimal_composition/lib:/opt/ros/humble/opt/rviz_ogre_vendor/lib:/opt/ros/humble/lib/x86_64-linux-gnu:/opt/ros/humble/lib PYTHONPATH=/home/bryan/Workspace/ros2_ws/install/image_geometry/local/lib/python3.10/dist-packages:/home/bryan/Workspace/ros2_ws/install/cv_bridge/local/lib/python3.10/dist-packages:${PYTHONPATH} /usr/bin/cmake --install /home/bryan/Workspace/ros2_ws/build/image_proc
