[1.263s] Invoking command in '/home/bryan/Workspace/ros2_ws/build/examples_rclpy_minimal_action_client': PYTHONPATH=/home/bryan/Workspace/ros2_ws/build/examples_rclpy_minimal_action_client/prefix_override:/usr/lib/python3/dist-packages/colcon_core/task/python/colcon_distutils_commands:/home/bryan/Workspace/ros2_ws/install/examples_rclpy_minimal_action_client/lib/python3.10/site-packages:${PYTHONPATH} /usr/bin/python3 -W ignore:setup.py install is deprecated -W ignore:easy_install command is deprecated setup.py develop --editable --build-directory /home/bryan/Workspace/ros2_ws/build/examples_rclpy_minimal_action_client/build --no-deps symlink_data
[1.622s] running develop
[1.840s] running egg_info
[1.841s] writing examples_rclpy_minimal_action_client.egg-info/PKG-INFO
[1.844s] writing dependency_links to examples_rclpy_minimal_action_client.egg-info/dependency_links.txt
[1.844s] writing entry points to examples_rclpy_minimal_action_client.egg-info/entry_points.txt
[1.844s] writing requirements to examples_rclpy_minimal_action_client.egg-info/requires.txt
[1.849s] writing top-level names to examples_rclpy_minimal_action_client.egg-info/top_level.txt
[1.849s] reading manifest file 'examples_rclpy_minimal_action_client.egg-info/SOURCES.txt'
[1.849s] writing manifest file 'examples_rclpy_minimal_action_client.egg-info/SOURCES.txt'
[1.856s] running build_ext
[1.856s] Creating /home/bryan/Workspace/ros2_ws/install/examples_rclpy_minimal_action_client/lib/python3.10/site-packages/examples-rclpy-minimal-action-client.egg-link (link to .)
[1.856s] Installing client script to /home/bryan/Workspace/ros2_ws/install/examples_rclpy_minimal_action_client/lib/examples_rclpy_minimal_action_client
[1.856s] Installing client_asyncio script to /home/bryan/Workspace/ros2_ws/install/examples_rclpy_minimal_action_client/lib/examples_rclpy_minimal_action_client
[1.856s] Installing client_cancel script to /home/bryan/Workspace/ros2_ws/install/examples_rclpy_minimal_action_client/lib/examples_rclpy_minimal_action_client
[1.856s] Installing client_not_composable script to /home/bryan/Workspace/ros2_ws/install/examples_rclpy_minimal_action_client/lib/examples_rclpy_minimal_action_client
[1.856s] 
[1.856s] Installed /home/bryan/Workspace/ros2_ws/build/examples_rclpy_minimal_action_client
[1.856s] running symlink_data
[2.400s] Invoked command in '/home/bryan/Workspace/ros2_ws/build/examples_rclpy_minimal_action_client' returned '0': PYTHONPATH=/home/bryan/Workspace/ros2_ws/build/examples_rclpy_minimal_action_client/prefix_override:/usr/lib/python3/dist-packages/colcon_core/task/python/colcon_distutils_commands:/home/bryan/Workspace/ros2_ws/install/examples_rclpy_minimal_action_client/lib/python3.10/site-packages:${PYTHONPATH} /usr/bin/python3 -W ignore:setup.py install is deprecated -W ignore:easy_install command is deprecated setup.py develop --editable --build-directory /home/bryan/Workspace/ros2_ws/build/examples_rclpy_minimal_action_client/build --no-deps symlink_data
