[0.074s] Invoking command in '/home/bryan/Workspace/ros2_ws/build/image_view': AMENT_PREFIX_PATH=/home/bryan/Workspace/ros2_ws/install/cv_bridge:${AMENT_PREFIX_PATH} CMAKE_PREFIX_PATH=/home/bryan/Workspace/ros2_ws/install/cv_bridge:/home/bryan/Workspace/ros2_ws/install/image_proc:/home/bryan/Workspace/ros2_ws/install/tracetools_image_pipeline:/home/bryan/Workspace/ros2_ws/install/image_rotate:/home/bryan/Workspace/ros2_ws/install/image_publisher:/home/bryan/Workspace/ros2_ws/install/examples_rclcpp_wait_set:/home/bryan/Workspace/ros2_ws/install/examples_rclcpp_multithreaded_executor:/home/bryan/Workspace/ros2_ws/install/examples_rclcpp_minimal_timer:/home/bryan/Workspace/ros2_ws/install/examples_rclcpp_minimal_subscriber:/home/bryan/Workspace/ros2_ws/install/examples_rclcpp_minimal_service:/home/bryan/Workspace/ros2_ws/install/examples_rclcpp_minimal_publisher:/home/bryan/Workspace/ros2_ws/install/examples_rclcpp_minimal_composition:/home/bryan/Workspace/ros2_ws/install/examples_rclcpp_minimal_client:/home/bryan/Workspace/ros2_ws/install/examples_rclcpp_minimal_action_server:/home/bryan/Workspace/ros2_ws/install/examples_rclcpp_minimal_action_client:/home/bryan/Workspace/ros2_ws/install/examples_rclcpp_cbg_executor:/home/bryan/Workspace/ros2_ws/install/examples_rclcpp_async_client:/home/bryan/Workspace/ros2_ws/install/sprint2:/home/bryan/Workspace/ros2_ws/install/launch_testing_examples:/home/bryan/Workspace/ros2_ws/install/image_converter:/home/bryan/Workspace/ros2_ws/install/first_package:/home/bryan/Workspace/ros2_ws/install/examples_rclpy_pointcloud_publisher:/home/bryan/Workspace/ros2_ws/install/examples_rclpy_minimal_subscriber:/home/bryan/Workspace/ros2_ws/install/examples_rclpy_minimal_service:/home/bryan/Workspace/ros2_ws/install/examples_rclpy_minimal_publisher:/home/bryan/Workspace/ros2_ws/install/examples_rclpy_minimal_client:/home/bryan/Workspace/ros2_ws/install/examples_rclpy_minimal_action_server:/home/bryan/Workspace/ros2_ws/install/examples_rclpy_minimal_action_client:/home/bryan/Workspace/ros2_ws/install/examples_rclpy_guard_conditions:/home/bryan/Workspace/ros2_ws/install/examples_rclpy_executors:/home/bryan/Workspace/ros2_ws/install/camera_calibration:/opt/ros/humble LD_LIBRARY_PATH=/home/bryan/Workspace/ros2_ws/install/cv_bridge/lib:${LD_LIBRARY_PATH} PYTHONPATH=/home/bryan/Workspace/ros2_ws/install/cv_bridge/local/lib/python3.10/dist-packages:${PYTHONPATH} /usr/bin/cmake --build /home/bryan/Workspace/ros2_ws/build/image_view -- -j3 -l3
[0.389s] [35m[1mConsolidate compiler generated dependencies of target image_view_nodes[0m
[0.571s] [ 36%] Built target image_view_nodes
[0.608s] [35m[1mConsolidate compiler generated dependencies of target disparity_view[0m
[0.719s] [ 47%] Built target disparity_view
[0.907s] [35m[1mConsolidate compiler generated dependencies of target stereo_view[0m
[1.031s] [ 57%] Built target stereo_view
[1.106s] [35m[1mConsolidate compiler generated dependencies of target extract_images[0m
[1.294s] [ 68%] Built target extract_images
[1.389s] [35m[1mConsolidate compiler generated dependencies of target image_saver[0m
[1.626s] [ 78%] Built target image_saver
[1.681s] [35m[1mConsolidate compiler generated dependencies of target video_recorder[0m
[1.767s] [ 89%] Built target video_recorder
[1.875s] [35m[1mConsolidate compiler generated dependencies of target image_view[0m
[2.028s] [100%] Built target image_view
[2.136s] Invoked command in '/home/bryan/Workspace/ros2_ws/build/image_view' returned '0': AMENT_PREFIX_PATH=/home/bryan/Workspace/ros2_ws/install/cv_bridge:${AMENT_PREFIX_PATH} CMAKE_PREFIX_PATH=/home/bryan/Workspace/ros2_ws/install/cv_bridge:/home/bryan/Workspace/ros2_ws/install/image_proc:/home/bryan/Workspace/ros2_ws/install/tracetools_image_pipeline:/home/bryan/Workspace/ros2_ws/install/image_rotate:/home/bryan/Workspace/ros2_ws/install/image_publisher:/home/bryan/Workspace/ros2_ws/install/examples_rclcpp_wait_set:/home/bryan/Workspace/ros2_ws/install/examples_rclcpp_multithreaded_executor:/home/bryan/Workspace/ros2_ws/install/examples_rclcpp_minimal_timer:/home/bryan/Workspace/ros2_ws/install/examples_rclcpp_minimal_subscriber:/home/bryan/Workspace/ros2_ws/install/examples_rclcpp_minimal_service:/home/bryan/Workspace/ros2_ws/install/examples_rclcpp_minimal_publisher:/home/bryan/Workspace/ros2_ws/install/examples_rclcpp_minimal_composition:/home/bryan/Workspace/ros2_ws/install/examples_rclcpp_minimal_client:/home/bryan/Workspace/ros2_ws/install/examples_rclcpp_minimal_action_server:/home/bryan/Workspace/ros2_ws/install/examples_rclcpp_minimal_action_client:/home/bryan/Workspace/ros2_ws/install/examples_rclcpp_cbg_executor:/home/bryan/Workspace/ros2_ws/install/examples_rclcpp_async_client:/home/bryan/Workspace/ros2_ws/install/sprint2:/home/bryan/Workspace/ros2_ws/install/launch_testing_examples:/home/bryan/Workspace/ros2_ws/install/image_converter:/home/bryan/Workspace/ros2_ws/install/first_package:/home/bryan/Workspace/ros2_ws/install/examples_rclpy_pointcloud_publisher:/home/bryan/Workspace/ros2_ws/install/examples_rclpy_minimal_subscriber:/home/bryan/Workspace/ros2_ws/install/examples_rclpy_minimal_service:/home/bryan/Workspace/ros2_ws/install/examples_rclpy_minimal_publisher:/home/bryan/Workspace/ros2_ws/install/examples_rclpy_minimal_client:/home/bryan/Workspace/ros2_ws/install/examples_rclpy_minimal_action_server:/home/bryan/Workspace/ros2_ws/install/examples_rclpy_minimal_action_client:/home/bryan/Workspace/ros2_ws/install/examples_rclpy_guard_conditions:/home/bryan/Workspace/ros2_ws/install/examples_rclpy_executors:/home/bryan/Workspace/ros2_ws/install/camera_calibration:/opt/ros/humble LD_LIBRARY_PATH=/home/bryan/Workspace/ros2_ws/install/cv_bridge/lib:${LD_LIBRARY_PATH} PYTHONPATH=/home/bryan/Workspace/ros2_ws/install/cv_bridge/local/lib/python3.10/dist-packages:${PYTHONPATH} /usr/bin/cmake --build /home/bryan/Workspace/ros2_ws/build/image_view -- -j3 -l3
[2.153s] Invoking command in '/home/bryan/Workspace/ros2_ws/build/image_view': AMENT_PREFIX_PATH=/home/bryan/Workspace/ros2_ws/install/cv_bridge:${AMENT_PREFIX_PATH} CMAKE_PREFIX_PATH=/home/bryan/Workspace/ros2_ws/install/cv_bridge:/home/bryan/Workspace/ros2_ws/install/image_proc:/home/bryan/Workspace/ros2_ws/install/tracetools_image_pipeline:/home/bryan/Workspace/ros2_ws/install/image_rotate:/home/bryan/Workspace/ros2_ws/install/image_publisher:/home/bryan/Workspace/ros2_ws/install/examples_rclcpp_wait_set:/home/bryan/Workspace/ros2_ws/install/examples_rclcpp_multithreaded_executor:/home/bryan/Workspace/ros2_ws/install/examples_rclcpp_minimal_timer:/home/bryan/Workspace/ros2_ws/install/examples_rclcpp_minimal_subscriber:/home/bryan/Workspace/ros2_ws/install/examples_rclcpp_minimal_service:/home/bryan/Workspace/ros2_ws/install/examples_rclcpp_minimal_publisher:/home/bryan/Workspace/ros2_ws/install/examples_rclcpp_minimal_composition:/home/bryan/Workspace/ros2_ws/install/examples_rclcpp_minimal_client:/home/bryan/Workspace/ros2_ws/install/examples_rclcpp_minimal_action_server:/home/bryan/Workspace/ros2_ws/install/examples_rclcpp_minimal_action_client:/home/bryan/Workspace/ros2_ws/install/examples_rclcpp_cbg_executor:/home/bryan/Workspace/ros2_ws/install/examples_rclcpp_async_client:/home/bryan/Workspace/ros2_ws/install/sprint2:/home/bryan/Workspace/ros2_ws/install/launch_testing_examples:/home/bryan/Workspace/ros2_ws/install/image_converter:/home/bryan/Workspace/ros2_ws/install/first_package:/home/bryan/Workspace/ros2_ws/install/examples_rclpy_pointcloud_publisher:/home/bryan/Workspace/ros2_ws/install/examples_rclpy_minimal_subscriber:/home/bryan/Workspace/ros2_ws/install/examples_rclpy_minimal_service:/home/bryan/Workspace/ros2_ws/install/examples_rclpy_minimal_publisher:/home/bryan/Workspace/ros2_ws/install/examples_rclpy_minimal_client:/home/bryan/Workspace/ros2_ws/install/examples_rclpy_minimal_action_server:/home/bryan/Workspace/ros2_ws/install/examples_rclpy_minimal_action_client:/home/bryan/Workspace/ros2_ws/install/examples_rclpy_guard_conditions:/home/bryan/Workspace/ros2_ws/install/examples_rclpy_executors:/home/bryan/Workspace/ros2_ws/install/camera_calibration:/opt/ros/humble LD_LIBRARY_PATH=/home/bryan/Workspace/ros2_ws/install/cv_bridge/lib:${LD_LIBRARY_PATH} PYTHONPATH=/home/bryan/Workspace/ros2_ws/install/cv_bridge/local/lib/python3.10/dist-packages:${PYTHONPATH} /usr/bin/cmake --install /home/bryan/Workspace/ros2_ws/build/image_view
[2.264s] -- Install configuration: ""
[2.264s] -- Up-to-date: /home/bryan/Workspace/ros2_ws/install/image_view/include
[2.265s] -- Up-to-date: /home/bryan/Workspace/ros2_ws/install/image_view/include/image_view
[2.265s] -- Up-to-date: /home/bryan/Workspace/ros2_ws/install/image_view/include/image_view/disparity_view_node.hpp
[2.265s] -- Up-to-date: /home/bryan/Workspace/ros2_ws/install/image_view/include/image_view/stereo_view_node.hpp
[2.265s] -- Up-to-date: /home/bryan/Workspace/ros2_ws/install/image_view/include/image_view/extract_images_node.hpp
[2.265s] -- Up-to-date: /home/bryan/Workspace/ros2_ws/install/image_view/include/image_view/video_recorder_node.hpp
[2.265s] -- Up-to-date: /home/bryan/Workspace/ros2_ws/install/image_view/include/image_view/image_saver_node.hpp
[2.265s] -- Up-to-date: /home/bryan/Workspace/ros2_ws/install/image_view/include/image_view/image_view_node.hpp
[2.265s] -- Up-to-date: /home/bryan/Workspace/ros2_ws/install/image_view/share/image_view/environment/library_path.sh
[2.265s] -- Up-to-date: /home/bryan/Workspace/ros2_ws/install/image_view/share/image_view/environment/library_path.dsv
[2.272s] -- Up-to-date: /home/bryan/Workspace/ros2_ws/install/image_view/lib/libimage_view_nodes.so
[2.272s] -- Up-to-date: /home/bryan/Workspace/ros2_ws/install/image_view/lib/image_view/disparity_view
[2.272s] -- Up-to-date: /home/bryan/Workspace/ros2_ws/install/image_view/lib/image_view/image_view
[2.273s] -- Up-to-date: /home/bryan/Workspace/ros2_ws/install/image_view/lib/image_view/stereo_view
[2.273s] -- Up-to-date: /home/bryan/Workspace/ros2_ws/install/image_view/lib/image_view/extract_images
[2.273s] -- Up-to-date: /home/bryan/Workspace/ros2_ws/install/image_view/lib/image_view/image_saver
[2.273s] -- Up-to-date: /home/bryan/Workspace/ros2_ws/install/image_view/lib/image_view/video_recorder
[2.273s] -- Up-to-date: /home/bryan/Workspace/ros2_ws/install/image_view/share/ament_index/resource_index/package_run_dependencies/image_view
[2.273s] -- Up-to-date: /home/bryan/Workspace/ros2_ws/install/image_view/share/ament_index/resource_index/parent_prefix_path/image_view
[2.273s] -- Up-to-date: /home/bryan/Workspace/ros2_ws/install/image_view/share/image_view/environment/ament_prefix_path.sh
[2.273s] -- Up-to-date: /home/bryan/Workspace/ros2_ws/install/image_view/share/image_view/environment/ament_prefix_path.dsv
[2.273s] -- Up-to-date: /home/bryan/Workspace/ros2_ws/install/image_view/share/image_view/environment/path.sh
[2.274s] -- Up-to-date: /home/bryan/Workspace/ros2_ws/install/image_view/share/image_view/environment/path.dsv
[2.274s] -- Up-to-date: /home/bryan/Workspace/ros2_ws/install/image_view/share/image_view/local_setup.bash
[2.274s] -- Up-to-date: /home/bryan/Workspace/ros2_ws/install/image_view/share/image_view/local_setup.sh
[2.274s] -- Up-to-date: /home/bryan/Workspace/ros2_ws/install/image_view/share/image_view/local_setup.zsh
[2.274s] -- Up-to-date: /home/bryan/Workspace/ros2_ws/install/image_view/share/image_view/local_setup.dsv
[2.274s] -- Installing: /home/bryan/Workspace/ros2_ws/install/image_view/share/image_view/package.dsv
[2.274s] -- Up-to-date: /home/bryan/Workspace/ros2_ws/install/image_view/share/ament_index/resource_index/packages/image_view
[2.274s] -- Up-to-date: /home/bryan/Workspace/ros2_ws/install/image_view/share/ament_index/resource_index/rclcpp_components/image_view
[2.274s] -- Up-to-date: /home/bryan/Workspace/ros2_ws/install/image_view/share/image_view/cmake/ament_cmake_export_dependencies-extras.cmake
[2.274s] -- Up-to-date: /home/bryan/Workspace/ros2_ws/install/image_view/share/image_view/cmake/ament_cmake_export_include_directories-extras.cmake
[2.274s] -- Up-to-date: /home/bryan/Workspace/ros2_ws/install/image_view/share/image_view/cmake/ament_cmake_export_libraries-extras.cmake
[2.274s] -- Up-to-date: /home/bryan/Workspace/ros2_ws/install/image_view/share/image_view/cmake/image_viewConfig.cmake
[2.274s] -- Up-to-date: /home/bryan/Workspace/ros2_ws/install/image_view/share/image_view/cmake/image_viewConfig-version.cmake
[2.275s] -- Up-to-date: /home/bryan/Workspace/ros2_ws/install/image_view/share/image_view/package.xml
[2.411s] Invoked command in '/home/bryan/Workspace/ros2_ws/build/image_view' returned '0': AMENT_PREFIX_PATH=/home/bryan/Workspace/ros2_ws/install/cv_bridge:${AMENT_PREFIX_PATH} CMAKE_PREFIX_PATH=/home/bryan/Workspace/ros2_ws/install/cv_bridge:/home/bryan/Workspace/ros2_ws/install/image_proc:/home/bryan/Workspace/ros2_ws/install/tracetools_image_pipeline:/home/bryan/Workspace/ros2_ws/install/image_rotate:/home/bryan/Workspace/ros2_ws/install/image_publisher:/home/bryan/Workspace/ros2_ws/install/examples_rclcpp_wait_set:/home/bryan/Workspace/ros2_ws/install/examples_rclcpp_multithreaded_executor:/home/bryan/Workspace/ros2_ws/install/examples_rclcpp_minimal_timer:/home/bryan/Workspace/ros2_ws/install/examples_rclcpp_minimal_subscriber:/home/bryan/Workspace/ros2_ws/install/examples_rclcpp_minimal_service:/home/bryan/Workspace/ros2_ws/install/examples_rclcpp_minimal_publisher:/home/bryan/Workspace/ros2_ws/install/examples_rclcpp_minimal_composition:/home/bryan/Workspace/ros2_ws/install/examples_rclcpp_minimal_client:/home/bryan/Workspace/ros2_ws/install/examples_rclcpp_minimal_action_server:/home/bryan/Workspace/ros2_ws/install/examples_rclcpp_minimal_action_client:/home/bryan/Workspace/ros2_ws/install/examples_rclcpp_cbg_executor:/home/bryan/Workspace/ros2_ws/install/examples_rclcpp_async_client:/home/bryan/Workspace/ros2_ws/install/sprint2:/home/bryan/Workspace/ros2_ws/install/launch_testing_examples:/home/bryan/Workspace/ros2_ws/install/image_converter:/home/bryan/Workspace/ros2_ws/install/first_package:/home/bryan/Workspace/ros2_ws/install/examples_rclpy_pointcloud_publisher:/home/bryan/Workspace/ros2_ws/install/examples_rclpy_minimal_subscriber:/home/bryan/Workspace/ros2_ws/install/examples_rclpy_minimal_service:/home/bryan/Workspace/ros2_ws/install/examples_rclpy_minimal_publisher:/home/bryan/Workspace/ros2_ws/install/examples_rclpy_minimal_client:/home/bryan/Workspace/ros2_ws/install/examples_rclpy_minimal_action_server:/home/bryan/Workspace/ros2_ws/install/examples_rclpy_minimal_action_client:/home/bryan/Workspace/ros2_ws/install/examples_rclpy_guard_conditions:/home/bryan/Workspace/ros2_ws/install/examples_rclpy_executors:/home/bryan/Workspace/ros2_ws/install/camera_calibration:/opt/ros/humble LD_LIBRARY_PATH=/home/bryan/Workspace/ros2_ws/install/cv_bridge/lib:${LD_LIBRARY_PATH} PYTHONPATH=/home/bryan/Workspace/ros2_ws/install/cv_bridge/local/lib/python3.10/dist-packages:${PYTHONPATH} /usr/bin/cmake --install /home/bryan/Workspace/ros2_ws/build/image_view
