[0.042s] Invoking command in '/home/bryan/Workspace/ros2_ws/build/image_rotate': AMENT_PREFIX_PATH=/home/bryan/Workspace/ros2_ws/install/cv_bridge:${AMENT_PREFIX_PATH} CMAKE_PREFIX_PATH=/home/bryan/Workspace/ros2_ws/install/cv_bridge:/opt/ros/humble LD_LIBRARY_PATH=/home/bryan/Workspace/ros2_ws/install/cv_bridge/lib:${LD_LIBRARY_PATH} PYTHONPATH=/home/bryan/Workspace/ros2_ws/install/cv_bridge/local/lib/python3.10/dist-packages:${PYTHONPATH} /usr/bin/cmake /home/bryan/Workspace/ros2_ws/image_pipeline/image_rotate -DAMENT_CMAKE_SYMLINK_INSTALL=1 -DCMAKE_INSTALL_PREFIX=/home/bryan/Workspace/ros2_ws/install/image_rotate
[1.806s] -- The C compiler identification is GNU 11.4.0
[1.903s] -- The CXX compiler identification is GNU 11.4.0
[1.910s] -- Detecting C compiler ABI info
[2.074s] -- Detecting C compiler ABI info - done
[2.086s] -- Check for working C compiler: /usr/bin/cc - skipped
[2.086s] -- Detecting C compile features
[2.090s] -- Detecting C compile features - done
[2.093s] -- Detecting CXX compiler ABI info
[3.530s] -- Detecting CXX compiler ABI info - done
[3.551s] -- Check for working CXX compiler: /usr/bin/c++ - skipped
[3.552s] -- Detecting CXX compile features
[3.552s] -- Detecting CXX compile features - done
[3.552s] -- Found ament_cmake_auto: 1.3.14 (/opt/ros/humble/share/ament_cmake_auto/cmake)
[3.784s] -- Found Python3: /usr/bin/python3 (found version "3.10.12") found components: Interpreter 
[3.901s] -- Override CMake install command with custom implementation using symlinks instead of copying resources
[4.110s] -- Found rosidl_generator_c: 3.1.8 (/opt/ros/humble/share/rosidl_generator_c/cmake)
[4.125s] -- Found rosidl_adapter: 3.1.8 (/opt/ros/humble/share/rosidl_adapter/cmake)
[4.141s] -- Found rosidl_generator_cpp: 3.1.8 (/opt/ros/humble/share/rosidl_generator_cpp/cmake)
[4.398s] -- Using all available rosidl_typesupport_c: rosidl_typesupport_fastrtps_c;rosidl_typesupport_introspection_c
[4.399s] -- Using all available rosidl_typesupport_cpp: rosidl_typesupport_fastrtps_cpp;rosidl_typesupport_introspection_cpp
[4.399s] -- Found rmw_implementation_cmake: 6.1.2 (/opt/ros/humble/share/rmw_implementation_cmake/cmake)
[4.399s] -- Found rmw_fastrtps_cpp: 6.2.10 (/opt/ros/humble/share/rmw_fastrtps_cpp/cmake)
[5.276s] -- Found OpenSSL: /usr/lib/x86_64-linux-gnu/libcrypto.so (found version "3.0.2")  
[5.317s] -- Found FastRTPS: /opt/ros/humble/include  
[5.396s] -- Using RMW implementation 'rmw_fastrtps_cpp' as default
[5.407s] -- Looking for pthread.h
[5.545s] -- Looking for pthread.h - found
[5.545s] -- Performing Test CMAKE_HAVE_LIBC_PTHREAD
[5.688s] -- Performing Test CMAKE_HAVE_LIBC_PTHREAD - Success
[5.721s] -- Found Threads: TRUE  
[5.869s] -- Found eigen3_cmake_module: 0.1.1 (/opt/ros/humble/share/eigen3_cmake_module/cmake)
[5.874s] -- Found Eigen3: TRUE (found version "3.4.0") 
[5.875s] -- Ensuring Eigen3 include directory is part of orocos-kdl CMake target
[5.983s] -- Found OpenCV: /usr (found version "4.5.4") found components: core imgproc 
[5.997s] -- Found ament_lint_auto: 0.12.15 (/opt/ros/humble/share/ament_lint_auto/cmake)
[6.021s] [0mIn this package, headers install destination is set to `include` by ament_auto_package. It is recommended to install `include/image_rotate` instead and will be the default behavior of ament_auto_package from ROS 2 Kilted Kaiju. On distributions before Kilted, ament_auto_package behaves the same way when you use USE_SCOPED_HEADER_INSTALL_DIR option.[0m
[6.029s] -- Added test 'copyright' to check source files copyright and LICENSE
[6.036s] -- Added test 'cppcheck' to perform static code analysis on C / C++ code
[6.037s] -- Configured cppcheck include dirs: /home/bryan/Workspace/ros2_ws/image_pipeline/image_rotate/include
[6.037s] -- Configured cppcheck exclude dirs and/or files: 
[6.039s] -- Added test 'cpplint' to check C / C++ code against the Google style
[6.039s] -- Configured cpplint exclude dirs and/or files: 
[6.040s] -- Added test 'flake8' to check Python code syntax and style conventions
[6.041s] -- Added test 'lint_cmake' to check CMake code style
[6.042s] -- Added test 'pep257' to check Python code against some of the docstring style conventions in PEP 257
[6.044s] -- Added test 'uncrustify' to check C / C++ code style
[6.044s] -- Configured uncrustify additional arguments: 
[6.045s] -- Added test 'xmllint' to check XML markup files
[6.051s] -- Configuring done
[6.094s] -- Generating done
[6.116s] -- Build files have been written to: /home/bryan/Workspace/ros2_ws/build/image_rotate
[6.121s] Invoked command in '/home/bryan/Workspace/ros2_ws/build/image_rotate' returned '0': AMENT_PREFIX_PATH=/home/bryan/Workspace/ros2_ws/install/cv_bridge:${AMENT_PREFIX_PATH} CMAKE_PREFIX_PATH=/home/bryan/Workspace/ros2_ws/install/cv_bridge:/opt/ros/humble LD_LIBRARY_PATH=/home/bryan/Workspace/ros2_ws/install/cv_bridge/lib:${LD_LIBRARY_PATH} PYTHONPATH=/home/bryan/Workspace/ros2_ws/install/cv_bridge/local/lib/python3.10/dist-packages:${PYTHONPATH} /usr/bin/cmake /home/bryan/Workspace/ros2_ws/image_pipeline/image_rotate -DAMENT_CMAKE_SYMLINK_INSTALL=1 -DCMAKE_INSTALL_PREFIX=/home/bryan/Workspace/ros2_ws/install/image_rotate
[6.138s] Invoking command in '/home/bryan/Workspace/ros2_ws/build/image_rotate': AMENT_PREFIX_PATH=/home/bryan/Workspace/ros2_ws/install/cv_bridge:${AMENT_PREFIX_PATH} CMAKE_PREFIX_PATH=/home/bryan/Workspace/ros2_ws/install/cv_bridge:/opt/ros/humble LD_LIBRARY_PATH=/home/bryan/Workspace/ros2_ws/install/cv_bridge/lib:${LD_LIBRARY_PATH} PYTHONPATH=/home/bryan/Workspace/ros2_ws/install/cv_bridge/local/lib/python3.10/dist-packages:${PYTHONPATH} /usr/bin/cmake --build /home/bryan/Workspace/ros2_ws/build/image_rotate -- -j3 -l3
[6.257s] [ 25%] [32mBuilding CXX object CMakeFiles/image_rotate.dir/src/image_rotate_node.cpp.o[0m
[15.545s] [ 50%] [32m[1mLinking CXX shared library libimage_rotate.so[0m
[16.255s] [ 50%] Built target image_rotate
[16.307s] [ 75%] [32mBuilding CXX object CMakeFiles/image_rotate_bin.dir/src/image_rotate.cpp.o[0m
[21.431s] [100%] [32m[1mLinking CXX executable image_rotate[0m
[22.113s] [100%] Built target image_rotate_bin
[22.168s] Invoked command in '/home/bryan/Workspace/ros2_ws/build/image_rotate' returned '0': AMENT_PREFIX_PATH=/home/bryan/Workspace/ros2_ws/install/cv_bridge:${AMENT_PREFIX_PATH} CMAKE_PREFIX_PATH=/home/bryan/Workspace/ros2_ws/install/cv_bridge:/opt/ros/humble LD_LIBRARY_PATH=/home/bryan/Workspace/ros2_ws/install/cv_bridge/lib:${LD_LIBRARY_PATH} PYTHONPATH=/home/bryan/Workspace/ros2_ws/install/cv_bridge/local/lib/python3.10/dist-packages:${PYTHONPATH} /usr/bin/cmake --build /home/bryan/Workspace/ros2_ws/build/image_rotate -- -j3 -l3
[22.168s] Invoking command in '/home/bryan/Workspace/ros2_ws/build/image_rotate': AMENT_PREFIX_PATH=/home/bryan/Workspace/ros2_ws/install/cv_bridge:${AMENT_PREFIX_PATH} CMAKE_PREFIX_PATH=/home/bryan/Workspace/ros2_ws/install/cv_bridge:/opt/ros/humble LD_LIBRARY_PATH=/home/bryan/Workspace/ros2_ws/install/cv_bridge/lib:${LD_LIBRARY_PATH} PYTHONPATH=/home/bryan/Workspace/ros2_ws/install/cv_bridge/local/lib/python3.10/dist-packages:${PYTHONPATH} /usr/bin/cmake --install /home/bryan/Workspace/ros2_ws/build/image_rotate
[22.174s] -- Install configuration: ""
[22.174s] -- Execute custom install script
[22.176s] -- Symlinking: /home/bryan/Workspace/ros2_ws/install/image_rotate/include/image_rotate/image_rotate_node.hpp
[22.793s] -- Symlinking: /home/bryan/Workspace/ros2_ws/install/image_rotate/include/image_rotate/visibility.h
[22.814s] -- Symlinking: /home/bryan/Workspace/ros2_ws/install/image_rotate/share/image_rotate/environment/library_path.sh
[22.831s] -- Symlinking: /home/bryan/Workspace/ros2_ws/install/image_rotate/share/image_rotate/environment/library_path.dsv
[22.845s] -- Symlinking: /home/bryan/Workspace/ros2_ws/install/image_rotate/lib/libimage_rotate.so
[22.868s] -- Symlinking: /home/bryan/Workspace/ros2_ws/install/image_rotate/lib/image_rotate/image_rotate
[22.870s] -- Symlinking: /home/bryan/Workspace/ros2_ws/install/image_rotate/share/image_rotate/launch/image_rotate.launch.py
[22.895s] -- Symlinking: /home/bryan/Workspace/ros2_ws/install/image_rotate/share/ament_index/resource_index/package_run_dependencies/image_rotate
[22.912s] -- Symlinking: /home/bryan/Workspace/ros2_ws/install/image_rotate/share/ament_index/resource_index/parent_prefix_path/image_rotate
[22.951s] -- Symlinking: /home/bryan/Workspace/ros2_ws/install/image_rotate/share/image_rotate/environment/ament_prefix_path.sh
[22.974s] -- Symlinking: /home/bryan/Workspace/ros2_ws/install/image_rotate/share/image_rotate/environment/ament_prefix_path.dsv
[23.001s] -- Symlinking: /home/bryan/Workspace/ros2_ws/install/image_rotate/share/image_rotate/environment/path.sh
[23.017s] -- Symlinking: /home/bryan/Workspace/ros2_ws/install/image_rotate/share/image_rotate/environment/path.dsv
[23.076s] -- Symlinking: /home/bryan/Workspace/ros2_ws/install/image_rotate/share/image_rotate/local_setup.bash
[23.109s] -- Symlinking: /home/bryan/Workspace/ros2_ws/install/image_rotate/share/image_rotate/local_setup.sh
[23.122s] -- Symlinking: /home/bryan/Workspace/ros2_ws/install/image_rotate/share/image_rotate/local_setup.zsh
[23.136s] -- Symlinking: /home/bryan/Workspace/ros2_ws/install/image_rotate/share/image_rotate/local_setup.dsv
[23.166s] -- Symlinking: /home/bryan/Workspace/ros2_ws/install/image_rotate/share/image_rotate/package.dsv
[23.185s] -- Symlinking: /home/bryan/Workspace/ros2_ws/install/image_rotate/share/ament_index/resource_index/packages/image_rotate
[23.300s] -- Symlinking: /home/bryan/Workspace/ros2_ws/install/image_rotate/share/ament_index/resource_index/rclcpp_components/image_rotate
[23.332s] -- Symlinking: /home/bryan/Workspace/ros2_ws/install/image_rotate/share/image_rotate/cmake/ament_cmake_export_dependencies-extras.cmake
[23.332s] -- Symlinking: /home/bryan/Workspace/ros2_ws/install/image_rotate/share/image_rotate/cmake/ament_cmake_export_include_directories-extras.cmake
[23.332s] -- Symlinking: /home/bryan/Workspace/ros2_ws/install/image_rotate/share/image_rotate/cmake/ament_cmake_export_libraries-extras.cmake
[23.332s] -- Symlinking: /home/bryan/Workspace/ros2_ws/install/image_rotate/share/image_rotate/cmake/image_rotateConfig.cmake
[23.332s] -- Symlinking: /home/bryan/Workspace/ros2_ws/install/image_rotate/share/image_rotate/cmake/image_rotateConfig-version.cmake
[23.332s] -- Symlinking: /home/bryan/Workspace/ros2_ws/install/image_rotate/share/image_rotate/package.xml
[23.332s] Invoked command in '/home/bryan/Workspace/ros2_ws/build/image_rotate' returned '0': AMENT_PREFIX_PATH=/home/bryan/Workspace/ros2_ws/install/cv_bridge:${AMENT_PREFIX_PATH} CMAKE_PREFIX_PATH=/home/bryan/Workspace/ros2_ws/install/cv_bridge:/opt/ros/humble LD_LIBRARY_PATH=/home/bryan/Workspace/ros2_ws/install/cv_bridge/lib:${LD_LIBRARY_PATH} PYTHONPATH=/home/bryan/Workspace/ros2_ws/install/cv_bridge/local/lib/python3.10/dist-packages:${PYTHONPATH} /usr/bin/cmake --install /home/bryan/Workspace/ros2_ws/build/image_rotate
