[0.290s] Invoking command in '/home/bryan/Workspace/ros2_ws/build/image_rotate': CMAKE_PREFIX_PATH=/opt/ros/humble /usr/bin/cmake /home/bryan/Workspace/ros2_ws/image_pipeline/image_rotate -DCMAKE_INSTALL_PREFIX=/home/bryan/Workspace/ros2_ws/install/image_rotate
[0.647s] -- The C compiler identification is GNU 11.4.0
[0.801s] -- The CXX compiler identification is GNU 11.4.0
[0.825s] -- Detecting C compiler ABI info
[1.103s] -- Detecting C compiler ABI info - done
[1.135s] -- Check for working C compiler: /usr/bin/cc - skipped
[1.136s] -- Detecting C compile features
[1.136s] -- Detecting C compile features - done
[1.136s] -- Detecting CXX compiler ABI info
[1.476s] -- Detecting CXX compiler ABI info - done
[1.526s] -- Check for working CXX compiler: /usr/bin/c++ - skipped
[1.528s] -- Detecting CXX compile features
[1.532s] -- Detecting CXX compile features - done
[1.535s] -- Found ament_cmake_auto: 1.3.14 (/opt/ros/humble/share/ament_cmake_auto/cmake)
[2.700s] -- Found Python3: /usr/bin/python3 (found version "3.10.12") found components: Interpreter 
[3.151s] -- Found rosidl_generator_c: 3.1.8 (/opt/ros/humble/share/rosidl_generator_c/cmake)
[3.179s] -- Found rosidl_adapter: 3.1.8 (/opt/ros/humble/share/rosidl_adapter/cmake)
[3.186s] -- Found rosidl_generator_cpp: 3.1.8 (/opt/ros/humble/share/rosidl_generator_cpp/cmake)
[3.212s] -- Using all available rosidl_typesupport_c: rosidl_typesupport_fastrtps_c;rosidl_typesupport_introspection_c
[3.269s] -- Using all available rosidl_typesupport_cpp: rosidl_typesupport_fastrtps_cpp;rosidl_typesupport_introspection_cpp
[3.427s] -- Found rmw_implementation_cmake: 6.1.2 (/opt/ros/humble/share/rmw_implementation_cmake/cmake)
[3.435s] -- Found rmw_fastrtps_cpp: 6.2.10 (/opt/ros/humble/share/rmw_fastrtps_cpp/cmake)
[3.716s] -- Found OpenSSL: /usr/lib/x86_64-linux-gnu/libcrypto.so (found version "3.0.2")  
[3.761s] -- Found FastRTPS: /opt/ros/humble/include  
[3.823s] -- Using RMW implementation 'rmw_fastrtps_cpp' as default
[3.842s] -- Looking for pthread.h
[4.736s] -- Looking for pthread.h - found
[4.738s] -- Performing Test CMAKE_HAVE_LIBC_PTHREAD
[4.865s] -- Performing Test CMAKE_HAVE_LIBC_PTHREAD - Success
[4.868s] -- Found Threads: TRUE  
[5.090s] -- Found eigen3_cmake_module: 0.1.1 (/opt/ros/humble/share/eigen3_cmake_module/cmake)
[5.096s] -- Found Eigen3: TRUE (found version "3.4.0") 
[5.096s] -- Ensuring Eigen3 include directory is part of orocos-kdl CMake target
[5.197s] -- Found OpenCV: /usr (found version "4.5.4") found components: core imgproc 
[5.207s] -- Found ament_lint_auto: 0.12.15 (/opt/ros/humble/share/ament_lint_auto/cmake)
[5.227s] [0mIn this package, headers install destination is set to `include` by ament_auto_package. It is recommended to install `include/image_rotate` instead and will be the default behavior of ament_auto_package from ROS 2 Kilted Kaiju. On distributions before Kilted, ament_auto_package behaves the same way when you use USE_SCOPED_HEADER_INSTALL_DIR option.[0m
[5.233s] -- Added test 'copyright' to check source files copyright and LICENSE
[5.240s] -- Added test 'cppcheck' to perform static code analysis on C / C++ code
[5.241s] -- Configured cppcheck include dirs: /home/bryan/Workspace/ros2_ws/image_pipeline/image_rotate/include
[5.241s] -- Configured cppcheck exclude dirs and/or files: 
[5.273s] -- Added test 'cpplint' to check C / C++ code against the Google style
[5.273s] -- Configured cpplint exclude dirs and/or files: 
[5.273s] -- Added test 'flake8' to check Python code syntax and style conventions
[5.273s] -- Added test 'lint_cmake' to check CMake code style
[5.273s] -- Added test 'pep257' to check Python code against some of the docstring style conventions in PEP 257
[5.273s] -- Added test 'uncrustify' to check C / C++ code style
[5.273s] -- Configured uncrustify additional arguments: 
[5.273s] -- Added test 'xmllint' to check XML markup files
[5.273s] -- Configuring done
[5.298s] -- Generating done
[5.330s] -- Build files have been written to: /home/bryan/Workspace/ros2_ws/build/image_rotate
[5.331s] Invoked command in '/home/bryan/Workspace/ros2_ws/build/image_rotate' returned '0': CMAKE_PREFIX_PATH=/opt/ros/humble /usr/bin/cmake /home/bryan/Workspace/ros2_ws/image_pipeline/image_rotate -DCMAKE_INSTALL_PREFIX=/home/bryan/Workspace/ros2_ws/install/image_rotate
[5.333s] Invoking command in '/home/bryan/Workspace/ros2_ws/build/image_rotate': CMAKE_PREFIX_PATH=/opt/ros/humble /usr/bin/cmake --build /home/bryan/Workspace/ros2_ws/build/image_rotate -- -j3 -l3
[5.834s] [ 25%] [32mBuilding CXX object CMakeFiles/image_rotate.dir/src/image_rotate_node.cpp.o[0m
[18.664s] [ 50%] [32m[1mLinking CXX shared library libimage_rotate.so[0m
[20.416s] [ 50%] Built target image_rotate
[20.471s] [ 75%] [32mBuilding CXX object CMakeFiles/image_rotate_bin.dir/src/image_rotate.cpp.o[0m
[26.306s] [100%] [32m[1mLinking CXX executable image_rotate[0m
[27.087s] [100%] Built target image_rotate_bin
[27.275s] Invoked command in '/home/bryan/Workspace/ros2_ws/build/image_rotate' returned '0': CMAKE_PREFIX_PATH=/opt/ros/humble /usr/bin/cmake --build /home/bryan/Workspace/ros2_ws/build/image_rotate -- -j3 -l3
[27.317s] Invoking command in '/home/bryan/Workspace/ros2_ws/build/image_rotate': CMAKE_PREFIX_PATH=/opt/ros/humble /usr/bin/cmake --install /home/bryan/Workspace/ros2_ws/build/image_rotate
[27.359s] -- Install configuration: ""
[27.359s] -- Installing: /home/bryan/Workspace/ros2_ws/install/image_rotate/include
[27.359s] -- Installing: /home/bryan/Workspace/ros2_ws/install/image_rotate/include/image_rotate
[27.362s] -- Installing: /home/bryan/Workspace/ros2_ws/install/image_rotate/include/image_rotate/image_rotate_node.hpp
[27.390s] -- Installing: /home/bryan/Workspace/ros2_ws/install/image_rotate/include/image_rotate/visibility.h
[27.391s] -- Installing: /home/bryan/Workspace/ros2_ws/install/image_rotate/share/image_rotate/environment/library_path.sh
[27.391s] -- Installing: /home/bryan/Workspace/ros2_ws/install/image_rotate/share/image_rotate/environment/library_path.dsv
[27.391s] -- Installing: /home/bryan/Workspace/ros2_ws/install/image_rotate/lib/libimage_rotate.so
[27.392s] -- Set runtime path of "/home/bryan/Workspace/ros2_ws/install/image_rotate/lib/libimage_rotate.so" to ""
[27.393s] -- Installing: /home/bryan/Workspace/ros2_ws/install/image_rotate/lib/image_rotate/image_rotate
[27.394s] -- Set runtime path of "/home/bryan/Workspace/ros2_ws/install/image_rotate/lib/image_rotate/image_rotate" to ""
[27.394s] -- Installing: /home/bryan/Workspace/ros2_ws/install/image_rotate/share/image_rotate/launch
[27.394s] -- Installing: /home/bryan/Workspace/ros2_ws/install/image_rotate/share/image_rotate/launch/image_rotate.launch.py
[27.395s] -- Installing: /home/bryan/Workspace/ros2_ws/install/image_rotate/share/ament_index/resource_index/package_run_dependencies/image_rotate
[27.396s] -- Installing: /home/bryan/Workspace/ros2_ws/install/image_rotate/share/ament_index/resource_index/parent_prefix_path/image_rotate
[27.397s] -- Installing: /home/bryan/Workspace/ros2_ws/install/image_rotate/share/image_rotate/environment/ament_prefix_path.sh
[27.397s] -- Installing: /home/bryan/Workspace/ros2_ws/install/image_rotate/share/image_rotate/environment/ament_prefix_path.dsv
[27.398s] -- Installing: /home/bryan/Workspace/ros2_ws/install/image_rotate/share/image_rotate/environment/path.sh
[27.399s] -- Installing: /home/bryan/Workspace/ros2_ws/install/image_rotate/share/image_rotate/environment/path.dsv
[27.400s] -- Installing: /home/bryan/Workspace/ros2_ws/install/image_rotate/share/image_rotate/local_setup.bash
[27.401s] -- Installing: /home/bryan/Workspace/ros2_ws/install/image_rotate/share/image_rotate/local_setup.sh
[27.401s] -- Installing: /home/bryan/Workspace/ros2_ws/install/image_rotate/share/image_rotate/local_setup.zsh
[27.401s] -- Installing: /home/bryan/Workspace/ros2_ws/install/image_rotate/share/image_rotate/local_setup.dsv
[27.402s] -- Installing: /home/bryan/Workspace/ros2_ws/install/image_rotate/share/image_rotate/package.dsv
[27.402s] -- Installing: /home/bryan/Workspace/ros2_ws/install/image_rotate/share/ament_index/resource_index/packages/image_rotate
[27.402s] -- Installing: /home/bryan/Workspace/ros2_ws/install/image_rotate/share/ament_index/resource_index/rclcpp_components/image_rotate
[27.403s] -- Installing: /home/bryan/Workspace/ros2_ws/install/image_rotate/share/image_rotate/cmake/ament_cmake_export_dependencies-extras.cmake
[27.403s] -- Installing: /home/bryan/Workspace/ros2_ws/install/image_rotate/share/image_rotate/cmake/ament_cmake_export_include_directories-extras.cmake
[27.403s] -- Installing: /home/bryan/Workspace/ros2_ws/install/image_rotate/share/image_rotate/cmake/ament_cmake_export_libraries-extras.cmake
[27.404s] -- Installing: /home/bryan/Workspace/ros2_ws/install/image_rotate/share/image_rotate/cmake/image_rotateConfig.cmake
[27.404s] -- Installing: /home/bryan/Workspace/ros2_ws/install/image_rotate/share/image_rotate/cmake/image_rotateConfig-version.cmake
[27.404s] -- Installing: /home/bryan/Workspace/ros2_ws/install/image_rotate/share/image_rotate/package.xml
[27.421s] Invoked command in '/home/bryan/Workspace/ros2_ws/build/image_rotate' returned '0': CMAKE_PREFIX_PATH=/opt/ros/humble /usr/bin/cmake --install /home/bryan/Workspace/ros2_ws/build/image_rotate
