[0.921s] Invoking command in '/home/hannah/Workspace/ros2_ws/build/ros2_sumo': PYTHONPATH=/home/hannah/Workspace/ros2_ws/build/ros2_sumo/prefix_override:/usr/lib/python3/dist-packages/colcon_core/task/python/colcon_distutils_commands:/home/hannah/Workspace/ros2_ws/install/ros2_sumo/lib/python3.10/site-packages: /usr/bin/python3 -W ignore:setup.py install is deprecated -W ignore:easy_install command is deprecated setup.py develop --editable --build-directory /home/hannah/Workspace/ros2_ws/build/ros2_sumo/build --no-deps symlink_data
[1.153s] running develop
[1.251s] running egg_info
[1.251s] writing ros2_sumo.egg-info/PKG-INFO
[1.251s] writing dependency_links to ros2_sumo.egg-info/dependency_links.txt
[1.251s] writing entry points to ros2_sumo.egg-info/entry_points.txt
[1.252s] writing requirements to ros2_sumo.egg-info/requires.txt
[1.252s] writing top-level names to ros2_sumo.egg-info/top_level.txt
[1.253s] reading manifest file 'ros2_sumo.egg-info/SOURCES.txt'
[1.255s] writing manifest file 'ros2_sumo.egg-info/SOURCES.txt'
[1.256s] running build_ext
[1.257s] Creating /home/hannah/Workspace/ros2_ws/install/ros2_sumo/lib/python3.10/site-packages/ros2-sumo.egg-link (link to .)
[1.258s] Installing arduino_read_write script to /home/hannah/Workspace/ros2_ws/install/ros2_sumo/lib/ros2_sumo
[1.258s] Installing multi_sim_publisher script to /home/hannah/Workspace/ros2_ws/install/ros2_sumo/lib/ros2_sumo
[1.258s] Installing traffic_lights_publisher script to /home/hannah/Workspace/ros2_ws/install/ros2_sumo/lib/ros2_sumo
[1.258s] Installing vehicle_publisher script to /home/hannah/Workspace/ros2_ws/install/ros2_sumo/lib/ros2_sumo
[1.259s] 
[1.259s] Installed /home/hannah/Workspace/ros2_ws/build/ros2_sumo
[1.259s] running symlink_data
[1.299s] Invoked command in '/home/hannah/Workspace/ros2_ws/build/ros2_sumo' returned '0': PYTHONPATH=/home/hannah/Workspace/ros2_ws/build/ros2_sumo/prefix_override:/usr/lib/python3/dist-packages/colcon_core/task/python/colcon_distutils_commands:/home/hannah/Workspace/ros2_ws/install/ros2_sumo/lib/python3.10/site-packages: /usr/bin/python3 -W ignore:setup.py install is deprecated -W ignore:easy_install command is deprecated setup.py develop --editable --build-directory /home/hannah/Workspace/ros2_ws/build/ros2_sumo/build --no-deps symlink_data
