[0.259s] DEBUG:colcon:Command line arguments: ['/usr/bin/colcon', 'build', '--symlink-install']
[0.259s] DEBUG:colcon:Parsed command line arguments: Namespace(log_base=None, log_level=None, verb_name='build', build_base='build', install_base='install', merge_install=False, symlink_install=True, test_result_base=None, continue_on_error=False, executor='parallel', parallel_workers=3, event_handlers=None, ignore_user_meta=False, metas=['./colcon.meta'], base_paths=['.'], packages_ignore=None, packages_ignore_regex=None, paths=None, packages_up_to=None, packages_up_to_regex=None, packages_above=None, packages_above_and_dependencies=None, packages_above_depth=None, packages_select_by_dep=None, packages_skip_by_dep=None, packages_skip_up_to=None, packages_select_build_failed=False, packages_skip_build_finished=False, packages_select_test_failures=False, packages_skip_test_passed=False, packages_select=None, packages_skip=None, packages_select_regex=None, packages_skip_regex=None, packages_start=None, packages_end=None, allow_overriding=[], cmake_args=None, cmake_target=None, cmake_target_skip_unavailable=False, cmake_clean_cache=False, cmake_clean_first=False, cmake_force_configure=False, ament_cmake_args=None, catkin_cmake_args=None, catkin_skip_building_tests=False, mixin_files=None, mixin=None, verb_parser=<colcon_mixin.mixin.mixin_argument.MixinArgumentDecorator object at 0x7ace81424550>, verb_extension=<colcon_core.verb.build.BuildVerb object at 0x7ace815eff70>, main=<bound method BuildVerb.main of <colcon_core.verb.build.BuildVerb object at 0x7ace815eff70>>, mixin_verb=('build',))
[0.508s] Level 1:colcon.colcon_core.package_discovery:discover_packages(colcon_meta) check parameters
[0.508s] Level 1:colcon.colcon_core.package_discovery:discover_packages(recursive) check parameters
[0.508s] Level 1:colcon.colcon_core.package_discovery:discover_packages(ignore) check parameters
[0.508s] Level 1:colcon.colcon_core.package_discovery:discover_packages(path) check parameters
[0.508s] Level 1:colcon.colcon_core.package_discovery:discover_packages(colcon_meta) discover
[0.508s] Level 1:colcon.colcon_core.package_discovery:discover_packages(recursive) discover
[0.508s] INFO:colcon.colcon_core.package_discovery:Crawling recursively for packages in '/home/hannah/Workspace/ros2_ws'
[0.508s] Level 1:colcon.colcon_core.package_identification:_identify(.) by extensions ['ignore', 'ignore_ament_install']
[0.508s] Level 1:colcon.colcon_core.package_identification:_identify(.) by extension 'ignore'
[0.509s] Level 1:colcon.colcon_core.package_identification:_identify(.) by extension 'ignore_ament_install'
[0.509s] Level 1:colcon.colcon_core.package_identification:_identify(.) by extensions ['colcon_pkg']
[0.509s] Level 1:colcon.colcon_core.package_identification:_identify(.) by extension 'colcon_pkg'
[0.509s] Level 1:colcon.colcon_core.package_identification:_identify(.) by extensions ['colcon_meta']
[0.509s] Level 1:colcon.colcon_core.package_identification:_identify(.) by extension 'colcon_meta'
[0.509s] Level 1:colcon.colcon_core.package_identification:_identify(.) by extensions ['ros']
[0.509s] Level 1:colcon.colcon_core.package_identification:_identify(.) by extension 'ros'
[0.522s] Level 1:colcon.colcon_core.package_identification:_identify(.) by extensions ['cmake', 'python']
[0.523s] Level 1:colcon.colcon_core.package_identification:_identify(.) by extension 'cmake'
[0.523s] Level 1:colcon.colcon_core.package_identification:_identify(.) by extension 'python'
[0.523s] Level 1:colcon.colcon_core.package_identification:_identify(.) by extensions ['python_setup_py']
[0.523s] Level 1:colcon.colcon_core.package_identification:_identify(.) by extension 'python_setup_py'
[0.523s] Level 1:colcon.colcon_core.package_identification:_identify(1st_pkg) by extensions ['ignore', 'ignore_ament_install']
[0.523s] Level 1:colcon.colcon_core.package_identification:_identify(1st_pkg) by extension 'ignore'
[0.523s] Level 1:colcon.colcon_core.package_identification:_identify(1st_pkg) by extension 'ignore_ament_install'
[0.523s] Level 1:colcon.colcon_core.package_identification:_identify(1st_pkg) by extensions ['colcon_pkg']
[0.523s] Level 1:colcon.colcon_core.package_identification:_identify(1st_pkg) by extension 'colcon_pkg'
[0.523s] Level 1:colcon.colcon_core.package_identification:_identify(1st_pkg) by extensions ['colcon_meta']
[0.523s] Level 1:colcon.colcon_core.package_identification:_identify(1st_pkg) by extension 'colcon_meta'
[0.523s] Level 1:colcon.colcon_core.package_identification:_identify(1st_pkg) by extensions ['ros']
[0.523s] Level 1:colcon.colcon_core.package_identification:_identify(1st_pkg) by extension 'ros'
[0.528s] DEBUG:colcon.colcon_core.package_identification:Package '1st_pkg' with type 'ros.ament_python' and name '1st_pkg'
[0.528s] Level 1:colcon.colcon_core.package_identification:_identify(build) by extensions ['ignore', 'ignore_ament_install']
[0.528s] Level 1:colcon.colcon_core.package_identification:_identify(build) by extension 'ignore'
[0.528s] Level 1:colcon.colcon_core.package_identification:_identify(build) ignored
[0.528s] Level 1:colcon.colcon_core.package_identification:_identify(install) by extensions ['ignore', 'ignore_ament_install']
[0.528s] Level 1:colcon.colcon_core.package_identification:_identify(install) by extension 'ignore'
[0.528s] Level 1:colcon.colcon_core.package_identification:_identify(install) ignored
[0.529s] Level 1:colcon.colcon_core.package_identification:_identify(log) by extensions ['ignore', 'ignore_ament_install']
[0.529s] Level 1:colcon.colcon_core.package_identification:_identify(log) by extension 'ignore'
[0.529s] Level 1:colcon.colcon_core.package_identification:_identify(log) ignored
[0.529s] Level 1:colcon.colcon_core.package_identification:_identify(src) by extensions ['ignore', 'ignore_ament_install']
[0.529s] Level 1:colcon.colcon_core.package_identification:_identify(src) by extension 'ignore'
[0.529s] Level 1:colcon.colcon_core.package_identification:_identify(src) by extension 'ignore_ament_install'
[0.529s] Level 1:colcon.colcon_core.package_identification:_identify(src) by extensions ['colcon_pkg']
[0.529s] Level 1:colcon.colcon_core.package_identification:_identify(src) by extension 'colcon_pkg'
[0.529s] Level 1:colcon.colcon_core.package_identification:_identify(src) by extensions ['colcon_meta']
[0.529s] Level 1:colcon.colcon_core.package_identification:_identify(src) by extension 'colcon_meta'
[0.529s] Level 1:colcon.colcon_core.package_identification:_identify(src) by extensions ['ros']
[0.529s] Level 1:colcon.colcon_core.package_identification:_identify(src) by extension 'ros'
[0.529s] Level 1:colcon.colcon_core.package_identification:_identify(src) by extensions ['cmake', 'python']
[0.529s] Level 1:colcon.colcon_core.package_identification:_identify(src) by extension 'cmake'
[0.529s] Level 1:colcon.colcon_core.package_identification:_identify(src) by extension 'python'
[0.529s] Level 1:colcon.colcon_core.package_identification:_identify(src) by extensions ['python_setup_py']
[0.530s] Level 1:colcon.colcon_core.package_identification:_identify(src) by extension 'python_setup_py'
[0.530s] Level 1:colcon.colcon_core.package_identification:_identify(src/ros2_sumo) by extensions ['ignore', 'ignore_ament_install']
[0.530s] Level 1:colcon.colcon_core.package_identification:_identify(src/ros2_sumo) by extension 'ignore'
[0.530s] Level 1:colcon.colcon_core.package_identification:_identify(src/ros2_sumo) by extension 'ignore_ament_install'
[0.530s] Level 1:colcon.colcon_core.package_identification:_identify(src/ros2_sumo) by extensions ['colcon_pkg']
[0.530s] Level 1:colcon.colcon_core.package_identification:_identify(src/ros2_sumo) by extension 'colcon_pkg'
[0.530s] Level 1:colcon.colcon_core.package_identification:_identify(src/ros2_sumo) by extensions ['colcon_meta']
[0.530s] Level 1:colcon.colcon_core.package_identification:_identify(src/ros2_sumo) by extension 'colcon_meta'
[0.530s] Level 1:colcon.colcon_core.package_identification:_identify(src/ros2_sumo) by extensions ['ros']
[0.530s] Level 1:colcon.colcon_core.package_identification:_identify(src/ros2_sumo) by extension 'ros'
[0.530s] Level 1:colcon.colcon_core.package_identification:_identify(src/ros2_sumo) by extensions ['cmake', 'python']
[0.530s] Level 1:colcon.colcon_core.package_identification:_identify(src/ros2_sumo) by extension 'cmake'
[0.530s] Level 1:colcon.colcon_core.package_identification:_identify(src/ros2_sumo) by extension 'python'
[0.530s] Level 1:colcon.colcon_core.package_identification:_identify(src/ros2_sumo) by extensions ['python_setup_py']
[0.530s] Level 1:colcon.colcon_core.package_identification:_identify(src/ros2_sumo) by extension 'python_setup_py'
[0.531s] Level 1:colcon.colcon_core.package_identification:_identify(src/ros2_sumo-v010) by extensions ['ignore', 'ignore_ament_install']
[0.531s] Level 1:colcon.colcon_core.package_identification:_identify(src/ros2_sumo-v010) by extension 'ignore'
[0.531s] Level 1:colcon.colcon_core.package_identification:_identify(src/ros2_sumo-v010) by extension 'ignore_ament_install'
[0.531s] Level 1:colcon.colcon_core.package_identification:_identify(src/ros2_sumo-v010) by extensions ['colcon_pkg']
[0.531s] Level 1:colcon.colcon_core.package_identification:_identify(src/ros2_sumo-v010) by extension 'colcon_pkg'
[0.531s] Level 1:colcon.colcon_core.package_identification:_identify(src/ros2_sumo-v010) by extensions ['colcon_meta']
[0.531s] Level 1:colcon.colcon_core.package_identification:_identify(src/ros2_sumo-v010) by extension 'colcon_meta'
[0.531s] Level 1:colcon.colcon_core.package_identification:_identify(src/ros2_sumo-v010) by extensions ['ros']
[0.531s] Level 1:colcon.colcon_core.package_identification:_identify(src/ros2_sumo-v010) by extension 'ros'
[0.531s] Level 1:colcon.colcon_core.package_identification:_identify(src/ros2_sumo-v010) by extensions ['cmake', 'python']
[0.531s] Level 1:colcon.colcon_core.package_identification:_identify(src/ros2_sumo-v010) by extension 'cmake'
[0.531s] Level 1:colcon.colcon_core.package_identification:_identify(src/ros2_sumo-v010) by extension 'python'
[0.531s] Level 1:colcon.colcon_core.package_identification:_identify(src/ros2_sumo-v010) by extensions ['python_setup_py']
[0.531s] Level 1:colcon.colcon_core.package_identification:_identify(src/ros2_sumo-v010) by extension 'python_setup_py'
[0.531s] Level 1:colcon.colcon_core.package_identification:_identify(src/ros2_sumo-v010/ros2_sumo-main) by extensions ['ignore', 'ignore_ament_install']
[0.531s] Level 1:colcon.colcon_core.package_identification:_identify(src/ros2_sumo-v010/ros2_sumo-main) by extension 'ignore'
[0.531s] Level 1:colcon.colcon_core.package_identification:_identify(src/ros2_sumo-v010/ros2_sumo-main) by extension 'ignore_ament_install'
[0.532s] Level 1:colcon.colcon_core.package_identification:_identify(src/ros2_sumo-v010/ros2_sumo-main) by extensions ['colcon_pkg']
[0.532s] Level 1:colcon.colcon_core.package_identification:_identify(src/ros2_sumo-v010/ros2_sumo-main) by extension 'colcon_pkg'
[0.532s] Level 1:colcon.colcon_core.package_identification:_identify(src/ros2_sumo-v010/ros2_sumo-main) by extensions ['colcon_meta']
[0.532s] Level 1:colcon.colcon_core.package_identification:_identify(src/ros2_sumo-v010/ros2_sumo-main) by extension 'colcon_meta'
[0.532s] Level 1:colcon.colcon_core.package_identification:_identify(src/ros2_sumo-v010/ros2_sumo-main) by extensions ['ros']
[0.532s] Level 1:colcon.colcon_core.package_identification:_identify(src/ros2_sumo-v010/ros2_sumo-main) by extension 'ros'
[0.532s] DEBUG:colcon.colcon_core.package_identification:Package 'src/ros2_sumo-v010/ros2_sumo-main' with type 'ros.ament_python' and name 'ros2_sumo'
[0.532s] Level 1:colcon.colcon_core.package_discovery:discover_packages(recursive) using defaults
[0.532s] Level 1:colcon.colcon_core.package_discovery:discover_packages(ignore) discover
[0.532s] Level 1:colcon.colcon_core.package_discovery:discover_packages(ignore) using defaults
[0.533s] Level 1:colcon.colcon_core.package_discovery:discover_packages(path) discover
[0.533s] Level 1:colcon.colcon_core.package_discovery:discover_packages(path) using defaults
[0.580s] Level 1:colcon.colcon_core.package_discovery:discover_packages(prefix_path) check parameters
[0.580s] Level 1:colcon.colcon_core.package_discovery:discover_packages(prefix_path) discover
[0.583s] Level 1:colcon.colcon_core.package_discovery:discover_packages(prefix_path) using defaults
[0.585s] Level 5:colcon.colcon_core.verb:set package '1st_pkg' build argument 'cmake_args' from command line to 'None'
[0.585s] Level 5:colcon.colcon_core.verb:set package '1st_pkg' build argument 'cmake_target' from command line to 'None'
[0.585s] Level 5:colcon.colcon_core.verb:set package '1st_pkg' build argument 'cmake_target_skip_unavailable' from command line to 'False'
[0.585s] Level 5:colcon.colcon_core.verb:set package '1st_pkg' build argument 'cmake_clean_cache' from command line to 'False'
[0.585s] Level 5:colcon.colcon_core.verb:set package '1st_pkg' build argument 'cmake_clean_first' from command line to 'False'
[0.585s] Level 5:colcon.colcon_core.verb:set package '1st_pkg' build argument 'cmake_force_configure' from command line to 'False'
[0.585s] Level 5:colcon.colcon_core.verb:set package '1st_pkg' build argument 'ament_cmake_args' from command line to 'None'
[0.585s] Level 5:colcon.colcon_core.verb:set package '1st_pkg' build argument 'catkin_cmake_args' from command line to 'None'
[0.585s] Level 5:colcon.colcon_core.verb:set package '1st_pkg' build argument 'catkin_skip_building_tests' from command line to 'False'
[0.585s] DEBUG:colcon.colcon_core.verb:Building package '1st_pkg' with the following arguments: {'ament_cmake_args': None, 'build_base': '/home/hannah/Workspace/ros2_ws/build/1st_pkg', 'catkin_cmake_args': None, 'catkin_skip_building_tests': False, 'cmake_args': None, 'cmake_clean_cache': False, 'cmake_clean_first': False, 'cmake_force_configure': False, 'cmake_target': None, 'cmake_target_skip_unavailable': False, 'install_base': '/home/hannah/Workspace/ros2_ws/install/1st_pkg', 'merge_install': False, 'path': '/home/hannah/Workspace/ros2_ws/1st_pkg', 'symlink_install': True, 'test_result_base': None}
[0.586s] Level 5:colcon.colcon_core.verb:set package 'ros2_sumo' build argument 'cmake_args' from command line to 'None'
[0.586s] Level 5:colcon.colcon_core.verb:set package 'ros2_sumo' build argument 'cmake_target' from command line to 'None'
[0.586s] Level 5:colcon.colcon_core.verb:set package 'ros2_sumo' build argument 'cmake_target_skip_unavailable' from command line to 'False'
[0.586s] Level 5:colcon.colcon_core.verb:set package 'ros2_sumo' build argument 'cmake_clean_cache' from command line to 'False'
[0.586s] Level 5:colcon.colcon_core.verb:set package 'ros2_sumo' build argument 'cmake_clean_first' from command line to 'False'
[0.586s] Level 5:colcon.colcon_core.verb:set package 'ros2_sumo' build argument 'cmake_force_configure' from command line to 'False'
[0.586s] Level 5:colcon.colcon_core.verb:set package 'ros2_sumo' build argument 'ament_cmake_args' from command line to 'None'
[0.586s] Level 5:colcon.colcon_core.verb:set package 'ros2_sumo' build argument 'catkin_cmake_args' from command line to 'None'
[0.586s] Level 5:colcon.colcon_core.verb:set package 'ros2_sumo' build argument 'catkin_skip_building_tests' from command line to 'False'
[0.586s] DEBUG:colcon.colcon_core.verb:Building package 'ros2_sumo' with the following arguments: {'ament_cmake_args': None, 'build_base': '/home/hannah/Workspace/ros2_ws/build/ros2_sumo', 'catkin_cmake_args': None, 'catkin_skip_building_tests': False, 'cmake_args': None, 'cmake_clean_cache': False, 'cmake_clean_first': False, 'cmake_force_configure': False, 'cmake_target': None, 'cmake_target_skip_unavailable': False, 'install_base': '/home/hannah/Workspace/ros2_ws/install/ros2_sumo', 'merge_install': False, 'path': '/home/hannah/Workspace/ros2_ws/src/ros2_sumo-v010/ros2_sumo-main', 'symlink_install': True, 'test_result_base': None}
[0.586s] INFO:colcon.colcon_core.executor:Executing jobs using 'parallel' executor
[0.587s] DEBUG:colcon.colcon_parallel_executor.executor.parallel:run_until_complete
[0.587s] INFO:colcon.colcon_ros.task.ament_python.build:Building ROS package in '/home/hannah/Workspace/ros2_ws/1st_pkg' with build type 'ament_python'
[0.588s] Level 1:colcon.colcon_core.shell:create_environment_hook('1st_pkg', 'ament_prefix_path')
[0.594s] INFO:colcon.colcon_core.plugin_system:Skipping extension 'colcon_core.shell.bat': Not used on non-Windows systems
[0.594s] INFO:colcon.colcon_core.shell:Creating environment hook '/home/hannah/Workspace/ros2_ws/install/1st_pkg/share/1st_pkg/hook/ament_prefix_path.ps1'
[0.597s] INFO:colcon.colcon_core.shell:Creating environment descriptor '/home/hannah/Workspace/ros2_ws/install/1st_pkg/share/1st_pkg/hook/ament_prefix_path.dsv'
[0.597s] INFO:colcon.colcon_core.shell:Creating environment hook '/home/hannah/Workspace/ros2_ws/install/1st_pkg/share/1st_pkg/hook/ament_prefix_path.sh'
[0.599s] INFO:colcon.colcon_core.shell:Skip shell extension 'powershell' for command environment: Not usable outside of PowerShell
[0.599s] DEBUG:colcon.colcon_core.shell:Skip shell extension 'dsv' for command environment
[0.602s] INFO:colcon.colcon_ros.task.ament_python.build:Building ROS package in '/home/hannah/Workspace/ros2_ws/src/ros2_sumo-v010/ros2_sumo-main' with build type 'ament_python'
[0.603s] Level 1:colcon.colcon_core.shell:create_environment_hook('ros2_sumo', 'ament_prefix_path')
[0.603s] INFO:colcon.colcon_core.shell:Creating environment hook '/home/hannah/Workspace/ros2_ws/install/ros2_sumo/share/ros2_sumo/hook/ament_prefix_path.ps1'
[0.604s] INFO:colcon.colcon_core.shell:Creating environment descriptor '/home/hannah/Workspace/ros2_ws/install/ros2_sumo/share/ros2_sumo/hook/ament_prefix_path.dsv'
[0.604s] INFO:colcon.colcon_core.shell:Creating environment hook '/home/hannah/Workspace/ros2_ws/install/ros2_sumo/share/ros2_sumo/hook/ament_prefix_path.sh'
[0.604s] INFO:colcon.colcon_core.shell:Skip shell extension 'powershell' for command environment: Not usable outside of PowerShell
[0.604s] DEBUG:colcon.colcon_core.shell:Skip shell extension 'dsv' for command environment
[0.821s] INFO:colcon.colcon_core.task.python.build:Building Python package in '/home/hannah/Workspace/ros2_ws/1st_pkg'
[0.821s] INFO:colcon.colcon_core.shell:Skip shell extension 'powershell' for command environment: Not usable outside of PowerShell
[0.822s] DEBUG:colcon.colcon_core.shell:Skip shell extension 'dsv' for command environment
[1.033s] INFO:colcon.colcon_core.task.python.build:Building Python package in '/home/hannah/Workspace/ros2_ws/src/ros2_sumo-v010/ros2_sumo-main'
[1.033s] INFO:colcon.colcon_core.shell:Skip shell extension 'powershell' for command environment: Not usable outside of PowerShell
[1.033s] DEBUG:colcon.colcon_core.shell:Skip shell extension 'dsv' for command environment
[1.411s] DEBUG:colcon.colcon_core.event_handler.log_command:Invoking command in '/home/hannah/Workspace/ros2_ws/build/ros2_sumo': PYTHONPATH=/home/hannah/Workspace/ros2_ws/build/ros2_sumo/prefix_override:/usr/lib/python3/dist-packages/colcon_core/task/python/colcon_distutils_commands:/home/hannah/Workspace/ros2_ws/install/ros2_sumo/lib/python3.10/site-packages: /usr/bin/python3 -W ignore:setup.py install is deprecated -W ignore:easy_install command is deprecated setup.py develop --editable --build-directory /home/hannah/Workspace/ros2_ws/build/ros2_sumo/build --no-deps symlink_data
[1.415s] DEBUG:colcon.colcon_core.event_handler.log_command:Invoking command in '/home/hannah/Workspace/ros2_ws/build/1st_pkg': PYTHONPATH=/home/hannah/Workspace/ros2_ws/build/1st_pkg/prefix_override:/usr/lib/python3/dist-packages/colcon_core/task/python/colcon_distutils_commands:/home/hannah/Workspace/ros2_ws/install/1st_pkg/lib/python3.10/site-packages: /usr/bin/python3 -W ignore:setup.py install is deprecated -W ignore:easy_install command is deprecated setup.py develop --editable --build-directory /home/hannah/Workspace/ros2_ws/build/1st_pkg/build --no-deps symlink_data
[1.810s] Level 1:colcon.colcon_core.shell:create_environment_hook('ros2_sumo', 'pythonpath_develop')
[1.811s] INFO:colcon.colcon_core.shell:Creating environment hook '/home/hannah/Workspace/ros2_ws/build/ros2_sumo/share/ros2_sumo/hook/pythonpath_develop.ps1'
[1.811s] DEBUG:colcon.colcon_core.event_handler.log_command:Invoked command in '/home/hannah/Workspace/ros2_ws/build/ros2_sumo' returned '0': PYTHONPATH=/home/hannah/Workspace/ros2_ws/build/ros2_sumo/prefix_override:/usr/lib/python3/dist-packages/colcon_core/task/python/colcon_distutils_commands:/home/hannah/Workspace/ros2_ws/install/ros2_sumo/lib/python3.10/site-packages: /usr/bin/python3 -W ignore:setup.py install is deprecated -W ignore:easy_install command is deprecated setup.py develop --editable --build-directory /home/hannah/Workspace/ros2_ws/build/ros2_sumo/build --no-deps symlink_data
[1.812s] INFO:colcon.colcon_core.shell:Creating environment descriptor '/home/hannah/Workspace/ros2_ws/build/ros2_sumo/share/ros2_sumo/hook/pythonpath_develop.dsv'
[1.812s] INFO:colcon.colcon_core.shell:Creating environment hook '/home/hannah/Workspace/ros2_ws/build/ros2_sumo/share/ros2_sumo/hook/pythonpath_develop.sh'
[1.823s] Level 1:colcon.colcon_core.environment:checking '/home/hannah/Workspace/ros2_ws/install/ros2_sumo' for CMake module files
[1.823s] Level 1:colcon.colcon_core.environment:checking '/home/hannah/Workspace/ros2_ws/install/ros2_sumo' for CMake config files
[1.824s] Level 1:colcon.colcon_core.environment:checking '/home/hannah/Workspace/ros2_ws/install/ros2_sumo/lib'
[1.824s] Level 1:colcon.colcon_core.environment:checking '/home/hannah/Workspace/ros2_ws/install/ros2_sumo/bin'
[1.824s] Level 1:colcon.colcon_core.environment:checking '/home/hannah/Workspace/ros2_ws/install/ros2_sumo/lib/pkgconfig/ros2_sumo.pc'
[1.825s] Level 1:colcon.colcon_core.environment:checking '/home/hannah/Workspace/ros2_ws/install/ros2_sumo/lib/python3.10/site-packages'
[1.825s] Level 1:colcon.colcon_core.shell:create_environment_hook('ros2_sumo', 'pythonpath')
[1.826s] INFO:colcon.colcon_core.shell:Creating environment hook '/home/hannah/Workspace/ros2_ws/install/ros2_sumo/share/ros2_sumo/hook/pythonpath.ps1'
[1.827s] INFO:colcon.colcon_core.shell:Creating environment descriptor '/home/hannah/Workspace/ros2_ws/install/ros2_sumo/share/ros2_sumo/hook/pythonpath.dsv'
[1.827s] INFO:colcon.colcon_core.shell:Creating environment hook '/home/hannah/Workspace/ros2_ws/install/ros2_sumo/share/ros2_sumo/hook/pythonpath.sh'
[1.828s] Level 1:colcon.colcon_core.environment:checking '/home/hannah/Workspace/ros2_ws/install/ros2_sumo/bin'
[1.828s] Level 1:colcon.colcon_core.environment:create_environment_scripts_only(ros2_sumo)
[1.829s] INFO:colcon.colcon_core.shell:Creating package script '/home/hannah/Workspace/ros2_ws/install/ros2_sumo/share/ros2_sumo/package.ps1'
[1.830s] INFO:colcon.colcon_core.shell:Creating package descriptor '/home/hannah/Workspace/ros2_ws/install/ros2_sumo/share/ros2_sumo/package.dsv'
[1.832s] INFO:colcon.colcon_core.shell:Creating package script '/home/hannah/Workspace/ros2_ws/install/ros2_sumo/share/ros2_sumo/package.sh'
[1.833s] INFO:colcon.colcon_core.shell:Creating package script '/home/hannah/Workspace/ros2_ws/install/ros2_sumo/share/ros2_sumo/package.bash'
[1.834s] INFO:colcon.colcon_core.shell:Creating package script '/home/hannah/Workspace/ros2_ws/install/ros2_sumo/share/ros2_sumo/package.zsh'
[1.835s] Level 1:colcon.colcon_core.environment:create_file_with_runtime_dependencies(/home/hannah/Workspace/ros2_ws/install/ros2_sumo/share/colcon-core/packages/ros2_sumo)
[1.837s] Level 1:colcon.colcon_core.shell:create_environment_hook('1st_pkg', 'pythonpath_develop')
[1.837s] INFO:colcon.colcon_core.shell:Creating environment hook '/home/hannah/Workspace/ros2_ws/build/1st_pkg/share/1st_pkg/hook/pythonpath_develop.ps1'
[1.838s] DEBUG:colcon.colcon_core.event_handler.log_command:Invoked command in '/home/hannah/Workspace/ros2_ws/build/1st_pkg' returned '0': PYTHONPATH=/home/hannah/Workspace/ros2_ws/build/1st_pkg/prefix_override:/usr/lib/python3/dist-packages/colcon_core/task/python/colcon_distutils_commands:/home/hannah/Workspace/ros2_ws/install/1st_pkg/lib/python3.10/site-packages: /usr/bin/python3 -W ignore:setup.py install is deprecated -W ignore:easy_install command is deprecated setup.py develop --editable --build-directory /home/hannah/Workspace/ros2_ws/build/1st_pkg/build --no-deps symlink_data
[1.838s] INFO:colcon.colcon_core.shell:Creating environment descriptor '/home/hannah/Workspace/ros2_ws/build/1st_pkg/share/1st_pkg/hook/pythonpath_develop.dsv'
[1.838s] INFO:colcon.colcon_core.shell:Creating environment hook '/home/hannah/Workspace/ros2_ws/build/1st_pkg/share/1st_pkg/hook/pythonpath_develop.sh'
[1.839s] Level 1:colcon.colcon_core.environment:checking '/home/hannah/Workspace/ros2_ws/install/1st_pkg' for CMake module files
[1.839s] Level 1:colcon.colcon_core.environment:checking '/home/hannah/Workspace/ros2_ws/install/1st_pkg' for CMake config files
[1.840s] Level 1:colcon.colcon_core.environment:checking '/home/hannah/Workspace/ros2_ws/install/1st_pkg/lib'
[1.840s] Level 1:colcon.colcon_core.environment:checking '/home/hannah/Workspace/ros2_ws/install/1st_pkg/bin'
[1.841s] Level 1:colcon.colcon_core.environment:checking '/home/hannah/Workspace/ros2_ws/install/1st_pkg/lib/pkgconfig/1st_pkg.pc'
[1.841s] Level 1:colcon.colcon_core.environment:checking '/home/hannah/Workspace/ros2_ws/install/1st_pkg/lib/python3.10/site-packages'
[1.841s] Level 1:colcon.colcon_core.shell:create_environment_hook('1st_pkg', 'pythonpath')
[1.841s] INFO:colcon.colcon_core.shell:Creating environment hook '/home/hannah/Workspace/ros2_ws/install/1st_pkg/share/1st_pkg/hook/pythonpath.ps1'
[1.842s] INFO:colcon.colcon_core.shell:Creating environment descriptor '/home/hannah/Workspace/ros2_ws/install/1st_pkg/share/1st_pkg/hook/pythonpath.dsv'
[1.842s] INFO:colcon.colcon_core.shell:Creating environment hook '/home/hannah/Workspace/ros2_ws/install/1st_pkg/share/1st_pkg/hook/pythonpath.sh'
[1.843s] Level 1:colcon.colcon_core.environment:checking '/home/hannah/Workspace/ros2_ws/install/1st_pkg/bin'
[1.843s] Level 1:colcon.colcon_core.environment:create_environment_scripts_only(1st_pkg)
[1.844s] INFO:colcon.colcon_core.shell:Creating package script '/home/hannah/Workspace/ros2_ws/install/1st_pkg/share/1st_pkg/package.ps1'
[1.844s] INFO:colcon.colcon_core.shell:Creating package descriptor '/home/hannah/Workspace/ros2_ws/install/1st_pkg/share/1st_pkg/package.dsv'
[1.845s] INFO:colcon.colcon_core.shell:Creating package script '/home/hannah/Workspace/ros2_ws/install/1st_pkg/share/1st_pkg/package.sh'
[1.845s] INFO:colcon.colcon_core.shell:Creating package script '/home/hannah/Workspace/ros2_ws/install/1st_pkg/share/1st_pkg/package.bash'
[1.845s] INFO:colcon.colcon_core.shell:Creating package script '/home/hannah/Workspace/ros2_ws/install/1st_pkg/share/1st_pkg/package.zsh'
[1.846s] Level 1:colcon.colcon_core.environment:create_file_with_runtime_dependencies(/home/hannah/Workspace/ros2_ws/install/1st_pkg/share/colcon-core/packages/1st_pkg)
[1.846s] DEBUG:colcon.colcon_parallel_executor.executor.parallel:closing loop
[1.846s] DEBUG:colcon.colcon_parallel_executor.executor.parallel:loop closed
[1.846s] DEBUG:colcon.colcon_parallel_executor.executor.parallel:run_until_complete finished with '0'
[1.847s] DEBUG:colcon.colcon_core.event_reactor:joining thread
[1.855s] INFO:colcon.colcon_core.plugin_system:Skipping extension 'colcon_notification.desktop_notification.terminal_notifier': Not used on non-Darwin systems
[1.855s] INFO:colcon.colcon_core.plugin_system:Skipping extension 'colcon_notification.desktop_notification.win32': Not used on non-Windows systems
[1.855s] INFO:colcon.colcon_notification.desktop_notification:Sending desktop notification using 'notify2'
[1.880s] DEBUG:colcon.colcon_core.event_reactor:joined thread
[1.880s] INFO:colcon.colcon_core.shell:Creating prefix script '/home/hannah/Workspace/ros2_ws/install/local_setup.ps1'
[1.882s] INFO:colcon.colcon_core.shell:Creating prefix util module '/home/hannah/Workspace/ros2_ws/install/_local_setup_util_ps1.py'
[1.884s] INFO:colcon.colcon_core.shell:Creating prefix chain script '/home/hannah/Workspace/ros2_ws/install/setup.ps1'
[1.886s] INFO:colcon.colcon_core.shell:Creating prefix script '/home/hannah/Workspace/ros2_ws/install/local_setup.sh'
[1.886s] INFO:colcon.colcon_core.shell:Creating prefix util module '/home/hannah/Workspace/ros2_ws/install/_local_setup_util_sh.py'
[1.887s] INFO:colcon.colcon_core.shell:Creating prefix chain script '/home/hannah/Workspace/ros2_ws/install/setup.sh'
[1.888s] INFO:colcon.colcon_core.shell:Creating prefix script '/home/hannah/Workspace/ros2_ws/install/local_setup.bash'
[1.889s] INFO:colcon.colcon_core.shell:Creating prefix chain script '/home/hannah/Workspace/ros2_ws/install/setup.bash'
[1.890s] INFO:colcon.colcon_core.shell:Creating prefix script '/home/hannah/Workspace/ros2_ws/install/local_setup.zsh'
[1.891s] INFO:colcon.colcon_core.shell:Creating prefix chain script '/home/hannah/Workspace/ros2_ws/install/setup.zsh'
