[1.793s] Invoking command in '/home/bryan/Workspace/ros2_ws/build/examples_rclpy_executors': PYTHONPATH=/home/bryan/Workspace/ros2_ws/build/examples_rclpy_executors/prefix_override:/usr/lib/python3/dist-packages/colcon_core/task/python/colcon_distutils_commands:/home/bryan/Workspace/ros2_ws/install/examples_rclpy_executors/lib/python3.10/site-packages:${PYTHONPATH} /usr/bin/python3 -W ignore:setup.py install is deprecated -W ignore:easy_install command is deprecated setup.py develop --editable --build-directory /home/bryan/Workspace/ros2_ws/build/examples_rclpy_executors/build --no-deps symlink_data
[2.346s] running develop
[2.671s] running egg_info
[2.672s] writing examples_rclpy_executors.egg-info/PKG-INFO
[2.672s] writing dependency_links to examples_rclpy_executors.egg-info/dependency_links.txt
[2.727s] writing entry points to examples_rclpy_executors.egg-info/entry_points.txt
[2.727s] writing requirements to examples_rclpy_executors.egg-info/requires.txt
[2.727s] writing top-level names to examples_rclpy_executors.egg-info/top_level.txt
[2.730s] reading manifest file 'examples_rclpy_executors.egg-info/SOURCES.txt'
[2.732s] writing manifest file 'examples_rclpy_executors.egg-info/SOURCES.txt'
[2.734s] running build_ext
[2.737s] Creating /home/bryan/Workspace/ros2_ws/install/examples_rclpy_executors/lib/python3.10/site-packages/examples-rclpy-executors.egg-link (link to .)
[2.737s] Installing callback_group script to /home/bryan/Workspace/ros2_ws/install/examples_rclpy_executors/lib/examples_rclpy_executors
[2.737s] Installing composed script to /home/bryan/Workspace/ros2_ws/install/examples_rclpy_executors/lib/examples_rclpy_executors
[2.737s] Installing custom_callback_group script to /home/bryan/Workspace/ros2_ws/install/examples_rclpy_executors/lib/examples_rclpy_executors
[2.737s] Installing custom_executor script to /home/bryan/Workspace/ros2_ws/install/examples_rclpy_executors/lib/examples_rclpy_executors
[2.737s] Installing listener script to /home/bryan/Workspace/ros2_ws/install/examples_rclpy_executors/lib/examples_rclpy_executors
[2.738s] Installing talker script to /home/bryan/Workspace/ros2_ws/install/examples_rclpy_executors/lib/examples_rclpy_executors
[2.738s] 
[2.745s] Installed /home/bryan/Workspace/ros2_ws/build/examples_rclpy_executors
[2.745s] running symlink_data
[3.294s] Invoked command in '/home/bryan/Workspace/ros2_ws/build/examples_rclpy_executors' returned '0': PYTHONPATH=/home/bryan/Workspace/ros2_ws/build/examples_rclpy_executors/prefix_override:/usr/lib/python3/dist-packages/colcon_core/task/python/colcon_distutils_commands:/home/bryan/Workspace/ros2_ws/install/examples_rclpy_executors/lib/python3.10/site-packages:${PYTHONPATH} /usr/bin/python3 -W ignore:setup.py install is deprecated -W ignore:easy_install command is deprecated setup.py develop --editable --build-directory /home/bryan/Workspace/ros2_ws/build/examples_rclpy_executors/build --no-deps symlink_data
