/home/hannah/Workspace/ros2_ws/install/ros2_sumo/lib/python3.10/site-packages/ros2_sumo/vehicle_publisher.py
/home/hannah/Workspace/ros2_ws/install/ros2_sumo/lib/python3.10/site-packages/ros2_sumo/__init__.py
/home/hannah/Workspace/ros2_ws/install/ros2_sumo/lib/python3.10/site-packages/ros2_sumo/arduino_readwrite.py
/home/hannah/Workspace/ros2_ws/install/ros2_sumo/lib/python3.10/site-packages/ros2_sumo/multi_sim_publisher.py
/home/hannah/Workspace/ros2_ws/install/ros2_sumo/lib/python3.10/site-packages/ros2_sumo/traffic_lights_publisher.py
/home/hannah/Workspace/ros2_ws/install/ros2_sumo/lib/python3.10/site-packages/ros2_sumo/__pycache__/vehicle_publisher.cpython-310.pyc
/home/hannah/Workspace/ros2_ws/install/ros2_sumo/lib/python3.10/site-packages/ros2_sumo/__pycache__/__init__.cpython-310.pyc
/home/hannah/Workspace/ros2_ws/install/ros2_sumo/lib/python3.10/site-packages/ros2_sumo/__pycache__/arduino_readwrite.cpython-310.pyc
/home/hannah/Workspace/ros2_ws/install/ros2_sumo/lib/python3.10/site-packages/ros2_sumo/__pycache__/multi_sim_publisher.cpython-310.pyc
/home/hannah/Workspace/ros2_ws/install/ros2_sumo/lib/python3.10/site-packages/ros2_sumo/__pycache__/traffic_lights_publisher.cpython-310.pyc
/home/hannah/Workspace/ros2_ws/install/ros2_sumo/share/ament_index/resource_index/packages/ros2_sumo
/home/hannah/Workspace/ros2_ws/install/ros2_sumo/share/ros2_sumo/package.xml
/home/hannah/Workspace/ros2_ws/install/ros2_sumo/share/ros2_sumo/launch/vehicle_publisher_with_rviz2_launch.py
/home/hannah/Workspace/ros2_ws/install/ros2_sumo/share/ros2_sumo/config/vehicle_publisher_rviz_config.rviz
/home/hannah/Workspace/ros2_ws/install/ros2_sumo/share/ros2_sumo/scenarios
/home/hannah/Workspace/ros2_ws/install/ros2_sumo/lib/python3.10/site-packages/ros2_sumo-0.1.0-py3.10.egg-info/top_level.txt
/home/hannah/Workspace/ros2_ws/install/ros2_sumo/lib/python3.10/site-packages/ros2_sumo-0.1.0-py3.10.egg-info/PKG-INFO
/home/hannah/Workspace/ros2_ws/install/ros2_sumo/lib/python3.10/site-packages/ros2_sumo-0.1.0-py3.10.egg-info/zip-safe
/home/hannah/Workspace/ros2_ws/install/ros2_sumo/lib/python3.10/site-packages/ros2_sumo-0.1.0-py3.10.egg-info/entry_points.txt
/home/hannah/Workspace/ros2_ws/install/ros2_sumo/lib/python3.10/site-packages/ros2_sumo-0.1.0-py3.10.egg-info/SOURCES.txt
/home/hannah/Workspace/ros2_ws/install/ros2_sumo/lib/python3.10/site-packages/ros2_sumo-0.1.0-py3.10.egg-info/requires.txt
/home/hannah/Workspace/ros2_ws/install/ros2_sumo/lib/python3.10/site-packages/ros2_sumo-0.1.0-py3.10.egg-info/dependency_links.txt
/home/hannah/Workspace/ros2_ws/install/ros2_sumo/lib/ros2_sumo/arduino_read_write
/home/hannah/Workspace/ros2_ws/install/ros2_sumo/lib/ros2_sumo/multi_sim_publisher
/home/hannah/Workspace/ros2_ws/install/ros2_sumo/lib/ros2_sumo/traffic_lights_publisher
/home/hannah/Workspace/ros2_ws/install/ros2_sumo/lib/ros2_sumo/vehicle_publisher
