[1.074s] Invoking command in '/home/hannah/Workspace/ros2_ws/src/ros2_sumo-v010/ros2_sumo-main': PYTHONPATH=/home/hannah/Workspace/ros2_ws/src/ros2_sumo-v010/ros2_sumo-main/build/ros2_sumo/prefix_override:/usr/lib/python3/dist-packages/colcon_core/task/python/colcon_distutils_commands:/home/hannah/Workspace/ros2_ws/src/ros2_sumo-v010/ros2_sumo-main/install/ros2_sumo/lib/python3.10/site-packages:${PYTHONPATH} /usr/bin/python3 -W ignore:setup.py install is deprecated -W ignore:easy_install command is deprecated setup.py egg_info --egg-base build/ros2_sumo build --build-base /home/hannah/Workspace/ros2_ws/src/ros2_sumo-v010/ros2_sumo-main/build/ros2_sumo/build install --record /home/hannah/Workspace/ros2_ws/src/ros2_sumo-v010/ros2_sumo-main/build/ros2_sumo/install.log --single-version-externally-managed install_data
[1.528s] running egg_info
[1.529s] writing build/ros2_sumo/ros2_sumo.egg-info/PKG-INFO
[1.562s] writing dependency_links to build/ros2_sumo/ros2_sumo.egg-info/dependency_links.txt
[1.562s] writing entry points to build/ros2_sumo/ros2_sumo.egg-info/entry_points.txt
[1.562s] writing requirements to build/ros2_sumo/ros2_sumo.egg-info/requires.txt
[1.562s] writing top-level names to build/ros2_sumo/ros2_sumo.egg-info/top_level.txt
[1.563s] reading manifest file 'build/ros2_sumo/ros2_sumo.egg-info/SOURCES.txt'
[1.568s] writing manifest file 'build/ros2_sumo/ros2_sumo.egg-info/SOURCES.txt'
[1.568s] running build
[1.568s] running build_py
[1.572s] copying ros2_sumo/vehicle_publisher.py -> /home/hannah/Workspace/ros2_ws/src/ros2_sumo-v010/ros2_sumo-main/build/ros2_sumo/build/lib/ros2_sumo
[1.572s] copying ros2_sumo/traffic_lights_publisher.py -> /home/hannah/Workspace/ros2_ws/src/ros2_sumo-v010/ros2_sumo-main/build/ros2_sumo/build/lib/ros2_sumo
[1.573s] running install
[1.579s] running install_lib
[1.579s] copying /home/hannah/Workspace/ros2_ws/src/ros2_sumo-v010/ros2_sumo-main/build/ros2_sumo/build/lib/ros2_sumo/vehicle_publisher.py -> /home/hannah/Workspace/ros2_ws/src/ros2_sumo-v010/ros2_sumo-main/install/ros2_sumo/lib/python3.10/site-packages/ros2_sumo
[1.579s] copying /home/hannah/Workspace/ros2_ws/src/ros2_sumo-v010/ros2_sumo-main/build/ros2_sumo/build/lib/ros2_sumo/traffic_lights_publisher.py -> /home/hannah/Workspace/ros2_ws/src/ros2_sumo-v010/ros2_sumo-main/install/ros2_sumo/lib/python3.10/site-packages/ros2_sumo
[1.580s] byte-compiling /home/hannah/Workspace/ros2_ws/src/ros2_sumo-v010/ros2_sumo-main/install/ros2_sumo/lib/python3.10/site-packages/ros2_sumo/vehicle_publisher.py to vehicle_publisher.cpython-310.pyc
[1.583s] byte-compiling /home/hannah/Workspace/ros2_ws/src/ros2_sumo-v010/ros2_sumo-main/install/ros2_sumo/lib/python3.10/site-packages/ros2_sumo/traffic_lights_publisher.py to traffic_lights_publisher.cpython-310.pyc
[1.584s] running install_data
[1.586s] running install_egg_info
[1.591s] removing '/home/hannah/Workspace/ros2_ws/src/ros2_sumo-v010/ros2_sumo-main/install/ros2_sumo/lib/python3.10/site-packages/ros2_sumo-0.1.0-py3.10.egg-info' (and everything under it)
[1.597s] Copying build/ros2_sumo/ros2_sumo.egg-info to /home/hannah/Workspace/ros2_ws/src/ros2_sumo-v010/ros2_sumo-main/install/ros2_sumo/lib/python3.10/site-packages/ros2_sumo-0.1.0-py3.10.egg-info
[1.597s] running install_scripts
[1.632s] Installing arduino_read_write script to /home/hannah/Workspace/ros2_ws/src/ros2_sumo-v010/ros2_sumo-main/install/ros2_sumo/lib/ros2_sumo
[1.634s] Installing multi_sim_publisher script to /home/hannah/Workspace/ros2_ws/src/ros2_sumo-v010/ros2_sumo-main/install/ros2_sumo/lib/ros2_sumo
[1.634s] Installing traffic_lights_publisher script to /home/hannah/Workspace/ros2_ws/src/ros2_sumo-v010/ros2_sumo-main/install/ros2_sumo/lib/ros2_sumo
[1.634s] Installing vehicle_publisher script to /home/hannah/Workspace/ros2_ws/src/ros2_sumo-v010/ros2_sumo-main/install/ros2_sumo/lib/ros2_sumo
[1.634s] writing list of installed files to '/home/hannah/Workspace/ros2_ws/src/ros2_sumo-v010/ros2_sumo-main/build/ros2_sumo/install.log'
[1.680s] Invoked command in '/home/hannah/Workspace/ros2_ws/src/ros2_sumo-v010/ros2_sumo-main' returned '0': PYTHONPATH=/home/hannah/Workspace/ros2_ws/src/ros2_sumo-v010/ros2_sumo-main/build/ros2_sumo/prefix_override:/usr/lib/python3/dist-packages/colcon_core/task/python/colcon_distutils_commands:/home/hannah/Workspace/ros2_ws/src/ros2_sumo-v010/ros2_sumo-main/install/ros2_sumo/lib/python3.10/site-packages:${PYTHONPATH} /usr/bin/python3 -W ignore:setup.py install is deprecated -W ignore:easy_install command is deprecated setup.py egg_info --egg-base build/ros2_sumo build --build-base /home/hannah/Workspace/ros2_ws/src/ros2_sumo-v010/ros2_sumo-main/build/ros2_sumo/build install --record /home/hannah/Workspace/ros2_ws/src/ros2_sumo-v010/ros2_sumo-main/build/ros2_sumo/install.log --single-version-externally-managed install_data
