[2.323s] Invoking command in '/home/bryan/Workspace/ros2_ws/src/examples/rclpy/executors': PYTHONPATH=/home/bryan/Workspace/ros2_ws/build/examples_rclpy_executors/prefix_override:/usr/lib/python3/dist-packages/colcon_core/task/python/colcon_distutils_commands:/home/bryan/Workspace/ros2_ws/install/examples_rclpy_executors/lib/python3.10/site-packages:${PYTHONPATH} /usr/bin/python3 -W ignore:setup.py install is deprecated -W ignore:easy_install command is deprecated setup.py egg_info --egg-base ../../../../build/examples_rclpy_executors build --build-base /home/bryan/Workspace/ros2_ws/build/examples_rclpy_executors/build install --record /home/bryan/Workspace/ros2_ws/build/examples_rclpy_executors/install.log --single-version-externally-managed install_data
[2.835s] running egg_info
[2.835s] writing ../../../../build/examples_rclpy_executors/examples_rclpy_executors.egg-info/PKG-INFO
[2.835s] writing dependency_links to ../../../../build/examples_rclpy_executors/examples_rclpy_executors.egg-info/dependency_links.txt
[2.835s] writing entry points to ../../../../build/examples_rclpy_executors/examples_rclpy_executors.egg-info/entry_points.txt
[2.839s] writing requirements to ../../../../build/examples_rclpy_executors/examples_rclpy_executors.egg-info/requires.txt
[2.839s] writing top-level names to ../../../../build/examples_rclpy_executors/examples_rclpy_executors.egg-info/top_level.txt
[2.869s] reading manifest file '../../../../build/examples_rclpy_executors/examples_rclpy_executors.egg-info/SOURCES.txt'
[2.869s] writing manifest file '../../../../build/examples_rclpy_executors/examples_rclpy_executors.egg-info/SOURCES.txt'
[2.869s] running build
[2.869s] running build_py
[2.869s] running install
[2.869s] running install_lib
[2.925s] running install_data
[2.928s] running install_egg_info
[2.928s] removing '/home/bryan/Workspace/ros2_ws/install/examples_rclpy_executors/lib/python3.10/site-packages/examples_rclpy_executors-0.15.5-py3.10.egg-info' (and everything under it)
[2.928s] Copying ../../../../build/examples_rclpy_executors/examples_rclpy_executors.egg-info to /home/bryan/Workspace/ros2_ws/install/examples_rclpy_executors/lib/python3.10/site-packages/examples_rclpy_executors-0.15.5-py3.10.egg-info
[2.928s] running install_scripts
[2.928s] Installing callback_group script to /home/bryan/Workspace/ros2_ws/install/examples_rclpy_executors/lib/examples_rclpy_executors
[2.928s] Installing composed script to /home/bryan/Workspace/ros2_ws/install/examples_rclpy_executors/lib/examples_rclpy_executors
[2.929s] Installing custom_callback_group script to /home/bryan/Workspace/ros2_ws/install/examples_rclpy_executors/lib/examples_rclpy_executors
[2.930s] Installing custom_executor script to /home/bryan/Workspace/ros2_ws/install/examples_rclpy_executors/lib/examples_rclpy_executors
[2.930s] Installing listener script to /home/bryan/Workspace/ros2_ws/install/examples_rclpy_executors/lib/examples_rclpy_executors
[2.930s] Installing talker script to /home/bryan/Workspace/ros2_ws/install/examples_rclpy_executors/lib/examples_rclpy_executors
[2.930s] writing list of installed files to '/home/bryan/Workspace/ros2_ws/build/examples_rclpy_executors/install.log'
[3.616s] Invoked command in '/home/bryan/Workspace/ros2_ws/src/examples/rclpy/executors' returned '0': PYTHONPATH=/home/bryan/Workspace/ros2_ws/build/examples_rclpy_executors/prefix_override:/usr/lib/python3/dist-packages/colcon_core/task/python/colcon_distutils_commands:/home/bryan/Workspace/ros2_ws/install/examples_rclpy_executors/lib/python3.10/site-packages:${PYTHONPATH} /usr/bin/python3 -W ignore:setup.py install is deprecated -W ignore:easy_install command is deprecated setup.py egg_info --egg-base ../../../../build/examples_rclpy_executors build --build-base /home/bryan/Workspace/ros2_ws/build/examples_rclpy_executors/build install --record /home/bryan/Workspace/ros2_ws/build/examples_rclpy_executors/install.log --single-version-externally-managed install_data
