-- The C compiler identification is GNU 11.4.0
-- The CXX compiler identification is GNU 11.4.0
-- Detecting C compiler ABI info
-- Detecting C compiler ABI info - done
-- Check for working C compiler: /usr/bin/cc - skipped
-- Detecting C compile features
-- Detecting C compile features - done
-- Detecting CXX compiler ABI info
-- Detecting CXX compiler ABI info - done
-- Check for working CXX compiler: /usr/bin/c++ - skipped
-- Detecting CXX compile features
-- Detecting CXX compile features - done
-- Found ament_cmake_auto: 1.3.14 (/opt/ros/humble/share/ament_cmake_auto/cmake)
-- Found Python3: /usr/bin/python3 (found version "3.10.12") found components: Interpreter 
-- Override CMake install command with custom implementation using symlinks instead of copying resources
-- Found rosidl_generator_c: 3.1.8 (/opt/ros/humble/share/rosidl_generator_c/cmake)
-- Found rosidl_adapter: 3.1.8 (/opt/ros/humble/share/rosidl_adapter/cmake)
-- Found rosidl_generator_cpp: 3.1.8 (/opt/ros/humble/share/rosidl_generator_cpp/cmake)
-- Using all available rosidl_typesupport_c: rosidl_typesupport_fastrtps_c;rosidl_typesupport_introspection_c
-- Using all available rosidl_typesupport_cpp: rosidl_typesupport_fastrtps_cpp;rosidl_typesupport_introspection_cpp
-- Found rmw_implementation_cmake: 6.1.2 (/opt/ros/humble/share/rmw_implementation_cmake/cmake)
-- Found rmw_fastrtps_cpp: 6.2.10 (/opt/ros/humble/share/rmw_fastrtps_cpp/cmake)
-- Found OpenSSL: /usr/lib/x86_64-linux-gnu/libcrypto.so (found version "3.0.2")  
-- Found FastRTPS: /opt/ros/humble/include  
-- Using RMW implementation 'rmw_fastrtps_cpp' as default
-- Looking for pthread.h
-- Looking for pthread.h - found
-- Performing Test CMAKE_HAVE_LIBC_PTHREAD
-- Performing Test CMAKE_HAVE_LIBC_PTHREAD - Success
-- Found Threads: TRUE  
-- Found OpenCV: /usr (found version "4.5.4") 
-- Found ament_lint_auto: 0.12.15 (/opt/ros/humble/share/ament_lint_auto/cmake)
[0mIn this package, headers install destination is set to `include` by ament_auto_package. It is recommended to install `include/depth_image_proc` instead and will be the default behavior of ament_auto_package from ROS 2 Kilted Kaiju. On distributions before Kilted, ament_auto_package behaves the same way when you use USE_SCOPED_HEADER_INSTALL_DIR option.[0m
-- Added test 'copyright' to check source files copyright and LICENSE
-- Added test 'cppcheck' to perform static code analysis on C / C++ code
-- Configured cppcheck include dirs: /home/bryan/Workspace/ros2_ws/image_pipeline/depth_image_proc/include
-- Configured cppcheck exclude dirs and/or files: 
-- Added test 'cpplint' to check C / C++ code against the Google style
-- Configured cpplint exclude dirs and/or files: 
-- Added test 'flake8' to check Python code syntax and style conventions
-- Added test 'lint_cmake' to check CMake code style
-- Added test 'pep257' to check Python code against some of the docstring style conventions in PEP 257
-- Added test 'uncrustify' to check C / C++ code style
-- Configured uncrustify additional arguments: 
-- Added test 'xmllint' to check XML markup files
-- Configuring done
-- Generating done
-- Build files have been written to: /home/bryan/Workspace/ros2_ws/build/depth_image_proc
[  3%] [32mBuilding CXX object CMakeFiles/depth_image_proc.dir/src/conversions.cpp.o[0m
[  6%] [32mBuilding CXX object CMakeFiles/depth_image_proc.dir/src/convert_metric.cpp.o[0m
[  9%] [32mBuilding CXX object CMakeFiles/depth_image_proc.dir/src/crop_foremost.cpp.o[0m
[ 12%] [32mBuilding CXX object CMakeFiles/depth_image_proc.dir/src/disparity.cpp.o[0m
[ 15%] [32mBuilding CXX object CMakeFiles/depth_image_proc.dir/src/point_cloud_xyz.cpp.o[0m
[ 18%] [32mBuilding CXX object CMakeFiles/depth_image_proc.dir/src/point_cloud_xyzrgb.cpp.o[0m
[ 21%] [32mBuilding CXX object CMakeFiles/depth_image_proc.dir/src/point_cloud_xyzi.cpp.o[0m
[ 25%] [32mBuilding CXX object CMakeFiles/depth_image_proc.dir/src/point_cloud_xyz_radial.cpp.o[0m
[ 28%] [32mBuilding CXX object CMakeFiles/depth_image_proc.dir/src/point_cloud_xyzi_radial.cpp.o[0m
[ 31%] [32mBuilding CXX object CMakeFiles/depth_image_proc.dir/src/point_cloud_xyzrgb_radial.cpp.o[0m
[ 34%] [32mBuilding CXX object CMakeFiles/depth_image_proc.dir/src/register.cpp.o[0m
[ 37%] [32m[1mLinking CXX shared library libdepth_image_proc.so[0m
[ 37%] Built target depth_image_proc
[ 40%] [32mBuilding CXX object CMakeFiles/crop_foremost_node.dir/rclcpp_components/node_main_crop_foremost_node.cpp.o[0m
[ 43%] [32m[1mLinking CXX executable crop_foremost_node[0m
[ 43%] Built target crop_foremost_node
[ 46%] [32mBuilding CXX object CMakeFiles/disparity_node.dir/rclcpp_components/node_main_disparity_node.cpp.o[0m
[ 50%] [32m[1mLinking CXX executable disparity_node[0m
[ 50%] Built target disparity_node
[ 53%] [32mBuilding CXX object CMakeFiles/point_cloud_xyz_node.dir/rclcpp_components/node_main_point_cloud_xyz_node.cpp.o[0m
[ 56%] [32m[1mLinking CXX executable point_cloud_xyz_node[0m
[ 56%] Built target point_cloud_xyz_node
[ 59%] [32mBuilding CXX object CMakeFiles/point_cloud_xyzrgb_node.dir/rclcpp_components/node_main_point_cloud_xyzrgb_node.cpp.o[0m
[ 62%] [32m[1mLinking CXX executable point_cloud_xyzrgb_node[0m
[ 62%] Built target point_cloud_xyzrgb_node
[ 65%] [32mBuilding CXX object CMakeFiles/point_cloud_xyzi_node.dir/rclcpp_components/node_main_point_cloud_xyzi_node.cpp.o[0m
[ 68%] [32m[1mLinking CXX executable point_cloud_xyzi_node[0m
[ 68%] Built target point_cloud_xyzi_node
[ 71%] [32mBuilding CXX object CMakeFiles/point_cloud_xyz_radial_node.dir/rclcpp_components/node_main_point_cloud_xyz_radial_node.cpp.o[0m
[ 75%] [32m[1mLinking CXX executable point_cloud_xyz_radial_node[0m
[ 75%] Built target point_cloud_xyz_radial_node
[ 78%] [32mBuilding CXX object CMakeFiles/point_cloud_xyzi_radial_node.dir/rclcpp_components/node_main_point_cloud_xyzi_radial_node.cpp.o[0m
[ 81%] [32m[1mLinking CXX executable point_cloud_xyzi_radial_node[0m
[ 81%] Built target point_cloud_xyzi_radial_node
[ 84%] [32mBuilding CXX object CMakeFiles/point_cloud_xyzrgb_radial_node.dir/rclcpp_components/node_main_point_cloud_xyzrgb_radial_node.cpp.o[0m
[ 87%] [32m[1mLinking CXX executable point_cloud_xyzrgb_radial_node[0m
[ 87%] Built target point_cloud_xyzrgb_radial_node
[ 90%] [32mBuilding CXX object CMakeFiles/register_node.dir/rclcpp_components/node_main_register_node.cpp.o[0m
[ 93%] [32m[1mLinking CXX executable register_node[0m
[ 93%] Built target register_node
[ 96%] [32mBuilding CXX object CMakeFiles/convert_metric_node.dir/rclcpp_components/node_main_convert_metric_node.cpp.o[0m
[100%] [32m[1mLinking CXX executable convert_metric_node[0m
[100%] Built target convert_metric_node
-- Install configuration: ""
-- Execute custom install script
-- Symlinking: /home/bryan/Workspace/ros2_ws/install/depth_image_proc/lib/depth_image_proc/convert_metric_node
-- Symlinking: /home/bryan/Workspace/ros2_ws/install/depth_image_proc/lib/depth_image_proc/crop_foremost_node
-- Symlinking: /home/bryan/Workspace/ros2_ws/install/depth_image_proc/lib/depth_image_proc/disparity_node
-- Symlinking: /home/bryan/Workspace/ros2_ws/install/depth_image_proc/lib/depth_image_proc/point_cloud_xyz_node
-- Symlinking: /home/bryan/Workspace/ros2_ws/install/depth_image_proc/lib/depth_image_proc/point_cloud_xyzrgb_node
-- Symlinking: /home/bryan/Workspace/ros2_ws/install/depth_image_proc/lib/depth_image_proc/point_cloud_xyzi_node
-- Symlinking: /home/bryan/Workspace/ros2_ws/install/depth_image_proc/lib/depth_image_proc/point_cloud_xyz_radial_node
-- Symlinking: /home/bryan/Workspace/ros2_ws/install/depth_image_proc/lib/depth_image_proc/point_cloud_xyzi_radial_node
-- Symlinking: /home/bryan/Workspace/ros2_ws/install/depth_image_proc/lib/depth_image_proc/point_cloud_xyzrgb_radial_node
-- Symlinking: /home/bryan/Workspace/ros2_ws/install/depth_image_proc/lib/depth_image_proc/register_node
-- Symlinking: /home/bryan/Workspace/ros2_ws/install/depth_image_proc/include/depth_image_proc/conversions.hpp
-- Symlinking: /home/bryan/Workspace/ros2_ws/install/depth_image_proc/include/depth_image_proc/depth_traits.hpp
-- Symlinking: /home/bryan/Workspace/ros2_ws/install/depth_image_proc/include/depth_image_proc/point_cloud_xyz.hpp
-- Symlinking: /home/bryan/Workspace/ros2_ws/install/depth_image_proc/include/depth_image_proc/point_cloud_xyz_radial.hpp
-- Symlinking: /home/bryan/Workspace/ros2_ws/install/depth_image_proc/include/depth_image_proc/point_cloud_xyzi.hpp
-- Symlinking: /home/bryan/Workspace/ros2_ws/install/depth_image_proc/include/depth_image_proc/point_cloud_xyzi_radial.hpp
-- Symlinking: /home/bryan/Workspace/ros2_ws/install/depth_image_proc/include/depth_image_proc/point_cloud_xyzrgb.hpp
-- Symlinking: /home/bryan/Workspace/ros2_ws/install/depth_image_proc/include/depth_image_proc/point_cloud_xyzrgb_radial.hpp
-- Symlinking: /home/bryan/Workspace/ros2_ws/install/depth_image_proc/include/depth_image_proc/visibility.h
-- Symlinking: /home/bryan/Workspace/ros2_ws/install/depth_image_proc/share/depth_image_proc/environment/library_path.sh
-- Symlinking: /home/bryan/Workspace/ros2_ws/install/depth_image_proc/share/depth_image_proc/environment/library_path.dsv
-- Symlinking: /home/bryan/Workspace/ros2_ws/install/depth_image_proc/lib/libdepth_image_proc.so
-- Symlinking: /home/bryan/Workspace/ros2_ws/install/depth_image_proc/share/depth_image_proc/launch/convert_metric.launch.py
-- Symlinking: /home/bryan/Workspace/ros2_ws/install/depth_image_proc/share/depth_image_proc/launch/crop_foremost.launch.py
-- Symlinking: /home/bryan/Workspace/ros2_ws/install/depth_image_proc/share/depth_image_proc/launch/disparity.launch.py
-- Symlinking: /home/bryan/Workspace/ros2_ws/install/depth_image_proc/share/depth_image_proc/launch/point_cloud_xyz.launch.py
-- Symlinking: /home/bryan/Workspace/ros2_ws/install/depth_image_proc/share/depth_image_proc/launch/point_cloud_xyz_radial.launch.py
-- Symlinking: /home/bryan/Workspace/ros2_ws/install/depth_image_proc/share/depth_image_proc/launch/point_cloud_xyzi.launch.py
-- Symlinking: /home/bryan/Workspace/ros2_ws/install/depth_image_proc/share/depth_image_proc/launch/point_cloud_xyzi_radial.launch.py
-- Symlinking: /home/bryan/Workspace/ros2_ws/install/depth_image_proc/share/depth_image_proc/launch/point_cloud_xyzrgb.launch.py
-- Symlinking: /home/bryan/Workspace/ros2_ws/install/depth_image_proc/share/depth_image_proc/launch/point_cloud_xyzrgb_radial.launch.py
-- Symlinking: /home/bryan/Workspace/ros2_ws/install/depth_image_proc/share/depth_image_proc/launch/register.launch.py
-- Symlinking: /home/bryan/Workspace/ros2_ws/install/depth_image_proc/share/depth_image_proc/launch/rviz/convert_metric.rviz
-- Symlinking: /home/bryan/Workspace/ros2_ws/install/depth_image_proc/share/depth_image_proc/launch/rviz/crop_formost.rviz
-- Symlinking: /home/bryan/Workspace/ros2_ws/install/depth_image_proc/share/depth_image_proc/launch/rviz/disparity.rviz
-- Symlinking: /home/bryan/Workspace/ros2_ws/install/depth_image_proc/share/depth_image_proc/launch/rviz/point_cloud_xyz.rviz
-- Symlinking: /home/bryan/Workspace/ros2_ws/install/depth_image_proc/share/depth_image_proc/launch/rviz/point_cloud_xyz_radial.rviz
-- Symlinking: /home/bryan/Workspace/ros2_ws/install/depth_image_proc/share/depth_image_proc/launch/rviz/point_cloud_xyzi.rviz
-- Symlinking: /home/bryan/Workspace/ros2_ws/install/depth_image_proc/share/depth_image_proc/launch/rviz/point_cloud_xyzrgb.rviz
-- Symlinking: /home/bryan/Workspace/ros2_ws/install/depth_image_proc/share/depth_image_proc/launch/rviz/register.rviz
-- Symlinking: /home/bryan/Workspace/ros2_ws/install/depth_image_proc/share/ament_index/resource_index/package_run_dependencies/depth_image_proc
-- Symlinking: /home/bryan/Workspace/ros2_ws/install/depth_image_proc/share/ament_index/resource_index/parent_prefix_path/depth_image_proc
-- Symlinking: /home/bryan/Workspace/ros2_ws/install/depth_image_proc/share/depth_image_proc/environment/ament_prefix_path.sh
-- Symlinking: /home/bryan/Workspace/ros2_ws/install/depth_image_proc/share/depth_image_proc/environment/ament_prefix_path.dsv
-- Symlinking: /home/bryan/Workspace/ros2_ws/install/depth_image_proc/share/depth_image_proc/environment/path.sh
-- Symlinking: /home/bryan/Workspace/ros2_ws/install/depth_image_proc/share/depth_image_proc/environment/path.dsv
-- Symlinking: /home/bryan/Workspace/ros2_ws/install/depth_image_proc/share/depth_image_proc/local_setup.bash
-- Symlinking: /home/bryan/Workspace/ros2_ws/install/depth_image_proc/share/depth_image_proc/local_setup.sh
-- Symlinking: /home/bryan/Workspace/ros2_ws/install/depth_image_proc/share/depth_image_proc/local_setup.zsh
-- Symlinking: /home/bryan/Workspace/ros2_ws/install/depth_image_proc/share/depth_image_proc/local_setup.dsv
-- Symlinking: /home/bryan/Workspace/ros2_ws/install/depth_image_proc/share/depth_image_proc/package.dsv
-- Symlinking: /home/bryan/Workspace/ros2_ws/install/depth_image_proc/share/ament_index/resource_index/packages/depth_image_proc
-- Symlinking: /home/bryan/Workspace/ros2_ws/install/depth_image_proc/share/ament_index/resource_index/rclcpp_components/depth_image_proc
-- Symlinking: /home/bryan/Workspace/ros2_ws/install/depth_image_proc/share/depth_image_proc/cmake/ament_cmake_export_dependencies-extras.cmake
-- Symlinking: /home/bryan/Workspace/ros2_ws/install/depth_image_proc/share/depth_image_proc/cmake/ament_cmake_export_include_directories-extras.cmake
-- Symlinking: /home/bryan/Workspace/ros2_ws/install/depth_image_proc/share/depth_image_proc/cmake/ament_cmake_export_libraries-extras.cmake
-- Symlinking: /home/bryan/Workspace/ros2_ws/install/depth_image_proc/share/depth_image_proc/cmake/depth_image_procConfig.cmake
-- Symlinking: /home/bryan/Workspace/ros2_ws/install/depth_image_proc/share/depth_image_proc/cmake/depth_image_procConfig-version.cmake
-- Symlinking: /home/bryan/Workspace/ros2_ws/install/depth_image_proc/share/depth_image_proc/package.xml
