[0.047s] Invoking command in '/home/bryan/Workspace/ros2_ws/build/depth_image_proc': AMENT_PREFIX_PATH=/home/bryan/Workspace/ros2_ws/install/image_geometry:/home/bryan/Workspace/ros2_ws/install/cv_bridge:${AMENT_PREFIX_PATH} CMAKE_PREFIX_PATH=/home/bryan/Workspace/ros2_ws/install/image_geometry:/home/bryan/Workspace/ros2_ws/install/cv_bridge:/opt/ros/humble LD_LIBRARY_PATH=/home/bryan/Workspace/ros2_ws/install/image_geometry/lib:/home/bryan/Workspace/ros2_ws/install/cv_bridge/lib:${LD_LIBRARY_PATH} PYTHONPATH=/home/bryan/Workspace/ros2_ws/install/image_geometry/local/lib/python3.10/dist-packages:/home/bryan/Workspace/ros2_ws/install/cv_bridge/local/lib/python3.10/dist-packages:${PYTHONPATH} /usr/bin/cmake /home/bryan/Workspace/ros2_ws/image_pipeline/depth_image_proc -DAMENT_CMAKE_SYMLINK_INSTALL=1 -DCMAKE_INSTALL_PREFIX=/home/bryan/Workspace/ros2_ws/install/depth_image_proc
[0.174s] -- The C compiler identification is GNU 11.4.0
[0.284s] -- The CXX compiler identification is GNU 11.4.0
[0.293s] -- Detecting C compiler ABI info
[0.499s] -- Detecting C compiler ABI info - done
[0.511s] -- Check for working C compiler: /usr/bin/cc - skipped
[0.517s] -- Detecting C compile features
[0.517s] -- Detecting C compile features - done
[0.519s] -- Detecting CXX compiler ABI info
[0.716s] -- Detecting CXX compiler ABI info - done
[0.728s] -- Check for working CXX compiler: /usr/bin/c++ - skipped
[0.728s] -- Detecting CXX compile features
[0.729s] -- Detecting CXX compile features - done
[0.732s] -- Found ament_cmake_auto: 1.3.14 (/opt/ros/humble/share/ament_cmake_auto/cmake)
[1.058s] -- Found Python3: /usr/bin/python3 (found version "3.10.12") found components: Interpreter 
[1.200s] -- Override CMake install command with custom implementation using symlinks instead of copying resources
[1.438s] -- Found rosidl_generator_c: 3.1.8 (/opt/ros/humble/share/rosidl_generator_c/cmake)
[1.473s] -- Found rosidl_adapter: 3.1.8 (/opt/ros/humble/share/rosidl_adapter/cmake)
[1.473s] -- Found rosidl_generator_cpp: 3.1.8 (/opt/ros/humble/share/rosidl_generator_cpp/cmake)
[1.473s] -- Using all available rosidl_typesupport_c: rosidl_typesupport_fastrtps_c;rosidl_typesupport_introspection_c
[1.493s] -- Using all available rosidl_typesupport_cpp: rosidl_typesupport_fastrtps_cpp;rosidl_typesupport_introspection_cpp
[1.654s] -- Found rmw_implementation_cmake: 6.1.2 (/opt/ros/humble/share/rmw_implementation_cmake/cmake)
[1.660s] -- Found rmw_fastrtps_cpp: 6.2.10 (/opt/ros/humble/share/rmw_fastrtps_cpp/cmake)
[1.929s] -- Found OpenSSL: /usr/lib/x86_64-linux-gnu/libcrypto.so (found version "3.0.2")  
[1.930s] -- Found FastRTPS: /opt/ros/humble/include  
[1.958s] -- Using RMW implementation 'rmw_fastrtps_cpp' as default
[1.967s] -- Looking for pthread.h
[2.115s] -- Looking for pthread.h - found
[2.116s] -- Performing Test CMAKE_HAVE_LIBC_PTHREAD
[2.305s] -- Performing Test CMAKE_HAVE_LIBC_PTHREAD - Success
[2.311s] -- Found Threads: TRUE  
[2.785s] -- Found OpenCV: /usr (found version "4.5.4") 
[2.812s] -- Found ament_lint_auto: 0.12.15 (/opt/ros/humble/share/ament_lint_auto/cmake)
[2.844s] [0mIn this package, headers install destination is set to `include` by ament_auto_package. It is recommended to install `include/depth_image_proc` instead and will be the default behavior of ament_auto_package from ROS 2 Kilted Kaiju. On distributions before Kilted, ament_auto_package behaves the same way when you use USE_SCOPED_HEADER_INSTALL_DIR option.[0m
[2.853s] -- Added test 'copyright' to check source files copyright and LICENSE
[2.860s] -- Added test 'cppcheck' to perform static code analysis on C / C++ code
[2.861s] -- Configured cppcheck include dirs: /home/bryan/Workspace/ros2_ws/image_pipeline/depth_image_proc/include
[2.861s] -- Configured cppcheck exclude dirs and/or files: 
[2.865s] -- Added test 'cpplint' to check C / C++ code against the Google style
[2.865s] -- Configured cpplint exclude dirs and/or files: 
[2.867s] -- Added test 'flake8' to check Python code syntax and style conventions
[2.868s] -- Added test 'lint_cmake' to check CMake code style
[2.869s] -- Added test 'pep257' to check Python code against some of the docstring style conventions in PEP 257
[2.872s] -- Added test 'uncrustify' to check C / C++ code style
[2.872s] -- Configured uncrustify additional arguments: 
[2.873s] -- Added test 'xmllint' to check XML markup files
[2.879s] -- Configuring done
[2.973s] -- Generating done
[3.017s] -- Build files have been written to: /home/bryan/Workspace/ros2_ws/build/depth_image_proc
[3.036s] Invoked command in '/home/bryan/Workspace/ros2_ws/build/depth_image_proc' returned '0': AMENT_PREFIX_PATH=/home/bryan/Workspace/ros2_ws/install/image_geometry:/home/bryan/Workspace/ros2_ws/install/cv_bridge:${AMENT_PREFIX_PATH} CMAKE_PREFIX_PATH=/home/bryan/Workspace/ros2_ws/install/image_geometry:/home/bryan/Workspace/ros2_ws/install/cv_bridge:/opt/ros/humble LD_LIBRARY_PATH=/home/bryan/Workspace/ros2_ws/install/image_geometry/lib:/home/bryan/Workspace/ros2_ws/install/cv_bridge/lib:${LD_LIBRARY_PATH} PYTHONPATH=/home/bryan/Workspace/ros2_ws/install/image_geometry/local/lib/python3.10/dist-packages:/home/bryan/Workspace/ros2_ws/install/cv_bridge/local/lib/python3.10/dist-packages:${PYTHONPATH} /usr/bin/cmake /home/bryan/Workspace/ros2_ws/image_pipeline/depth_image_proc -DAMENT_CMAKE_SYMLINK_INSTALL=1 -DCMAKE_INSTALL_PREFIX=/home/bryan/Workspace/ros2_ws/install/depth_image_proc
[3.042s] Invoking command in '/home/bryan/Workspace/ros2_ws/build/depth_image_proc': AMENT_PREFIX_PATH=/home/bryan/Workspace/ros2_ws/install/image_geometry:/home/bryan/Workspace/ros2_ws/install/cv_bridge:${AMENT_PREFIX_PATH} CMAKE_PREFIX_PATH=/home/bryan/Workspace/ros2_ws/install/image_geometry:/home/bryan/Workspace/ros2_ws/install/cv_bridge:/opt/ros/humble LD_LIBRARY_PATH=/home/bryan/Workspace/ros2_ws/install/image_geometry/lib:/home/bryan/Workspace/ros2_ws/install/cv_bridge/lib:${LD_LIBRARY_PATH} PYTHONPATH=/home/bryan/Workspace/ros2_ws/install/image_geometry/local/lib/python3.10/dist-packages:/home/bryan/Workspace/ros2_ws/install/cv_bridge/local/lib/python3.10/dist-packages:${PYTHONPATH} /usr/bin/cmake --build /home/bryan/Workspace/ros2_ws/build/depth_image_proc -- -j3 -l3
[3.184s] [  3%] [32mBuilding CXX object CMakeFiles/depth_image_proc.dir/src/conversions.cpp.o[0m
[6.020s] [  6%] [32mBuilding CXX object CMakeFiles/depth_image_proc.dir/src/convert_metric.cpp.o[0m
[11.394s] [  9%] [32mBuilding CXX object CMakeFiles/depth_image_proc.dir/src/crop_foremost.cpp.o[0m
[17.675s] [ 12%] [32mBuilding CXX object CMakeFiles/depth_image_proc.dir/src/disparity.cpp.o[0m
[32.886s] [ 15%] [32mBuilding CXX object CMakeFiles/depth_image_proc.dir/src/point_cloud_xyz.cpp.o[0m
[41.664s] [ 18%] [32mBuilding CXX object CMakeFiles/depth_image_proc.dir/src/point_cloud_xyzrgb.cpp.o[0m
[62.183s] [ 21%] [32mBuilding CXX object CMakeFiles/depth_image_proc.dir/src/point_cloud_xyzi.cpp.o[0m
[82.831s] [ 25%] [32mBuilding CXX object CMakeFiles/depth_image_proc.dir/src/point_cloud_xyz_radial.cpp.o[0m
[91.725s] [ 28%] [32mBuilding CXX object CMakeFiles/depth_image_proc.dir/src/point_cloud_xyzi_radial.cpp.o[0m
[109.466s] [ 31%] [32mBuilding CXX object CMakeFiles/depth_image_proc.dir/src/point_cloud_xyzrgb_radial.cpp.o[0m
[129.230s] [ 34%] [32mBuilding CXX object CMakeFiles/depth_image_proc.dir/src/register.cpp.o[0m
[153.905s] [ 37%] [32m[1mLinking CXX shared library libdepth_image_proc.so[0m
[158.091s] [ 37%] Built target depth_image_proc
[158.176s] [ 40%] [32mBuilding CXX object CMakeFiles/crop_foremost_node.dir/rclcpp_components/node_main_crop_foremost_node.cpp.o[0m
[162.653s] [ 43%] [32m[1mLinking CXX executable crop_foremost_node[0m
[162.895s] [ 43%] Built target crop_foremost_node
[162.967s] [ 46%] [32mBuilding CXX object CMakeFiles/disparity_node.dir/rclcpp_components/node_main_disparity_node.cpp.o[0m
[167.656s] [ 50%] [32m[1mLinking CXX executable disparity_node[0m
[167.939s] [ 50%] Built target disparity_node
[167.995s] [ 53%] [32mBuilding CXX object CMakeFiles/point_cloud_xyz_node.dir/rclcpp_components/node_main_point_cloud_xyz_node.cpp.o[0m
[173.625s] [ 56%] [32m[1mLinking CXX executable point_cloud_xyz_node[0m
[173.866s] [ 56%] Built target point_cloud_xyz_node
[173.922s] [ 59%] [32mBuilding CXX object CMakeFiles/point_cloud_xyzrgb_node.dir/rclcpp_components/node_main_point_cloud_xyzrgb_node.cpp.o[0m
[178.950s] [ 62%] [32m[1mLinking CXX executable point_cloud_xyzrgb_node[0m
[179.192s] [ 62%] Built target point_cloud_xyzrgb_node
[179.241s] [ 65%] [32mBuilding CXX object CMakeFiles/point_cloud_xyzi_node.dir/rclcpp_components/node_main_point_cloud_xyzi_node.cpp.o[0m
[184.746s] [ 68%] [32m[1mLinking CXX executable point_cloud_xyzi_node[0m
[184.995s] [ 68%] Built target point_cloud_xyzi_node
[185.050s] [ 71%] [32mBuilding CXX object CMakeFiles/point_cloud_xyz_radial_node.dir/rclcpp_components/node_main_point_cloud_xyz_radial_node.cpp.o[0m
[190.509s] [ 75%] [32m[1mLinking CXX executable point_cloud_xyz_radial_node[0m
[190.715s] [ 75%] Built target point_cloud_xyz_radial_node
[190.750s] [ 78%] [32mBuilding CXX object CMakeFiles/point_cloud_xyzi_radial_node.dir/rclcpp_components/node_main_point_cloud_xyzi_radial_node.cpp.o[0m
[195.823s] [ 81%] [32m[1mLinking CXX executable point_cloud_xyzi_radial_node[0m
[196.067s] [ 81%] Built target point_cloud_xyzi_radial_node
[196.118s] [ 84%] [32mBuilding CXX object CMakeFiles/point_cloud_xyzrgb_radial_node.dir/rclcpp_components/node_main_point_cloud_xyzrgb_radial_node.cpp.o[0m
[202.119s] [ 87%] [32m[1mLinking CXX executable point_cloud_xyzrgb_radial_node[0m
[202.349s] [ 87%] Built target point_cloud_xyzrgb_radial_node
[202.416s] [ 90%] [32mBuilding CXX object CMakeFiles/register_node.dir/rclcpp_components/node_main_register_node.cpp.o[0m
[207.935s] [ 93%] [32m[1mLinking CXX executable register_node[0m
[208.259s] [ 93%] Built target register_node
[208.317s] [ 96%] [32mBuilding CXX object CMakeFiles/convert_metric_node.dir/rclcpp_components/node_main_convert_metric_node.cpp.o[0m
[213.209s] [100%] [32m[1mLinking CXX executable convert_metric_node[0m
[213.474s] [100%] Built target convert_metric_node
[213.508s] Invoked command in '/home/bryan/Workspace/ros2_ws/build/depth_image_proc' returned '0': AMENT_PREFIX_PATH=/home/bryan/Workspace/ros2_ws/install/image_geometry:/home/bryan/Workspace/ros2_ws/install/cv_bridge:${AMENT_PREFIX_PATH} CMAKE_PREFIX_PATH=/home/bryan/Workspace/ros2_ws/install/image_geometry:/home/bryan/Workspace/ros2_ws/install/cv_bridge:/opt/ros/humble LD_LIBRARY_PATH=/home/bryan/Workspace/ros2_ws/install/image_geometry/lib:/home/bryan/Workspace/ros2_ws/install/cv_bridge/lib:${LD_LIBRARY_PATH} PYTHONPATH=/home/bryan/Workspace/ros2_ws/install/image_geometry/local/lib/python3.10/dist-packages:/home/bryan/Workspace/ros2_ws/install/cv_bridge/local/lib/python3.10/dist-packages:${PYTHONPATH} /usr/bin/cmake --build /home/bryan/Workspace/ros2_ws/build/depth_image_proc -- -j3 -l3
[213.508s] Invoking command in '/home/bryan/Workspace/ros2_ws/build/depth_image_proc': AMENT_PREFIX_PATH=/home/bryan/Workspace/ros2_ws/install/image_geometry:/home/bryan/Workspace/ros2_ws/install/cv_bridge:${AMENT_PREFIX_PATH} CMAKE_PREFIX_PATH=/home/bryan/Workspace/ros2_ws/install/image_geometry:/home/bryan/Workspace/ros2_ws/install/cv_bridge:/opt/ros/humble LD_LIBRARY_PATH=/home/bryan/Workspace/ros2_ws/install/image_geometry/lib:/home/bryan/Workspace/ros2_ws/install/cv_bridge/lib:${LD_LIBRARY_PATH} PYTHONPATH=/home/bryan/Workspace/ros2_ws/install/image_geometry/local/lib/python3.10/dist-packages:/home/bryan/Workspace/ros2_ws/install/cv_bridge/local/lib/python3.10/dist-packages:${PYTHONPATH} /usr/bin/cmake --install /home/bryan/Workspace/ros2_ws/build/depth_image_proc
[213.541s] -- Install configuration: ""
[213.542s] -- Execute custom install script
[213.542s] -- Symlinking: /home/bryan/Workspace/ros2_ws/install/depth_image_proc/lib/depth_image_proc/convert_metric_node
[213.542s] -- Symlinking: /home/bryan/Workspace/ros2_ws/install/depth_image_proc/lib/depth_image_proc/crop_foremost_node
[213.559s] -- Symlinking: /home/bryan/Workspace/ros2_ws/install/depth_image_proc/lib/depth_image_proc/disparity_node
[213.607s] -- Symlinking: /home/bryan/Workspace/ros2_ws/install/depth_image_proc/lib/depth_image_proc/point_cloud_xyz_node
[213.650s] -- Symlinking: /home/bryan/Workspace/ros2_ws/install/depth_image_proc/lib/depth_image_proc/point_cloud_xyzrgb_node
[213.684s] -- Symlinking: /home/bryan/Workspace/ros2_ws/install/depth_image_proc/lib/depth_image_proc/point_cloud_xyzi_node
[213.700s] -- Symlinking: /home/bryan/Workspace/ros2_ws/install/depth_image_proc/lib/depth_image_proc/point_cloud_xyz_radial_node
[213.716s] -- Symlinking: /home/bryan/Workspace/ros2_ws/install/depth_image_proc/lib/depth_image_proc/point_cloud_xyzi_radial_node
[213.735s] -- Symlinking: /home/bryan/Workspace/ros2_ws/install/depth_image_proc/lib/depth_image_proc/point_cloud_xyzrgb_radial_node
[213.764s] -- Symlinking: /home/bryan/Workspace/ros2_ws/install/depth_image_proc/lib/depth_image_proc/register_node
[213.765s] -- Symlinking: /home/bryan/Workspace/ros2_ws/install/depth_image_proc/include/depth_image_proc/conversions.hpp
[213.781s] -- Symlinking: /home/bryan/Workspace/ros2_ws/install/depth_image_proc/include/depth_image_proc/depth_traits.hpp
[213.797s] -- Symlinking: /home/bryan/Workspace/ros2_ws/install/depth_image_proc/include/depth_image_proc/point_cloud_xyz.hpp
[213.998s] -- Symlinking: /home/bryan/Workspace/ros2_ws/install/depth_image_proc/include/depth_image_proc/point_cloud_xyz_radial.hpp
[213.999s] -- Symlinking: /home/bryan/Workspace/ros2_ws/install/depth_image_proc/include/depth_image_proc/point_cloud_xyzi.hpp
[213.999s] -- Symlinking: /home/bryan/Workspace/ros2_ws/install/depth_image_proc/include/depth_image_proc/point_cloud_xyzi_radial.hpp
[213.999s] -- Symlinking: /home/bryan/Workspace/ros2_ws/install/depth_image_proc/include/depth_image_proc/point_cloud_xyzrgb.hpp
[213.999s] -- Symlinking: /home/bryan/Workspace/ros2_ws/install/depth_image_proc/include/depth_image_proc/point_cloud_xyzrgb_radial.hpp
[213.999s] -- Symlinking: /home/bryan/Workspace/ros2_ws/install/depth_image_proc/include/depth_image_proc/visibility.h
[213.999s] -- Symlinking: /home/bryan/Workspace/ros2_ws/install/depth_image_proc/share/depth_image_proc/environment/library_path.sh
[213.999s] -- Symlinking: /home/bryan/Workspace/ros2_ws/install/depth_image_proc/share/depth_image_proc/environment/library_path.dsv
[213.999s] -- Symlinking: /home/bryan/Workspace/ros2_ws/install/depth_image_proc/lib/libdepth_image_proc.so
[214.000s] -- Symlinking: /home/bryan/Workspace/ros2_ws/install/depth_image_proc/share/depth_image_proc/launch/convert_metric.launch.py
[214.000s] -- Symlinking: /home/bryan/Workspace/ros2_ws/install/depth_image_proc/share/depth_image_proc/launch/crop_foremost.launch.py
[214.000s] -- Symlinking: /home/bryan/Workspace/ros2_ws/install/depth_image_proc/share/depth_image_proc/launch/disparity.launch.py
[214.001s] -- Symlinking: /home/bryan/Workspace/ros2_ws/install/depth_image_proc/share/depth_image_proc/launch/point_cloud_xyz.launch.py
[214.001s] -- Symlinking: /home/bryan/Workspace/ros2_ws/install/depth_image_proc/share/depth_image_proc/launch/point_cloud_xyz_radial.launch.py
[214.013s] -- Symlinking: /home/bryan/Workspace/ros2_ws/install/depth_image_proc/share/depth_image_proc/launch/point_cloud_xyzi.launch.py
[214.030s] -- Symlinking: /home/bryan/Workspace/ros2_ws/install/depth_image_proc/share/depth_image_proc/launch/point_cloud_xyzi_radial.launch.py
[214.051s] -- Symlinking: /home/bryan/Workspace/ros2_ws/install/depth_image_proc/share/depth_image_proc/launch/point_cloud_xyzrgb.launch.py
[214.067s] -- Symlinking: /home/bryan/Workspace/ros2_ws/install/depth_image_proc/share/depth_image_proc/launch/point_cloud_xyzrgb_radial.launch.py
[214.085s] -- Symlinking: /home/bryan/Workspace/ros2_ws/install/depth_image_proc/share/depth_image_proc/launch/register.launch.py
[214.098s] -- Symlinking: /home/bryan/Workspace/ros2_ws/install/depth_image_proc/share/depth_image_proc/launch/rviz/convert_metric.rviz
[214.112s] -- Symlinking: /home/bryan/Workspace/ros2_ws/install/depth_image_proc/share/depth_image_proc/launch/rviz/crop_formost.rviz
[214.126s] -- Symlinking: /home/bryan/Workspace/ros2_ws/install/depth_image_proc/share/depth_image_proc/launch/rviz/disparity.rviz
[214.146s] -- Symlinking: /home/bryan/Workspace/ros2_ws/install/depth_image_proc/share/depth_image_proc/launch/rviz/point_cloud_xyz.rviz
[214.173s] -- Symlinking: /home/bryan/Workspace/ros2_ws/install/depth_image_proc/share/depth_image_proc/launch/rviz/point_cloud_xyz_radial.rviz
[214.480s] -- Symlinking: /home/bryan/Workspace/ros2_ws/install/depth_image_proc/share/depth_image_proc/launch/rviz/point_cloud_xyzi.rviz
[214.480s] -- Symlinking: /home/bryan/Workspace/ros2_ws/install/depth_image_proc/share/depth_image_proc/launch/rviz/point_cloud_xyzrgb.rviz
[214.480s] -- Symlinking: /home/bryan/Workspace/ros2_ws/install/depth_image_proc/share/depth_image_proc/launch/rviz/register.rviz
[214.480s] -- Symlinking: /home/bryan/Workspace/ros2_ws/install/depth_image_proc/share/ament_index/resource_index/package_run_dependencies/depth_image_proc
[214.481s] -- Symlinking: /home/bryan/Workspace/ros2_ws/install/depth_image_proc/share/ament_index/resource_index/parent_prefix_path/depth_image_proc
[214.481s] -- Symlinking: /home/bryan/Workspace/ros2_ws/install/depth_image_proc/share/depth_image_proc/environment/ament_prefix_path.sh
[214.481s] -- Symlinking: /home/bryan/Workspace/ros2_ws/install/depth_image_proc/share/depth_image_proc/environment/ament_prefix_path.dsv
[214.481s] -- Symlinking: /home/bryan/Workspace/ros2_ws/install/depth_image_proc/share/depth_image_proc/environment/path.sh
[214.481s] -- Symlinking: /home/bryan/Workspace/ros2_ws/install/depth_image_proc/share/depth_image_proc/environment/path.dsv
[214.481s] -- Symlinking: /home/bryan/Workspace/ros2_ws/install/depth_image_proc/share/depth_image_proc/local_setup.bash
[214.481s] -- Symlinking: /home/bryan/Workspace/ros2_ws/install/depth_image_proc/share/depth_image_proc/local_setup.sh
[214.481s] -- Symlinking: /home/bryan/Workspace/ros2_ws/install/depth_image_proc/share/depth_image_proc/local_setup.zsh
[214.481s] -- Symlinking: /home/bryan/Workspace/ros2_ws/install/depth_image_proc/share/depth_image_proc/local_setup.dsv
[214.481s] -- Symlinking: /home/bryan/Workspace/ros2_ws/install/depth_image_proc/share/depth_image_proc/package.dsv
[214.481s] -- Symlinking: /home/bryan/Workspace/ros2_ws/install/depth_image_proc/share/ament_index/resource_index/packages/depth_image_proc
[214.481s] -- Symlinking: /home/bryan/Workspace/ros2_ws/install/depth_image_proc/share/ament_index/resource_index/rclcpp_components/depth_image_proc
[214.481s] -- Symlinking: /home/bryan/Workspace/ros2_ws/install/depth_image_proc/share/depth_image_proc/cmake/ament_cmake_export_dependencies-extras.cmake
[214.482s] -- Symlinking: /home/bryan/Workspace/ros2_ws/install/depth_image_proc/share/depth_image_proc/cmake/ament_cmake_export_include_directories-extras.cmake
[214.482s] -- Symlinking: /home/bryan/Workspace/ros2_ws/install/depth_image_proc/share/depth_image_proc/cmake/ament_cmake_export_libraries-extras.cmake
[214.482s] -- Symlinking: /home/bryan/Workspace/ros2_ws/install/depth_image_proc/share/depth_image_proc/cmake/depth_image_procConfig.cmake
[214.502s] -- Symlinking: /home/bryan/Workspace/ros2_ws/install/depth_image_proc/share/depth_image_proc/cmake/depth_image_procConfig-version.cmake
[214.514s] -- Symlinking: /home/bryan/Workspace/ros2_ws/install/depth_image_proc/share/depth_image_proc/package.xml
[214.543s] Invoked command in '/home/bryan/Workspace/ros2_ws/build/depth_image_proc' returned '0': AMENT_PREFIX_PATH=/home/bryan/Workspace/ros2_ws/install/image_geometry:/home/bryan/Workspace/ros2_ws/install/cv_bridge:${AMENT_PREFIX_PATH} CMAKE_PREFIX_PATH=/home/bryan/Workspace/ros2_ws/install/image_geometry:/home/bryan/Workspace/ros2_ws/install/cv_bridge:/opt/ros/humble LD_LIBRARY_PATH=/home/bryan/Workspace/ros2_ws/install/image_geometry/lib:/home/bryan/Workspace/ros2_ws/install/cv_bridge/lib:${LD_LIBRARY_PATH} PYTHONPATH=/home/bryan/Workspace/ros2_ws/install/image_geometry/local/lib/python3.10/dist-packages:/home/bryan/Workspace/ros2_ws/install/cv_bridge/local/lib/python3.10/dist-packages:${PYTHONPATH} /usr/bin/cmake --install /home/bryan/Workspace/ros2_ws/build/depth_image_proc
