[0.054s] Invoking command in '/home/bryan/Workspace/ros2_ws/build/image_proc': AMENT_PREFIX_PATH=/home/bryan/Workspace/ros2_ws/install/tracetools_image_pipeline:${AMENT_PREFIX_PATH} CMAKE_PREFIX_PATH=/home/bryan/Workspace/ros2_ws/install/tracetools_image_pipeline:/opt/ros/humble LD_LIBRARY_PATH=/home/bryan/Workspace/ros2_ws/install/tracetools_image_pipeline/lib:${LD_LIBRARY_PATH} /usr/bin/cmake /home/bryan/Workspace/ros2_ws/image_pipeline/image_proc -DCMAKE_INSTALL_PREFIX=/home/bryan/Workspace/ros2_ws/install/image_proc
[0.188s] -- The C compiler identification is GNU 11.4.0
[0.267s] -- The CXX compiler identification is GNU 11.4.0
[0.308s] -- Detecting C compiler ABI info
[0.548s] -- Detecting C compiler ABI info - done
[0.561s] -- Check for working C compiler: /usr/bin/cc - skipped
[0.561s] -- Detecting C compile features
[0.562s] -- Detecting C compile features - done
[0.566s] -- Detecting CXX compiler ABI info
[0.852s] -- Detecting CXX compiler ABI info - done
[0.875s] -- Check for working CXX compiler: /usr/bin/c++ - skipped
[0.879s] -- Detecting CXX compile features
[0.880s] -- Detecting CXX compile features - done
[0.958s] -- Found ament_cmake_auto: 1.3.14 (/opt/ros/humble/share/ament_cmake_auto/cmake)
[1.500s] -- Found Python3: /usr/bin/python3 (found version "3.10.12") found components: Interpreter 
[2.388s] -- Found rosidl_generator_c: 3.1.8 (/opt/ros/humble/share/rosidl_generator_c/cmake)
[2.405s] -- Found rosidl_adapter: 3.1.8 (/opt/ros/humble/share/rosidl_adapter/cmake)
[2.427s] -- Found rosidl_generator_cpp: 3.1.8 (/opt/ros/humble/share/rosidl_generator_cpp/cmake)
[2.452s] -- Using all available rosidl_typesupport_c: rosidl_typesupport_fastrtps_c;rosidl_typesupport_introspection_c
[2.531s] -- Using all available rosidl_typesupport_cpp: rosidl_typesupport_fastrtps_cpp;rosidl_typesupport_introspection_cpp
[2.878s] -- Found rmw_implementation_cmake: 6.1.2 (/opt/ros/humble/share/rmw_implementation_cmake/cmake)
[2.878s] -- Found rmw_fastrtps_cpp: 6.2.10 (/opt/ros/humble/share/rmw_fastrtps_cpp/cmake)
[3.525s] -- Found OpenSSL: /usr/lib/x86_64-linux-gnu/libcrypto.so (found version "3.0.2")  
[3.637s] -- Found FastRTPS: /opt/ros/humble/include  
[4.029s] -- Using RMW implementation 'rmw_fastrtps_cpp' as default
[4.115s] -- Looking for pthread.h
[4.601s] -- Looking for pthread.h - found
[4.602s] -- Performing Test CMAKE_HAVE_LIBC_PTHREAD
[7.990s] -- Performing Test CMAKE_HAVE_LIBC_PTHREAD - Success
[8.320s] -- Found Threads: TRUE  
[8.322s] -- Found OpenCV: /usr (found version "4.5.4") 
[8.347s] -- Found ament_lint_auto: 0.12.15 (/opt/ros/humble/share/ament_lint_auto/cmake)
[8.565s] [0mIn this package, headers install destination is set to `include` by ament_auto_package. It is recommended to install `include/image_proc` instead and will be the default behavior of ament_auto_package from ROS 2 Kilted Kaiju. On distributions before Kilted, ament_auto_package behaves the same way when you use USE_SCOPED_HEADER_INSTALL_DIR option.[0m
[8.602s] -- Added test 'copyright' to check source files copyright and LICENSE
[8.669s] -- Added test 'cppcheck' to perform static code analysis on C / C++ code
[8.670s] -- Configured cppcheck include dirs: /home/bryan/Workspace/ros2_ws/image_pipeline/image_proc/include
[8.670s] -- Configured cppcheck exclude dirs and/or files: 
[8.688s] -- Added test 'cpplint' to check C / C++ code against the Google style
[8.689s] -- Configured cpplint exclude dirs and/or files: 
[8.689s] -- Added test 'flake8' to check Python code syntax and style conventions
[8.720s] -- Added test 'lint_cmake' to check CMake code style
[8.776s] -- Added test 'pep257' to check Python code against some of the docstring style conventions in PEP 257
[8.802s] -- Added test 'uncrustify' to check C / C++ code style
[8.826s] -- Configured uncrustify additional arguments: 
[8.887s] -- Added test 'xmllint' to check XML markup files
[9.525s] -- Configuring done
[12.439s] -- Generating done
[13.444s] -- Build files have been written to: /home/bryan/Workspace/ros2_ws/build/image_proc
[15.175s] Invoked command in '/home/bryan/Workspace/ros2_ws/build/image_proc' returned '0': AMENT_PREFIX_PATH=/home/bryan/Workspace/ros2_ws/install/tracetools_image_pipeline:${AMENT_PREFIX_PATH} CMAKE_PREFIX_PATH=/home/bryan/Workspace/ros2_ws/install/tracetools_image_pipeline:/opt/ros/humble LD_LIBRARY_PATH=/home/bryan/Workspace/ros2_ws/install/tracetools_image_pipeline/lib:${LD_LIBRARY_PATH} /usr/bin/cmake /home/bryan/Workspace/ros2_ws/image_pipeline/image_proc -DCMAKE_INSTALL_PREFIX=/home/bryan/Workspace/ros2_ws/install/image_proc
[15.246s] Invoking command in '/home/bryan/Workspace/ros2_ws/build/image_proc': AMENT_PREFIX_PATH=/home/bryan/Workspace/ros2_ws/install/tracetools_image_pipeline:${AMENT_PREFIX_PATH} CMAKE_PREFIX_PATH=/home/bryan/Workspace/ros2_ws/install/tracetools_image_pipeline:/opt/ros/humble LD_LIBRARY_PATH=/home/bryan/Workspace/ros2_ws/install/tracetools_image_pipeline/lib:${LD_LIBRARY_PATH} /usr/bin/cmake --build /home/bryan/Workspace/ros2_ws/build/image_proc -- -j3 -l3
[16.673s] [  4%] [32mBuilding CXX object CMakeFiles/rectify_node.dir/rclcpp_components/node_main_rectify_node.cpp.o[0m
[16.714s] [  8%] [32mBuilding CXX object CMakeFiles/image_proc.dir/src/image_proc/processor.cpp.o[0m
[17.735s] [ 12%] [32mBuilding CXX object CMakeFiles/debayer_node.dir/rclcpp_components/node_main_debayer_node.cpp.o[0m
[22.531s] [ 16%] [32m[1mLinking CXX shared library libimage_proc.so[0m
[24.226s] [ 16%] Built target image_proc
[24.227s] [ 20%] [32mBuilding CXX object CMakeFiles/resize_node.dir/rclcpp_components/node_main_resize_node.cpp.o[0m
[29.538s] [ 24%] [32m[1mLinking CXX executable debayer_node[0m
[30.570s] [ 24%] Built target debayer_node
[31.803s] [ 28%] [32m[1mLinking CXX executable rectify_node[0m
[32.156s] [ 28%] Built target rectify_node
[32.960s] [ 32%] [32m[1mLinking CXX executable resize_node[0m
[34.572s] [ 32%] Built target resize_node
[34.705s] [ 36%] [32mBuilding CXX object CMakeFiles/crop_non_zero_node.dir/rclcpp_components/node_main_crop_non_zero_node.cpp.o[0m
[41.009s] [ 40%] [32m[1mLinking CXX executable crop_non_zero_node[0m
[41.379s] [ 40%] Built target crop_non_zero_node
[41.556s] [ 44%] [32mBuilding CXX object CMakeFiles/rectify.dir/src/rectify.cpp.o[0m
[49.402s] [ 48%] [32m[1mLinking CXX shared library librectify.so[0m
[49.758s] [ 48%] Built target rectify
[49.853s] [ 52%] [32mBuilding CXX object CMakeFiles/crop_decimate_node.dir/rclcpp_components/node_main_crop_decimate_node.cpp.o[0m
[56.169s] [ 56%] [32m[1mLinking CXX executable crop_decimate_node[0m
[56.449s] [ 56%] Built target crop_decimate_node
[56.540s] [ 60%] [32mBuilding CXX object CMakeFiles/debayer.dir/src/debayer.cpp.o[0m
[66.505s] [ 64%] [32mBuilding CXX object CMakeFiles/debayer.dir/src/edge_aware.cpp.o[0m
[69.051s] [ 68%] [32m[1mLinking CXX shared library libdebayer.so[0m
[69.440s] [ 68%] Built target debayer
[69.695s] [ 72%] [32mBuilding CXX object CMakeFiles/resize.dir/src/resize.cpp.o[0m
[77.809s] [ 76%] [32m[1mLinking CXX shared library libresize.so[0m
[79.010s] [ 76%] Built target resize
[79.069s] [ 80%] [32mBuilding CXX object CMakeFiles/crop_decimate.dir/src/crop_decimate.cpp.o[0m
[90.842s] [ 84%] [32m[1mLinking CXX shared library libcrop_decimate.so[0m
[91.691s] [ 84%] Built target crop_decimate
[91.756s] [ 88%] [32mBuilding CXX object CMakeFiles/crop_non_zero.dir/src/crop_non_zero.cpp.o[0m
[100.451s] [ 92%] [32m[1mLinking CXX shared library libcrop_non_zero.so[0m
[101.922s] [ 92%] Built target crop_non_zero
[103.053s] [ 96%] [32mBuilding CXX object CMakeFiles/image_proc_exe.dir/src/image_proc.cpp.o[0m
[109.803s] [100%] [32m[1mLinking CXX executable image_proc[0m
[110.420s] [100%] Built target image_proc_exe
[110.670s] Invoked command in '/home/bryan/Workspace/ros2_ws/build/image_proc' returned '0': AMENT_PREFIX_PATH=/home/bryan/Workspace/ros2_ws/install/tracetools_image_pipeline:${AMENT_PREFIX_PATH} CMAKE_PREFIX_PATH=/home/bryan/Workspace/ros2_ws/install/tracetools_image_pipeline:/opt/ros/humble LD_LIBRARY_PATH=/home/bryan/Workspace/ros2_ws/install/tracetools_image_pipeline/lib:${LD_LIBRARY_PATH} /usr/bin/cmake --build /home/bryan/Workspace/ros2_ws/build/image_proc -- -j3 -l3
[110.672s] Invoking command in '/home/bryan/Workspace/ros2_ws/build/image_proc': AMENT_PREFIX_PATH=/home/bryan/Workspace/ros2_ws/install/tracetools_image_pipeline:${AMENT_PREFIX_PATH} CMAKE_PREFIX_PATH=/home/bryan/Workspace/ros2_ws/install/tracetools_image_pipeline:/opt/ros/humble LD_LIBRARY_PATH=/home/bryan/Workspace/ros2_ws/install/tracetools_image_pipeline/lib:${LD_LIBRARY_PATH} /usr/bin/cmake --install /home/bryan/Workspace/ros2_ws/build/image_proc
[110.696s] -- Install configuration: ""
[110.696s] -- Installing: /home/bryan/Workspace/ros2_ws/install/image_proc/lib/image_proc/rectify_node
[110.696s] -- Set runtime path of "/home/bryan/Workspace/ros2_ws/install/image_proc/lib/image_proc/rectify_node" to ""
[110.696s] -- Installing: /home/bryan/Workspace/ros2_ws/install/image_proc/lib/image_proc/debayer_node
[110.696s] -- Set runtime path of "/home/bryan/Workspace/ros2_ws/install/image_proc/lib/image_proc/debayer_node" to ""
[110.696s] -- Installing: /home/bryan/Workspace/ros2_ws/install/image_proc/lib/image_proc/resize_node
[110.696s] -- Set runtime path of "/home/bryan/Workspace/ros2_ws/install/image_proc/lib/image_proc/resize_node" to ""
[110.697s] -- Installing: /home/bryan/Workspace/ros2_ws/install/image_proc/lib/image_proc/crop_decimate_node
[110.697s] -- Set runtime path of "/home/bryan/Workspace/ros2_ws/install/image_proc/lib/image_proc/crop_decimate_node" to ""
[110.697s] -- Installing: /home/bryan/Workspace/ros2_ws/install/image_proc/lib/image_proc/crop_non_zero_node
[110.697s] -- Set runtime path of "/home/bryan/Workspace/ros2_ws/install/image_proc/lib/image_proc/crop_non_zero_node" to ""
[110.697s] -- Installing: /home/bryan/Workspace/ros2_ws/install/image_proc/bin/image_proc
[110.697s] -- Set runtime path of "/home/bryan/Workspace/ros2_ws/install/image_proc/bin/image_proc" to ""
[110.697s] -- Installing: /home/bryan/Workspace/ros2_ws/install/image_proc/include
[110.697s] -- Installing: /home/bryan/Workspace/ros2_ws/install/image_proc/include/image_proc
[110.697s] -- Installing: /home/bryan/Workspace/ros2_ws/install/image_proc/include/image_proc/debayer.hpp
[110.697s] -- Installing: /home/bryan/Workspace/ros2_ws/install/image_proc/include/image_proc/utils.hpp
[110.697s] -- Installing: /home/bryan/Workspace/ros2_ws/install/image_proc/include/image_proc/crop_decimate.hpp
[110.697s] -- Installing: /home/bryan/Workspace/ros2_ws/install/image_proc/include/image_proc/resize.hpp
[110.697s] -- Installing: /home/bryan/Workspace/ros2_ws/install/image_proc/include/image_proc/edge_aware.hpp
[110.698s] -- Installing: /home/bryan/Workspace/ros2_ws/install/image_proc/include/image_proc/processor.hpp
[110.698s] -- Installing: /home/bryan/Workspace/ros2_ws/install/image_proc/include/image_proc/crop_non_zero.hpp
[110.698s] -- Installing: /home/bryan/Workspace/ros2_ws/install/image_proc/include/image_proc/rectify.hpp
[110.698s] -- Installing: /home/bryan/Workspace/ros2_ws/install/image_proc/share/image_proc/environment/library_path.sh
[110.698s] -- Installing: /home/bryan/Workspace/ros2_ws/install/image_proc/share/image_proc/environment/library_path.dsv
[110.698s] -- Installing: /home/bryan/Workspace/ros2_ws/install/image_proc/lib/libimage_proc.so
[110.698s] -- Set runtime path of "/home/bryan/Workspace/ros2_ws/install/image_proc/lib/libimage_proc.so" to ""
[110.698s] -- Installing: /home/bryan/Workspace/ros2_ws/install/image_proc/lib/librectify.so
[110.698s] -- Set runtime path of "/home/bryan/Workspace/ros2_ws/install/image_proc/lib/librectify.so" to ""
[110.698s] -- Installing: /home/bryan/Workspace/ros2_ws/install/image_proc/lib/libdebayer.so
[110.698s] -- Set runtime path of "/home/bryan/Workspace/ros2_ws/install/image_proc/lib/libdebayer.so" to ""
[110.698s] -- Installing: /home/bryan/Workspace/ros2_ws/install/image_proc/lib/libresize.so
[110.698s] -- Set runtime path of "/home/bryan/Workspace/ros2_ws/install/image_proc/lib/libresize.so" to ""
[110.698s] -- Installing: /home/bryan/Workspace/ros2_ws/install/image_proc/lib/libcrop_decimate.so
[110.699s] -- Set runtime path of "/home/bryan/Workspace/ros2_ws/install/image_proc/lib/libcrop_decimate.so" to ""
[110.699s] -- Installing: /home/bryan/Workspace/ros2_ws/install/image_proc/lib/libcrop_non_zero.so
[110.699s] -- Set runtime path of "/home/bryan/Workspace/ros2_ws/install/image_proc/lib/libcrop_non_zero.so" to ""
[110.699s] -- Installing: /home/bryan/Workspace/ros2_ws/install/image_proc/lib/image_proc/image_proc
[110.699s] -- Set runtime path of "/home/bryan/Workspace/ros2_ws/install/image_proc/lib/image_proc/image_proc" to ""
[110.699s] -- Installing: /home/bryan/Workspace/ros2_ws/install/image_proc/share/image_proc/launch
[110.699s] -- Installing: /home/bryan/Workspace/ros2_ws/install/image_proc/share/image_proc/launch/image_proc.launch.py
[110.699s] -- Installing: /home/bryan/Workspace/ros2_ws/install/image_proc/share/ament_index/resource_index/package_run_dependencies/image_proc
[110.699s] -- Installing: /home/bryan/Workspace/ros2_ws/install/image_proc/share/ament_index/resource_index/parent_prefix_path/image_proc
[110.699s] -- Installing: /home/bryan/Workspace/ros2_ws/install/image_proc/share/image_proc/environment/ament_prefix_path.sh
[110.699s] -- Installing: /home/bryan/Workspace/ros2_ws/install/image_proc/share/image_proc/environment/ament_prefix_path.dsv
[110.700s] -- Installing: /home/bryan/Workspace/ros2_ws/install/image_proc/share/image_proc/environment/path.sh
[110.700s] -- Installing: /home/bryan/Workspace/ros2_ws/install/image_proc/share/image_proc/environment/path.dsv
[110.700s] -- Installing: /home/bryan/Workspace/ros2_ws/install/image_proc/share/image_proc/local_setup.bash
[110.700s] -- Installing: /home/bryan/Workspace/ros2_ws/install/image_proc/share/image_proc/local_setup.sh
[110.700s] -- Installing: /home/bryan/Workspace/ros2_ws/install/image_proc/share/image_proc/local_setup.zsh
[110.700s] -- Installing: /home/bryan/Workspace/ros2_ws/install/image_proc/share/image_proc/local_setup.dsv
[110.700s] -- Installing: /home/bryan/Workspace/ros2_ws/install/image_proc/share/image_proc/package.dsv
[110.700s] -- Installing: /home/bryan/Workspace/ros2_ws/install/image_proc/share/ament_index/resource_index/packages/image_proc
[110.700s] -- Installing: /home/bryan/Workspace/ros2_ws/install/image_proc/share/ament_index/resource_index/rclcpp_components/image_proc
[110.700s] -- Installing: /home/bryan/Workspace/ros2_ws/install/image_proc/share/image_proc/cmake/ament_cmake_export_dependencies-extras.cmake
[110.700s] -- Installing: /home/bryan/Workspace/ros2_ws/install/image_proc/share/image_proc/cmake/ament_cmake_export_include_directories-extras.cmake
[110.700s] -- Installing: /home/bryan/Workspace/ros2_ws/install/image_proc/share/image_proc/cmake/ament_cmake_export_libraries-extras.cmake
[110.700s] -- Installing: /home/bryan/Workspace/ros2_ws/install/image_proc/share/image_proc/cmake/image_procConfig.cmake
[110.700s] -- Installing: /home/bryan/Workspace/ros2_ws/install/image_proc/share/image_proc/cmake/image_procConfig-version.cmake
[110.700s] -- Installing: /home/bryan/Workspace/ros2_ws/install/image_proc/share/image_proc/package.xml
[110.754s] Invoked command in '/home/bryan/Workspace/ros2_ws/build/image_proc' returned '0': AMENT_PREFIX_PATH=/home/bryan/Workspace/ros2_ws/install/tracetools_image_pipeline:${AMENT_PREFIX_PATH} CMAKE_PREFIX_PATH=/home/bryan/Workspace/ros2_ws/install/tracetools_image_pipeline:/opt/ros/humble LD_LIBRARY_PATH=/home/bryan/Workspace/ros2_ws/install/tracetools_image_pipeline/lib:${LD_LIBRARY_PATH} /usr/bin/cmake --install /home/bryan/Workspace/ros2_ws/build/image_proc
