[0.082s] Invoking command in '/home/bryan/Workspace/ros2_ws/build/tracetools_image_pipeline': CMAKE_PREFIX_PATH=/opt/ros/humble /usr/bin/cmake /home/bryan/Workspace/ros2_ws/image_pipeline/tracetools_image_pipeline -DAMENT_CMAKE_SYMLINK_INSTALL=1 -DCMAKE_INSTALL_PREFIX=/home/bryan/Workspace/ros2_ws/install/tracetools_image_pipeline
[0.228s] -- Found ament_cmake_ros: 0.10.0 (/opt/ros/humble/share/ament_cmake_ros/cmake)
[0.563s] -- Override CMake install command with custom implementation using symlinks instead of copying resources
[0.690s] -- Checking for module 'lttng-ust'
[0.696s] --   No package 'lttng-ust' found
[0.719s] -- Found ament_lint_auto: 0.12.15 (/opt/ros/humble/share/ament_lint_auto/cmake)
[1.001s] -- Added test 'copyright' to check source files copyright and LICENSE
[1.007s] -- Added test 'cppcheck' to perform static code analysis on C / C++ code
[1.007s] -- Configured cppcheck include dirs: 
[1.007s] -- Configured cppcheck exclude dirs and/or files: 
[1.018s] -- Added test 'cpplint' to check C / C++ code against the Google style
[1.018s] -- Configured cpplint exclude dirs and/or files: 
[1.021s] -- Added test 'lint_cmake' to check CMake code style
[1.026s] -- Added test 'uncrustify' to check C / C++ code style
[1.026s] -- Configured uncrustify additional arguments: 
[1.026s] -- Added test 'xmllint' to check XML markup files
[1.039s] -- Configuring done
[1.149s] -- Generating done
[1.160s] -- Build files have been written to: /home/bryan/Workspace/ros2_ws/build/tracetools_image_pipeline
[1.175s] Invoked command in '/home/bryan/Workspace/ros2_ws/build/tracetools_image_pipeline' returned '0': CMAKE_PREFIX_PATH=/opt/ros/humble /usr/bin/cmake /home/bryan/Workspace/ros2_ws/image_pipeline/tracetools_image_pipeline -DAMENT_CMAKE_SYMLINK_INSTALL=1 -DCMAKE_INSTALL_PREFIX=/home/bryan/Workspace/ros2_ws/install/tracetools_image_pipeline
[1.179s] Invoking command in '/home/bryan/Workspace/ros2_ws/build/tracetools_image_pipeline': CMAKE_PREFIX_PATH=/opt/ros/humble /usr/bin/cmake --build /home/bryan/Workspace/ros2_ws/build/tracetools_image_pipeline -- -j3 -l3
[1.364s] [35m[1mConsolidate compiler generated dependencies of target tracetools_image_pipeline[0m
[1.419s] [ 60%] Built target tracetools_image_pipeline
[1.469s] [35m[1mConsolidate compiler generated dependencies of target status[0m
[1.500s] [ 80%] [32m[1mLinking C executable status[0m
[1.720s] [100%] Built target status
[1.741s] Invoked command in '/home/bryan/Workspace/ros2_ws/build/tracetools_image_pipeline' returned '0': CMAKE_PREFIX_PATH=/opt/ros/humble /usr/bin/cmake --build /home/bryan/Workspace/ros2_ws/build/tracetools_image_pipeline -- -j3 -l3
[1.770s] Invoking command in '/home/bryan/Workspace/ros2_ws/build/tracetools_image_pipeline': CMAKE_PREFIX_PATH=/opt/ros/humble /usr/bin/cmake --install /home/bryan/Workspace/ros2_ws/build/tracetools_image_pipeline
[1.782s] -- Install configuration: ""
[1.782s] -- Execute custom install script
[1.790s] -- Symlinking: /home/bryan/Workspace/ros2_ws/install/tracetools_image_pipeline/share/tracetools_image_pipeline/environment/library_path.sh
[1.823s] -- Symlinking: /home/bryan/Workspace/ros2_ws/install/tracetools_image_pipeline/share/tracetools_image_pipeline/environment/library_path.dsv
[1.856s] -- Symlinking: /home/bryan/Workspace/ros2_ws/install/tracetools_image_pipeline/lib/tracetools_image_pipeline/status
[1.900s] -- Symlinking: /home/bryan/Workspace/ros2_ws/install/tracetools_image_pipeline/include/tracetools_image_pipeline/config.h
[1.923s] -- Symlinking: /home/bryan/Workspace/ros2_ws/install/tracetools_image_pipeline/include/tracetools_image_pipeline/tracetools.h
[1.958s] -- Symlinking: /home/bryan/Workspace/ros2_ws/install/tracetools_image_pipeline/include/tracetools_image_pipeline/utils.hpp
[1.978s] -- Symlinking: /home/bryan/Workspace/ros2_ws/install/tracetools_image_pipeline/include/tracetools_image_pipeline/visibility_control.hpp
[1.996s] -- Symlinking: /home/bryan/Workspace/ros2_ws/install/tracetools_image_pipeline/share/ament_index/resource_index/package_run_dependencies/tracetools_image_pipeline
[2.022s] -- Symlinking: /home/bryan/Workspace/ros2_ws/install/tracetools_image_pipeline/share/ament_index/resource_index/parent_prefix_path/tracetools_image_pipeline
[2.109s] -- Symlinking: /home/bryan/Workspace/ros2_ws/install/tracetools_image_pipeline/share/tracetools_image_pipeline/environment/ament_prefix_path.sh
[2.133s] -- Symlinking: /home/bryan/Workspace/ros2_ws/install/tracetools_image_pipeline/share/tracetools_image_pipeline/environment/ament_prefix_path.dsv
[2.149s] -- Symlinking: /home/bryan/Workspace/ros2_ws/install/tracetools_image_pipeline/share/tracetools_image_pipeline/environment/path.sh
[2.181s] -- Symlinking: /home/bryan/Workspace/ros2_ws/install/tracetools_image_pipeline/share/tracetools_image_pipeline/environment/path.dsv
[2.191s] -- Symlinking: /home/bryan/Workspace/ros2_ws/install/tracetools_image_pipeline/share/tracetools_image_pipeline/local_setup.bash
[2.209s] -- Symlinking: /home/bryan/Workspace/ros2_ws/install/tracetools_image_pipeline/share/tracetools_image_pipeline/local_setup.sh
[2.226s] -- Symlinking: /home/bryan/Workspace/ros2_ws/install/tracetools_image_pipeline/share/tracetools_image_pipeline/local_setup.zsh
[2.249s] -- Symlinking: /home/bryan/Workspace/ros2_ws/install/tracetools_image_pipeline/share/tracetools_image_pipeline/local_setup.dsv
[2.264s] -- Symlinking: /home/bryan/Workspace/ros2_ws/install/tracetools_image_pipeline/share/tracetools_image_pipeline/package.dsv
[2.281s] -- Symlinking: /home/bryan/Workspace/ros2_ws/install/tracetools_image_pipeline/share/ament_index/resource_index/packages/tracetools_image_pipeline
[2.308s] -- Symlinking: /home/bryan/Workspace/ros2_ws/install/tracetools_image_pipeline/share/tracetools_image_pipeline/cmake/ament_cmake_export_targets-extras.cmake
[2.323s] -- Symlinking: /home/bryan/Workspace/ros2_ws/install/tracetools_image_pipeline/share/tracetools_image_pipeline/cmake/ament_cmake_export_include_directories-extras.cmake
[2.337s] -- Symlinking: /home/bryan/Workspace/ros2_ws/install/tracetools_image_pipeline/share/tracetools_image_pipeline/cmake/ament_cmake_export_libraries-extras.cmake
[2.357s] -- Symlinking: /home/bryan/Workspace/ros2_ws/install/tracetools_image_pipeline/share/tracetools_image_pipeline/cmake/tracetools_image_pipelineConfig.cmake
[2.378s] -- Symlinking: /home/bryan/Workspace/ros2_ws/install/tracetools_image_pipeline/share/tracetools_image_pipeline/cmake/tracetools_image_pipelineConfig-version.cmake
[2.419s] -- Symlinking: /home/bryan/Workspace/ros2_ws/install/tracetools_image_pipeline/share/tracetools_image_pipeline/package.xml
[2.440s] -- Up-to-date: /home/bryan/Workspace/ros2_ws/install/tracetools_image_pipeline/lib/libtracetools_image_pipeline.so
[2.441s] -- Up-to-date: /home/bryan/Workspace/ros2_ws/install/tracetools_image_pipeline/share/tracetools_image_pipeline/cmake/tracetools_image_pipeline_exportExport.cmake
[2.442s] -- Up-to-date: /home/bryan/Workspace/ros2_ws/install/tracetools_image_pipeline/share/tracetools_image_pipeline/cmake/tracetools_image_pipeline_exportExport-noconfig.cmake
