[0.037s] Invoking command in '/home/bryan/Workspace/ros2_ws/build/image_publisher': AMENT_PREFIX_PATH=/home/bryan/Workspace/ros2_ws/install/cv_bridge:${AMENT_PREFIX_PATH} CMAKE_PREFIX_PATH=/home/bryan/Workspace/ros2_ws/install/cv_bridge:/opt/ros/humble LD_LIBRARY_PATH=/home/bryan/Workspace/ros2_ws/install/cv_bridge/lib:${LD_LIBRARY_PATH} PYTHONPATH=/home/bryan/Workspace/ros2_ws/install/cv_bridge/local/lib/python3.10/dist-packages:${PYTHONPATH} /usr/bin/cmake /home/bryan/Workspace/ros2_ws/image_pipeline/image_publisher -DAMENT_CMAKE_SYMLINK_INSTALL=1 -DCMAKE_INSTALL_PREFIX=/home/bryan/Workspace/ros2_ws/install/image_publisher
[0.155s] -- The C compiler identification is GNU 11.4.0
[0.302s] -- The CXX compiler identification is GNU 11.4.0
[0.322s] -- Detecting C compiler ABI info
[0.458s] -- Detecting C compiler ABI info - done
[0.497s] -- Check for working C compiler: /usr/bin/cc - skipped
[0.497s] -- Detecting C compile features
[0.497s] -- Detecting C compile features - done
[0.517s] -- Detecting CXX compiler ABI info
[0.850s] -- Detecting CXX compiler ABI info - done
[0.862s] -- Check for working CXX compiler: /usr/bin/c++ - skipped
[0.863s] -- Detecting CXX compile features
[0.864s] -- Detecting CXX compile features - done
[0.867s] -- Found ament_cmake_auto: 1.3.14 (/opt/ros/humble/share/ament_cmake_auto/cmake)
[1.122s] -- Found Python3: /usr/bin/python3 (found version "3.10.12") found components: Interpreter 
[1.230s] -- Override CMake install command with custom implementation using symlinks instead of copying resources
[1.303s] -- Found camera_info_manager: 3.1.12 (/opt/ros/humble/share/camera_info_manager/cmake)
[1.416s] -- Found rosidl_generator_c: 3.1.8 (/opt/ros/humble/share/rosidl_generator_c/cmake)
[1.440s] -- Found rosidl_adapter: 3.1.8 (/opt/ros/humble/share/rosidl_adapter/cmake)
[1.457s] -- Found rosidl_generator_cpp: 3.1.8 (/opt/ros/humble/share/rosidl_generator_cpp/cmake)
[1.480s] -- Using all available rosidl_typesupport_c: rosidl_typesupport_fastrtps_c;rosidl_typesupport_introspection_c
[1.508s] -- Using all available rosidl_typesupport_cpp: rosidl_typesupport_fastrtps_cpp;rosidl_typesupport_introspection_cpp
[1.579s] -- Found rmw_implementation_cmake: 6.1.2 (/opt/ros/humble/share/rmw_implementation_cmake/cmake)
[1.581s] -- Found rmw_fastrtps_cpp: 6.2.10 (/opt/ros/humble/share/rmw_fastrtps_cpp/cmake)
[1.831s] -- Found OpenSSL: /usr/lib/x86_64-linux-gnu/libcrypto.so (found version "3.0.2")  
[1.897s] -- Found FastRTPS: /opt/ros/humble/include  
[1.988s] -- Using RMW implementation 'rmw_fastrtps_cpp' as default
[2.002s] -- Looking for pthread.h
[2.200s] -- Looking for pthread.h - found
[2.201s] -- Performing Test CMAKE_HAVE_LIBC_PTHREAD
[2.381s] -- Performing Test CMAKE_HAVE_LIBC_PTHREAD - Success
[2.433s] -- Found Threads: TRUE  
[2.826s] -- Found OpenCV: /usr (found version "4.5.4") found components: core imgcodecs videoio 
[2.826s] -- opencv version 4.5.4
[2.838s] -- Found ament_lint_auto: 0.12.15 (/opt/ros/humble/share/ament_lint_auto/cmake)
[2.866s] [0mIn this package, headers install destination is set to `include` by ament_auto_package. It is recommended to install `include/image_publisher` instead and will be the default behavior of ament_auto_package from ROS 2 Kilted Kaiju. On distributions before Kilted, ament_auto_package behaves the same way when you use USE_SCOPED_HEADER_INSTALL_DIR option.[0m
[2.878s] -- Added test 'copyright' to check source files copyright and LICENSE
[2.958s] -- Added test 'cppcheck' to perform static code analysis on C / C++ code
[2.959s] -- Configured cppcheck include dirs: /home/bryan/Workspace/ros2_ws/image_pipeline/image_publisher/include
[2.969s] -- Configured cppcheck exclude dirs and/or files: 
[2.977s] -- Added test 'cpplint' to check C / C++ code against the Google style
[3.021s] -- Configured cpplint exclude dirs and/or files: 
[3.021s] -- Added test 'flake8' to check Python code syntax and style conventions
[3.021s] -- Added test 'lint_cmake' to check CMake code style
[3.021s] -- Added test 'pep257' to check Python code against some of the docstring style conventions in PEP 257
[3.021s] -- Added test 'uncrustify' to check C / C++ code style
[3.021s] -- Configured uncrustify additional arguments: 
[3.021s] -- Added test 'xmllint' to check XML markup files
[3.022s] -- Configuring done
[3.067s] -- Generating done
[3.077s] -- Build files have been written to: /home/bryan/Workspace/ros2_ws/build/image_publisher
[3.090s] Invoked command in '/home/bryan/Workspace/ros2_ws/build/image_publisher' returned '0': AMENT_PREFIX_PATH=/home/bryan/Workspace/ros2_ws/install/cv_bridge:${AMENT_PREFIX_PATH} CMAKE_PREFIX_PATH=/home/bryan/Workspace/ros2_ws/install/cv_bridge:/opt/ros/humble LD_LIBRARY_PATH=/home/bryan/Workspace/ros2_ws/install/cv_bridge/lib:${LD_LIBRARY_PATH} PYTHONPATH=/home/bryan/Workspace/ros2_ws/install/cv_bridge/local/lib/python3.10/dist-packages:${PYTHONPATH} /usr/bin/cmake /home/bryan/Workspace/ros2_ws/image_pipeline/image_publisher -DAMENT_CMAKE_SYMLINK_INSTALL=1 -DCMAKE_INSTALL_PREFIX=/home/bryan/Workspace/ros2_ws/install/image_publisher
[3.115s] Invoking command in '/home/bryan/Workspace/ros2_ws/build/image_publisher': AMENT_PREFIX_PATH=/home/bryan/Workspace/ros2_ws/install/cv_bridge:${AMENT_PREFIX_PATH} CMAKE_PREFIX_PATH=/home/bryan/Workspace/ros2_ws/install/cv_bridge:/opt/ros/humble LD_LIBRARY_PATH=/home/bryan/Workspace/ros2_ws/install/cv_bridge/lib:${LD_LIBRARY_PATH} PYTHONPATH=/home/bryan/Workspace/ros2_ws/install/cv_bridge/local/lib/python3.10/dist-packages:${PYTHONPATH} /usr/bin/cmake --build /home/bryan/Workspace/ros2_ws/build/image_publisher -- -j3 -l3
[3.278s] [ 25%] [32mBuilding CXX object CMakeFiles/image_publisher.dir/src/image_publisher.cpp.o[0m
[9.999s] [ 50%] [32m[1mLinking CXX shared library libimage_publisher.so[0m
[10.489s] [ 50%] Built target image_publisher
[10.639s] [ 75%] [32mBuilding CXX object CMakeFiles/image_publisher_node.dir/src/image_publisher_node.cpp.o[0m
[16.057s] [100%] [32m[1mLinking CXX executable image_publisher_node[0m
[17.163s] [100%] Built target image_publisher_node
[17.188s] Invoked command in '/home/bryan/Workspace/ros2_ws/build/image_publisher' returned '0': AMENT_PREFIX_PATH=/home/bryan/Workspace/ros2_ws/install/cv_bridge:${AMENT_PREFIX_PATH} CMAKE_PREFIX_PATH=/home/bryan/Workspace/ros2_ws/install/cv_bridge:/opt/ros/humble LD_LIBRARY_PATH=/home/bryan/Workspace/ros2_ws/install/cv_bridge/lib:${LD_LIBRARY_PATH} PYTHONPATH=/home/bryan/Workspace/ros2_ws/install/cv_bridge/local/lib/python3.10/dist-packages:${PYTHONPATH} /usr/bin/cmake --build /home/bryan/Workspace/ros2_ws/build/image_publisher -- -j3 -l3
[17.191s] Invoking command in '/home/bryan/Workspace/ros2_ws/build/image_publisher': AMENT_PREFIX_PATH=/home/bryan/Workspace/ros2_ws/install/cv_bridge:${AMENT_PREFIX_PATH} CMAKE_PREFIX_PATH=/home/bryan/Workspace/ros2_ws/install/cv_bridge:/opt/ros/humble LD_LIBRARY_PATH=/home/bryan/Workspace/ros2_ws/install/cv_bridge/lib:${LD_LIBRARY_PATH} PYTHONPATH=/home/bryan/Workspace/ros2_ws/install/cv_bridge/local/lib/python3.10/dist-packages:${PYTHONPATH} /usr/bin/cmake --install /home/bryan/Workspace/ros2_ws/build/image_publisher
[17.202s] -- Install configuration: ""
[17.203s] -- Execute custom install script
[17.204s] -- Symlinking: /home/bryan/Workspace/ros2_ws/install/image_publisher/include/image_publisher/image_publisher.hpp
[17.220s] -- Symlinking: /home/bryan/Workspace/ros2_ws/install/image_publisher/include/image_publisher/visibility.h
[17.240s] -- Symlinking: /home/bryan/Workspace/ros2_ws/install/image_publisher/share/image_publisher/environment/library_path.sh
[17.261s] -- Symlinking: /home/bryan/Workspace/ros2_ws/install/image_publisher/share/image_publisher/environment/library_path.dsv
[17.292s] -- Symlinking: /home/bryan/Workspace/ros2_ws/install/image_publisher/lib/libimage_publisher.so
[17.311s] -- Symlinking: /home/bryan/Workspace/ros2_ws/install/image_publisher/lib/image_publisher/image_publisher_node
[17.333s] -- Symlinking: /home/bryan/Workspace/ros2_ws/install/image_publisher/share/image_publisher/launch/image_publisher_file.launch.py
[17.349s] -- Symlinking: /home/bryan/Workspace/ros2_ws/install/image_publisher/share/image_publisher/launch/image_publisher_mono.launch.py
[17.376s] -- Symlinking: /home/bryan/Workspace/ros2_ws/install/image_publisher/share/image_publisher/launch/image_publisher_stereo.launch.py
[17.395s] -- Symlinking: /home/bryan/Workspace/ros2_ws/install/image_publisher/share/image_publisher/launch/splash.png
[17.415s] -- Symlinking: /home/bryan/Workspace/ros2_ws/install/image_publisher/share/ament_index/resource_index/package_run_dependencies/image_publisher
[17.430s] -- Symlinking: /home/bryan/Workspace/ros2_ws/install/image_publisher/share/ament_index/resource_index/parent_prefix_path/image_publisher
[17.451s] -- Symlinking: /home/bryan/Workspace/ros2_ws/install/image_publisher/share/image_publisher/environment/ament_prefix_path.sh
[17.485s] -- Symlinking: /home/bryan/Workspace/ros2_ws/install/image_publisher/share/image_publisher/environment/ament_prefix_path.dsv
[17.502s] -- Symlinking: /home/bryan/Workspace/ros2_ws/install/image_publisher/share/image_publisher/environment/path.sh
[17.521s] -- Symlinking: /home/bryan/Workspace/ros2_ws/install/image_publisher/share/image_publisher/environment/path.dsv
[17.538s] -- Symlinking: /home/bryan/Workspace/ros2_ws/install/image_publisher/share/image_publisher/local_setup.bash
[17.557s] -- Symlinking: /home/bryan/Workspace/ros2_ws/install/image_publisher/share/image_publisher/local_setup.sh
[17.587s] -- Symlinking: /home/bryan/Workspace/ros2_ws/install/image_publisher/share/image_publisher/local_setup.zsh
[17.607s] -- Symlinking: /home/bryan/Workspace/ros2_ws/install/image_publisher/share/image_publisher/local_setup.dsv
[17.621s] -- Symlinking: /home/bryan/Workspace/ros2_ws/install/image_publisher/share/image_publisher/package.dsv
[17.639s] -- Symlinking: /home/bryan/Workspace/ros2_ws/install/image_publisher/share/ament_index/resource_index/packages/image_publisher
[17.661s] -- Symlinking: /home/bryan/Workspace/ros2_ws/install/image_publisher/share/ament_index/resource_index/rclcpp_components/image_publisher
[17.689s] -- Symlinking: /home/bryan/Workspace/ros2_ws/install/image_publisher/share/image_publisher/cmake/ament_cmake_export_dependencies-extras.cmake
[17.707s] -- Symlinking: /home/bryan/Workspace/ros2_ws/install/image_publisher/share/image_publisher/cmake/ament_cmake_export_include_directories-extras.cmake
[17.726s] -- Symlinking: /home/bryan/Workspace/ros2_ws/install/image_publisher/share/image_publisher/cmake/ament_cmake_export_libraries-extras.cmake
[17.753s] -- Symlinking: /home/bryan/Workspace/ros2_ws/install/image_publisher/share/image_publisher/cmake/image_publisherConfig.cmake
[17.776s] -- Symlinking: /home/bryan/Workspace/ros2_ws/install/image_publisher/share/image_publisher/cmake/image_publisherConfig-version.cmake
[17.802s] -- Symlinking: /home/bryan/Workspace/ros2_ws/install/image_publisher/share/image_publisher/package.xml
[17.824s] Invoked command in '/home/bryan/Workspace/ros2_ws/build/image_publisher' returned '0': AMENT_PREFIX_PATH=/home/bryan/Workspace/ros2_ws/install/cv_bridge:${AMENT_PREFIX_PATH} CMAKE_PREFIX_PATH=/home/bryan/Workspace/ros2_ws/install/cv_bridge:/opt/ros/humble LD_LIBRARY_PATH=/home/bryan/Workspace/ros2_ws/install/cv_bridge/lib:${LD_LIBRARY_PATH} PYTHONPATH=/home/bryan/Workspace/ros2_ws/install/cv_bridge/local/lib/python3.10/dist-packages:${PYTHONPATH} /usr/bin/cmake --install /home/bryan/Workspace/ros2_ws/build/image_publisher
