[0.890s] Invoking command in '/home/bryan/Workspace/ros2_ws/src/image_converter': PYTHONPATH=/home/bryan/Workspace/ros2_ws/build/image_converter/prefix_override:/usr/lib/python3/dist-packages/colcon_core/task/python/colcon_distutils_commands:/home/bryan/Workspace/ros2_ws/install/image_converter/lib/python3.10/site-packages:${PYTHONPATH} /usr/bin/python3 -W ignore:setup.py install is deprecated -W ignore:easy_install command is deprecated setup.py egg_info --egg-base ../../build/image_converter build --build-base /home/bryan/Workspace/ros2_ws/build/image_converter/build install --record /home/bryan/Workspace/ros2_ws/build/image_converter/install.log --single-version-externally-managed install_data
[1.198s] running egg_info
[1.199s] creating ../../build/image_converter/image_converter.egg-info
[1.199s] writing ../../build/image_converter/image_converter.egg-info/PKG-INFO
[1.199s] writing dependency_links to ../../build/image_converter/image_converter.egg-info/dependency_links.txt
[1.199s] writing entry points to ../../build/image_converter/image_converter.egg-info/entry_points.txt
[1.199s] writing requirements to ../../build/image_converter/image_converter.egg-info/requires.txt
[1.199s] writing top-level names to ../../build/image_converter/image_converter.egg-info/top_level.txt
[1.199s] writing manifest file '../../build/image_converter/image_converter.egg-info/SOURCES.txt'
[1.203s] reading manifest file '../../build/image_converter/image_converter.egg-info/SOURCES.txt'
[1.203s] writing manifest file '../../build/image_converter/image_converter.egg-info/SOURCES.txt'
[1.203s] running build
[1.203s] running build_py
[1.203s] creating /home/bryan/Workspace/ros2_ws/build/image_converter/build
[1.203s] creating /home/bryan/Workspace/ros2_ws/build/image_converter/build/lib
[1.203s] creating /home/bryan/Workspace/ros2_ws/build/image_converter/build/lib/image_converter
[1.203s] copying image_converter/__init__.py -> /home/bryan/Workspace/ros2_ws/build/image_converter/build/lib/image_converter
[1.203s] copying image_converter/image_converter_pkg.py -> /home/bryan/Workspace/ros2_ws/build/image_converter/build/lib/image_converter
[1.203s] running install
[1.203s] running install_lib
[1.205s] creating /home/bryan/Workspace/ros2_ws/install/image_converter/lib/python3.10/site-packages/image_converter
[1.205s] copying /home/bryan/Workspace/ros2_ws/build/image_converter/build/lib/image_converter/__init__.py -> /home/bryan/Workspace/ros2_ws/install/image_converter/lib/python3.10/site-packages/image_converter
[1.205s] copying /home/bryan/Workspace/ros2_ws/build/image_converter/build/lib/image_converter/image_converter_pkg.py -> /home/bryan/Workspace/ros2_ws/install/image_converter/lib/python3.10/site-packages/image_converter
[1.206s] byte-compiling /home/bryan/Workspace/ros2_ws/install/image_converter/lib/python3.10/site-packages/image_converter/__init__.py to __init__.cpython-310.pyc
[1.206s] byte-compiling /home/bryan/Workspace/ros2_ws/install/image_converter/lib/python3.10/site-packages/image_converter/image_converter_pkg.py to image_converter_pkg.cpython-310.pyc
[1.207s] running install_data
[1.207s] creating /home/bryan/Workspace/ros2_ws/install/image_converter/share/ament_index
[1.207s] creating /home/bryan/Workspace/ros2_ws/install/image_converter/share/ament_index/resource_index
[1.207s] creating /home/bryan/Workspace/ros2_ws/install/image_converter/share/ament_index/resource_index/packages
[1.207s] copying resource/image_converter -> /home/bryan/Workspace/ros2_ws/install/image_converter/share/ament_index/resource_index/packages
[1.207s] copying package.xml -> /home/bryan/Workspace/ros2_ws/install/image_converter/share/image_converter
[1.207s] running install_egg_info
[1.210s] Copying ../../build/image_converter/image_converter.egg-info to /home/bryan/Workspace/ros2_ws/install/image_converter/lib/python3.10/site-packages/image_converter-0.0.0-py3.10.egg-info
[1.210s] running install_scripts
[1.257s] Installing image_converter_pkg script to /home/bryan/Workspace/ros2_ws/install/image_converter/lib/image_converter
[1.257s] writing list of installed files to '/home/bryan/Workspace/ros2_ws/build/image_converter/install.log'
[1.302s] Invoked command in '/home/bryan/Workspace/ros2_ws/src/image_converter' returned '0': PYTHONPATH=/home/bryan/Workspace/ros2_ws/build/image_converter/prefix_override:/usr/lib/python3/dist-packages/colcon_core/task/python/colcon_distutils_commands:/home/bryan/Workspace/ros2_ws/install/image_converter/lib/python3.10/site-packages:${PYTHONPATH} /usr/bin/python3 -W ignore:setup.py install is deprecated -W ignore:easy_install command is deprecated setup.py egg_info --egg-base ../../build/image_converter build --build-base /home/bryan/Workspace/ros2_ws/build/image_converter/build install --record /home/bryan/Workspace/ros2_ws/build/image_converter/install.log --single-version-externally-managed install_data
