[0.006s] Invoking command in '/home/bryan/Workspace/ros2_ws/build/examples_rclcpp_minimal_timer': CMAKE_PREFIX_PATH=/opt/ros/humble /usr/bin/cmake /home/bryan/Workspace/ros2_ws/src/examples/rclcpp/timers/minimal_timer -DAMENT_CMAKE_SYMLINK_INSTALL=1 -DCMAKE_INSTALL_PREFIX=/home/bryan/Workspace/ros2_ws/install/examples_rclcpp_minimal_timer
[0.383s] -- The C compiler identification is GNU 11.4.0
[0.492s] -- The CXX compiler identification is GNU 11.4.0
[0.506s] -- Detecting C compiler ABI info
[0.682s] -- Detecting C compiler ABI info - done
[0.690s] -- Check for working C compiler: /usr/bin/cc - skipped
[0.690s] -- Detecting C compile features
[0.691s] -- Detecting C compile features - done
[0.694s] -- Detecting CXX compiler ABI info
[0.829s] -- Detecting CXX compiler ABI info - done
[0.838s] -- Check for working CXX compiler: /usr/bin/c++ - skipped
[0.839s] -- Detecting CXX compile features
[0.901s] -- Detecting CXX compile features - done
[0.901s] -- Found ament_cmake: 1.3.14 (/opt/ros/humble/share/ament_cmake/cmake)
[2.037s] -- Found Python3: /usr/bin/python3 (found version "3.10.12") found components: Interpreter 
[2.038s] -- Override CMake install command with custom implementation using symlinks instead of copying resources
[2.038s] -- Found rclcpp: 16.0.18 (/opt/ros/humble/share/rclcpp/cmake)
[2.038s] -- Found rosidl_generator_c: 3.1.8 (/opt/ros/humble/share/rosidl_generator_c/cmake)
[2.038s] -- Found rosidl_adapter: 3.1.8 (/opt/ros/humble/share/rosidl_adapter/cmake)
[2.038s] -- Found rosidl_generator_cpp: 3.1.8 (/opt/ros/humble/share/rosidl_generator_cpp/cmake)
[2.039s] -- Using all available rosidl_typesupport_c: rosidl_typesupport_fastrtps_c;rosidl_typesupport_introspection_c
[2.039s] -- Using all available rosidl_typesupport_cpp: rosidl_typesupport_fastrtps_cpp;rosidl_typesupport_introspection_cpp
[2.039s] -- Found rmw_implementation_cmake: 6.1.2 (/opt/ros/humble/share/rmw_implementation_cmake/cmake)
[2.039s] -- Found rmw_fastrtps_cpp: 6.2.10 (/opt/ros/humble/share/rmw_fastrtps_cpp/cmake)
[2.164s] -- Found OpenSSL: /usr/lib/x86_64-linux-gnu/libcrypto.so (found version "3.0.2")  
[2.198s] -- Found FastRTPS: /opt/ros/humble/include  
[2.278s] -- Using RMW implementation 'rmw_fastrtps_cpp' as default
[2.291s] -- Looking for pthread.h
[2.427s] -- Looking for pthread.h - found
[2.428s] -- Performing Test CMAKE_HAVE_LIBC_PTHREAD
[2.559s] -- Performing Test CMAKE_HAVE_LIBC_PTHREAD - Success
[2.560s] -- Found Threads: TRUE  
[2.623s] -- Found ament_lint_auto: 0.12.15 (/opt/ros/humble/share/ament_lint_auto/cmake)
[2.747s] -- Added test 'copyright' to check source files copyright and LICENSE
[2.797s] -- Added test 'cppcheck' to perform static code analysis on C / C++ code
[2.797s] -- Configured cppcheck include dirs: 
[2.798s] -- Configured cppcheck exclude dirs and/or files: 
[2.798s] -- Added test 'cpplint' to check C / C++ code against the Google style
[2.798s] -- Configured cpplint exclude dirs and/or files: 
[2.798s] -- Added test 'lint_cmake' to check CMake code style
[2.798s] -- Added test 'uncrustify' to check C / C++ code style
[2.798s] -- Configured uncrustify additional arguments: 
[2.798s] -- Added test 'xmllint' to check XML markup files
[2.798s] -- Configuring done
[2.798s] -- Generating done
[2.817s] -- Build files have been written to: /home/bryan/Workspace/ros2_ws/build/examples_rclcpp_minimal_timer
[2.830s] Invoked command in '/home/bryan/Workspace/ros2_ws/build/examples_rclcpp_minimal_timer' returned '0': CMAKE_PREFIX_PATH=/opt/ros/humble /usr/bin/cmake /home/bryan/Workspace/ros2_ws/src/examples/rclcpp/timers/minimal_timer -DAMENT_CMAKE_SYMLINK_INSTALL=1 -DCMAKE_INSTALL_PREFIX=/home/bryan/Workspace/ros2_ws/install/examples_rclcpp_minimal_timer
[2.832s] Invoking command in '/home/bryan/Workspace/ros2_ws/build/examples_rclcpp_minimal_timer': CMAKE_PREFIX_PATH=/opt/ros/humble /usr/bin/cmake --build /home/bryan/Workspace/ros2_ws/build/examples_rclcpp_minimal_timer -- -j3 -l3
[3.271s] [ 25%] [32mBuilding CXX object CMakeFiles/timer_lambda.dir/lambda.cpp.o[0m
[7.817s] [ 50%] [32m[1mLinking CXX executable timer_lambda[0m
[8.095s] [ 50%] Built target timer_lambda
[8.140s] [ 75%] [32mBuilding CXX object CMakeFiles/timer_member_function.dir/member_function.cpp.o[0m
[13.035s] [100%] [32m[1mLinking CXX executable timer_member_function[0m
[13.264s] [100%] Built target timer_member_function
[13.553s] Invoked command in '/home/bryan/Workspace/ros2_ws/build/examples_rclcpp_minimal_timer' returned '0': CMAKE_PREFIX_PATH=/opt/ros/humble /usr/bin/cmake --build /home/bryan/Workspace/ros2_ws/build/examples_rclcpp_minimal_timer -- -j3 -l3
[13.656s] Invoking command in '/home/bryan/Workspace/ros2_ws/build/examples_rclcpp_minimal_timer': CMAKE_PREFIX_PATH=/opt/ros/humble /usr/bin/cmake --install /home/bryan/Workspace/ros2_ws/build/examples_rclcpp_minimal_timer
[13.697s] -- Install configuration: ""
[13.697s] -- Execute custom install script
[13.697s] -- Symlinking: /home/bryan/Workspace/ros2_ws/install/examples_rclcpp_minimal_timer/lib/examples_rclcpp_minimal_timer/timer_lambda
[13.766s] -- Symlinking: /home/bryan/Workspace/ros2_ws/install/examples_rclcpp_minimal_timer/lib/examples_rclcpp_minimal_timer/timer_member_function
[13.813s] -- Symlinking: /home/bryan/Workspace/ros2_ws/install/examples_rclcpp_minimal_timer/share/ament_index/resource_index/package_run_dependencies/examples_rclcpp_minimal_timer
[14.083s] -- Symlinking: /home/bryan/Workspace/ros2_ws/install/examples_rclcpp_minimal_timer/share/ament_index/resource_index/parent_prefix_path/examples_rclcpp_minimal_timer
[14.122s] -- Symlinking: /home/bryan/Workspace/ros2_ws/install/examples_rclcpp_minimal_timer/share/examples_rclcpp_minimal_timer/environment/ament_prefix_path.sh
[14.323s] -- Symlinking: /home/bryan/Workspace/ros2_ws/install/examples_rclcpp_minimal_timer/share/examples_rclcpp_minimal_timer/environment/ament_prefix_path.dsv
[14.339s] -- Symlinking: /home/bryan/Workspace/ros2_ws/install/examples_rclcpp_minimal_timer/share/examples_rclcpp_minimal_timer/environment/path.sh
[14.355s] -- Symlinking: /home/bryan/Workspace/ros2_ws/install/examples_rclcpp_minimal_timer/share/examples_rclcpp_minimal_timer/environment/path.dsv
[14.372s] -- Symlinking: /home/bryan/Workspace/ros2_ws/install/examples_rclcpp_minimal_timer/share/examples_rclcpp_minimal_timer/local_setup.bash
[14.403s] -- Symlinking: /home/bryan/Workspace/ros2_ws/install/examples_rclcpp_minimal_timer/share/examples_rclcpp_minimal_timer/local_setup.sh
[14.417s] -- Symlinking: /home/bryan/Workspace/ros2_ws/install/examples_rclcpp_minimal_timer/share/examples_rclcpp_minimal_timer/local_setup.zsh
[14.434s] -- Symlinking: /home/bryan/Workspace/ros2_ws/install/examples_rclcpp_minimal_timer/share/examples_rclcpp_minimal_timer/local_setup.dsv
[14.446s] -- Symlinking: /home/bryan/Workspace/ros2_ws/install/examples_rclcpp_minimal_timer/share/examples_rclcpp_minimal_timer/package.dsv
[14.460s] -- Symlinking: /home/bryan/Workspace/ros2_ws/install/examples_rclcpp_minimal_timer/share/ament_index/resource_index/packages/examples_rclcpp_minimal_timer
[14.474s] -- Symlinking: /home/bryan/Workspace/ros2_ws/install/examples_rclcpp_minimal_timer/share/examples_rclcpp_minimal_timer/cmake/examples_rclcpp_minimal_timerConfig.cmake
[14.488s] -- Symlinking: /home/bryan/Workspace/ros2_ws/install/examples_rclcpp_minimal_timer/share/examples_rclcpp_minimal_timer/cmake/examples_rclcpp_minimal_timerConfig-version.cmake
[14.502s] -- Symlinking: /home/bryan/Workspace/ros2_ws/install/examples_rclcpp_minimal_timer/share/examples_rclcpp_minimal_timer/package.xml
[14.523s] Invoked command in '/home/bryan/Workspace/ros2_ws/build/examples_rclcpp_minimal_timer' returned '0': CMAKE_PREFIX_PATH=/opt/ros/humble /usr/bin/cmake --install /home/bryan/Workspace/ros2_ws/build/examples_rclcpp_minimal_timer
