[1.156s] Invoking command in '/home/bryan/Workspace/ros2_ws/src/image_converter': PYTHONPATH=/home/bryan/Workspace/ros2_ws/build/image_converter/prefix_override:/usr/lib/python3/dist-packages/colcon_core/task/python/colcon_distutils_commands:/home/bryan/Workspace/ros2_ws/install/image_converter/lib/python3.10/site-packages:${PYTHONPATH} /usr/bin/python3 -W ignore:setup.py install is deprecated -W ignore:easy_install command is deprecated setup.py egg_info --egg-base ../../build/image_converter build --build-base /home/bryan/Workspace/ros2_ws/build/image_converter/build install --record /home/bryan/Workspace/ros2_ws/build/image_converter/install.log --single-version-externally-managed install_data
[1.502s] running egg_info
[1.506s] writing ../../build/image_converter/image_converter.egg-info/PKG-INFO
[1.506s] writing dependency_links to ../../build/image_converter/image_converter.egg-info/dependency_links.txt
[1.506s] writing entry points to ../../build/image_converter/image_converter.egg-info/entry_points.txt
[1.506s] writing requirements to ../../build/image_converter/image_converter.egg-info/requires.txt
[1.506s] writing top-level names to ../../build/image_converter/image_converter.egg-info/top_level.txt
[1.509s] reading manifest file '../../build/image_converter/image_converter.egg-info/SOURCES.txt'
[1.511s] writing manifest file '../../build/image_converter/image_converter.egg-info/SOURCES.txt'
[1.511s] running build
[1.511s] running build_py
[1.524s] running install
[1.524s] running install_lib
[1.524s] running install_data
[1.524s] copying launch/image_conversion_launch.py -> /home/bryan/Workspace/ros2_ws/install/image_converter/share/image_converter/launch
[1.524s] running install_egg_info
[1.525s] removing '/home/bryan/Workspace/ros2_ws/install/image_converter/lib/python3.10/site-packages/image_converter-0.0.0-py3.10.egg-info' (and everything under it)
[1.525s] Copying ../../build/image_converter/image_converter.egg-info to /home/bryan/Workspace/ros2_ws/install/image_converter/lib/python3.10/site-packages/image_converter-0.0.0-py3.10.egg-info
[1.525s] running install_scripts
[1.585s] Installing image_converter_pkg script to /home/bryan/Workspace/ros2_ws/install/image_converter/lib/image_converter
[1.590s] writing list of installed files to '/home/bryan/Workspace/ros2_ws/build/image_converter/install.log'
[1.626s] Invoked command in '/home/bryan/Workspace/ros2_ws/src/image_converter' returned '0': PYTHONPATH=/home/bryan/Workspace/ros2_ws/build/image_converter/prefix_override:/usr/lib/python3/dist-packages/colcon_core/task/python/colcon_distutils_commands:/home/bryan/Workspace/ros2_ws/install/image_converter/lib/python3.10/site-packages:${PYTHONPATH} /usr/bin/python3 -W ignore:setup.py install is deprecated -W ignore:easy_install command is deprecated setup.py egg_info --egg-base ../../build/image_converter build --build-base /home/bryan/Workspace/ros2_ws/build/image_converter/build install --record /home/bryan/Workspace/ros2_ws/build/image_converter/install.log --single-version-externally-managed install_data
