[1.568s] Invoking command in '/home/bryan/Workspace/ros2_ws/build/examples_rclpy_minimal_action_server': PYTHONPATH=/home/bryan/Workspace/ros2_ws/build/examples_rclpy_minimal_action_server/prefix_override:/usr/lib/python3/dist-packages/colcon_core/task/python/colcon_distutils_commands:/home/bryan/Workspace/ros2_ws/install/examples_rclpy_minimal_action_server/lib/python3.10/site-packages:${PYTHONPATH} /usr/bin/python3 -W ignore:setup.py install is deprecated -W ignore:easy_install command is deprecated setup.py develop --editable --build-directory /home/bryan/Workspace/ros2_ws/build/examples_rclpy_minimal_action_server/build --no-deps symlink_data
[1.925s] running develop
[2.088s] running egg_info
[2.089s] writing examples_rclpy_minimal_action_server.egg-info/PKG-INFO
[2.090s] writing dependency_links to examples_rclpy_minimal_action_server.egg-info/dependency_links.txt
[2.093s] writing entry points to examples_rclpy_minimal_action_server.egg-info/entry_points.txt
[2.093s] writing requirements to examples_rclpy_minimal_action_server.egg-info/requires.txt
[2.093s] writing top-level names to examples_rclpy_minimal_action_server.egg-info/top_level.txt
[2.106s] reading manifest file 'examples_rclpy_minimal_action_server.egg-info/SOURCES.txt'
[2.106s] writing manifest file 'examples_rclpy_minimal_action_server.egg-info/SOURCES.txt'
[2.106s] running build_ext
[2.106s] Creating /home/bryan/Workspace/ros2_ws/install/examples_rclpy_minimal_action_server/lib/python3.10/site-packages/examples-rclpy-minimal-action-server.egg-link (link to .)
[2.106s] Installing server script to /home/bryan/Workspace/ros2_ws/install/examples_rclpy_minimal_action_server/lib/examples_rclpy_minimal_action_server
[2.148s] Installing server_defer script to /home/bryan/Workspace/ros2_ws/install/examples_rclpy_minimal_action_server/lib/examples_rclpy_minimal_action_server
[2.148s] Installing server_not_composable script to /home/bryan/Workspace/ros2_ws/install/examples_rclpy_minimal_action_server/lib/examples_rclpy_minimal_action_server
[2.148s] Installing server_queue_goals script to /home/bryan/Workspace/ros2_ws/install/examples_rclpy_minimal_action_server/lib/examples_rclpy_minimal_action_server
[2.148s] Installing server_single_goal script to /home/bryan/Workspace/ros2_ws/install/examples_rclpy_minimal_action_server/lib/examples_rclpy_minimal_action_server
[2.149s] 
[2.149s] Installed /home/bryan/Workspace/ros2_ws/build/examples_rclpy_minimal_action_server
[2.149s] running symlink_data
[2.160s] Invoked command in '/home/bryan/Workspace/ros2_ws/build/examples_rclpy_minimal_action_server' returned '0': PYTHONPATH=/home/bryan/Workspace/ros2_ws/build/examples_rclpy_minimal_action_server/prefix_override:/usr/lib/python3/dist-packages/colcon_core/task/python/colcon_distutils_commands:/home/bryan/Workspace/ros2_ws/install/examples_rclpy_minimal_action_server/lib/python3.10/site-packages:${PYTHONPATH} /usr/bin/python3 -W ignore:setup.py install is deprecated -W ignore:easy_install command is deprecated setup.py develop --editable --build-directory /home/bryan/Workspace/ros2_ws/build/examples_rclpy_minimal_action_server/build --no-deps symlink_data
