[0.111s] Invoking command in '/home/bryan/Workspace/ros2_ws/build/examples_rclcpp_cbg_executor': CMAKE_PREFIX_PATH=/opt/ros/humble /usr/bin/cmake /home/bryan/Workspace/ros2_ws/src/examples/rclcpp/executors/cbg_executor -DAMENT_CMAKE_SYMLINK_INSTALL=1 -DCMAKE_INSTALL_PREFIX=/home/bryan/Workspace/ros2_ws/install/examples_rclcpp_cbg_executor
[0.780s] -- The C compiler identification is GNU 11.4.0
[1.135s] -- The CXX compiler identification is GNU 11.4.0
[1.256s] -- Detecting C compiler ABI info
[1.511s] -- Detecting C compiler ABI info - done
[1.524s] -- Check for working C compiler: /usr/bin/cc - skipped
[1.524s] -- Detecting C compile features
[1.524s] -- Detecting C compile features - done
[1.532s] -- Detecting CXX compiler ABI info
[1.758s] -- Detecting CXX compiler ABI info - done
[1.807s] -- Check for working CXX compiler: /usr/bin/c++ - skipped
[1.807s] -- Detecting CXX compile features
[1.807s] -- Detecting CXX compile features - done
[1.864s] -- Found ament_cmake: 1.3.14 (/opt/ros/humble/share/ament_cmake/cmake)
[2.163s] -- Found Python3: /usr/bin/python3 (found version "3.10.12") found components: Interpreter 
[2.286s] -- Override CMake install command with custom implementation using symlinks instead of copying resources
[2.467s] -- Found rclcpp: 16.0.18 (/opt/ros/humble/share/rclcpp/cmake)
[2.666s] -- Found rosidl_generator_c: 3.1.8 (/opt/ros/humble/share/rosidl_generator_c/cmake)
[2.682s] -- Found rosidl_adapter: 3.1.8 (/opt/ros/humble/share/rosidl_adapter/cmake)
[2.756s] -- Found rosidl_generator_cpp: 3.1.8 (/opt/ros/humble/share/rosidl_generator_cpp/cmake)
[2.838s] -- Using all available rosidl_typesupport_c: rosidl_typesupport_fastrtps_c;rosidl_typesupport_introspection_c
[2.883s] -- Using all available rosidl_typesupport_cpp: rosidl_typesupport_fastrtps_cpp;rosidl_typesupport_introspection_cpp
[3.092s] -- Found rmw_implementation_cmake: 6.1.2 (/opt/ros/humble/share/rmw_implementation_cmake/cmake)
[3.125s] -- Found rmw_fastrtps_cpp: 6.2.10 (/opt/ros/humble/share/rmw_fastrtps_cpp/cmake)
[3.485s] -- Found OpenSSL: /usr/lib/x86_64-linux-gnu/libcrypto.so (found version "3.0.2")  
[3.531s] -- Found FastRTPS: /opt/ros/humble/include  
[3.586s] -- Using RMW implementation 'rmw_fastrtps_cpp' as default
[3.674s] -- Looking for pthread.h
[3.913s] -- Looking for pthread.h - found
[3.913s] -- Performing Test CMAKE_HAVE_LIBC_PTHREAD
[4.100s] -- Performing Test CMAKE_HAVE_LIBC_PTHREAD - Success
[4.104s] -- Found Threads: TRUE  
[4.363s] -- Found ament_lint_auto: 0.12.15 (/opt/ros/humble/share/ament_lint_auto/cmake)
[4.524s] -- Added test 'copyright' to check source files copyright and LICENSE
[4.536s] -- Added test 'cppcheck' to perform static code analysis on C / C++ code
[4.536s] -- Configured cppcheck include dirs: /home/bryan/Workspace/ros2_ws/src/examples/rclcpp/executors/cbg_executor/include
[4.536s] -- Configured cppcheck exclude dirs and/or files: 
[4.536s] -- Added test 'cpplint' to check C / C++ code against the Google style
[4.536s] -- Configured cpplint exclude dirs and/or files: 
[4.536s] -- Added test 'lint_cmake' to check CMake code style
[4.537s] -- Added test 'uncrustify' to check C / C++ code style
[4.537s] -- Configured uncrustify additional arguments: 
[4.538s] -- Added test 'xmllint' to check XML markup files
[4.543s] -- Configuring done
[4.559s] -- Generating done
[4.583s] -- Build files have been written to: /home/bryan/Workspace/ros2_ws/build/examples_rclcpp_cbg_executor
[4.604s] Invoked command in '/home/bryan/Workspace/ros2_ws/build/examples_rclcpp_cbg_executor' returned '0': CMAKE_PREFIX_PATH=/opt/ros/humble /usr/bin/cmake /home/bryan/Workspace/ros2_ws/src/examples/rclcpp/executors/cbg_executor -DAMENT_CMAKE_SYMLINK_INSTALL=1 -DCMAKE_INSTALL_PREFIX=/home/bryan/Workspace/ros2_ws/install/examples_rclcpp_cbg_executor
[4.604s] Invoking command in '/home/bryan/Workspace/ros2_ws/build/examples_rclcpp_cbg_executor': CMAKE_PREFIX_PATH=/opt/ros/humble /usr/bin/cmake --build /home/bryan/Workspace/ros2_ws/build/examples_rclcpp_cbg_executor -- -j3 -l3
[4.740s] [ 10%] [32mBuilding CXX object CMakeFiles/pong.dir/src/pong.cpp.o[0m
[4.797s] [ 20%] [32mBuilding CXX object CMakeFiles/ping.dir/src/ping.cpp.o[0m
[4.838s] [ 30%] [32mBuilding CXX object CMakeFiles/ping_pong.dir/src/ping_pong.cpp.o[0m
[24.473s] [ 40%] [32mBuilding CXX object CMakeFiles/ping.dir/src/examples_rclcpp_cbg_executor/ping_node.cpp.o[0m
[26.157s] [ 50%] [32mBuilding CXX object CMakeFiles/pong.dir/src/examples_rclcpp_cbg_executor/pong_node.cpp.o[0m
[26.874s] [ 60%] [32mBuilding CXX object CMakeFiles/ping_pong.dir/src/examples_rclcpp_cbg_executor/ping_node.cpp.o[0m
[43.425s] [ 70%] [32m[1mLinking CXX executable ping[0m
[44.914s] [ 70%] Built target ping
[45.129s] [ 80%] [32m[1mLinking CXX executable pong[0m
[46.444s] [ 80%] Built target pong
[46.872s] [ 90%] [32mBuilding CXX object CMakeFiles/ping_pong.dir/src/examples_rclcpp_cbg_executor/pong_node.cpp.o[0m
[63.787s] [100%] [32m[1mLinking CXX executable ping_pong[0m
[65.104s] [100%] Built target ping_pong
[65.162s] Invoked command in '/home/bryan/Workspace/ros2_ws/build/examples_rclcpp_cbg_executor' returned '0': CMAKE_PREFIX_PATH=/opt/ros/humble /usr/bin/cmake --build /home/bryan/Workspace/ros2_ws/build/examples_rclcpp_cbg_executor -- -j3 -l3
[65.163s] Invoking command in '/home/bryan/Workspace/ros2_ws/build/examples_rclcpp_cbg_executor': CMAKE_PREFIX_PATH=/opt/ros/humble /usr/bin/cmake --install /home/bryan/Workspace/ros2_ws/build/examples_rclcpp_cbg_executor
[65.177s] -- Install configuration: ""
[65.179s] -- Execute custom install script
[65.181s] -- Symlinking: /home/bryan/Workspace/ros2_ws/install/examples_rclcpp_cbg_executor/lib/examples_rclcpp_cbg_executor/ping
[65.219s] -- Symlinking: /home/bryan/Workspace/ros2_ws/install/examples_rclcpp_cbg_executor/lib/examples_rclcpp_cbg_executor/pong
[65.236s] -- Symlinking: /home/bryan/Workspace/ros2_ws/install/examples_rclcpp_cbg_executor/lib/examples_rclcpp_cbg_executor/ping_pong
[65.256s] -- Symlinking: /home/bryan/Workspace/ros2_ws/install/examples_rclcpp_cbg_executor/include/examples_rclcpp_cbg_executor/ping_node.hpp
[65.272s] -- Symlinking: /home/bryan/Workspace/ros2_ws/install/examples_rclcpp_cbg_executor/include/examples_rclcpp_cbg_executor/pong_node.hpp
[65.314s] -- Symlinking: /home/bryan/Workspace/ros2_ws/install/examples_rclcpp_cbg_executor/share/ament_index/resource_index/package_run_dependencies/examples_rclcpp_cbg_executor
[65.334s] -- Symlinking: /home/bryan/Workspace/ros2_ws/install/examples_rclcpp_cbg_executor/share/ament_index/resource_index/parent_prefix_path/examples_rclcpp_cbg_executor
[65.351s] -- Symlinking: /home/bryan/Workspace/ros2_ws/install/examples_rclcpp_cbg_executor/share/examples_rclcpp_cbg_executor/environment/ament_prefix_path.sh
[65.368s] -- Symlinking: /home/bryan/Workspace/ros2_ws/install/examples_rclcpp_cbg_executor/share/examples_rclcpp_cbg_executor/environment/ament_prefix_path.dsv
[65.392s] -- Symlinking: /home/bryan/Workspace/ros2_ws/install/examples_rclcpp_cbg_executor/share/examples_rclcpp_cbg_executor/environment/path.sh
[65.413s] -- Symlinking: /home/bryan/Workspace/ros2_ws/install/examples_rclcpp_cbg_executor/share/examples_rclcpp_cbg_executor/environment/path.dsv
[65.435s] -- Symlinking: /home/bryan/Workspace/ros2_ws/install/examples_rclcpp_cbg_executor/share/examples_rclcpp_cbg_executor/local_setup.bash
[65.444s] -- Symlinking: /home/bryan/Workspace/ros2_ws/install/examples_rclcpp_cbg_executor/share/examples_rclcpp_cbg_executor/local_setup.sh
[65.460s] -- Symlinking: /home/bryan/Workspace/ros2_ws/install/examples_rclcpp_cbg_executor/share/examples_rclcpp_cbg_executor/local_setup.zsh
[65.502s] -- Symlinking: /home/bryan/Workspace/ros2_ws/install/examples_rclcpp_cbg_executor/share/examples_rclcpp_cbg_executor/local_setup.dsv
[65.534s] -- Symlinking: /home/bryan/Workspace/ros2_ws/install/examples_rclcpp_cbg_executor/share/examples_rclcpp_cbg_executor/package.dsv
[65.539s] -- Symlinking: /home/bryan/Workspace/ros2_ws/install/examples_rclcpp_cbg_executor/share/ament_index/resource_index/packages/examples_rclcpp_cbg_executor
[65.612s] -- Symlinking: /home/bryan/Workspace/ros2_ws/install/examples_rclcpp_cbg_executor/share/examples_rclcpp_cbg_executor/cmake/ament_cmake_export_dependencies-extras.cmake
[65.720s] -- Symlinking: /home/bryan/Workspace/ros2_ws/install/examples_rclcpp_cbg_executor/share/examples_rclcpp_cbg_executor/cmake/examples_rclcpp_cbg_executorConfig.cmake
[65.739s] -- Symlinking: /home/bryan/Workspace/ros2_ws/install/examples_rclcpp_cbg_executor/share/examples_rclcpp_cbg_executor/cmake/examples_rclcpp_cbg_executorConfig-version.cmake
[65.752s] -- Symlinking: /home/bryan/Workspace/ros2_ws/install/examples_rclcpp_cbg_executor/share/examples_rclcpp_cbg_executor/package.xml
[65.780s] Invoked command in '/home/bryan/Workspace/ros2_ws/build/examples_rclcpp_cbg_executor' returned '0': CMAKE_PREFIX_PATH=/opt/ros/humble /usr/bin/cmake --install /home/bryan/Workspace/ros2_ws/build/examples_rclcpp_cbg_executor
