[0.024s] Invoking command in '/home/bryan/Workspace/ros2_ws/build/vision_opencv': AMENT_PREFIX_PATH=/home/bryan/Workspace/ros2_ws/install/image_geometry:/home/bryan/Workspace/ros2_ws/install/cv_bridge:${AMENT_PREFIX_PATH} CMAKE_PREFIX_PATH=/home/bryan/Workspace/ros2_ws/install/image_geometry:/home/bryan/Workspace/ros2_ws/install/cv_bridge:/opt/ros/humble LD_LIBRARY_PATH=/home/bryan/Workspace/ros2_ws/install/image_geometry/lib:/home/bryan/Workspace/ros2_ws/install/cv_bridge/lib:${LD_LIBRARY_PATH} PYTHONPATH=/home/bryan/Workspace/ros2_ws/install/image_geometry/local/lib/python3.10/dist-packages:/home/bryan/Workspace/ros2_ws/install/cv_bridge/local/lib/python3.10/dist-packages:${PYTHONPATH} /usr/bin/cmake /home/bryan/Workspace/ros2_ws/src/vision_opencv/vision_opencv -DAMENT_CMAKE_SYMLINK_INSTALL=1 -DCMAKE_INSTALL_PREFIX=/home/bryan/Workspace/ros2_ws/install/vision_opencv
[1.345s] -- The C compiler identification is GNU 11.4.0
[1.612s] -- The CXX compiler identification is GNU 11.4.0
[1.655s] -- Detecting C compiler ABI info
[2.032s] -- Detecting C compiler ABI info - done
[2.062s] -- Check for working C compiler: /usr/bin/cc - skipped
[2.064s] -- Detecting C compile features
[2.067s] -- Detecting C compile features - done
[2.084s] -- Detecting CXX compiler ABI info
[2.522s] -- Detecting CXX compiler ABI info - done
[2.554s] -- Check for working CXX compiler: /usr/bin/c++ - skipped
[2.559s] -- Detecting CXX compile features
[2.559s] -- Detecting CXX compile features - done
[2.571s] -- Found ament_cmake: 1.3.14 (/opt/ros/humble/share/ament_cmake/cmake)
[3.313s] -- Found Python3: /usr/bin/python3 (found version "3.10.12") found components: Interpreter 
[3.571s] -- Override CMake install command with custom implementation using symlinks instead of copying resources
[3.927s] -- Configuring done
[3.949s] -- Generating done
[3.960s] -- Build files have been written to: /home/bryan/Workspace/ros2_ws/build/vision_opencv
[3.977s] Invoked command in '/home/bryan/Workspace/ros2_ws/build/vision_opencv' returned '0': AMENT_PREFIX_PATH=/home/bryan/Workspace/ros2_ws/install/image_geometry:/home/bryan/Workspace/ros2_ws/install/cv_bridge:${AMENT_PREFIX_PATH} CMAKE_PREFIX_PATH=/home/bryan/Workspace/ros2_ws/install/image_geometry:/home/bryan/Workspace/ros2_ws/install/cv_bridge:/opt/ros/humble LD_LIBRARY_PATH=/home/bryan/Workspace/ros2_ws/install/image_geometry/lib:/home/bryan/Workspace/ros2_ws/install/cv_bridge/lib:${LD_LIBRARY_PATH} PYTHONPATH=/home/bryan/Workspace/ros2_ws/install/image_geometry/local/lib/python3.10/dist-packages:/home/bryan/Workspace/ros2_ws/install/cv_bridge/local/lib/python3.10/dist-packages:${PYTHONPATH} /usr/bin/cmake /home/bryan/Workspace/ros2_ws/src/vision_opencv/vision_opencv -DAMENT_CMAKE_SYMLINK_INSTALL=1 -DCMAKE_INSTALL_PREFIX=/home/bryan/Workspace/ros2_ws/install/vision_opencv
[3.980s] Invoking command in '/home/bryan/Workspace/ros2_ws/build/vision_opencv': AMENT_PREFIX_PATH=/home/bryan/Workspace/ros2_ws/install/image_geometry:/home/bryan/Workspace/ros2_ws/install/cv_bridge:${AMENT_PREFIX_PATH} CMAKE_PREFIX_PATH=/home/bryan/Workspace/ros2_ws/install/image_geometry:/home/bryan/Workspace/ros2_ws/install/cv_bridge:/opt/ros/humble LD_LIBRARY_PATH=/home/bryan/Workspace/ros2_ws/install/image_geometry/lib:/home/bryan/Workspace/ros2_ws/install/cv_bridge/lib:${LD_LIBRARY_PATH} PYTHONPATH=/home/bryan/Workspace/ros2_ws/install/image_geometry/local/lib/python3.10/dist-packages:/home/bryan/Workspace/ros2_ws/install/cv_bridge/local/lib/python3.10/dist-packages:${PYTHONPATH} /usr/bin/cmake --build /home/bryan/Workspace/ros2_ws/build/vision_opencv -- -j3 -l3
[4.218s] Invoked command in '/home/bryan/Workspace/ros2_ws/build/vision_opencv' returned '0': AMENT_PREFIX_PATH=/home/bryan/Workspace/ros2_ws/install/image_geometry:/home/bryan/Workspace/ros2_ws/install/cv_bridge:${AMENT_PREFIX_PATH} CMAKE_PREFIX_PATH=/home/bryan/Workspace/ros2_ws/install/image_geometry:/home/bryan/Workspace/ros2_ws/install/cv_bridge:/opt/ros/humble LD_LIBRARY_PATH=/home/bryan/Workspace/ros2_ws/install/image_geometry/lib:/home/bryan/Workspace/ros2_ws/install/cv_bridge/lib:${LD_LIBRARY_PATH} PYTHONPATH=/home/bryan/Workspace/ros2_ws/install/image_geometry/local/lib/python3.10/dist-packages:/home/bryan/Workspace/ros2_ws/install/cv_bridge/local/lib/python3.10/dist-packages:${PYTHONPATH} /usr/bin/cmake --build /home/bryan/Workspace/ros2_ws/build/vision_opencv -- -j3 -l3
[4.226s] Invoking command in '/home/bryan/Workspace/ros2_ws/build/vision_opencv': AMENT_PREFIX_PATH=/home/bryan/Workspace/ros2_ws/install/image_geometry:/home/bryan/Workspace/ros2_ws/install/cv_bridge:${AMENT_PREFIX_PATH} CMAKE_PREFIX_PATH=/home/bryan/Workspace/ros2_ws/install/image_geometry:/home/bryan/Workspace/ros2_ws/install/cv_bridge:/opt/ros/humble LD_LIBRARY_PATH=/home/bryan/Workspace/ros2_ws/install/image_geometry/lib:/home/bryan/Workspace/ros2_ws/install/cv_bridge/lib:${LD_LIBRARY_PATH} PYTHONPATH=/home/bryan/Workspace/ros2_ws/install/image_geometry/local/lib/python3.10/dist-packages:/home/bryan/Workspace/ros2_ws/install/cv_bridge/local/lib/python3.10/dist-packages:${PYTHONPATH} /usr/bin/cmake --install /home/bryan/Workspace/ros2_ws/build/vision_opencv
[4.275s] -- Install configuration: ""
[4.277s] -- Execute custom install script
[4.279s] -- Symlinking: /home/bryan/Workspace/ros2_ws/install/vision_opencv/share/ament_index/resource_index/package_run_dependencies/vision_opencv
[4.317s] -- Symlinking: /home/bryan/Workspace/ros2_ws/install/vision_opencv/share/ament_index/resource_index/parent_prefix_path/vision_opencv
[4.354s] -- Symlinking: /home/bryan/Workspace/ros2_ws/install/vision_opencv/share/vision_opencv/environment/ament_prefix_path.sh
[4.399s] -- Symlinking: /home/bryan/Workspace/ros2_ws/install/vision_opencv/share/vision_opencv/environment/ament_prefix_path.dsv
[4.447s] -- Symlinking: /home/bryan/Workspace/ros2_ws/install/vision_opencv/share/vision_opencv/environment/path.sh
[4.498s] -- Symlinking: /home/bryan/Workspace/ros2_ws/install/vision_opencv/share/vision_opencv/environment/path.dsv
[4.542s] -- Symlinking: /home/bryan/Workspace/ros2_ws/install/vision_opencv/share/vision_opencv/local_setup.bash
[4.586s] -- Symlinking: /home/bryan/Workspace/ros2_ws/install/vision_opencv/share/vision_opencv/local_setup.sh
[4.628s] -- Symlinking: /home/bryan/Workspace/ros2_ws/install/vision_opencv/share/vision_opencv/local_setup.zsh
[4.671s] -- Symlinking: /home/bryan/Workspace/ros2_ws/install/vision_opencv/share/vision_opencv/local_setup.dsv
[4.722s] -- Symlinking: /home/bryan/Workspace/ros2_ws/install/vision_opencv/share/vision_opencv/package.dsv
[4.778s] -- Symlinking: /home/bryan/Workspace/ros2_ws/install/vision_opencv/share/ament_index/resource_index/packages/vision_opencv
[4.828s] -- Symlinking: /home/bryan/Workspace/ros2_ws/install/vision_opencv/share/vision_opencv/cmake/vision_opencvConfig.cmake
[4.884s] -- Symlinking: /home/bryan/Workspace/ros2_ws/install/vision_opencv/share/vision_opencv/cmake/vision_opencvConfig-version.cmake
[4.935s] -- Symlinking: /home/bryan/Workspace/ros2_ws/install/vision_opencv/share/vision_opencv/package.xml
[5.038s] Invoked command in '/home/bryan/Workspace/ros2_ws/build/vision_opencv' returned '0': AMENT_PREFIX_PATH=/home/bryan/Workspace/ros2_ws/install/image_geometry:/home/bryan/Workspace/ros2_ws/install/cv_bridge:${AMENT_PREFIX_PATH} CMAKE_PREFIX_PATH=/home/bryan/Workspace/ros2_ws/install/image_geometry:/home/bryan/Workspace/ros2_ws/install/cv_bridge:/opt/ros/humble LD_LIBRARY_PATH=/home/bryan/Workspace/ros2_ws/install/image_geometry/lib:/home/bryan/Workspace/ros2_ws/install/cv_bridge/lib:${LD_LIBRARY_PATH} PYTHONPATH=/home/bryan/Workspace/ros2_ws/install/image_geometry/local/lib/python3.10/dist-packages:/home/bryan/Workspace/ros2_ws/install/cv_bridge/local/lib/python3.10/dist-packages:${PYTHONPATH} /usr/bin/cmake --install /home/bryan/Workspace/ros2_ws/build/vision_opencv
