[1.975s] Invoking command in '/home/bryan/Workspace/ros2_ws/build/examples_rclpy_minimal_service': PYTHONPATH=/home/bryan/Workspace/ros2_ws/build/examples_rclpy_minimal_service/prefix_override:/usr/lib/python3/dist-packages/colcon_core/task/python/colcon_distutils_commands:/home/bryan/Workspace/ros2_ws/install/examples_rclpy_minimal_service/lib/python3.10/site-packages:${PYTHONPATH} /usr/bin/python3 -W ignore:setup.py install is deprecated -W ignore:easy_install command is deprecated setup.py develop --uninstall --editable --build-directory /home/bryan/Workspace/ros2_ws/build/examples_rclpy_minimal_service/build
[2.643s] running develop
[3.006s] Removing /home/bryan/Workspace/ros2_ws/install/examples_rclpy_minimal_service/lib/python3.10/site-packages/examples-rclpy-minimal-service.egg-link (link to .)
[3.115s] Invoked command in '/home/bryan/Workspace/ros2_ws/build/examples_rclpy_minimal_service' returned '0': PYTHONPATH=/home/bryan/Workspace/ros2_ws/build/examples_rclpy_minimal_service/prefix_override:/usr/lib/python3/dist-packages/colcon_core/task/python/colcon_distutils_commands:/home/bryan/Workspace/ros2_ws/install/examples_rclpy_minimal_service/lib/python3.10/site-packages:${PYTHONPATH} /usr/bin/python3 -W ignore:setup.py install is deprecated -W ignore:easy_install command is deprecated setup.py develop --uninstall --editable --build-directory /home/bryan/Workspace/ros2_ws/build/examples_rclpy_minimal_service/build
[3.124s] Invoking command in '/home/bryan/Workspace/ros2_ws/src/examples/rclpy/services/minimal_service': PYTHONPATH=/home/bryan/Workspace/ros2_ws/build/examples_rclpy_minimal_service/prefix_override:/usr/lib/python3/dist-packages/colcon_core/task/python/colcon_distutils_commands:/home/bryan/Workspace/ros2_ws/install/examples_rclpy_minimal_service/lib/python3.10/site-packages:${PYTHONPATH} /usr/bin/python3 -W ignore:setup.py install is deprecated -W ignore:easy_install command is deprecated setup.py egg_info --egg-base ../../../../../build/examples_rclpy_minimal_service build --build-base /home/bryan/Workspace/ros2_ws/build/examples_rclpy_minimal_service/build install --record /home/bryan/Workspace/ros2_ws/build/examples_rclpy_minimal_service/install.log --single-version-externally-managed install_data --force
[3.857s] running egg_info
[3.858s] writing ../../../../../build/examples_rclpy_minimal_service/examples_rclpy_minimal_service.egg-info/PKG-INFO
[3.858s] writing dependency_links to ../../../../../build/examples_rclpy_minimal_service/examples_rclpy_minimal_service.egg-info/dependency_links.txt
[3.871s] writing entry points to ../../../../../build/examples_rclpy_minimal_service/examples_rclpy_minimal_service.egg-info/entry_points.txt
[3.871s] writing requirements to ../../../../../build/examples_rclpy_minimal_service/examples_rclpy_minimal_service.egg-info/requires.txt
[3.872s] writing top-level names to ../../../../../build/examples_rclpy_minimal_service/examples_rclpy_minimal_service.egg-info/top_level.txt
[3.872s] reading manifest file '../../../../../build/examples_rclpy_minimal_service/examples_rclpy_minimal_service.egg-info/SOURCES.txt'
[3.897s] writing manifest file '../../../../../build/examples_rclpy_minimal_service/examples_rclpy_minimal_service.egg-info/SOURCES.txt'
[3.898s] running build
[3.898s] running build_py
[3.905s] creating /home/bryan/Workspace/ros2_ws/build/examples_rclpy_minimal_service/build
[3.906s] creating /home/bryan/Workspace/ros2_ws/build/examples_rclpy_minimal_service/build/lib
[3.906s] creating /home/bryan/Workspace/ros2_ws/build/examples_rclpy_minimal_service/build/lib/examples_rclpy_minimal_service
[3.907s] copying examples_rclpy_minimal_service/service.py -> /home/bryan/Workspace/ros2_ws/build/examples_rclpy_minimal_service/build/lib/examples_rclpy_minimal_service
[3.907s] copying examples_rclpy_minimal_service/service_member_function.py -> /home/bryan/Workspace/ros2_ws/build/examples_rclpy_minimal_service/build/lib/examples_rclpy_minimal_service
[3.914s] copying examples_rclpy_minimal_service/__init__.py -> /home/bryan/Workspace/ros2_ws/build/examples_rclpy_minimal_service/build/lib/examples_rclpy_minimal_service
[3.930s] running install
[3.930s] running install_lib
[3.930s] creating /home/bryan/Workspace/ros2_ws/install/examples_rclpy_minimal_service/lib/python3.10/site-packages/examples_rclpy_minimal_service
[3.930s] copying /home/bryan/Workspace/ros2_ws/build/examples_rclpy_minimal_service/build/lib/examples_rclpy_minimal_service/service.py -> /home/bryan/Workspace/ros2_ws/install/examples_rclpy_minimal_service/lib/python3.10/site-packages/examples_rclpy_minimal_service
[3.930s] copying /home/bryan/Workspace/ros2_ws/build/examples_rclpy_minimal_service/build/lib/examples_rclpy_minimal_service/service_member_function.py -> /home/bryan/Workspace/ros2_ws/install/examples_rclpy_minimal_service/lib/python3.10/site-packages/examples_rclpy_minimal_service
[3.930s] copying /home/bryan/Workspace/ros2_ws/build/examples_rclpy_minimal_service/build/lib/examples_rclpy_minimal_service/__init__.py -> /home/bryan/Workspace/ros2_ws/install/examples_rclpy_minimal_service/lib/python3.10/site-packages/examples_rclpy_minimal_service
[3.930s] byte-compiling /home/bryan/Workspace/ros2_ws/install/examples_rclpy_minimal_service/lib/python3.10/site-packages/examples_rclpy_minimal_service/service.py to service.cpython-310.pyc
[3.930s] byte-compiling /home/bryan/Workspace/ros2_ws/install/examples_rclpy_minimal_service/lib/python3.10/site-packages/examples_rclpy_minimal_service/service_member_function.py to service_member_function.cpython-310.pyc
[3.930s] byte-compiling /home/bryan/Workspace/ros2_ws/install/examples_rclpy_minimal_service/lib/python3.10/site-packages/examples_rclpy_minimal_service/__init__.py to __init__.cpython-310.pyc
[3.930s] running install_data
[3.930s] copying resource/examples_rclpy_minimal_service -> /home/bryan/Workspace/ros2_ws/install/examples_rclpy_minimal_service/share/ament_index/resource_index/packages
[3.930s] copying package.xml -> /home/bryan/Workspace/ros2_ws/install/examples_rclpy_minimal_service/share/examples_rclpy_minimal_service
[3.938s] running install_egg_info
[3.938s] Copying ../../../../../build/examples_rclpy_minimal_service/examples_rclpy_minimal_service.egg-info to /home/bryan/Workspace/ros2_ws/install/examples_rclpy_minimal_service/lib/python3.10/site-packages/examples_rclpy_minimal_service-0.15.5-py3.10.egg-info
[3.941s] running install_scripts
[3.982s] Installing service script to /home/bryan/Workspace/ros2_ws/install/examples_rclpy_minimal_service/lib/examples_rclpy_minimal_service
[4.021s] Installing service_member_function script to /home/bryan/Workspace/ros2_ws/install/examples_rclpy_minimal_service/lib/examples_rclpy_minimal_service
[4.022s] writing list of installed files to '/home/bryan/Workspace/ros2_ws/build/examples_rclpy_minimal_service/install.log'
[4.430s] Invoked command in '/home/bryan/Workspace/ros2_ws/src/examples/rclpy/services/minimal_service' returned '0': PYTHONPATH=/home/bryan/Workspace/ros2_ws/build/examples_rclpy_minimal_service/prefix_override:/usr/lib/python3/dist-packages/colcon_core/task/python/colcon_distutils_commands:/home/bryan/Workspace/ros2_ws/install/examples_rclpy_minimal_service/lib/python3.10/site-packages:${PYTHONPATH} /usr/bin/python3 -W ignore:setup.py install is deprecated -W ignore:easy_install command is deprecated setup.py egg_info --egg-base ../../../../../build/examples_rclpy_minimal_service build --build-base /home/bryan/Workspace/ros2_ws/build/examples_rclpy_minimal_service/build install --record /home/bryan/Workspace/ros2_ws/build/examples_rclpy_minimal_service/install.log --single-version-externally-managed install_data --force
