running develop
Removing /home/bryan/Workspace/ros2_ws/install/first_package/lib/python3.10/site-packages/first-package.egg-link (link to .)
running egg_info
writing ../build/first_package/first_package.egg-info/PKG-INFO
writing dependency_links to ../build/first_package/first_package.egg-info/dependency_links.txt
writing entry points to ../build/first_package/first_package.egg-info/entry_points.txt
writing requirements to ../build/first_package/first_package.egg-info/requires.txt
writing top-level names to ../build/first_package/first_package.egg-info/top_level.txt
reading manifest file '../build/first_package/first_package.egg-info/SOURCES.txt'
writing manifest file '../build/first_package/first_package.egg-info/SOURCES.txt'
running build
running build_py
creating /home/bryan/Workspace/ros2_ws/build/first_package/build
creating /home/bryan/Workspace/ros2_ws/build/first_package/build/lib
creating /home/bryan/Workspace/ros2_ws/build/first_package/build/lib/first_package
copying first_package/__init__.py -> /home/bryan/Workspace/ros2_ws/build/first_package/build/lib/first_package
running install
running install_lib
creating /home/bryan/Workspace/ros2_ws/install/first_package/lib/python3.10/site-packages/first_package
copying /home/bryan/Workspace/ros2_ws/build/first_package/build/lib/first_package/__init__.py -> /home/bryan/Workspace/ros2_ws/install/first_package/lib/python3.10/site-packages/first_package
byte-compiling /home/bryan/Workspace/ros2_ws/install/first_package/lib/python3.10/site-packages/first_package/__init__.py to __init__.cpython-310.pyc
running install_data
copying resource/first_package -> /home/bryan/Workspace/ros2_ws/install/first_package/share/ament_index/resource_index/packages
copying package.xml -> /home/bryan/Workspace/ros2_ws/install/first_package/share/first_package
running install_egg_info
Copying ../build/first_package/first_package.egg-info to /home/bryan/Workspace/ros2_ws/install/first_package/lib/python3.10/site-packages/first_package-0.0.0-py3.10.egg-info
running install_scripts
writing list of installed files to '/home/bryan/Workspace/ros2_ws/build/first_package/install.log'
