[1.551s] Invoking command in '/home/bryan/Workspace/ros2_ws/build/first_package': PYTHONPATH=/home/bryan/Workspace/ros2_ws/build/first_package/prefix_override:/usr/lib/python3/dist-packages/colcon_core/task/python/colcon_distutils_commands:/home/bryan/Workspace/ros2_ws/install/first_package/lib/python3.10/site-packages:${PYTHONPATH} /usr/bin/python3 -W ignore:setup.py install is deprecated -W ignore:easy_install command is deprecated setup.py develop --uninstall --editable --build-directory /home/bryan/Workspace/ros2_ws/build/first_package/build
[2.231s] running develop
[2.592s] Removing /home/bryan/Workspace/ros2_ws/install/first_package/lib/python3.10/site-packages/first-package.egg-link (link to .)
[2.645s] Invoked command in '/home/bryan/Workspace/ros2_ws/build/first_package' returned '0': PYTHONPATH=/home/bryan/Workspace/ros2_ws/build/first_package/prefix_override:/usr/lib/python3/dist-packages/colcon_core/task/python/colcon_distutils_commands:/home/bryan/Workspace/ros2_ws/install/first_package/lib/python3.10/site-packages:${PYTHONPATH} /usr/bin/python3 -W ignore:setup.py install is deprecated -W ignore:easy_install command is deprecated setup.py develop --uninstall --editable --build-directory /home/bryan/Workspace/ros2_ws/build/first_package/build
[2.790s] Invoking command in '/home/bryan/Workspace/ros2_ws/first_package': PYTHONPATH=/home/bryan/Workspace/ros2_ws/build/first_package/prefix_override:/usr/lib/python3/dist-packages/colcon_core/task/python/colcon_distutils_commands:/home/bryan/Workspace/ros2_ws/install/first_package/lib/python3.10/site-packages:${PYTHONPATH} /usr/bin/python3 -W ignore:setup.py install is deprecated -W ignore:easy_install command is deprecated setup.py egg_info --egg-base ../build/first_package build --build-base /home/bryan/Workspace/ros2_ws/build/first_package/build install --record /home/bryan/Workspace/ros2_ws/build/first_package/install.log --single-version-externally-managed install_data --force
[3.353s] running egg_info
[3.356s] writing ../build/first_package/first_package.egg-info/PKG-INFO
[3.357s] writing dependency_links to ../build/first_package/first_package.egg-info/dependency_links.txt
[3.361s] writing entry points to ../build/first_package/first_package.egg-info/entry_points.txt
[3.361s] writing requirements to ../build/first_package/first_package.egg-info/requires.txt
[3.361s] writing top-level names to ../build/first_package/first_package.egg-info/top_level.txt
[3.365s] reading manifest file '../build/first_package/first_package.egg-info/SOURCES.txt'
[3.379s] writing manifest file '../build/first_package/first_package.egg-info/SOURCES.txt'
[3.381s] running build
[3.381s] running build_py
[3.381s] creating /home/bryan/Workspace/ros2_ws/build/first_package/build
[3.381s] creating /home/bryan/Workspace/ros2_ws/build/first_package/build/lib
[3.381s] creating /home/bryan/Workspace/ros2_ws/build/first_package/build/lib/first_package
[3.381s] copying first_package/__init__.py -> /home/bryan/Workspace/ros2_ws/build/first_package/build/lib/first_package
[3.381s] running install
[3.381s] running install_lib
[3.381s] creating /home/bryan/Workspace/ros2_ws/install/first_package/lib/python3.10/site-packages/first_package
[3.381s] copying /home/bryan/Workspace/ros2_ws/build/first_package/build/lib/first_package/__init__.py -> /home/bryan/Workspace/ros2_ws/install/first_package/lib/python3.10/site-packages/first_package
[3.381s] byte-compiling /home/bryan/Workspace/ros2_ws/install/first_package/lib/python3.10/site-packages/first_package/__init__.py to __init__.cpython-310.pyc
[3.382s] running install_data
[3.382s] copying resource/first_package -> /home/bryan/Workspace/ros2_ws/install/first_package/share/ament_index/resource_index/packages
[3.382s] copying package.xml -> /home/bryan/Workspace/ros2_ws/install/first_package/share/first_package
[3.391s] running install_egg_info
[3.391s] Copying ../build/first_package/first_package.egg-info to /home/bryan/Workspace/ros2_ws/install/first_package/lib/python3.10/site-packages/first_package-0.0.0-py3.10.egg-info
[3.391s] running install_scripts
[3.418s] writing list of installed files to '/home/bryan/Workspace/ros2_ws/build/first_package/install.log'
[3.862s] Invoked command in '/home/bryan/Workspace/ros2_ws/first_package' returned '0': PYTHONPATH=/home/bryan/Workspace/ros2_ws/build/first_package/prefix_override:/usr/lib/python3/dist-packages/colcon_core/task/python/colcon_distutils_commands:/home/bryan/Workspace/ros2_ws/install/first_package/lib/python3.10/site-packages:${PYTHONPATH} /usr/bin/python3 -W ignore:setup.py install is deprecated -W ignore:easy_install command is deprecated setup.py egg_info --egg-base ../build/first_package build --build-base /home/bryan/Workspace/ros2_ws/build/first_package/build install --record /home/bryan/Workspace/ros2_ws/build/first_package/install.log --single-version-externally-managed install_data --force
