[0.720s] Invoking command in '/home/hannah/Workspace/ros2_ws/build/1st_pkg': PYTHONPATH=/home/hannah/Workspace/ros2_ws/build/1st_pkg/prefix_override:/usr/lib/python3/dist-packages/colcon_core/task/python/colcon_distutils_commands:/home/hannah/Workspace/ros2_ws/install/1st_pkg/lib/python3.10/site-packages:${PYTHONPATH} /usr/bin/python3 -W ignore:setup.py install is deprecated -W ignore:easy_install command is deprecated setup.py develop --editable --build-directory /home/hannah/Workspace/ros2_ws/build/1st_pkg/build --no-deps symlink_data
[1.006s] running develop
[1.161s] running egg_info
[1.161s] creating 1st_pkg.egg-info
[1.162s] writing 1st_pkg.egg-info/PKG-INFO
[1.162s] writing dependency_links to 1st_pkg.egg-info/dependency_links.txt
[1.163s] writing entry points to 1st_pkg.egg-info/entry_points.txt
[1.163s] writing requirements to 1st_pkg.egg-info/requires.txt
[1.163s] writing top-level names to 1st_pkg.egg-info/top_level.txt
[1.163s] writing manifest file '1st_pkg.egg-info/SOURCES.txt'
[1.164s] reading manifest file '1st_pkg.egg-info/SOURCES.txt'
[1.164s] writing manifest file '1st_pkg.egg-info/SOURCES.txt'
[1.165s] running build_ext
[1.166s] Creating /home/hannah/Workspace/ros2_ws/install/1st_pkg/lib/python3.10/site-packages/1st-pkg.egg-link (link to .)
[1.166s] 
[1.167s] Installed /home/hannah/Workspace/ros2_ws/build/1st_pkg
[1.167s] running symlink_data
[1.167s] creating /home/hannah/Workspace/ros2_ws/install/1st_pkg/share/ament_index
[1.168s] creating /home/hannah/Workspace/ros2_ws/install/1st_pkg/share/ament_index/resource_index
[1.168s] creating /home/hannah/Workspace/ros2_ws/install/1st_pkg/share/ament_index/resource_index/packages
[1.168s] symbolically linking /home/hannah/Workspace/ros2_ws/build/1st_pkg/resource/1st_pkg -> /home/hannah/Workspace/ros2_ws/install/1st_pkg/share/ament_index/resource_index/packages
[1.168s] symbolically linking /home/hannah/Workspace/ros2_ws/build/1st_pkg/package.xml -> /home/hannah/Workspace/ros2_ws/install/1st_pkg/share/1st_pkg
[1.198s] Invoked command in '/home/hannah/Workspace/ros2_ws/build/1st_pkg' returned '0': PYTHONPATH=/home/hannah/Workspace/ros2_ws/build/1st_pkg/prefix_override:/usr/lib/python3/dist-packages/colcon_core/task/python/colcon_distutils_commands:/home/hannah/Workspace/ros2_ws/install/1st_pkg/lib/python3.10/site-packages:${PYTHONPATH} /usr/bin/python3 -W ignore:setup.py install is deprecated -W ignore:easy_install command is deprecated setup.py develop --editable --build-directory /home/hannah/Workspace/ros2_ws/build/1st_pkg/build --no-deps symlink_data
