[0.108s] DEBUG:colcon:Command line arguments: ['/usr/bin/colcon', 'build', '--symlink-install']
[0.108s] DEBUG:colcon:Parsed command line arguments: Namespace(log_base=None, log_level=None, verb_name='build', build_base='build', install_base='install', merge_install=False, symlink_install=True, test_result_base=None, continue_on_error=False, executor='parallel', parallel_workers=3, event_handlers=None, ignore_user_meta=False, metas=['./colcon.meta'], base_paths=['.'], packages_ignore=None, packages_ignore_regex=None, paths=None, packages_up_to=None, packages_up_to_regex=None, packages_above=None, packages_above_and_dependencies=None, packages_above_depth=None, packages_select_by_dep=None, packages_skip_by_dep=None, packages_skip_up_to=None, packages_select_build_failed=False, packages_skip_build_finished=False, packages_select_test_failures=False, packages_skip_test_passed=False, packages_select=None, packages_skip=None, packages_select_regex=None, packages_skip_regex=None, packages_start=None, packages_end=None, allow_overriding=[], cmake_args=None, cmake_target=None, cmake_target_skip_unavailable=False, cmake_clean_cache=False, cmake_clean_first=False, cmake_force_configure=False, ament_cmake_args=None, catkin_cmake_args=None, catkin_skip_building_tests=False, mixin_files=None, mixin=None, verb_parser=<colcon_mixin.mixin.mixin_argument.MixinArgumentDecorator object at 0x73dcafd2c550>, verb_extension=<colcon_core.verb.build.BuildVerb object at 0x73dcafef7f70>, main=<bound method BuildVerb.main of <colcon_core.verb.build.BuildVerb object at 0x73dcafef7f70>>, mixin_verb=('build',))
[0.255s] Level 1:colcon.colcon_core.package_discovery:discover_packages(colcon_meta) check parameters
[0.255s] Level 1:colcon.colcon_core.package_discovery:discover_packages(recursive) check parameters
[0.255s] Level 1:colcon.colcon_core.package_discovery:discover_packages(ignore) check parameters
[0.255s] Level 1:colcon.colcon_core.package_discovery:discover_packages(path) check parameters
[0.255s] Level 1:colcon.colcon_core.package_discovery:discover_packages(colcon_meta) discover
[0.255s] Level 1:colcon.colcon_core.package_discovery:discover_packages(recursive) discover
[0.255s] INFO:colcon.colcon_core.package_discovery:Crawling recursively for packages in '/home/hannah/Workspace/ros2_ws'
[0.256s] Level 1:colcon.colcon_core.package_identification:_identify(.) by extensions ['ignore', 'ignore_ament_install']
[0.256s] Level 1:colcon.colcon_core.package_identification:_identify(.) by extension 'ignore'
[0.256s] Level 1:colcon.colcon_core.package_identification:_identify(.) by extension 'ignore_ament_install'
[0.256s] Level 1:colcon.colcon_core.package_identification:_identify(.) by extensions ['colcon_pkg']
[0.256s] Level 1:colcon.colcon_core.package_identification:_identify(.) by extension 'colcon_pkg'
[0.256s] Level 1:colcon.colcon_core.package_identification:_identify(.) by extensions ['colcon_meta']
[0.256s] Level 1:colcon.colcon_core.package_identification:_identify(.) by extension 'colcon_meta'
[0.256s] Level 1:colcon.colcon_core.package_identification:_identify(.) by extensions ['ros']
[0.256s] Level 1:colcon.colcon_core.package_identification:_identify(.) by extension 'ros'
[0.267s] Level 1:colcon.colcon_core.package_identification:_identify(.) by extensions ['cmake', 'python']
[0.268s] Level 1:colcon.colcon_core.package_identification:_identify(.) by extension 'cmake'
[0.268s] Level 1:colcon.colcon_core.package_identification:_identify(.) by extension 'python'
[0.268s] Level 1:colcon.colcon_core.package_identification:_identify(.) by extensions ['python_setup_py']
[0.268s] Level 1:colcon.colcon_core.package_identification:_identify(.) by extension 'python_setup_py'
[0.268s] Level 1:colcon.colcon_core.package_identification:_identify(1st_pkg) by extensions ['ignore', 'ignore_ament_install']
[0.268s] Level 1:colcon.colcon_core.package_identification:_identify(1st_pkg) by extension 'ignore'
[0.268s] Level 1:colcon.colcon_core.package_identification:_identify(1st_pkg) by extension 'ignore_ament_install'
[0.268s] Level 1:colcon.colcon_core.package_identification:_identify(1st_pkg) by extensions ['colcon_pkg']
[0.268s] Level 1:colcon.colcon_core.package_identification:_identify(1st_pkg) by extension 'colcon_pkg'
[0.268s] Level 1:colcon.colcon_core.package_identification:_identify(1st_pkg) by extensions ['colcon_meta']
[0.268s] Level 1:colcon.colcon_core.package_identification:_identify(1st_pkg) by extension 'colcon_meta'
[0.268s] Level 1:colcon.colcon_core.package_identification:_identify(1st_pkg) by extensions ['ros']
[0.268s] Level 1:colcon.colcon_core.package_identification:_identify(1st_pkg) by extension 'ros'
[0.274s] DEBUG:colcon.colcon_core.package_identification:Package '1st_pkg' with type 'ros.ament_python' and name '1st_pkg'
[0.275s] Level 1:colcon.colcon_core.package_identification:_identify(build) by extensions ['ignore', 'ignore_ament_install']
[0.275s] Level 1:colcon.colcon_core.package_identification:_identify(build) by extension 'ignore'
[0.275s] Level 1:colcon.colcon_core.package_identification:_identify(build) ignored
[0.275s] Level 1:colcon.colcon_core.package_identification:_identify(install) by extensions ['ignore', 'ignore_ament_install']
[0.275s] Level 1:colcon.colcon_core.package_identification:_identify(install) by extension 'ignore'
[0.275s] Level 1:colcon.colcon_core.package_identification:_identify(install) ignored
[0.275s] Level 1:colcon.colcon_core.package_identification:_identify(log) by extensions ['ignore', 'ignore_ament_install']
[0.275s] Level 1:colcon.colcon_core.package_identification:_identify(log) by extension 'ignore'
[0.275s] Level 1:colcon.colcon_core.package_identification:_identify(log) ignored
[0.275s] Level 1:colcon.colcon_core.package_identification:_identify(src) by extensions ['ignore', 'ignore_ament_install']
[0.275s] Level 1:colcon.colcon_core.package_identification:_identify(src) by extension 'ignore'
[0.276s] Level 1:colcon.colcon_core.package_identification:_identify(src) by extension 'ignore_ament_install'
[0.276s] Level 1:colcon.colcon_core.package_identification:_identify(src) by extensions ['colcon_pkg']
[0.276s] Level 1:colcon.colcon_core.package_identification:_identify(src) by extension 'colcon_pkg'
[0.276s] Level 1:colcon.colcon_core.package_identification:_identify(src) by extensions ['colcon_meta']
[0.276s] Level 1:colcon.colcon_core.package_identification:_identify(src) by extension 'colcon_meta'
[0.276s] Level 1:colcon.colcon_core.package_identification:_identify(src) by extensions ['ros']
[0.276s] Level 1:colcon.colcon_core.package_identification:_identify(src) by extension 'ros'
[0.276s] Level 1:colcon.colcon_core.package_identification:_identify(src) by extensions ['cmake', 'python']
[0.276s] Level 1:colcon.colcon_core.package_identification:_identify(src) by extension 'cmake'
[0.276s] Level 1:colcon.colcon_core.package_identification:_identify(src) by extension 'python'
[0.276s] Level 1:colcon.colcon_core.package_identification:_identify(src) by extensions ['python_setup_py']
[0.276s] Level 1:colcon.colcon_core.package_identification:_identify(src) by extension 'python_setup_py'
[0.276s] Level 1:colcon.colcon_core.package_identification:_identify(src/ros2_sumo) by extensions ['ignore', 'ignore_ament_install']
[0.276s] Level 1:colcon.colcon_core.package_identification:_identify(src/ros2_sumo) by extension 'ignore'
[0.276s] Level 1:colcon.colcon_core.package_identification:_identify(src/ros2_sumo) by extension 'ignore_ament_install'
[0.276s] Level 1:colcon.colcon_core.package_identification:_identify(src/ros2_sumo) by extensions ['colcon_pkg']
[0.276s] Level 1:colcon.colcon_core.package_identification:_identify(src/ros2_sumo) by extension 'colcon_pkg'
[0.276s] Level 1:colcon.colcon_core.package_identification:_identify(src/ros2_sumo) by extensions ['colcon_meta']
[0.276s] Level 1:colcon.colcon_core.package_identification:_identify(src/ros2_sumo) by extension 'colcon_meta'
[0.276s] Level 1:colcon.colcon_core.package_identification:_identify(src/ros2_sumo) by extensions ['ros']
[0.277s] Level 1:colcon.colcon_core.package_identification:_identify(src/ros2_sumo) by extension 'ros'
[0.277s] Level 1:colcon.colcon_core.package_identification:_identify(src/ros2_sumo) by extensions ['cmake', 'python']
[0.277s] Level 1:colcon.colcon_core.package_identification:_identify(src/ros2_sumo) by extension 'cmake'
[0.277s] Level 1:colcon.colcon_core.package_identification:_identify(src/ros2_sumo) by extension 'python'
[0.277s] Level 1:colcon.colcon_core.package_identification:_identify(src/ros2_sumo) by extensions ['python_setup_py']
[0.277s] Level 1:colcon.colcon_core.package_identification:_identify(src/ros2_sumo) by extension 'python_setup_py'
[0.277s] Level 1:colcon.colcon_core.package_identification:_identify(src/ros2_sumo-v010) by extensions ['ignore', 'ignore_ament_install']
[0.277s] Level 1:colcon.colcon_core.package_identification:_identify(src/ros2_sumo-v010) by extension 'ignore'
[0.277s] Level 1:colcon.colcon_core.package_identification:_identify(src/ros2_sumo-v010) by extension 'ignore_ament_install'
[0.277s] Level 1:colcon.colcon_core.package_identification:_identify(src/ros2_sumo-v010) by extensions ['colcon_pkg']
[0.277s] Level 1:colcon.colcon_core.package_identification:_identify(src/ros2_sumo-v010) by extension 'colcon_pkg'
[0.277s] Level 1:colcon.colcon_core.package_identification:_identify(src/ros2_sumo-v010) by extensions ['colcon_meta']
[0.277s] Level 1:colcon.colcon_core.package_identification:_identify(src/ros2_sumo-v010) by extension 'colcon_meta'
[0.277s] Level 1:colcon.colcon_core.package_identification:_identify(src/ros2_sumo-v010) by extensions ['ros']
[0.277s] Level 1:colcon.colcon_core.package_identification:_identify(src/ros2_sumo-v010) by extension 'ros'
[0.277s] Level 1:colcon.colcon_core.package_identification:_identify(src/ros2_sumo-v010) by extensions ['cmake', 'python']
[0.277s] Level 1:colcon.colcon_core.package_identification:_identify(src/ros2_sumo-v010) by extension 'cmake'
[0.277s] Level 1:colcon.colcon_core.package_identification:_identify(src/ros2_sumo-v010) by extension 'python'
[0.277s] Level 1:colcon.colcon_core.package_identification:_identify(src/ros2_sumo-v010) by extensions ['python_setup_py']
[0.277s] Level 1:colcon.colcon_core.package_identification:_identify(src/ros2_sumo-v010) by extension 'python_setup_py'
[0.278s] Level 1:colcon.colcon_core.package_identification:_identify(src/ros2_sumo-v010/ros2_sumo-main) by extensions ['ignore', 'ignore_ament_install']
[0.278s] Level 1:colcon.colcon_core.package_identification:_identify(src/ros2_sumo-v010/ros2_sumo-main) by extension 'ignore'
[0.278s] Level 1:colcon.colcon_core.package_identification:_identify(src/ros2_sumo-v010/ros2_sumo-main) by extension 'ignore_ament_install'
[0.278s] Level 1:colcon.colcon_core.package_identification:_identify(src/ros2_sumo-v010/ros2_sumo-main) by extensions ['colcon_pkg']
[0.278s] Level 1:colcon.colcon_core.package_identification:_identify(src/ros2_sumo-v010/ros2_sumo-main) by extension 'colcon_pkg'
[0.278s] Level 1:colcon.colcon_core.package_identification:_identify(src/ros2_sumo-v010/ros2_sumo-main) by extensions ['colcon_meta']
[0.278s] Level 1:colcon.colcon_core.package_identification:_identify(src/ros2_sumo-v010/ros2_sumo-main) by extension 'colcon_meta'
[0.278s] Level 1:colcon.colcon_core.package_identification:_identify(src/ros2_sumo-v010/ros2_sumo-main) by extensions ['ros']
[0.278s] Level 1:colcon.colcon_core.package_identification:_identify(src/ros2_sumo-v010/ros2_sumo-main) by extension 'ros'
[0.279s] DEBUG:colcon.colcon_core.package_identification:Package 'src/ros2_sumo-v010/ros2_sumo-main' with type 'ros.ament_python' and name 'ros2_sumo'
[0.280s] Level 1:colcon.colcon_core.package_discovery:discover_packages(recursive) using defaults
[0.280s] Level 1:colcon.colcon_core.package_discovery:discover_packages(ignore) discover
[0.280s] Level 1:colcon.colcon_core.package_discovery:discover_packages(ignore) using defaults
[0.280s] Level 1:colcon.colcon_core.package_discovery:discover_packages(path) discover
[0.280s] Level 1:colcon.colcon_core.package_discovery:discover_packages(path) using defaults
[0.303s] Level 1:colcon.colcon_core.package_discovery:discover_packages(prefix_path) check parameters
[0.303s] Level 1:colcon.colcon_core.package_discovery:discover_packages(prefix_path) discover
[0.313s] DEBUG:colcon.colcon_installed_package_information.package_discovery:Found 0 installed packages in /home/hannah/Workspace/ros2_ws/src/ros2_sumo-v010/ros2_sumo-main/scenarios/install
[0.313s] Level 1:colcon.colcon_core.package_discovery:discover_packages(prefix_path) using defaults
[0.314s] Level 5:colcon.colcon_core.verb:set package '1st_pkg' build argument 'cmake_args' from command line to 'None'
[0.314s] Level 5:colcon.colcon_core.verb:set package '1st_pkg' build argument 'cmake_target' from command line to 'None'
[0.314s] Level 5:colcon.colcon_core.verb:set package '1st_pkg' build argument 'cmake_target_skip_unavailable' from command line to 'False'
[0.314s] Level 5:colcon.colcon_core.verb:set package '1st_pkg' build argument 'cmake_clean_cache' from command line to 'False'
[0.314s] Level 5:colcon.colcon_core.verb:set package '1st_pkg' build argument 'cmake_clean_first' from command line to 'False'
[0.314s] Level 5:colcon.colcon_core.verb:set package '1st_pkg' build argument 'cmake_force_configure' from command line to 'False'
[0.314s] Level 5:colcon.colcon_core.verb:set package '1st_pkg' build argument 'ament_cmake_args' from command line to 'None'
[0.314s] Level 5:colcon.colcon_core.verb:set package '1st_pkg' build argument 'catkin_cmake_args' from command line to 'None'
[0.314s] Level 5:colcon.colcon_core.verb:set package '1st_pkg' build argument 'catkin_skip_building_tests' from command line to 'False'
[0.314s] DEBUG:colcon.colcon_core.verb:Building package '1st_pkg' with the following arguments: {'ament_cmake_args': None, 'build_base': '/home/hannah/Workspace/ros2_ws/build/1st_pkg', 'catkin_cmake_args': None, 'catkin_skip_building_tests': False, 'cmake_args': None, 'cmake_clean_cache': False, 'cmake_clean_first': False, 'cmake_force_configure': False, 'cmake_target': None, 'cmake_target_skip_unavailable': False, 'install_base': '/home/hannah/Workspace/ros2_ws/install/1st_pkg', 'merge_install': False, 'path': '/home/hannah/Workspace/ros2_ws/1st_pkg', 'symlink_install': True, 'test_result_base': None}
[0.315s] Level 5:colcon.colcon_core.verb:set package 'ros2_sumo' build argument 'cmake_args' from command line to 'None'
[0.315s] Level 5:colcon.colcon_core.verb:set package 'ros2_sumo' build argument 'cmake_target' from command line to 'None'
[0.315s] Level 5:colcon.colcon_core.verb:set package 'ros2_sumo' build argument 'cmake_target_skip_unavailable' from command line to 'False'
[0.315s] Level 5:colcon.colcon_core.verb:set package 'ros2_sumo' build argument 'cmake_clean_cache' from command line to 'False'
[0.315s] Level 5:colcon.colcon_core.verb:set package 'ros2_sumo' build argument 'cmake_clean_first' from command line to 'False'
[0.315s] Level 5:colcon.colcon_core.verb:set package 'ros2_sumo' build argument 'cmake_force_configure' from command line to 'False'
[0.315s] Level 5:colcon.colcon_core.verb:set package 'ros2_sumo' build argument 'ament_cmake_args' from command line to 'None'
[0.315s] Level 5:colcon.colcon_core.verb:set package 'ros2_sumo' build argument 'catkin_cmake_args' from command line to 'None'
[0.315s] Level 5:colcon.colcon_core.verb:set package 'ros2_sumo' build argument 'catkin_skip_building_tests' from command line to 'False'
[0.315s] DEBUG:colcon.colcon_core.verb:Building package 'ros2_sumo' with the following arguments: {'ament_cmake_args': None, 'build_base': '/home/hannah/Workspace/ros2_ws/build/ros2_sumo', 'catkin_cmake_args': None, 'catkin_skip_building_tests': False, 'cmake_args': None, 'cmake_clean_cache': False, 'cmake_clean_first': False, 'cmake_force_configure': False, 'cmake_target': None, 'cmake_target_skip_unavailable': False, 'install_base': '/home/hannah/Workspace/ros2_ws/install/ros2_sumo', 'merge_install': False, 'path': '/home/hannah/Workspace/ros2_ws/src/ros2_sumo-v010/ros2_sumo-main', 'symlink_install': True, 'test_result_base': None}
[0.315s] INFO:colcon.colcon_core.executor:Executing jobs using 'parallel' executor
[0.316s] DEBUG:colcon.colcon_parallel_executor.executor.parallel:run_until_complete
[0.317s] INFO:colcon.colcon_ros.task.ament_python.build:Building ROS package in '/home/hannah/Workspace/ros2_ws/1st_pkg' with build type 'ament_python'
[0.317s] Level 1:colcon.colcon_core.shell:create_environment_hook('1st_pkg', 'ament_prefix_path')
[0.319s] INFO:colcon.colcon_core.plugin_system:Skipping extension 'colcon_core.shell.bat': Not used on non-Windows systems
[0.320s] INFO:colcon.colcon_core.shell:Creating environment hook '/home/hannah/Workspace/ros2_ws/install/1st_pkg/share/1st_pkg/hook/ament_prefix_path.ps1'
[0.321s] INFO:colcon.colcon_core.shell:Creating environment descriptor '/home/hannah/Workspace/ros2_ws/install/1st_pkg/share/1st_pkg/hook/ament_prefix_path.dsv'
[0.322s] INFO:colcon.colcon_core.shell:Creating environment hook '/home/hannah/Workspace/ros2_ws/install/1st_pkg/share/1st_pkg/hook/ament_prefix_path.sh'
[0.324s] INFO:colcon.colcon_core.shell:Skip shell extension 'powershell' for command environment: Not usable outside of PowerShell
[0.324s] DEBUG:colcon.colcon_core.shell:Skip shell extension 'dsv' for command environment
[0.327s] INFO:colcon.colcon_ros.task.ament_python.build:Building ROS package in '/home/hannah/Workspace/ros2_ws/src/ros2_sumo-v010/ros2_sumo-main' with build type 'ament_python'
[0.327s] Level 1:colcon.colcon_core.shell:create_environment_hook('ros2_sumo', 'ament_prefix_path')
[0.327s] INFO:colcon.colcon_core.shell:Creating environment hook '/home/hannah/Workspace/ros2_ws/install/ros2_sumo/share/ros2_sumo/hook/ament_prefix_path.ps1'
[0.328s] INFO:colcon.colcon_core.shell:Creating environment descriptor '/home/hannah/Workspace/ros2_ws/install/ros2_sumo/share/ros2_sumo/hook/ament_prefix_path.dsv'
[0.329s] INFO:colcon.colcon_core.shell:Creating environment hook '/home/hannah/Workspace/ros2_ws/install/ros2_sumo/share/ros2_sumo/hook/ament_prefix_path.sh'
[0.329s] INFO:colcon.colcon_core.shell:Skip shell extension 'powershell' for command environment: Not usable outside of PowerShell
[0.330s] DEBUG:colcon.colcon_core.shell:Skip shell extension 'dsv' for command environment
[0.564s] INFO:colcon.colcon_core.task.python.build:Building Python package in '/home/hannah/Workspace/ros2_ws/1st_pkg'
[0.565s] INFO:colcon.colcon_core.shell:Skip shell extension 'powershell' for command environment: Not usable outside of PowerShell
[0.565s] DEBUG:colcon.colcon_core.shell:Skip shell extension 'dsv' for command environment
[0.816s] INFO:colcon.colcon_core.task.python.build:Building Python package in '/home/hannah/Workspace/ros2_ws/src/ros2_sumo-v010/ros2_sumo-main'
[0.816s] INFO:colcon.colcon_core.shell:Skip shell extension 'powershell' for command environment: Not usable outside of PowerShell
[0.817s] DEBUG:colcon.colcon_core.shell:Skip shell extension 'dsv' for command environment
[1.244s] DEBUG:colcon.colcon_core.event_handler.log_command:Invoking command in '/home/hannah/Workspace/ros2_ws/build/1st_pkg': PYTHONPATH=/home/hannah/Workspace/ros2_ws/build/1st_pkg/prefix_override:/usr/lib/python3/dist-packages/colcon_core/task/python/colcon_distutils_commands:/home/hannah/Workspace/ros2_ws/install/1st_pkg/lib/python3.10/site-packages: /usr/bin/python3 -W ignore:setup.py install is deprecated -W ignore:easy_install command is deprecated setup.py develop --editable --build-directory /home/hannah/Workspace/ros2_ws/build/1st_pkg/build --no-deps symlink_data
[1.249s] DEBUG:colcon.colcon_core.event_handler.log_command:Invoking command in '/home/hannah/Workspace/ros2_ws/build/ros2_sumo': PYTHONPATH=/home/hannah/Workspace/ros2_ws/build/ros2_sumo/prefix_override:/usr/lib/python3/dist-packages/colcon_core/task/python/colcon_distutils_commands:/home/hannah/Workspace/ros2_ws/install/ros2_sumo/lib/python3.10/site-packages: /usr/bin/python3 -W ignore:setup.py install is deprecated -W ignore:easy_install command is deprecated setup.py develop --editable --build-directory /home/hannah/Workspace/ros2_ws/build/ros2_sumo/build --no-deps symlink_data
[1.625s] Level 1:colcon.colcon_core.shell:create_environment_hook('ros2_sumo', 'pythonpath_develop')
[1.626s] INFO:colcon.colcon_core.shell:Creating environment hook '/home/hannah/Workspace/ros2_ws/build/ros2_sumo/share/ros2_sumo/hook/pythonpath_develop.ps1'
[1.627s] INFO:colcon.colcon_core.shell:Creating environment descriptor '/home/hannah/Workspace/ros2_ws/build/ros2_sumo/share/ros2_sumo/hook/pythonpath_develop.dsv'
[1.627s] DEBUG:colcon.colcon_core.event_handler.log_command:Invoked command in '/home/hannah/Workspace/ros2_ws/build/ros2_sumo' returned '0': PYTHONPATH=/home/hannah/Workspace/ros2_ws/build/ros2_sumo/prefix_override:/usr/lib/python3/dist-packages/colcon_core/task/python/colcon_distutils_commands:/home/hannah/Workspace/ros2_ws/install/ros2_sumo/lib/python3.10/site-packages: /usr/bin/python3 -W ignore:setup.py install is deprecated -W ignore:easy_install command is deprecated setup.py develop --editable --build-directory /home/hannah/Workspace/ros2_ws/build/ros2_sumo/build --no-deps symlink_data
[1.628s] INFO:colcon.colcon_core.shell:Creating environment hook '/home/hannah/Workspace/ros2_ws/build/ros2_sumo/share/ros2_sumo/hook/pythonpath_develop.sh'
[1.641s] Level 1:colcon.colcon_core.environment:checking '/home/hannah/Workspace/ros2_ws/install/ros2_sumo' for CMake module files
[1.641s] Level 1:colcon.colcon_core.environment:checking '/home/hannah/Workspace/ros2_ws/install/ros2_sumo' for CMake config files
[1.642s] Level 1:colcon.colcon_core.environment:checking '/home/hannah/Workspace/ros2_ws/install/ros2_sumo/lib'
[1.642s] Level 1:colcon.colcon_core.environment:checking '/home/hannah/Workspace/ros2_ws/install/ros2_sumo/bin'
[1.642s] Level 1:colcon.colcon_core.environment:checking '/home/hannah/Workspace/ros2_ws/install/ros2_sumo/lib/pkgconfig/ros2_sumo.pc'
[1.643s] Level 1:colcon.colcon_core.environment:checking '/home/hannah/Workspace/ros2_ws/install/ros2_sumo/lib/python3.10/site-packages'
[1.643s] Level 1:colcon.colcon_core.shell:create_environment_hook('ros2_sumo', 'pythonpath')
[1.643s] INFO:colcon.colcon_core.shell:Creating environment hook '/home/hannah/Workspace/ros2_ws/install/ros2_sumo/share/ros2_sumo/hook/pythonpath.ps1'
[1.644s] INFO:colcon.colcon_core.shell:Creating environment descriptor '/home/hannah/Workspace/ros2_ws/install/ros2_sumo/share/ros2_sumo/hook/pythonpath.dsv'
[1.644s] INFO:colcon.colcon_core.shell:Creating environment hook '/home/hannah/Workspace/ros2_ws/install/ros2_sumo/share/ros2_sumo/hook/pythonpath.sh'
[1.645s] Level 1:colcon.colcon_core.environment:checking '/home/hannah/Workspace/ros2_ws/install/ros2_sumo/bin'
[1.645s] Level 1:colcon.colcon_core.environment:create_environment_scripts_only(ros2_sumo)
[1.646s] INFO:colcon.colcon_core.shell:Creating package script '/home/hannah/Workspace/ros2_ws/install/ros2_sumo/share/ros2_sumo/package.ps1'
[1.647s] INFO:colcon.colcon_core.shell:Creating package descriptor '/home/hannah/Workspace/ros2_ws/install/ros2_sumo/share/ros2_sumo/package.dsv'
[1.648s] INFO:colcon.colcon_core.shell:Creating package script '/home/hannah/Workspace/ros2_ws/install/ros2_sumo/share/ros2_sumo/package.sh'
[1.650s] INFO:colcon.colcon_core.shell:Creating package script '/home/hannah/Workspace/ros2_ws/install/ros2_sumo/share/ros2_sumo/package.bash'
[1.651s] INFO:colcon.colcon_core.shell:Creating package script '/home/hannah/Workspace/ros2_ws/install/ros2_sumo/share/ros2_sumo/package.zsh'
[1.652s] Level 1:colcon.colcon_core.environment:create_file_with_runtime_dependencies(/home/hannah/Workspace/ros2_ws/install/ros2_sumo/share/colcon-core/packages/ros2_sumo)
[1.653s] Level 1:colcon.colcon_core.shell:create_environment_hook('1st_pkg', 'pythonpath_develop')
[1.654s] INFO:colcon.colcon_core.shell:Creating environment hook '/home/hannah/Workspace/ros2_ws/build/1st_pkg/share/1st_pkg/hook/pythonpath_develop.ps1'
[1.654s] DEBUG:colcon.colcon_core.event_handler.log_command:Invoked command in '/home/hannah/Workspace/ros2_ws/build/1st_pkg' returned '0': PYTHONPATH=/home/hannah/Workspace/ros2_ws/build/1st_pkg/prefix_override:/usr/lib/python3/dist-packages/colcon_core/task/python/colcon_distutils_commands:/home/hannah/Workspace/ros2_ws/install/1st_pkg/lib/python3.10/site-packages: /usr/bin/python3 -W ignore:setup.py install is deprecated -W ignore:easy_install command is deprecated setup.py develop --editable --build-directory /home/hannah/Workspace/ros2_ws/build/1st_pkg/build --no-deps symlink_data
[1.655s] INFO:colcon.colcon_core.shell:Creating environment descriptor '/home/hannah/Workspace/ros2_ws/build/1st_pkg/share/1st_pkg/hook/pythonpath_develop.dsv'
[1.655s] INFO:colcon.colcon_core.shell:Creating environment hook '/home/hannah/Workspace/ros2_ws/build/1st_pkg/share/1st_pkg/hook/pythonpath_develop.sh'
[1.656s] Level 1:colcon.colcon_core.environment:checking '/home/hannah/Workspace/ros2_ws/install/1st_pkg' for CMake module files
[1.657s] Level 1:colcon.colcon_core.environment:checking '/home/hannah/Workspace/ros2_ws/install/1st_pkg' for CMake config files
[1.658s] Level 1:colcon.colcon_core.environment:checking '/home/hannah/Workspace/ros2_ws/install/1st_pkg/lib'
[1.658s] Level 1:colcon.colcon_core.environment:checking '/home/hannah/Workspace/ros2_ws/install/1st_pkg/bin'
[1.658s] Level 1:colcon.colcon_core.environment:checking '/home/hannah/Workspace/ros2_ws/install/1st_pkg/lib/pkgconfig/1st_pkg.pc'
[1.660s] Level 1:colcon.colcon_core.environment:checking '/home/hannah/Workspace/ros2_ws/install/1st_pkg/lib/python3.10/site-packages'
[1.660s] Level 1:colcon.colcon_core.shell:create_environment_hook('1st_pkg', 'pythonpath')
[1.660s] INFO:colcon.colcon_core.shell:Creating environment hook '/home/hannah/Workspace/ros2_ws/install/1st_pkg/share/1st_pkg/hook/pythonpath.ps1'
[1.660s] INFO:colcon.colcon_core.shell:Creating environment descriptor '/home/hannah/Workspace/ros2_ws/install/1st_pkg/share/1st_pkg/hook/pythonpath.dsv'
[1.661s] INFO:colcon.colcon_core.shell:Creating environment hook '/home/hannah/Workspace/ros2_ws/install/1st_pkg/share/1st_pkg/hook/pythonpath.sh'
[1.663s] Level 1:colcon.colcon_core.environment:checking '/home/hannah/Workspace/ros2_ws/install/1st_pkg/bin'
[1.663s] Level 1:colcon.colcon_core.environment:create_environment_scripts_only(1st_pkg)
[1.664s] INFO:colcon.colcon_core.shell:Creating package script '/home/hannah/Workspace/ros2_ws/install/1st_pkg/share/1st_pkg/package.ps1'
[1.665s] INFO:colcon.colcon_core.shell:Creating package descriptor '/home/hannah/Workspace/ros2_ws/install/1st_pkg/share/1st_pkg/package.dsv'
[1.666s] INFO:colcon.colcon_core.shell:Creating package script '/home/hannah/Workspace/ros2_ws/install/1st_pkg/share/1st_pkg/package.sh'
[1.666s] INFO:colcon.colcon_core.shell:Creating package script '/home/hannah/Workspace/ros2_ws/install/1st_pkg/share/1st_pkg/package.bash'
[1.667s] INFO:colcon.colcon_core.shell:Creating package script '/home/hannah/Workspace/ros2_ws/install/1st_pkg/share/1st_pkg/package.zsh'
[1.667s] Level 1:colcon.colcon_core.environment:create_file_with_runtime_dependencies(/home/hannah/Workspace/ros2_ws/install/1st_pkg/share/colcon-core/packages/1st_pkg)
[1.668s] DEBUG:colcon.colcon_parallel_executor.executor.parallel:closing loop
[1.668s] DEBUG:colcon.colcon_parallel_executor.executor.parallel:loop closed
[1.668s] DEBUG:colcon.colcon_parallel_executor.executor.parallel:run_until_complete finished with '0'
[1.668s] DEBUG:colcon.colcon_core.event_reactor:joining thread
[1.673s] INFO:colcon.colcon_core.plugin_system:Skipping extension 'colcon_notification.desktop_notification.terminal_notifier': Not used on non-Darwin systems
[1.673s] INFO:colcon.colcon_core.plugin_system:Skipping extension 'colcon_notification.desktop_notification.win32': Not used on non-Windows systems
[1.673s] INFO:colcon.colcon_notification.desktop_notification:Sending desktop notification using 'notify2'
[1.689s] DEBUG:colcon.colcon_core.event_reactor:joined thread
[1.689s] INFO:colcon.colcon_core.shell:Creating prefix script '/home/hannah/Workspace/ros2_ws/install/local_setup.ps1'
[1.692s] INFO:colcon.colcon_core.shell:Creating prefix util module '/home/hannah/Workspace/ros2_ws/install/_local_setup_util_ps1.py'
[1.693s] INFO:colcon.colcon_core.shell:Creating prefix chain script '/home/hannah/Workspace/ros2_ws/install/setup.ps1'
[1.694s] INFO:colcon.colcon_core.shell:Creating prefix script '/home/hannah/Workspace/ros2_ws/install/local_setup.sh'
[1.695s] INFO:colcon.colcon_core.shell:Creating prefix util module '/home/hannah/Workspace/ros2_ws/install/_local_setup_util_sh.py'
[1.696s] INFO:colcon.colcon_core.shell:Creating prefix chain script '/home/hannah/Workspace/ros2_ws/install/setup.sh'
[1.699s] INFO:colcon.colcon_core.shell:Creating prefix script '/home/hannah/Workspace/ros2_ws/install/local_setup.bash'
[1.700s] INFO:colcon.colcon_core.shell:Creating prefix chain script '/home/hannah/Workspace/ros2_ws/install/setup.bash'
[1.701s] INFO:colcon.colcon_core.shell:Creating prefix script '/home/hannah/Workspace/ros2_ws/install/local_setup.zsh'
[1.702s] INFO:colcon.colcon_core.shell:Creating prefix chain script '/home/hannah/Workspace/ros2_ws/install/setup.zsh'
