[0.211s] DEBUG:colcon:Command line arguments: ['/usr/bin/colcon', 'build']
[0.211s] DEBUG:colcon:Parsed command line arguments: Namespace(log_base=None, log_level=None, verb_name='build', build_base='build', install_base='install', merge_install=False, symlink_install=False, test_result_base=None, continue_on_error=False, executor='parallel', parallel_workers=3, event_handlers=None, ignore_user_meta=False, metas=['./colcon.meta'], base_paths=['.'], packages_ignore=None, packages_ignore_regex=None, paths=None, packages_up_to=None, packages_up_to_regex=None, packages_above=None, packages_above_and_dependencies=None, packages_above_depth=None, packages_select_by_dep=None, packages_skip_by_dep=None, packages_skip_up_to=None, packages_select_build_failed=False, packages_skip_build_finished=False, packages_select_test_failures=False, packages_skip_test_passed=False, packages_select=None, packages_skip=None, packages_select_regex=None, packages_skip_regex=None, packages_start=None, packages_end=None, allow_overriding=[], cmake_args=None, cmake_target=None, cmake_target_skip_unavailable=False, cmake_clean_cache=False, cmake_clean_first=False, cmake_force_configure=False, ament_cmake_args=None, catkin_cmake_args=None, catkin_skip_building_tests=False, mixin_files=None, mixin=None, verb_parser=<colcon_mixin.mixin.mixin_argument.MixinArgumentDecorator object at 0x75763d215150>, verb_extension=<colcon_core.verb.build.BuildVerb object at 0x75763d214bb0>, main=<bound method BuildVerb.main of <colcon_core.verb.build.BuildVerb object at 0x75763d214bb0>>, mixin_verb=('build',))
[0.514s] Level 1:colcon.colcon_core.package_discovery:discover_packages(colcon_meta) check parameters
[0.515s] Level 1:colcon.colcon_core.package_discovery:discover_packages(recursive) check parameters
[0.515s] Level 1:colcon.colcon_core.package_discovery:discover_packages(ignore) check parameters
[0.515s] Level 1:colcon.colcon_core.package_discovery:discover_packages(path) check parameters
[0.515s] Level 1:colcon.colcon_core.package_discovery:discover_packages(colcon_meta) discover
[0.515s] Level 1:colcon.colcon_core.package_discovery:discover_packages(recursive) discover
[0.515s] INFO:colcon.colcon_core.package_discovery:Crawling recursively for packages in '/home/hannah/Workspace/ros2_ws/src/ros2_sumo-v010/ros2_sumo-main/scenarios'
[0.515s] Level 1:colcon.colcon_core.package_identification:_identify(.) by extensions ['ignore', 'ignore_ament_install']
[0.515s] Level 1:colcon.colcon_core.package_identification:_identify(.) by extension 'ignore'
[0.515s] Level 1:colcon.colcon_core.package_identification:_identify(.) by extension 'ignore_ament_install'
[0.515s] Level 1:colcon.colcon_core.package_identification:_identify(.) by extensions ['colcon_pkg']
[0.515s] Level 1:colcon.colcon_core.package_identification:_identify(.) by extension 'colcon_pkg'
[0.515s] Level 1:colcon.colcon_core.package_identification:_identify(.) by extensions ['colcon_meta']
[0.515s] Level 1:colcon.colcon_core.package_identification:_identify(.) by extension 'colcon_meta'
[0.515s] Level 1:colcon.colcon_core.package_identification:_identify(.) by extensions ['ros']
[0.515s] Level 1:colcon.colcon_core.package_identification:_identify(.) by extension 'ros'
[0.529s] Level 1:colcon.colcon_core.package_identification:_identify(.) by extensions ['cmake', 'python']
[0.529s] Level 1:colcon.colcon_core.package_identification:_identify(.) by extension 'cmake'
[0.529s] Level 1:colcon.colcon_core.package_identification:_identify(.) by extension 'python'
[0.530s] Level 1:colcon.colcon_core.package_identification:_identify(.) by extensions ['python_setup_py']
[0.530s] Level 1:colcon.colcon_core.package_identification:_identify(.) by extension 'python_setup_py'
[0.530s] Level 1:colcon.colcon_core.package_identification:_identify(Autobahn) by extensions ['ignore', 'ignore_ament_install']
[0.530s] Level 1:colcon.colcon_core.package_identification:_identify(Autobahn) by extension 'ignore'
[0.530s] Level 1:colcon.colcon_core.package_identification:_identify(Autobahn) by extension 'ignore_ament_install'
[0.531s] Level 1:colcon.colcon_core.package_identification:_identify(Autobahn) by extensions ['colcon_pkg']
[0.531s] Level 1:colcon.colcon_core.package_identification:_identify(Autobahn) by extension 'colcon_pkg'
[0.531s] Level 1:colcon.colcon_core.package_identification:_identify(Autobahn) by extensions ['colcon_meta']
[0.531s] Level 1:colcon.colcon_core.package_identification:_identify(Autobahn) by extension 'colcon_meta'
[0.531s] Level 1:colcon.colcon_core.package_identification:_identify(Autobahn) by extensions ['ros']
[0.531s] Level 1:colcon.colcon_core.package_identification:_identify(Autobahn) by extension 'ros'
[0.531s] Level 1:colcon.colcon_core.package_identification:_identify(Autobahn) by extensions ['cmake', 'python']
[0.531s] Level 1:colcon.colcon_core.package_identification:_identify(Autobahn) by extension 'cmake'
[0.531s] Level 1:colcon.colcon_core.package_identification:_identify(Autobahn) by extension 'python'
[0.531s] Level 1:colcon.colcon_core.package_identification:_identify(Autobahn) by extensions ['python_setup_py']
[0.531s] Level 1:colcon.colcon_core.package_identification:_identify(Autobahn) by extension 'python_setup_py'
[0.531s] Level 1:colcon.colcon_core.package_identification:_identify(TechCampus) by extensions ['ignore', 'ignore_ament_install']
[0.531s] Level 1:colcon.colcon_core.package_identification:_identify(TechCampus) by extension 'ignore'
[0.531s] Level 1:colcon.colcon_core.package_identification:_identify(TechCampus) by extension 'ignore_ament_install'
[0.531s] Level 1:colcon.colcon_core.package_identification:_identify(TechCampus) by extensions ['colcon_pkg']
[0.531s] Level 1:colcon.colcon_core.package_identification:_identify(TechCampus) by extension 'colcon_pkg'
[0.531s] Level 1:colcon.colcon_core.package_identification:_identify(TechCampus) by extensions ['colcon_meta']
[0.531s] Level 1:colcon.colcon_core.package_identification:_identify(TechCampus) by extension 'colcon_meta'
[0.532s] Level 1:colcon.colcon_core.package_identification:_identify(TechCampus) by extensions ['ros']
[0.532s] Level 1:colcon.colcon_core.package_identification:_identify(TechCampus) by extension 'ros'
[0.532s] Level 1:colcon.colcon_core.package_identification:_identify(TechCampus) by extensions ['cmake', 'python']
[0.532s] Level 1:colcon.colcon_core.package_identification:_identify(TechCampus) by extension 'cmake'
[0.532s] Level 1:colcon.colcon_core.package_identification:_identify(TechCampus) by extension 'python'
[0.532s] Level 1:colcon.colcon_core.package_identification:_identify(TechCampus) by extensions ['python_setup_py']
[0.532s] Level 1:colcon.colcon_core.package_identification:_identify(TechCampus) by extension 'python_setup_py'
[0.533s] Level 1:colcon.colcon_core.package_identification:_identify(TechCampus/doc) by extensions ['ignore', 'ignore_ament_install']
[0.533s] Level 1:colcon.colcon_core.package_identification:_identify(TechCampus/doc) by extension 'ignore'
[0.533s] Level 1:colcon.colcon_core.package_identification:_identify(TechCampus/doc) by extension 'ignore_ament_install'
[0.533s] Level 1:colcon.colcon_core.package_identification:_identify(TechCampus/doc) by extensions ['colcon_pkg']
[0.533s] Level 1:colcon.colcon_core.package_identification:_identify(TechCampus/doc) by extension 'colcon_pkg'
[0.533s] Level 1:colcon.colcon_core.package_identification:_identify(TechCampus/doc) by extensions ['colcon_meta']
[0.533s] Level 1:colcon.colcon_core.package_identification:_identify(TechCampus/doc) by extension 'colcon_meta'
[0.533s] Level 1:colcon.colcon_core.package_identification:_identify(TechCampus/doc) by extensions ['ros']
[0.533s] Level 1:colcon.colcon_core.package_identification:_identify(TechCampus/doc) by extension 'ros'
[0.533s] Level 1:colcon.colcon_core.package_identification:_identify(TechCampus/doc) by extensions ['cmake', 'python']
[0.533s] Level 1:colcon.colcon_core.package_identification:_identify(TechCampus/doc) by extension 'cmake'
[0.533s] Level 1:colcon.colcon_core.package_identification:_identify(TechCampus/doc) by extension 'python'
[0.533s] Level 1:colcon.colcon_core.package_identification:_identify(TechCampus/doc) by extensions ['python_setup_py']
[0.533s] Level 1:colcon.colcon_core.package_identification:_identify(TechCampus/doc) by extension 'python_setup_py'
[0.534s] Level 1:colcon.colcon_core.package_identification:_identify(TechCampus/log) by extensions ['ignore', 'ignore_ament_install']
[0.534s] Level 1:colcon.colcon_core.package_identification:_identify(TechCampus/log) by extension 'ignore'
[0.534s] Level 1:colcon.colcon_core.package_identification:_identify(TechCampus/log) by extension 'ignore_ament_install'
[0.534s] Level 1:colcon.colcon_core.package_identification:_identify(TechCampus/log) by extensions ['colcon_pkg']
[0.534s] Level 1:colcon.colcon_core.package_identification:_identify(TechCampus/log) by extension 'colcon_pkg'
[0.534s] Level 1:colcon.colcon_core.package_identification:_identify(TechCampus/log) by extensions ['colcon_meta']
[0.534s] Level 1:colcon.colcon_core.package_identification:_identify(TechCampus/log) by extension 'colcon_meta'
[0.534s] Level 1:colcon.colcon_core.package_identification:_identify(TechCampus/log) by extensions ['ros']
[0.534s] Level 1:colcon.colcon_core.package_identification:_identify(TechCampus/log) by extension 'ros'
[0.535s] Level 1:colcon.colcon_core.package_identification:_identify(TechCampus/log) by extensions ['cmake', 'python']
[0.535s] Level 1:colcon.colcon_core.package_identification:_identify(TechCampus/log) by extension 'cmake'
[0.535s] Level 1:colcon.colcon_core.package_identification:_identify(TechCampus/log) by extension 'python'
[0.535s] Level 1:colcon.colcon_core.package_identification:_identify(TechCampus/log) by extensions ['python_setup_py']
[0.535s] Level 1:colcon.colcon_core.package_identification:_identify(TechCampus/log) by extension 'python_setup_py'
[0.535s] Level 1:colcon.colcon_core.package_identification:_identify(TechCampus/tiles) by extensions ['ignore', 'ignore_ament_install']
[0.535s] Level 1:colcon.colcon_core.package_identification:_identify(TechCampus/tiles) by extension 'ignore'
[0.535s] Level 1:colcon.colcon_core.package_identification:_identify(TechCampus/tiles) by extension 'ignore_ament_install'
[0.536s] Level 1:colcon.colcon_core.package_identification:_identify(TechCampus/tiles) by extensions ['colcon_pkg']
[0.536s] Level 1:colcon.colcon_core.package_identification:_identify(TechCampus/tiles) by extension 'colcon_pkg'
[0.536s] Level 1:colcon.colcon_core.package_identification:_identify(TechCampus/tiles) by extensions ['colcon_meta']
[0.536s] Level 1:colcon.colcon_core.package_identification:_identify(TechCampus/tiles) by extension 'colcon_meta'
[0.536s] Level 1:colcon.colcon_core.package_identification:_identify(TechCampus/tiles) by extensions ['ros']
[0.536s] Level 1:colcon.colcon_core.package_identification:_identify(TechCampus/tiles) by extension 'ros'
[0.536s] Level 1:colcon.colcon_core.package_identification:_identify(TechCampus/tiles) by extensions ['cmake', 'python']
[0.536s] Level 1:colcon.colcon_core.package_identification:_identify(TechCampus/tiles) by extension 'cmake'
[0.536s] Level 1:colcon.colcon_core.package_identification:_identify(TechCampus/tiles) by extension 'python'
[0.536s] Level 1:colcon.colcon_core.package_identification:_identify(TechCampus/tiles) by extensions ['python_setup_py']
[0.536s] Level 1:colcon.colcon_core.package_identification:_identify(TechCampus/tiles) by extension 'python_setup_py'
[0.536s] Level 1:colcon.colcon_core.package_identification:_identify(build) by extensions ['ignore', 'ignore_ament_install']
[0.536s] Level 1:colcon.colcon_core.package_identification:_identify(build) by extension 'ignore'
[0.536s] Level 1:colcon.colcon_core.package_identification:_identify(build) ignored
[0.536s] Level 1:colcon.colcon_core.package_identification:_identify(install) by extensions ['ignore', 'ignore_ament_install']
[0.537s] Level 1:colcon.colcon_core.package_identification:_identify(install) by extension 'ignore'
[0.537s] Level 1:colcon.colcon_core.package_identification:_identify(install) ignored
[0.537s] Level 1:colcon.colcon_core.package_identification:_identify(log) by extensions ['ignore', 'ignore_ament_install']
[0.537s] Level 1:colcon.colcon_core.package_identification:_identify(log) by extension 'ignore'
[0.537s] Level 1:colcon.colcon_core.package_identification:_identify(log) ignored
[0.537s] Level 1:colcon.colcon_core.package_identification:_identify(traci_tls) by extensions ['ignore', 'ignore_ament_install']
[0.538s] Level 1:colcon.colcon_core.package_identification:_identify(traci_tls) by extension 'ignore'
[0.538s] Level 1:colcon.colcon_core.package_identification:_identify(traci_tls) by extension 'ignore_ament_install'
[0.538s] Level 1:colcon.colcon_core.package_identification:_identify(traci_tls) by extensions ['colcon_pkg']
[0.538s] Level 1:colcon.colcon_core.package_identification:_identify(traci_tls) by extension 'colcon_pkg'
[0.538s] Level 1:colcon.colcon_core.package_identification:_identify(traci_tls) by extensions ['colcon_meta']
[0.538s] Level 1:colcon.colcon_core.package_identification:_identify(traci_tls) by extension 'colcon_meta'
[0.538s] Level 1:colcon.colcon_core.package_identification:_identify(traci_tls) by extensions ['ros']
[0.538s] Level 1:colcon.colcon_core.package_identification:_identify(traci_tls) by extension 'ros'
[0.538s] Level 1:colcon.colcon_core.package_identification:_identify(traci_tls) by extensions ['cmake', 'python']
[0.538s] Level 1:colcon.colcon_core.package_identification:_identify(traci_tls) by extension 'cmake'
[0.538s] Level 1:colcon.colcon_core.package_identification:_identify(traci_tls) by extension 'python'
[0.538s] Level 1:colcon.colcon_core.package_identification:_identify(traci_tls) by extensions ['python_setup_py']
[0.539s] Level 1:colcon.colcon_core.package_identification:_identify(traci_tls) by extension 'python_setup_py'
[0.540s] Level 1:colcon.colcon_core.package_identification:_identify(traci_tls/data) by extensions ['ignore', 'ignore_ament_install']
[0.540s] Level 1:colcon.colcon_core.package_identification:_identify(traci_tls/data) by extension 'ignore'
[0.540s] Level 1:colcon.colcon_core.package_identification:_identify(traci_tls/data) by extension 'ignore_ament_install'
[0.540s] Level 1:colcon.colcon_core.package_identification:_identify(traci_tls/data) by extensions ['colcon_pkg']
[0.540s] Level 1:colcon.colcon_core.package_identification:_identify(traci_tls/data) by extension 'colcon_pkg'
[0.540s] Level 1:colcon.colcon_core.package_identification:_identify(traci_tls/data) by extensions ['colcon_meta']
[0.541s] Level 1:colcon.colcon_core.package_identification:_identify(traci_tls/data) by extension 'colcon_meta'
[0.541s] Level 1:colcon.colcon_core.package_identification:_identify(traci_tls/data) by extensions ['ros']
[0.541s] Level 1:colcon.colcon_core.package_identification:_identify(traci_tls/data) by extension 'ros'
[0.541s] Level 1:colcon.colcon_core.package_identification:_identify(traci_tls/data) by extensions ['cmake', 'python']
[0.541s] Level 1:colcon.colcon_core.package_identification:_identify(traci_tls/data) by extension 'cmake'
[0.541s] Level 1:colcon.colcon_core.package_identification:_identify(traci_tls/data) by extension 'python'
[0.541s] Level 1:colcon.colcon_core.package_identification:_identify(traci_tls/data) by extensions ['python_setup_py']
[0.541s] Level 1:colcon.colcon_core.package_identification:_identify(traci_tls/data) by extension 'python_setup_py'
[0.541s] Level 1:colcon.colcon_core.package_discovery:discover_packages(recursive) using defaults
[0.541s] Level 1:colcon.colcon_core.package_discovery:discover_packages(ignore) discover
[0.541s] Level 1:colcon.colcon_core.package_discovery:discover_packages(ignore) using defaults
[0.541s] Level 1:colcon.colcon_core.package_discovery:discover_packages(path) discover
[0.541s] Level 1:colcon.colcon_core.package_discovery:discover_packages(path) using defaults
[0.589s] Level 1:colcon.colcon_core.package_discovery:discover_packages(prefix_path) check parameters
[0.589s] Level 1:colcon.colcon_core.package_discovery:discover_packages(prefix_path) discover
[0.595s] DEBUG:colcon.colcon_installed_package_information.package_discovery:Found 273 installed packages in /opt/ros/humble
[0.597s] Level 1:colcon.colcon_core.package_discovery:discover_packages(prefix_path) using defaults
[0.681s] INFO:colcon.colcon_core.executor:Executing jobs using 'parallel' executor
[0.682s] DEBUG:colcon.colcon_parallel_executor.executor.parallel:run_until_complete
[0.682s] DEBUG:colcon.colcon_parallel_executor.executor.parallel:closing loop
[0.682s] DEBUG:colcon.colcon_parallel_executor.executor.parallel:loop closed
[0.682s] DEBUG:colcon.colcon_parallel_executor.executor.parallel:run_until_complete finished with '0'
[0.683s] DEBUG:colcon.colcon_core.event_reactor:joining thread
[0.697s] INFO:colcon.colcon_core.plugin_system:Skipping extension 'colcon_notification.desktop_notification.terminal_notifier': Not used on non-Darwin systems
[0.697s] INFO:colcon.colcon_core.plugin_system:Skipping extension 'colcon_notification.desktop_notification.win32': Not used on non-Windows systems
[0.697s] INFO:colcon.colcon_notification.desktop_notification:Sending desktop notification using 'notify2'
[0.714s] DEBUG:colcon.colcon_core.event_reactor:joined thread
[0.725s] INFO:colcon.colcon_core.plugin_system:Skipping extension 'colcon_core.shell.bat': Not used on non-Windows systems
[0.725s] INFO:colcon.colcon_core.shell:Creating prefix script '/home/hannah/Workspace/ros2_ws/src/ros2_sumo-v010/ros2_sumo-main/scenarios/install/local_setup.ps1'
[0.728s] INFO:colcon.colcon_core.shell:Creating prefix util module '/home/hannah/Workspace/ros2_ws/src/ros2_sumo-v010/ros2_sumo-main/scenarios/install/_local_setup_util_ps1.py'
[0.736s] INFO:colcon.colcon_core.shell:Creating prefix chain script '/home/hannah/Workspace/ros2_ws/src/ros2_sumo-v010/ros2_sumo-main/scenarios/install/setup.ps1'
[0.738s] INFO:colcon.colcon_core.shell:Creating prefix script '/home/hannah/Workspace/ros2_ws/src/ros2_sumo-v010/ros2_sumo-main/scenarios/install/local_setup.sh'
[0.739s] INFO:colcon.colcon_core.shell:Creating prefix util module '/home/hannah/Workspace/ros2_ws/src/ros2_sumo-v010/ros2_sumo-main/scenarios/install/_local_setup_util_sh.py'
[0.740s] INFO:colcon.colcon_core.shell:Creating prefix chain script '/home/hannah/Workspace/ros2_ws/src/ros2_sumo-v010/ros2_sumo-main/scenarios/install/setup.sh'
[0.742s] INFO:colcon.colcon_core.shell:Creating prefix script '/home/hannah/Workspace/ros2_ws/src/ros2_sumo-v010/ros2_sumo-main/scenarios/install/local_setup.bash'
[0.744s] INFO:colcon.colcon_core.shell:Creating prefix chain script '/home/hannah/Workspace/ros2_ws/src/ros2_sumo-v010/ros2_sumo-main/scenarios/install/setup.bash'
[0.746s] INFO:colcon.colcon_core.shell:Creating prefix script '/home/hannah/Workspace/ros2_ws/src/ros2_sumo-v010/ros2_sumo-main/scenarios/install/local_setup.zsh'
[0.749s] INFO:colcon.colcon_core.shell:Creating prefix chain script '/home/hannah/Workspace/ros2_ws/src/ros2_sumo-v010/ros2_sumo-main/scenarios/install/setup.zsh'
