[0.764s] Invoking command in '/home/bryan/Workspace/ros2_ws/build/image_converter': PYTHONPATH=/home/bryan/Workspace/ros2_ws/build/image_converter/prefix_override:/usr/lib/python3/dist-packages/colcon_core/task/python/colcon_distutils_commands:/home/bryan/Workspace/ros2_ws/install/image_converter/lib/python3.10/site-packages:${PYTHONPATH} /usr/bin/python3 -W ignore:setup.py install is deprecated -W ignore:easy_install command is deprecated setup.py develop --editable --build-directory /home/bryan/Workspace/ros2_ws/build/image_converter/build --no-deps symlink_data
[1.045s] running develop
[1.269s] running egg_info
[1.269s] creating image_converter.egg-info
[1.270s] writing image_converter.egg-info/PKG-INFO
[1.270s] writing dependency_links to image_converter.egg-info/dependency_links.txt
[1.270s] writing entry points to image_converter.egg-info/entry_points.txt
[1.271s] writing requirements to image_converter.egg-info/requires.txt
[1.271s] writing top-level names to image_converter.egg-info/top_level.txt
[1.272s] writing manifest file 'image_converter.egg-info/SOURCES.txt'
[1.274s] reading manifest file 'image_converter.egg-info/SOURCES.txt'
[1.274s] writing manifest file 'image_converter.egg-info/SOURCES.txt'
[1.277s] running build_ext
[1.277s] Creating /home/bryan/Workspace/ros2_ws/install/image_converter/lib/python3.10/site-packages/image-converter.egg-link (link to .)
[1.278s] Installing image_converter_pkg script to /home/bryan/Workspace/ros2_ws/install/image_converter/lib/image_converter
[1.278s] 
[1.278s] Installed /home/bryan/Workspace/ros2_ws/build/image_converter
[1.279s] running symlink_data
[1.279s] creating /home/bryan/Workspace/ros2_ws/install/image_converter/share/ament_index
[1.279s] creating /home/bryan/Workspace/ros2_ws/install/image_converter/share/ament_index/resource_index
[1.279s] creating /home/bryan/Workspace/ros2_ws/install/image_converter/share/ament_index/resource_index/packages
[1.279s] symbolically linking /home/bryan/Workspace/ros2_ws/build/image_converter/resource/image_converter -> /home/bryan/Workspace/ros2_ws/install/image_converter/share/ament_index/resource_index/packages
[1.280s] symbolically linking /home/bryan/Workspace/ros2_ws/build/image_converter/package.xml -> /home/bryan/Workspace/ros2_ws/install/image_converter/share/image_converter
[1.280s] creating /home/bryan/Workspace/ros2_ws/install/image_converter/share/image_converter/launch
[1.280s] symbolically linking /home/bryan/Workspace/ros2_ws/build/image_converter/launch/image_conversion_launch.py -> /home/bryan/Workspace/ros2_ws/install/image_converter/share/image_converter/launch
[1.315s] Invoked command in '/home/bryan/Workspace/ros2_ws/build/image_converter' returned '0': PYTHONPATH=/home/bryan/Workspace/ros2_ws/build/image_converter/prefix_override:/usr/lib/python3/dist-packages/colcon_core/task/python/colcon_distutils_commands:/home/bryan/Workspace/ros2_ws/install/image_converter/lib/python3.10/site-packages:${PYTHONPATH} /usr/bin/python3 -W ignore:setup.py install is deprecated -W ignore:easy_install command is deprecated setup.py develop --editable --build-directory /home/bryan/Workspace/ros2_ws/build/image_converter/build --no-deps symlink_data
