[0.944s] Invoking command in '/home/hannah/Workspace/ros2_ws/build/1st_pkg': PYTHONPATH=/home/hannah/Workspace/ros2_ws/build/1st_pkg/prefix_override:/usr/lib/python3/dist-packages/colcon_core/task/python/colcon_distutils_commands:/home/hannah/Workspace/ros2_ws/install/1st_pkg/lib/python3.10/site-packages:${PYTHONPATH} /usr/bin/python3 -W ignore:setup.py install is deprecated -W ignore:easy_install command is deprecated setup.py develop --uninstall --editable --build-directory /home/hannah/Workspace/ros2_ws/build/1st_pkg/build
[1.206s] running develop
[1.369s] Removing /home/hannah/Workspace/ros2_ws/install/1st_pkg/lib/python3.10/site-packages/1st-pkg.egg-link (link to .)
[1.407s] Invoked command in '/home/hannah/Workspace/ros2_ws/build/1st_pkg' returned '0': PYTHONPATH=/home/hannah/Workspace/ros2_ws/build/1st_pkg/prefix_override:/usr/lib/python3/dist-packages/colcon_core/task/python/colcon_distutils_commands:/home/hannah/Workspace/ros2_ws/install/1st_pkg/lib/python3.10/site-packages:${PYTHONPATH} /usr/bin/python3 -W ignore:setup.py install is deprecated -W ignore:easy_install command is deprecated setup.py develop --uninstall --editable --build-directory /home/hannah/Workspace/ros2_ws/build/1st_pkg/build
[1.410s] Invoking command in '/home/hannah/Workspace/ros2_ws/1st_pkg': PYTHONPATH=/home/hannah/Workspace/ros2_ws/build/1st_pkg/prefix_override:/usr/lib/python3/dist-packages/colcon_core/task/python/colcon_distutils_commands:/home/hannah/Workspace/ros2_ws/install/1st_pkg/lib/python3.10/site-packages:${PYTHONPATH} /usr/bin/python3 -W ignore:setup.py install is deprecated -W ignore:easy_install command is deprecated setup.py egg_info --egg-base ../build/1st_pkg build --build-base /home/hannah/Workspace/ros2_ws/build/1st_pkg/build install --record /home/hannah/Workspace/ros2_ws/build/1st_pkg/install.log --single-version-externally-managed install_data --force
[1.647s] running egg_info
[1.647s] writing ../build/1st_pkg/1st_pkg.egg-info/PKG-INFO
[1.647s] writing dependency_links to ../build/1st_pkg/1st_pkg.egg-info/dependency_links.txt
[1.647s] writing entry points to ../build/1st_pkg/1st_pkg.egg-info/entry_points.txt
[1.647s] writing requirements to ../build/1st_pkg/1st_pkg.egg-info/requires.txt
[1.647s] writing top-level names to ../build/1st_pkg/1st_pkg.egg-info/top_level.txt
[1.649s] reading manifest file '../build/1st_pkg/1st_pkg.egg-info/SOURCES.txt'
[1.659s] writing manifest file '../build/1st_pkg/1st_pkg.egg-info/SOURCES.txt'
[1.660s] running build
[1.660s] running build_py
[1.660s] creating /home/hannah/Workspace/ros2_ws/build/1st_pkg/build
[1.660s] creating /home/hannah/Workspace/ros2_ws/build/1st_pkg/build/lib
[1.660s] creating /home/hannah/Workspace/ros2_ws/build/1st_pkg/build/lib/1st_pkg
[1.661s] copying 1st_pkg/__init__.py -> /home/hannah/Workspace/ros2_ws/build/1st_pkg/build/lib/1st_pkg
[1.661s] running install
[1.662s] running install_lib
[1.662s] creating /home/hannah/Workspace/ros2_ws/install/1st_pkg/lib/python3.10/site-packages/1st_pkg
[1.662s] copying /home/hannah/Workspace/ros2_ws/build/1st_pkg/build/lib/1st_pkg/__init__.py -> /home/hannah/Workspace/ros2_ws/install/1st_pkg/lib/python3.10/site-packages/1st_pkg
[1.663s] byte-compiling /home/hannah/Workspace/ros2_ws/install/1st_pkg/lib/python3.10/site-packages/1st_pkg/__init__.py to __init__.cpython-310.pyc
[1.665s] running install_data
[1.665s] copying resource/1st_pkg -> /home/hannah/Workspace/ros2_ws/install/1st_pkg/share/ament_index/resource_index/packages
[1.668s] copying package.xml -> /home/hannah/Workspace/ros2_ws/install/1st_pkg/share/1st_pkg
[1.668s] running install_egg_info
[1.668s] Copying ../build/1st_pkg/1st_pkg.egg-info to /home/hannah/Workspace/ros2_ws/install/1st_pkg/lib/python3.10/site-packages/1st_pkg-0.0.0-py3.10.egg-info
[1.671s] running install_scripts
[1.693s] writing list of installed files to '/home/hannah/Workspace/ros2_ws/build/1st_pkg/install.log'
[1.762s] Invoked command in '/home/hannah/Workspace/ros2_ws/1st_pkg' returned '0': PYTHONPATH=/home/hannah/Workspace/ros2_ws/build/1st_pkg/prefix_override:/usr/lib/python3/dist-packages/colcon_core/task/python/colcon_distutils_commands:/home/hannah/Workspace/ros2_ws/install/1st_pkg/lib/python3.10/site-packages:${PYTHONPATH} /usr/bin/python3 -W ignore:setup.py install is deprecated -W ignore:easy_install command is deprecated setup.py egg_info --egg-base ../build/1st_pkg build --build-base /home/hannah/Workspace/ros2_ws/build/1st_pkg/build install --record /home/hannah/Workspace/ros2_ws/build/1st_pkg/install.log --single-version-externally-managed install_data --force
