[1.073s] Invoking command in '/home/bryan/Workspace/ros2_ws/build/examples_rclpy_minimal_action_server': PYTHONPATH=/home/bryan/Workspace/ros2_ws/build/examples_rclpy_minimal_action_server/prefix_override:/usr/lib/python3/dist-packages/colcon_core/task/python/colcon_distutils_commands:/home/bryan/Workspace/ros2_ws/install/examples_rclpy_minimal_action_server/lib/python3.10/site-packages:${PYTHONPATH} /usr/bin/python3 -W ignore:setup.py install is deprecated -W ignore:easy_install command is deprecated setup.py develop --editable --build-directory /home/bryan/Workspace/ros2_ws/build/examples_rclpy_minimal_action_server/build --no-deps symlink_data
[1.447s] running develop
[1.677s] running egg_info
[1.678s] creating examples_rclpy_minimal_action_server.egg-info
[1.679s] writing examples_rclpy_minimal_action_server.egg-info/PKG-INFO
[1.680s] writing dependency_links to examples_rclpy_minimal_action_server.egg-info/dependency_links.txt
[1.681s] writing entry points to examples_rclpy_minimal_action_server.egg-info/entry_points.txt
[1.681s] writing requirements to examples_rclpy_minimal_action_server.egg-info/requires.txt
[1.682s] writing top-level names to examples_rclpy_minimal_action_server.egg-info/top_level.txt
[1.684s] writing manifest file 'examples_rclpy_minimal_action_server.egg-info/SOURCES.txt'
[1.684s] reading manifest file 'examples_rclpy_minimal_action_server.egg-info/SOURCES.txt'
[1.688s] writing manifest file 'examples_rclpy_minimal_action_server.egg-info/SOURCES.txt'
[1.689s] running build_ext
[1.690s] Creating /home/bryan/Workspace/ros2_ws/install/examples_rclpy_minimal_action_server/lib/python3.10/site-packages/examples-rclpy-minimal-action-server.egg-link (link to .)
[1.691s] Installing server script to /home/bryan/Workspace/ros2_ws/install/examples_rclpy_minimal_action_server/lib/examples_rclpy_minimal_action_server
[1.692s] Installing server_defer script to /home/bryan/Workspace/ros2_ws/install/examples_rclpy_minimal_action_server/lib/examples_rclpy_minimal_action_server
[1.693s] Installing server_not_composable script to /home/bryan/Workspace/ros2_ws/install/examples_rclpy_minimal_action_server/lib/examples_rclpy_minimal_action_server
[1.694s] Installing server_queue_goals script to /home/bryan/Workspace/ros2_ws/install/examples_rclpy_minimal_action_server/lib/examples_rclpy_minimal_action_server
[1.695s] Installing server_single_goal script to /home/bryan/Workspace/ros2_ws/install/examples_rclpy_minimal_action_server/lib/examples_rclpy_minimal_action_server
[1.695s] 
[1.696s] Installed /home/bryan/Workspace/ros2_ws/build/examples_rclpy_minimal_action_server
[1.696s] running symlink_data
[1.696s] creating /home/bryan/Workspace/ros2_ws/install/examples_rclpy_minimal_action_server/share/ament_index
[1.696s] creating /home/bryan/Workspace/ros2_ws/install/examples_rclpy_minimal_action_server/share/ament_index/resource_index
[1.696s] creating /home/bryan/Workspace/ros2_ws/install/examples_rclpy_minimal_action_server/share/ament_index/resource_index/packages
[1.696s] symbolically linking /home/bryan/Workspace/ros2_ws/build/examples_rclpy_minimal_action_server/resource/examples_rclpy_minimal_action_server -> /home/bryan/Workspace/ros2_ws/install/examples_rclpy_minimal_action_server/share/ament_index/resource_index/packages
[1.696s] symbolically linking /home/bryan/Workspace/ros2_ws/build/examples_rclpy_minimal_action_server/package.xml -> /home/bryan/Workspace/ros2_ws/install/examples_rclpy_minimal_action_server/share/examples_rclpy_minimal_action_server
[1.729s] Invoked command in '/home/bryan/Workspace/ros2_ws/build/examples_rclpy_minimal_action_server' returned '0': PYTHONPATH=/home/bryan/Workspace/ros2_ws/build/examples_rclpy_minimal_action_server/prefix_override:/usr/lib/python3/dist-packages/colcon_core/task/python/colcon_distutils_commands:/home/bryan/Workspace/ros2_ws/install/examples_rclpy_minimal_action_server/lib/python3.10/site-packages:${PYTHONPATH} /usr/bin/python3 -W ignore:setup.py install is deprecated -W ignore:easy_install command is deprecated setup.py develop --editable --build-directory /home/bryan/Workspace/ros2_ws/build/examples_rclpy_minimal_action_server/build --no-deps symlink_data
