[0.886s] Invoking command in '/home/bryan/Workspace/ros2_ws/build/examples_rclpy_guard_conditions': PYTHONPATH=/home/bryan/Workspace/ros2_ws/build/examples_rclpy_guard_conditions/prefix_override:/usr/lib/python3/dist-packages/colcon_core/task/python/colcon_distutils_commands:/home/bryan/Workspace/ros2_ws/install/examples_rclpy_guard_conditions/lib/python3.10/site-packages:${PYTHONPATH} /usr/bin/python3 -W ignore:setup.py install is deprecated -W ignore:easy_install command is deprecated setup.py develop --editable --build-directory /home/bryan/Workspace/ros2_ws/build/examples_rclpy_guard_conditions/build --no-deps symlink_data
[1.209s] running develop
[1.412s] running egg_info
[1.413s] creating examples_rclpy_guard_conditions.egg-info
[1.413s] writing examples_rclpy_guard_conditions.egg-info/PKG-INFO
[1.414s] writing dependency_links to examples_rclpy_guard_conditions.egg-info/dependency_links.txt
[1.415s] writing entry points to examples_rclpy_guard_conditions.egg-info/entry_points.txt
[1.415s] writing requirements to examples_rclpy_guard_conditions.egg-info/requires.txt
[1.415s] writing top-level names to examples_rclpy_guard_conditions.egg-info/top_level.txt
[1.418s] writing manifest file 'examples_rclpy_guard_conditions.egg-info/SOURCES.txt'
[1.422s] reading manifest file 'examples_rclpy_guard_conditions.egg-info/SOURCES.txt'
[1.423s] writing manifest file 'examples_rclpy_guard_conditions.egg-info/SOURCES.txt'
[1.427s] running build_ext
[1.427s] Creating /home/bryan/Workspace/ros2_ws/install/examples_rclpy_guard_conditions/lib/python3.10/site-packages/examples-rclpy-guard-conditions.egg-link (link to .)
[1.429s] Installing trigger_guard_condition script to /home/bryan/Workspace/ros2_ws/install/examples_rclpy_guard_conditions/lib/examples_rclpy_guard_conditions
[1.429s] 
[1.429s] Installed /home/bryan/Workspace/ros2_ws/build/examples_rclpy_guard_conditions
[1.429s] running symlink_data
[1.430s] creating /home/bryan/Workspace/ros2_ws/install/examples_rclpy_guard_conditions/share/ament_index
[1.430s] creating /home/bryan/Workspace/ros2_ws/install/examples_rclpy_guard_conditions/share/ament_index/resource_index
[1.430s] creating /home/bryan/Workspace/ros2_ws/install/examples_rclpy_guard_conditions/share/ament_index/resource_index/packages
[1.430s] symbolically linking /home/bryan/Workspace/ros2_ws/build/examples_rclpy_guard_conditions/resource/examples_rclpy_guard_conditions -> /home/bryan/Workspace/ros2_ws/install/examples_rclpy_guard_conditions/share/ament_index/resource_index/packages
[1.430s] symbolically linking /home/bryan/Workspace/ros2_ws/build/examples_rclpy_guard_conditions/package.xml -> /home/bryan/Workspace/ros2_ws/install/examples_rclpy_guard_conditions/share/examples_rclpy_guard_conditions
[1.484s] Invoked command in '/home/bryan/Workspace/ros2_ws/build/examples_rclpy_guard_conditions' returned '0': PYTHONPATH=/home/bryan/Workspace/ros2_ws/build/examples_rclpy_guard_conditions/prefix_override:/usr/lib/python3/dist-packages/colcon_core/task/python/colcon_distutils_commands:/home/bryan/Workspace/ros2_ws/install/examples_rclpy_guard_conditions/lib/python3.10/site-packages:${PYTHONPATH} /usr/bin/python3 -W ignore:setup.py install is deprecated -W ignore:easy_install command is deprecated setup.py develop --editable --build-directory /home/bryan/Workspace/ros2_ws/build/examples_rclpy_guard_conditions/build --no-deps symlink_data
