[1.759s] Invoking command in '/home/bryan/Workspace/ros2_ws/build/examples_rclpy_minimal_action_server': PYTHONPATH=/home/bryan/Workspace/ros2_ws/build/examples_rclpy_minimal_action_server/prefix_override:/usr/lib/python3/dist-packages/colcon_core/task/python/colcon_distutils_commands:/home/bryan/Workspace/ros2_ws/install/examples_rclpy_minimal_action_server/lib/python3.10/site-packages:${PYTHONPATH} /usr/bin/python3 -W ignore:setup.py install is deprecated -W ignore:easy_install command is deprecated setup.py develop --uninstall --editable --build-directory /home/bryan/Workspace/ros2_ws/build/examples_rclpy_minimal_action_server/build
[2.786s] running develop
[3.053s] Removing /home/bryan/Workspace/ros2_ws/install/examples_rclpy_minimal_action_server/lib/python3.10/site-packages/examples-rclpy-minimal-action-server.egg-link (link to .)
[3.131s] Invoked command in '/home/bryan/Workspace/ros2_ws/build/examples_rclpy_minimal_action_server' returned '0': PYTHONPATH=/home/bryan/Workspace/ros2_ws/build/examples_rclpy_minimal_action_server/prefix_override:/usr/lib/python3/dist-packages/colcon_core/task/python/colcon_distutils_commands:/home/bryan/Workspace/ros2_ws/install/examples_rclpy_minimal_action_server/lib/python3.10/site-packages:${PYTHONPATH} /usr/bin/python3 -W ignore:setup.py install is deprecated -W ignore:easy_install command is deprecated setup.py develop --uninstall --editable --build-directory /home/bryan/Workspace/ros2_ws/build/examples_rclpy_minimal_action_server/build
[3.177s] Invoking command in '/home/bryan/Workspace/ros2_ws/src/examples/rclpy/actions/minimal_action_server': PYTHONPATH=/home/bryan/Workspace/ros2_ws/build/examples_rclpy_minimal_action_server/prefix_override:/usr/lib/python3/dist-packages/colcon_core/task/python/colcon_distutils_commands:/home/bryan/Workspace/ros2_ws/install/examples_rclpy_minimal_action_server/lib/python3.10/site-packages:${PYTHONPATH} /usr/bin/python3 -W ignore:setup.py install is deprecated -W ignore:easy_install command is deprecated setup.py egg_info --egg-base ../../../../../build/examples_rclpy_minimal_action_server build --build-base /home/bryan/Workspace/ros2_ws/build/examples_rclpy_minimal_action_server/build install --record /home/bryan/Workspace/ros2_ws/build/examples_rclpy_minimal_action_server/install.log --single-version-externally-managed install_data --force
[3.597s] running egg_info
[3.598s] writing ../../../../../build/examples_rclpy_minimal_action_server/examples_rclpy_minimal_action_server.egg-info/PKG-INFO
[3.600s] writing dependency_links to ../../../../../build/examples_rclpy_minimal_action_server/examples_rclpy_minimal_action_server.egg-info/dependency_links.txt
[3.799s] writing entry points to ../../../../../build/examples_rclpy_minimal_action_server/examples_rclpy_minimal_action_server.egg-info/entry_points.txt
[3.800s] writing requirements to ../../../../../build/examples_rclpy_minimal_action_server/examples_rclpy_minimal_action_server.egg-info/requires.txt
[3.801s] writing top-level names to ../../../../../build/examples_rclpy_minimal_action_server/examples_rclpy_minimal_action_server.egg-info/top_level.txt
[3.805s] reading manifest file '../../../../../build/examples_rclpy_minimal_action_server/examples_rclpy_minimal_action_server.egg-info/SOURCES.txt'
[3.809s] writing manifest file '../../../../../build/examples_rclpy_minimal_action_server/examples_rclpy_minimal_action_server.egg-info/SOURCES.txt'
[3.809s] running build
[3.809s] running build_py
[3.810s] creating /home/bryan/Workspace/ros2_ws/build/examples_rclpy_minimal_action_server/build
[3.812s] creating /home/bryan/Workspace/ros2_ws/build/examples_rclpy_minimal_action_server/build/lib
[3.812s] creating /home/bryan/Workspace/ros2_ws/build/examples_rclpy_minimal_action_server/build/lib/examples_rclpy_minimal_action_server
[3.812s] copying examples_rclpy_minimal_action_server/server_not_composable.py -> /home/bryan/Workspace/ros2_ws/build/examples_rclpy_minimal_action_server/build/lib/examples_rclpy_minimal_action_server
[3.812s] copying examples_rclpy_minimal_action_server/server_defer.py -> /home/bryan/Workspace/ros2_ws/build/examples_rclpy_minimal_action_server/build/lib/examples_rclpy_minimal_action_server
[3.812s] copying examples_rclpy_minimal_action_server/__init__.py -> /home/bryan/Workspace/ros2_ws/build/examples_rclpy_minimal_action_server/build/lib/examples_rclpy_minimal_action_server
[3.812s] copying examples_rclpy_minimal_action_server/server_single_goal.py -> /home/bryan/Workspace/ros2_ws/build/examples_rclpy_minimal_action_server/build/lib/examples_rclpy_minimal_action_server
[3.812s] copying examples_rclpy_minimal_action_server/server_queue_goals.py -> /home/bryan/Workspace/ros2_ws/build/examples_rclpy_minimal_action_server/build/lib/examples_rclpy_minimal_action_server
[3.812s] copying examples_rclpy_minimal_action_server/server.py -> /home/bryan/Workspace/ros2_ws/build/examples_rclpy_minimal_action_server/build/lib/examples_rclpy_minimal_action_server
[3.817s] running install
[3.817s] running install_lib
[3.817s] creating /home/bryan/Workspace/ros2_ws/install/examples_rclpy_minimal_action_server/lib/python3.10/site-packages/examples_rclpy_minimal_action_server
[3.818s] copying /home/bryan/Workspace/ros2_ws/build/examples_rclpy_minimal_action_server/build/lib/examples_rclpy_minimal_action_server/server_not_composable.py -> /home/bryan/Workspace/ros2_ws/install/examples_rclpy_minimal_action_server/lib/python3.10/site-packages/examples_rclpy_minimal_action_server
[3.821s] copying /home/bryan/Workspace/ros2_ws/build/examples_rclpy_minimal_action_server/build/lib/examples_rclpy_minimal_action_server/server_defer.py -> /home/bryan/Workspace/ros2_ws/install/examples_rclpy_minimal_action_server/lib/python3.10/site-packages/examples_rclpy_minimal_action_server
[3.821s] copying /home/bryan/Workspace/ros2_ws/build/examples_rclpy_minimal_action_server/build/lib/examples_rclpy_minimal_action_server/__init__.py -> /home/bryan/Workspace/ros2_ws/install/examples_rclpy_minimal_action_server/lib/python3.10/site-packages/examples_rclpy_minimal_action_server
[3.821s] copying /home/bryan/Workspace/ros2_ws/build/examples_rclpy_minimal_action_server/build/lib/examples_rclpy_minimal_action_server/server_single_goal.py -> /home/bryan/Workspace/ros2_ws/install/examples_rclpy_minimal_action_server/lib/python3.10/site-packages/examples_rclpy_minimal_action_server
[3.821s] copying /home/bryan/Workspace/ros2_ws/build/examples_rclpy_minimal_action_server/build/lib/examples_rclpy_minimal_action_server/server_queue_goals.py -> /home/bryan/Workspace/ros2_ws/install/examples_rclpy_minimal_action_server/lib/python3.10/site-packages/examples_rclpy_minimal_action_server
[3.821s] copying /home/bryan/Workspace/ros2_ws/build/examples_rclpy_minimal_action_server/build/lib/examples_rclpy_minimal_action_server/server.py -> /home/bryan/Workspace/ros2_ws/install/examples_rclpy_minimal_action_server/lib/python3.10/site-packages/examples_rclpy_minimal_action_server
[3.822s] byte-compiling /home/bryan/Workspace/ros2_ws/install/examples_rclpy_minimal_action_server/lib/python3.10/site-packages/examples_rclpy_minimal_action_server/server_not_composable.py to server_not_composable.cpython-310.pyc
[3.825s] byte-compiling /home/bryan/Workspace/ros2_ws/install/examples_rclpy_minimal_action_server/lib/python3.10/site-packages/examples_rclpy_minimal_action_server/server_defer.py to server_defer.cpython-310.pyc
[3.827s] byte-compiling /home/bryan/Workspace/ros2_ws/install/examples_rclpy_minimal_action_server/lib/python3.10/site-packages/examples_rclpy_minimal_action_server/__init__.py to __init__.cpython-310.pyc
[3.828s] byte-compiling /home/bryan/Workspace/ros2_ws/install/examples_rclpy_minimal_action_server/lib/python3.10/site-packages/examples_rclpy_minimal_action_server/server_single_goal.py to server_single_goal.cpython-310.pyc
[3.830s] byte-compiling /home/bryan/Workspace/ros2_ws/install/examples_rclpy_minimal_action_server/lib/python3.10/site-packages/examples_rclpy_minimal_action_server/server_queue_goals.py to server_queue_goals.cpython-310.pyc
[3.833s] byte-compiling /home/bryan/Workspace/ros2_ws/install/examples_rclpy_minimal_action_server/lib/python3.10/site-packages/examples_rclpy_minimal_action_server/server.py to server.cpython-310.pyc
[3.835s] running install_data
[3.841s] copying resource/examples_rclpy_minimal_action_server -> /home/bryan/Workspace/ros2_ws/install/examples_rclpy_minimal_action_server/share/ament_index/resource_index/packages
[3.841s] copying package.xml -> /home/bryan/Workspace/ros2_ws/install/examples_rclpy_minimal_action_server/share/examples_rclpy_minimal_action_server
[3.841s] running install_egg_info
[3.845s] Copying ../../../../../build/examples_rclpy_minimal_action_server/examples_rclpy_minimal_action_server.egg-info to /home/bryan/Workspace/ros2_ws/install/examples_rclpy_minimal_action_server/lib/python3.10/site-packages/examples_rclpy_minimal_action_server-0.15.5-py3.10.egg-info
[3.850s] running install_scripts
[3.892s] Installing server script to /home/bryan/Workspace/ros2_ws/install/examples_rclpy_minimal_action_server/lib/examples_rclpy_minimal_action_server
[3.898s] Installing server_defer script to /home/bryan/Workspace/ros2_ws/install/examples_rclpy_minimal_action_server/lib/examples_rclpy_minimal_action_server
[3.927s] Installing server_not_composable script to /home/bryan/Workspace/ros2_ws/install/examples_rclpy_minimal_action_server/lib/examples_rclpy_minimal_action_server
[3.928s] Installing server_queue_goals script to /home/bryan/Workspace/ros2_ws/install/examples_rclpy_minimal_action_server/lib/examples_rclpy_minimal_action_server
[3.928s] Installing server_single_goal script to /home/bryan/Workspace/ros2_ws/install/examples_rclpy_minimal_action_server/lib/examples_rclpy_minimal_action_server
[3.933s] writing list of installed files to '/home/bryan/Workspace/ros2_ws/build/examples_rclpy_minimal_action_server/install.log'
[3.979s] Invoked command in '/home/bryan/Workspace/ros2_ws/src/examples/rclpy/actions/minimal_action_server' returned '0': PYTHONPATH=/home/bryan/Workspace/ros2_ws/build/examples_rclpy_minimal_action_server/prefix_override:/usr/lib/python3/dist-packages/colcon_core/task/python/colcon_distutils_commands:/home/bryan/Workspace/ros2_ws/install/examples_rclpy_minimal_action_server/lib/python3.10/site-packages:${PYTHONPATH} /usr/bin/python3 -W ignore:setup.py install is deprecated -W ignore:easy_install command is deprecated setup.py egg_info --egg-base ../../../../../build/examples_rclpy_minimal_action_server build --build-base /home/bryan/Workspace/ros2_ws/build/examples_rclpy_minimal_action_server/build install --record /home/bryan/Workspace/ros2_ws/build/examples_rclpy_minimal_action_server/install.log --single-version-externally-managed install_data --force
