[0.108s] Invoking command in '/home/bryan/Workspace/ros2_ws/build/examples_rclcpp_minimal_action_client': CMAKE_PREFIX_PATH=/opt/ros/humble /usr/bin/cmake /home/bryan/Workspace/ros2_ws/src/examples/rclcpp/actions/minimal_action_client -DAMENT_CMAKE_SYMLINK_INSTALL=1 -DCMAKE_INSTALL_PREFIX=/home/bryan/Workspace/ros2_ws/install/examples_rclcpp_minimal_action_client
[0.753s] -- The C compiler identification is GNU 11.4.0
[1.098s] -- The CXX compiler identification is GNU 11.4.0
[1.222s] -- Detecting C compiler ABI info
[1.459s] -- Detecting C compiler ABI info - done
[1.480s] -- Check for working C compiler: /usr/bin/cc - skipped
[1.480s] -- Detecting C compile features
[1.483s] -- Detecting C compile features - done
[1.498s] -- Detecting CXX compiler ABI info
[1.773s] -- Detecting CXX compiler ABI info - done
[1.827s] -- Check for working CXX compiler: /usr/bin/c++ - skipped
[1.831s] -- Detecting CXX compile features
[1.831s] -- Detecting CXX compile features - done
[1.831s] -- Found ament_cmake: 1.3.14 (/opt/ros/humble/share/ament_cmake/cmake)
[2.124s] -- Found Python3: /usr/bin/python3 (found version "3.10.12") found components: Interpreter 
[2.254s] -- Override CMake install command with custom implementation using symlinks instead of copying resources
[2.434s] -- Found example_interfaces: 0.9.3 (/opt/ros/humble/share/example_interfaces/cmake)
[2.631s] -- Found rosidl_generator_c: 3.1.8 (/opt/ros/humble/share/rosidl_generator_c/cmake)
[2.649s] -- Found rosidl_adapter: 3.1.8 (/opt/ros/humble/share/rosidl_adapter/cmake)
[2.715s] -- Found rosidl_generator_cpp: 3.1.8 (/opt/ros/humble/share/rosidl_generator_cpp/cmake)
[2.795s] -- Using all available rosidl_typesupport_c: rosidl_typesupport_fastrtps_c;rosidl_typesupport_introspection_c
[2.849s] -- Using all available rosidl_typesupport_cpp: rosidl_typesupport_fastrtps_cpp;rosidl_typesupport_introspection_cpp
[3.104s] -- Found rclcpp: 16.0.18 (/opt/ros/humble/share/rclcpp/cmake)
[3.221s] -- Found rmw_implementation_cmake: 6.1.2 (/opt/ros/humble/share/rmw_implementation_cmake/cmake)
[3.222s] -- Found rmw_fastrtps_cpp: 6.2.10 (/opt/ros/humble/share/rmw_fastrtps_cpp/cmake)
[3.473s] -- Found OpenSSL: /usr/lib/x86_64-linux-gnu/libcrypto.so (found version "3.0.2")  
[3.522s] -- Found FastRTPS: /opt/ros/humble/include  
[3.603s] -- Using RMW implementation 'rmw_fastrtps_cpp' as default
[3.640s] -- Looking for pthread.h
[3.868s] -- Looking for pthread.h - found
[3.869s] -- Performing Test CMAKE_HAVE_LIBC_PTHREAD
[4.074s] -- Performing Test CMAKE_HAVE_LIBC_PTHREAD - Success
[4.076s] -- Found Threads: TRUE  
[4.305s] -- Found rclcpp_action: 16.0.18 (/opt/ros/humble/share/rclcpp_action/cmake)
[4.383s] -- Found ament_lint_auto: 0.12.15 (/opt/ros/humble/share/ament_lint_auto/cmake)
[4.490s] -- Added test 'copyright' to check source files copyright and LICENSE
[4.492s] -- Added test 'cppcheck' to perform static code analysis on C / C++ code
[4.495s] -- Configured cppcheck include dirs: 
[4.495s] -- Configured cppcheck exclude dirs and/or files: 
[4.498s] -- Added test 'cpplint' to check C / C++ code against the Google style
[4.502s] -- Configured cpplint exclude dirs and/or files: 
[4.502s] -- Added test 'lint_cmake' to check CMake code style
[4.502s] -- Added test 'uncrustify' to check C / C++ code style
[4.503s] -- Configured uncrustify additional arguments: 
[4.514s] -- Added test 'xmllint' to check XML markup files
[4.518s] -- Configuring done
[4.556s] -- Generating done
[4.571s] -- Build files have been written to: /home/bryan/Workspace/ros2_ws/build/examples_rclcpp_minimal_action_client
[4.596s] Invoked command in '/home/bryan/Workspace/ros2_ws/build/examples_rclcpp_minimal_action_client' returned '0': CMAKE_PREFIX_PATH=/opt/ros/humble /usr/bin/cmake /home/bryan/Workspace/ros2_ws/src/examples/rclcpp/actions/minimal_action_client -DAMENT_CMAKE_SYMLINK_INSTALL=1 -DCMAKE_INSTALL_PREFIX=/home/bryan/Workspace/ros2_ws/install/examples_rclcpp_minimal_action_client
[4.596s] Invoking command in '/home/bryan/Workspace/ros2_ws/build/examples_rclcpp_minimal_action_client': CMAKE_PREFIX_PATH=/opt/ros/humble /usr/bin/cmake --build /home/bryan/Workspace/ros2_ws/build/examples_rclcpp_minimal_action_client -- -j3 -l3
[4.838s] [ 12%] [32mBuilding CXX object CMakeFiles/action_client_not_composable_with_cancel.dir/not_composable_with_cancel.cpp.o[0m
[4.854s] [ 25%] [32mBuilding CXX object CMakeFiles/action_client_not_composable.dir/not_composable.cpp.o[0m
[4.894s] [ 37%] [32mBuilding CXX object CMakeFiles/action_client_member_functions.dir/member_functions.cpp.o[0m
[27.373s] [ 50%] [32m[1mLinking CXX executable action_client_not_composable_with_cancel[0m
[33.244s] [ 62%] [32m[1mLinking CXX executable action_client_member_functions[0m
[33.361s] [ 75%] [32m[1mLinking CXX executable action_client_not_composable[0m
[33.740s] [ 75%] Built target action_client_not_composable_with_cancel
[34.266s] [ 75%] Built target action_client_member_functions
[34.266s] [ 75%] Built target action_client_not_composable
[36.354s] [ 87%] [32mBuilding CXX object CMakeFiles/action_client_not_composable_with_feedback.dir/not_composable_with_feedback.cpp.o[0m
[45.058s] [100%] [32m[1mLinking CXX executable action_client_not_composable_with_feedback[0m
[45.589s] [100%] Built target action_client_not_composable_with_feedback
[45.666s] Invoked command in '/home/bryan/Workspace/ros2_ws/build/examples_rclcpp_minimal_action_client' returned '0': CMAKE_PREFIX_PATH=/opt/ros/humble /usr/bin/cmake --build /home/bryan/Workspace/ros2_ws/build/examples_rclcpp_minimal_action_client -- -j3 -l3
[45.677s] Invoking command in '/home/bryan/Workspace/ros2_ws/build/examples_rclcpp_minimal_action_client': CMAKE_PREFIX_PATH=/opt/ros/humble /usr/bin/cmake --install /home/bryan/Workspace/ros2_ws/build/examples_rclcpp_minimal_action_client
[45.738s] -- Install configuration: ""
[45.740s] -- Execute custom install script
[45.741s] -- Symlinking: /home/bryan/Workspace/ros2_ws/install/examples_rclcpp_minimal_action_client/lib/examples_rclcpp_minimal_action_client/action_client_member_functions
[45.777s] -- Symlinking: /home/bryan/Workspace/ros2_ws/install/examples_rclcpp_minimal_action_client/lib/examples_rclcpp_minimal_action_client/action_client_not_composable
[45.829s] -- Symlinking: /home/bryan/Workspace/ros2_ws/install/examples_rclcpp_minimal_action_client/lib/examples_rclcpp_minimal_action_client/action_client_not_composable_with_cancel
[45.849s] -- Symlinking: /home/bryan/Workspace/ros2_ws/install/examples_rclcpp_minimal_action_client/lib/examples_rclcpp_minimal_action_client/action_client_not_composable_with_feedback
[45.873s] -- Symlinking: /home/bryan/Workspace/ros2_ws/install/examples_rclcpp_minimal_action_client/share/ament_index/resource_index/package_run_dependencies/examples_rclcpp_minimal_action_client
[45.942s] -- Symlinking: /home/bryan/Workspace/ros2_ws/install/examples_rclcpp_minimal_action_client/share/ament_index/resource_index/parent_prefix_path/examples_rclcpp_minimal_action_client
[45.989s] -- Symlinking: /home/bryan/Workspace/ros2_ws/install/examples_rclcpp_minimal_action_client/share/examples_rclcpp_minimal_action_client/environment/ament_prefix_path.sh
[46.083s] -- Symlinking: /home/bryan/Workspace/ros2_ws/install/examples_rclcpp_minimal_action_client/share/examples_rclcpp_minimal_action_client/environment/ament_prefix_path.dsv
[46.086s] -- Symlinking: /home/bryan/Workspace/ros2_ws/install/examples_rclcpp_minimal_action_client/share/examples_rclcpp_minimal_action_client/environment/path.sh
[46.086s] -- Symlinking: /home/bryan/Workspace/ros2_ws/install/examples_rclcpp_minimal_action_client/share/examples_rclcpp_minimal_action_client/environment/path.dsv
[46.149s] -- Symlinking: /home/bryan/Workspace/ros2_ws/install/examples_rclcpp_minimal_action_client/share/examples_rclcpp_minimal_action_client/local_setup.bash
[46.150s] -- Symlinking: /home/bryan/Workspace/ros2_ws/install/examples_rclcpp_minimal_action_client/share/examples_rclcpp_minimal_action_client/local_setup.sh
[46.150s] -- Symlinking: /home/bryan/Workspace/ros2_ws/install/examples_rclcpp_minimal_action_client/share/examples_rclcpp_minimal_action_client/local_setup.zsh
[46.182s] -- Symlinking: /home/bryan/Workspace/ros2_ws/install/examples_rclcpp_minimal_action_client/share/examples_rclcpp_minimal_action_client/local_setup.dsv
[46.202s] -- Symlinking: /home/bryan/Workspace/ros2_ws/install/examples_rclcpp_minimal_action_client/share/examples_rclcpp_minimal_action_client/package.dsv
[46.305s] -- Symlinking: /home/bryan/Workspace/ros2_ws/install/examples_rclcpp_minimal_action_client/share/ament_index/resource_index/packages/examples_rclcpp_minimal_action_client
[46.343s] -- Symlinking: /home/bryan/Workspace/ros2_ws/install/examples_rclcpp_minimal_action_client/share/examples_rclcpp_minimal_action_client/cmake/examples_rclcpp_minimal_action_clientConfig.cmake
[46.386s] -- Symlinking: /home/bryan/Workspace/ros2_ws/install/examples_rclcpp_minimal_action_client/share/examples_rclcpp_minimal_action_client/cmake/examples_rclcpp_minimal_action_clientConfig-version.cmake
[46.440s] -- Symlinking: /home/bryan/Workspace/ros2_ws/install/examples_rclcpp_minimal_action_client/share/examples_rclcpp_minimal_action_client/package.xml
[46.484s] Invoked command in '/home/bryan/Workspace/ros2_ws/build/examples_rclcpp_minimal_action_client' returned '0': CMAKE_PREFIX_PATH=/opt/ros/humble /usr/bin/cmake --install /home/bryan/Workspace/ros2_ws/build/examples_rclcpp_minimal_action_client
