[0.134s] Invoking command in '/home/bryan/Workspace/build/stereo_image_proc': AMENT_PREFIX_PATH=/home/bryan/Workspace/install/image_proc:/home/bryan/Workspace/install/tracetools_image_pipeline:${AMENT_PREFIX_PATH} CMAKE_PREFIX_PATH=/home/bryan/Workspace/install/image_proc:/home/bryan/Workspace/install/tracetools_image_pipeline:/home/bryan/Workspace/ros2_ws/install/image_proc:/home/bryan/Workspace/ros2_ws/install/tracetools_image_pipeline:/home/bryan/Workspace/ros2_ws/install/image_rotate:/home/bryan/Workspace/ros2_ws/install/image_publisher:/home/bryan/Workspace/ros2_ws/install/examples_rclcpp_wait_set:/home/bryan/Workspace/ros2_ws/install/examples_rclcpp_multithreaded_executor:/home/bryan/Workspace/ros2_ws/install/examples_rclcpp_minimal_timer:/home/bryan/Workspace/ros2_ws/install/examples_rclcpp_minimal_subscriber:/home/bryan/Workspace/ros2_ws/install/examples_rclcpp_minimal_service:/home/bryan/Workspace/ros2_ws/install/examples_rclcpp_minimal_publisher:/home/bryan/Workspace/ros2_ws/install/examples_rclcpp_minimal_composition:/home/bryan/Workspace/ros2_ws/install/examples_rclcpp_minimal_client:/home/bryan/Workspace/ros2_ws/install/examples_rclcpp_minimal_action_server:/home/bryan/Workspace/ros2_ws/install/examples_rclcpp_minimal_action_client:/home/bryan/Workspace/ros2_ws/install/examples_rclcpp_cbg_executor:/home/bryan/Workspace/ros2_ws/install/examples_rclcpp_async_client:/home/bryan/Workspace/ros2_ws/install/sprint2:/home/bryan/Workspace/ros2_ws/install/launch_testing_examples:/home/bryan/Workspace/ros2_ws/install/image_converter:/home/bryan/Workspace/ros2_ws/install/first_package:/home/bryan/Workspace/ros2_ws/install/examples_rclpy_pointcloud_publisher:/home/bryan/Workspace/ros2_ws/install/examples_rclpy_minimal_subscriber:/home/bryan/Workspace/ros2_ws/install/examples_rclpy_minimal_service:/home/bryan/Workspace/ros2_ws/install/examples_rclpy_minimal_publisher:/home/bryan/Workspace/ros2_ws/install/examples_rclpy_minimal_client:/home/bryan/Workspace/ros2_ws/install/examples_rclpy_minimal_action_server:/home/bryan/Workspace/ros2_ws/install/examples_rclpy_minimal_action_client:/home/bryan/Workspace/ros2_ws/install/examples_rclpy_guard_conditions:/home/bryan/Workspace/ros2_ws/install/examples_rclpy_executors:/home/bryan/Workspace/ros2_ws/install/camera_calibration:/opt/ros/humble LD_LIBRARY_PATH=/home/bryan/Workspace/install/image_proc/lib:/home/bryan/Workspace/install/tracetools_image_pipeline/lib:${LD_LIBRARY_PATH} PATH=/home/bryan/Workspace/install/image_proc/bin:${PATH} /usr/bin/cmake /home/bryan/Workspace/ros2_ws/image_pipeline/stereo_image_proc -DAMENT_CMAKE_SYMLINK_INSTALL=1 -DCMAKE_INSTALL_PREFIX=/home/bryan/Workspace/install/stereo_image_proc
[0.613s] -- The C compiler identification is GNU 11.4.0
[0.915s] -- The CXX compiler identification is GNU 11.4.0
[0.937s] -- Detecting C compiler ABI info
[2.345s] -- Detecting C compiler ABI info - done
[2.372s] -- Check for working C compiler: /usr/bin/cc - skipped
[2.372s] -- Detecting C compile features
[2.373s] -- Detecting C compile features - done
[2.373s] -- Detecting CXX compiler ABI info
[2.548s] -- Detecting CXX compiler ABI info - done
[2.571s] -- Check for working CXX compiler: /usr/bin/c++ - skipped
[2.571s] -- Detecting CXX compile features
[2.571s] -- Detecting CXX compile features - done
[2.571s] -- Found ament_cmake_auto: 1.3.14 (/opt/ros/humble/share/ament_cmake_auto/cmake)
[3.158s] -- Found Python3: /usr/bin/python3 (found version "3.10.12") found components: Interpreter 
[3.271s] -- Override CMake install command with custom implementation using symlinks instead of copying resources
[3.999s] -- Found rosidl_generator_c: 3.1.8 (/opt/ros/humble/share/rosidl_generator_c/cmake)
[4.078s] -- Found rosidl_adapter: 3.1.8 (/opt/ros/humble/share/rosidl_adapter/cmake)
[4.160s] -- Found rosidl_generator_cpp: 3.1.8 (/opt/ros/humble/share/rosidl_generator_cpp/cmake)
[4.192s] -- Using all available rosidl_typesupport_c: rosidl_typesupport_fastrtps_c;rosidl_typesupport_introspection_c
[4.238s] -- Using all available rosidl_typesupport_cpp: rosidl_typesupport_fastrtps_cpp;rosidl_typesupport_introspection_cpp
[4.476s] -- Found rmw_implementation_cmake: 6.1.2 (/opt/ros/humble/share/rmw_implementation_cmake/cmake)
[4.544s] -- Found rmw_fastrtps_cpp: 6.2.10 (/opt/ros/humble/share/rmw_fastrtps_cpp/cmake)
[5.956s] -- Found OpenSSL: /usr/lib/x86_64-linux-gnu/libcrypto.so (found version "3.0.2")  
[5.981s] -- Found FastRTPS: /opt/ros/humble/include  
[6.052s] -- Using RMW implementation 'rmw_fastrtps_cpp' as default
[6.076s] -- Looking for pthread.h
[6.370s] -- Looking for pthread.h - found
[6.372s] -- Performing Test CMAKE_HAVE_LIBC_PTHREAD
[6.626s] -- Performing Test CMAKE_HAVE_LIBC_PTHREAD - Success
[6.626s] -- Found Threads: TRUE  
[6.984s] -- Found OpenCV: /usr (found version "4.5.4") 
[7.030s] -- Found ament_lint_auto: 0.12.15 (/opt/ros/humble/share/ament_lint_auto/cmake)
[7.208s] -- Found python_cmake_module: 0.10.0 (/opt/ros/humble/share/python_cmake_module/cmake)
[7.283s] -- Found PythonInterp: /usr/bin/python3 (found suitable version "3.10.12", minimum required is "3.6") 
[7.304s] -- Found PythonLibs: /usr/lib/x86_64-linux-gnu/libpython3.10.so (found suitable version "3.10.12", minimum required is "3.5") 
[7.308s] -- Using PYTHON_EXECUTABLE: /usr/bin/python3
[7.308s] -- Using PYTHON_INCLUDE_DIRS: /usr/include/python3.10
[7.308s] -- Using PYTHON_LIBRARIES: /usr/lib/x86_64-linux-gnu/libpython3.10.so
[7.387s] -- Found PythonExtra: .so  
[11.012s] [0mIn this package, headers install destination is set to `include` by ament_auto_package. It is recommended to install `include/stereo_image_proc` instead and will be the default behavior of ament_auto_package from ROS 2 Kilted Kaiju. On distributions before Kilted, ament_auto_package behaves the same way when you use USE_SCOPED_HEADER_INSTALL_DIR option.[0m
[11.022s] -- Added test 'copyright' to check source files copyright and LICENSE
[11.034s] -- Added test 'cppcheck' to perform static code analysis on C / C++ code
[11.034s] -- Configured cppcheck include dirs: /home/bryan/Workspace/ros2_ws/image_pipeline/stereo_image_proc/include
[11.034s] -- Configured cppcheck exclude dirs and/or files: 
[11.037s] -- Added test 'cpplint' to check C / C++ code against the Google style
[11.038s] -- Configured cpplint exclude dirs and/or files: 
[11.039s] -- Added test 'flake8' to check Python code syntax and style conventions
[11.041s] -- Added test 'lint_cmake' to check CMake code style
[11.043s] -- Added test 'pep257' to check Python code against some of the docstring style conventions in PEP 257
[11.046s] -- Added test 'uncrustify' to check C / C++ code style
[11.048s] -- Configured uncrustify additional arguments: 
[11.048s] -- Added test 'xmllint' to check XML markup files
[11.055s] -- Configuring done
[11.100s] -- Generating done
[11.113s] -- Build files have been written to: /home/bryan/Workspace/build/stereo_image_proc
[11.194s] Invoked command in '/home/bryan/Workspace/build/stereo_image_proc' returned '0': AMENT_PREFIX_PATH=/home/bryan/Workspace/install/image_proc:/home/bryan/Workspace/install/tracetools_image_pipeline:${AMENT_PREFIX_PATH} CMAKE_PREFIX_PATH=/home/bryan/Workspace/install/image_proc:/home/bryan/Workspace/install/tracetools_image_pipeline:/home/bryan/Workspace/ros2_ws/install/image_proc:/home/bryan/Workspace/ros2_ws/install/tracetools_image_pipeline:/home/bryan/Workspace/ros2_ws/install/image_rotate:/home/bryan/Workspace/ros2_ws/install/image_publisher:/home/bryan/Workspace/ros2_ws/install/examples_rclcpp_wait_set:/home/bryan/Workspace/ros2_ws/install/examples_rclcpp_multithreaded_executor:/home/bryan/Workspace/ros2_ws/install/examples_rclcpp_minimal_timer:/home/bryan/Workspace/ros2_ws/install/examples_rclcpp_minimal_subscriber:/home/bryan/Workspace/ros2_ws/install/examples_rclcpp_minimal_service:/home/bryan/Workspace/ros2_ws/install/examples_rclcpp_minimal_publisher:/home/bryan/Workspace/ros2_ws/install/examples_rclcpp_minimal_composition:/home/bryan/Workspace/ros2_ws/install/examples_rclcpp_minimal_client:/home/bryan/Workspace/ros2_ws/install/examples_rclcpp_minimal_action_server:/home/bryan/Workspace/ros2_ws/install/examples_rclcpp_minimal_action_client:/home/bryan/Workspace/ros2_ws/install/examples_rclcpp_cbg_executor:/home/bryan/Workspace/ros2_ws/install/examples_rclcpp_async_client:/home/bryan/Workspace/ros2_ws/install/sprint2:/home/bryan/Workspace/ros2_ws/install/launch_testing_examples:/home/bryan/Workspace/ros2_ws/install/image_converter:/home/bryan/Workspace/ros2_ws/install/first_package:/home/bryan/Workspace/ros2_ws/install/examples_rclpy_pointcloud_publisher:/home/bryan/Workspace/ros2_ws/install/examples_rclpy_minimal_subscriber:/home/bryan/Workspace/ros2_ws/install/examples_rclpy_minimal_service:/home/bryan/Workspace/ros2_ws/install/examples_rclpy_minimal_publisher:/home/bryan/Workspace/ros2_ws/install/examples_rclpy_minimal_client:/home/bryan/Workspace/ros2_ws/install/examples_rclpy_minimal_action_server:/home/bryan/Workspace/ros2_ws/install/examples_rclpy_minimal_action_client:/home/bryan/Workspace/ros2_ws/install/examples_rclpy_guard_conditions:/home/bryan/Workspace/ros2_ws/install/examples_rclpy_executors:/home/bryan/Workspace/ros2_ws/install/camera_calibration:/opt/ros/humble LD_LIBRARY_PATH=/home/bryan/Workspace/install/image_proc/lib:/home/bryan/Workspace/install/tracetools_image_pipeline/lib:${LD_LIBRARY_PATH} PATH=/home/bryan/Workspace/install/image_proc/bin:${PATH} /usr/bin/cmake /home/bryan/Workspace/ros2_ws/image_pipeline/stereo_image_proc -DAMENT_CMAKE_SYMLINK_INSTALL=1 -DCMAKE_INSTALL_PREFIX=/home/bryan/Workspace/install/stereo_image_proc
[11.222s] Invoking command in '/home/bryan/Workspace/build/stereo_image_proc': AMENT_PREFIX_PATH=/home/bryan/Workspace/install/image_proc:/home/bryan/Workspace/install/tracetools_image_pipeline:${AMENT_PREFIX_PATH} CMAKE_PREFIX_PATH=/home/bryan/Workspace/install/image_proc:/home/bryan/Workspace/install/tracetools_image_pipeline:/home/bryan/Workspace/ros2_ws/install/image_proc:/home/bryan/Workspace/ros2_ws/install/tracetools_image_pipeline:/home/bryan/Workspace/ros2_ws/install/image_rotate:/home/bryan/Workspace/ros2_ws/install/image_publisher:/home/bryan/Workspace/ros2_ws/install/examples_rclcpp_wait_set:/home/bryan/Workspace/ros2_ws/install/examples_rclcpp_multithreaded_executor:/home/bryan/Workspace/ros2_ws/install/examples_rclcpp_minimal_timer:/home/bryan/Workspace/ros2_ws/install/examples_rclcpp_minimal_subscriber:/home/bryan/Workspace/ros2_ws/install/examples_rclcpp_minimal_service:/home/bryan/Workspace/ros2_ws/install/examples_rclcpp_minimal_publisher:/home/bryan/Workspace/ros2_ws/install/examples_rclcpp_minimal_composition:/home/bryan/Workspace/ros2_ws/install/examples_rclcpp_minimal_client:/home/bryan/Workspace/ros2_ws/install/examples_rclcpp_minimal_action_server:/home/bryan/Workspace/ros2_ws/install/examples_rclcpp_minimal_action_client:/home/bryan/Workspace/ros2_ws/install/examples_rclcpp_cbg_executor:/home/bryan/Workspace/ros2_ws/install/examples_rclcpp_async_client:/home/bryan/Workspace/ros2_ws/install/sprint2:/home/bryan/Workspace/ros2_ws/install/launch_testing_examples:/home/bryan/Workspace/ros2_ws/install/image_converter:/home/bryan/Workspace/ros2_ws/install/first_package:/home/bryan/Workspace/ros2_ws/install/examples_rclpy_pointcloud_publisher:/home/bryan/Workspace/ros2_ws/install/examples_rclpy_minimal_subscriber:/home/bryan/Workspace/ros2_ws/install/examples_rclpy_minimal_service:/home/bryan/Workspace/ros2_ws/install/examples_rclpy_minimal_publisher:/home/bryan/Workspace/ros2_ws/install/examples_rclpy_minimal_client:/home/bryan/Workspace/ros2_ws/install/examples_rclpy_minimal_action_server:/home/bryan/Workspace/ros2_ws/install/examples_rclpy_minimal_action_client:/home/bryan/Workspace/ros2_ws/install/examples_rclpy_guard_conditions:/home/bryan/Workspace/ros2_ws/install/examples_rclpy_executors:/home/bryan/Workspace/ros2_ws/install/camera_calibration:/opt/ros/humble LD_LIBRARY_PATH=/home/bryan/Workspace/install/image_proc/lib:/home/bryan/Workspace/install/tracetools_image_pipeline/lib:${LD_LIBRARY_PATH} PATH=/home/bryan/Workspace/install/image_proc/bin:${PATH} /usr/bin/cmake --build /home/bryan/Workspace/build/stereo_image_proc -- -j3 -l3
[11.355s] [ 12%] [32mBuilding CXX object CMakeFiles/stereo_image_proc.dir/src/stereo_image_proc/stereo_processor.cpp.o[0m
[13.813s] [ 25%] [32mBuilding CXX object CMakeFiles/stereo_image_proc.dir/src/stereo_image_proc/disparity_node.cpp.o[0m
[39.238s] [ 37%] [32mBuilding CXX object CMakeFiles/stereo_image_proc.dir/src/stereo_image_proc/point_cloud_node.cpp.o[0m
[43.678s] gmake[2]: *** [CMakeFiles/stereo_image_proc.dir/build.make:104: CMakeFiles/stereo_image_proc.dir/src/stereo_image_proc/point_cloud_node.cpp.o] Interrupt
[43.678s] gmake[1]: *** [CMakeFiles/Makefile2:141: CMakeFiles/stereo_image_proc.dir/all] Interrupt
[43.678s] gmake: *** [Makefile:146: all] Interrupt
