[1.613s] Invoking command in '/home/bryan/Workspace/ros2_ws/image_pipeline/camera_calibration': AMENT_PREFIX_PATH=/home/bryan/Workspace/ros2_ws/install/image_geometry:/home/bryan/Workspace/ros2_ws/install/cv_bridge:${AMENT_PREFIX_PATH} CMAKE_PREFIX_PATH=/home/bryan/Workspace/ros2_ws/install/image_geometry:/home/bryan/Workspace/ros2_ws/install/cv_bridge:${CMAKE_PREFIX_PATH} LD_LIBRARY_PATH=/home/bryan/Workspace/ros2_ws/install/image_geometry/lib:/home/bryan/Workspace/ros2_ws/install/cv_bridge/lib:${LD_LIBRARY_PATH} PYTHONPATH=/home/bryan/Workspace/ros2_ws/build/camera_calibration/prefix_override:/usr/lib/python3/dist-packages/colcon_core/task/python/colcon_distutils_commands:/home/bryan/Workspace/ros2_ws/install/camera_calibration/lib/python3.10/site-packages:/home/bryan/Workspace/ros2_ws/install/image_geometry/local/lib/python3.10/dist-packages:/home/bryan/Workspace/ros2_ws/install/cv_bridge/local/lib/python3.10/dist-packages:${PYTHONPATH} /usr/bin/python3 -W ignore:setup.py install is deprecated -W ignore:easy_install command is deprecated setup.py egg_info --egg-base ../../build/camera_calibration build --build-base /home/bryan/Workspace/ros2_ws/build/camera_calibration/build install --record /home/bryan/Workspace/ros2_ws/build/camera_calibration/install.log --single-version-externally-managed install_data
[2.013s] running egg_info
[2.014s] writing ../../build/camera_calibration/camera_calibration.egg-info/PKG-INFO
[2.014s] writing dependency_links to ../../build/camera_calibration/camera_calibration.egg-info/dependency_links.txt
[2.014s] writing entry points to ../../build/camera_calibration/camera_calibration.egg-info/entry_points.txt
[2.014s] writing requirements to ../../build/camera_calibration/camera_calibration.egg-info/requires.txt
[2.014s] writing top-level names to ../../build/camera_calibration/camera_calibration.egg-info/top_level.txt
[2.017s] reading manifest file '../../build/camera_calibration/camera_calibration.egg-info/SOURCES.txt'
[2.018s] writing manifest file '../../build/camera_calibration/camera_calibration.egg-info/SOURCES.txt'
[2.019s] running build
[2.019s] running build_py
[2.020s] running install
[2.045s] running install_lib
[2.045s] running install_data
[2.045s] running install_egg_info
[2.046s] removing '/home/bryan/Workspace/ros2_ws/install/camera_calibration/lib/python3.10/site-packages/camera_calibration-3.0.9-py3.10.egg-info' (and everything under it)
[2.046s] Copying ../../build/camera_calibration/camera_calibration.egg-info to /home/bryan/Workspace/ros2_ws/install/camera_calibration/lib/python3.10/site-packages/camera_calibration-3.0.9-py3.10.egg-info
[2.046s] running install_scripts
[2.111s] Installing cameracalibrator script to /home/bryan/Workspace/ros2_ws/install/camera_calibration/lib/camera_calibration
[2.127s] Installing cameracheck script to /home/bryan/Workspace/ros2_ws/install/camera_calibration/lib/camera_calibration
[2.128s] writing list of installed files to '/home/bryan/Workspace/ros2_ws/build/camera_calibration/install.log'
[2.170s] Invoked command in '/home/bryan/Workspace/ros2_ws/image_pipeline/camera_calibration' returned '0': AMENT_PREFIX_PATH=/home/bryan/Workspace/ros2_ws/install/image_geometry:/home/bryan/Workspace/ros2_ws/install/cv_bridge:${AMENT_PREFIX_PATH} CMAKE_PREFIX_PATH=/home/bryan/Workspace/ros2_ws/install/image_geometry:/home/bryan/Workspace/ros2_ws/install/cv_bridge:${CMAKE_PREFIX_PATH} LD_LIBRARY_PATH=/home/bryan/Workspace/ros2_ws/install/image_geometry/lib:/home/bryan/Workspace/ros2_ws/install/cv_bridge/lib:${LD_LIBRARY_PATH} PYTHONPATH=/home/bryan/Workspace/ros2_ws/build/camera_calibration/prefix_override:/usr/lib/python3/dist-packages/colcon_core/task/python/colcon_distutils_commands:/home/bryan/Workspace/ros2_ws/install/camera_calibration/lib/python3.10/site-packages:/home/bryan/Workspace/ros2_ws/install/image_geometry/local/lib/python3.10/dist-packages:/home/bryan/Workspace/ros2_ws/install/cv_bridge/local/lib/python3.10/dist-packages:${PYTHONPATH} /usr/bin/python3 -W ignore:setup.py install is deprecated -W ignore:easy_install command is deprecated setup.py egg_info --egg-base ../../build/camera_calibration build --build-base /home/bryan/Workspace/ros2_ws/build/camera_calibration/build install --record /home/bryan/Workspace/ros2_ws/build/camera_calibration/install.log --single-version-externally-managed install_data
