[0.032s] Invoking command in '/home/bryan/Workspace/ros2_ws/build/examples_rclcpp_wait_set': CMAKE_PREFIX_PATH=/opt/ros/humble /usr/bin/cmake --build /home/bryan/Workspace/ros2_ws/build/examples_rclcpp_wait_set -- -j3 -l3
[0.169s] [35m[1mConsolidate compiler generated dependencies of target talker[0m
[0.187s] [35m[1mConsolidate compiler generated dependencies of target wait_set_talker[0m
[0.188s] [35m[1mConsolidate compiler generated dependencies of target listener[0m
[0.203s] [  8%] Built target talker
[0.253s] [ 16%] Built target listener
[0.304s] [35m[1mConsolidate compiler generated dependencies of target wait_set_listener[0m
[0.336s] [ 25%] Built target wait_set_talker
[0.397s] [35m[1mConsolidate compiler generated dependencies of target wait_set[0m
[0.407s] [ 33%] Built target wait_set_listener
[0.407s] [35m[1mConsolidate compiler generated dependencies of target static_wait_set[0m
[0.477s] [35m[1mConsolidate compiler generated dependencies of target thread_safe_wait_set[0m
[0.505s] [ 41%] Built target wait_set
[0.505s] [ 50%] Built target static_wait_set
[0.549s] [ 58%] Built target thread_safe_wait_set
[0.558s] [35m[1mConsolidate compiler generated dependencies of target wait_set_topics_and_timer[0m
[0.567s] [35m[1mConsolidate compiler generated dependencies of target wait_set_random_order[0m
[0.600s] [35m[1mConsolidate compiler generated dependencies of target executor_random_order[0m
[0.639s] [ 66%] Built target wait_set_topics_and_timer
[0.659s] [ 75%] Built target wait_set_random_order
[0.717s] [35m[1mConsolidate compiler generated dependencies of target wait_set_topics_with_different_rates[0m
[0.763s] [ 83%] Built target executor_random_order
[0.788s] [ 91%] Built target wait_set_topics_with_different_rates
[0.818s] [35m[1mConsolidate compiler generated dependencies of target wait_set_composed[0m
[0.940s] [100%] Built target wait_set_composed
[1.433s] Invoked command in '/home/bryan/Workspace/ros2_ws/build/examples_rclcpp_wait_set' returned '0': CMAKE_PREFIX_PATH=/opt/ros/humble /usr/bin/cmake --build /home/bryan/Workspace/ros2_ws/build/examples_rclcpp_wait_set -- -j3 -l3
[1.437s] Invoking command in '/home/bryan/Workspace/ros2_ws/build/examples_rclcpp_wait_set': CMAKE_PREFIX_PATH=/opt/ros/humble /usr/bin/cmake --install /home/bryan/Workspace/ros2_ws/build/examples_rclcpp_wait_set
[1.455s] -- Install configuration: ""
[1.463s] -- Execute custom install script
[1.464s] -- Up-to-date symlink: /home/bryan/Workspace/ros2_ws/install/examples_rclcpp_wait_set/lib/examples_rclcpp_wait_set/wait_set_talker
[1.464s] -- Up-to-date symlink: /home/bryan/Workspace/ros2_ws/install/examples_rclcpp_wait_set/lib/examples_rclcpp_wait_set/wait_set_listener
[1.464s] -- Up-to-date symlink: /home/bryan/Workspace/ros2_ws/install/examples_rclcpp_wait_set/lib/libtalker.so
[1.464s] -- Up-to-date symlink: /home/bryan/Workspace/ros2_ws/install/examples_rclcpp_wait_set/lib/liblistener.so
[1.464s] -- Up-to-date symlink: /home/bryan/Workspace/ros2_ws/install/examples_rclcpp_wait_set/lib/examples_rclcpp_wait_set/wait_set
[1.464s] -- Up-to-date symlink: /home/bryan/Workspace/ros2_ws/install/examples_rclcpp_wait_set/lib/examples_rclcpp_wait_set/static_wait_set
[1.464s] -- Up-to-date symlink: /home/bryan/Workspace/ros2_ws/install/examples_rclcpp_wait_set/lib/examples_rclcpp_wait_set/thread_safe_wait_set
[1.464s] -- Up-to-date symlink: /home/bryan/Workspace/ros2_ws/install/examples_rclcpp_wait_set/lib/examples_rclcpp_wait_set/wait_set_topics_and_timer
[1.464s] -- Up-to-date symlink: /home/bryan/Workspace/ros2_ws/install/examples_rclcpp_wait_set/lib/examples_rclcpp_wait_set/wait_set_random_order
[1.464s] -- Up-to-date symlink: /home/bryan/Workspace/ros2_ws/install/examples_rclcpp_wait_set/lib/examples_rclcpp_wait_set/executor_random_order
[1.464s] -- Up-to-date symlink: /home/bryan/Workspace/ros2_ws/install/examples_rclcpp_wait_set/lib/examples_rclcpp_wait_set/wait_set_topics_with_different_rates
[1.464s] -- Up-to-date symlink: /home/bryan/Workspace/ros2_ws/install/examples_rclcpp_wait_set/lib/examples_rclcpp_wait_set/wait_set_composed
[1.464s] -- Up-to-date symlink: /home/bryan/Workspace/ros2_ws/install/examples_rclcpp_wait_set/share/ament_index/resource_index/package_run_dependencies/examples_rclcpp_wait_set
[1.464s] -- Up-to-date symlink: /home/bryan/Workspace/ros2_ws/install/examples_rclcpp_wait_set/share/ament_index/resource_index/parent_prefix_path/examples_rclcpp_wait_set
[1.464s] -- Up-to-date symlink: /home/bryan/Workspace/ros2_ws/install/examples_rclcpp_wait_set/share/examples_rclcpp_wait_set/environment/ament_prefix_path.sh
[1.464s] -- Up-to-date symlink: /home/bryan/Workspace/ros2_ws/install/examples_rclcpp_wait_set/share/examples_rclcpp_wait_set/environment/ament_prefix_path.dsv
[1.464s] -- Up-to-date symlink: /home/bryan/Workspace/ros2_ws/install/examples_rclcpp_wait_set/share/examples_rclcpp_wait_set/environment/path.sh
[1.464s] -- Up-to-date symlink: /home/bryan/Workspace/ros2_ws/install/examples_rclcpp_wait_set/share/examples_rclcpp_wait_set/environment/path.dsv
[1.464s] -- Up-to-date symlink: /home/bryan/Workspace/ros2_ws/install/examples_rclcpp_wait_set/share/examples_rclcpp_wait_set/local_setup.bash
[1.464s] -- Up-to-date symlink: /home/bryan/Workspace/ros2_ws/install/examples_rclcpp_wait_set/share/examples_rclcpp_wait_set/local_setup.sh
[1.465s] -- Up-to-date symlink: /home/bryan/Workspace/ros2_ws/install/examples_rclcpp_wait_set/share/examples_rclcpp_wait_set/local_setup.zsh
[1.465s] -- Up-to-date symlink: /home/bryan/Workspace/ros2_ws/install/examples_rclcpp_wait_set/share/examples_rclcpp_wait_set/local_setup.dsv
[1.465s] -- Symlinking: /home/bryan/Workspace/ros2_ws/install/examples_rclcpp_wait_set/share/examples_rclcpp_wait_set/package.dsv
[1.485s] -- Up-to-date symlink: /home/bryan/Workspace/ros2_ws/install/examples_rclcpp_wait_set/share/ament_index/resource_index/packages/examples_rclcpp_wait_set
[1.485s] -- Up-to-date symlink: /home/bryan/Workspace/ros2_ws/install/examples_rclcpp_wait_set/share/ament_index/resource_index/rclcpp_components/examples_rclcpp_wait_set
[1.486s] -- Up-to-date symlink: /home/bryan/Workspace/ros2_ws/install/examples_rclcpp_wait_set/share/examples_rclcpp_wait_set/cmake/examples_rclcpp_wait_setConfig.cmake
[1.486s] -- Up-to-date symlink: /home/bryan/Workspace/ros2_ws/install/examples_rclcpp_wait_set/share/examples_rclcpp_wait_set/cmake/examples_rclcpp_wait_setConfig-version.cmake
[1.486s] -- Up-to-date symlink: /home/bryan/Workspace/ros2_ws/install/examples_rclcpp_wait_set/share/examples_rclcpp_wait_set/package.xml
[1.488s] Invoked command in '/home/bryan/Workspace/ros2_ws/build/examples_rclcpp_wait_set' returned '0': CMAKE_PREFIX_PATH=/opt/ros/humble /usr/bin/cmake --install /home/bryan/Workspace/ros2_ws/build/examples_rclcpp_wait_set
