[0.090s] Invoking command in '/home/bryan/Workspace/ros2_ws/build/examples_rclcpp_minimal_publisher': CMAKE_PREFIX_PATH=/opt/ros/humble /usr/bin/cmake --build /home/bryan/Workspace/ros2_ws/build/examples_rclcpp_minimal_publisher -- -j3 -l3
[0.372s] [35m[1mConsolidate compiler generated dependencies of target publisher_member_function_with_type_adapter[0m
[0.372s] [35m[1mConsolidate compiler generated dependencies of target publisher_lambda[0m
[0.382s] [35m[1mConsolidate compiler generated dependencies of target publisher_member_function[0m
[0.448s] [ 16%] Built target publisher_lambda
[0.464s] [ 33%] Built target publisher_member_function
[0.464s] [ 50%] Built target publisher_member_function_with_type_adapter
[0.546s] [35m[1mConsolidate compiler generated dependencies of target publisher_member_function_with_unique_network_flow_endpoints[0m
[0.552s] [35m[1mConsolidate compiler generated dependencies of target publisher_not_composable[0m
[0.597s] [35m[1mConsolidate compiler generated dependencies of target publisher_wait_for_all_acked[0m
[0.622s] [ 66%] Built target publisher_member_function_with_unique_network_flow_endpoints
[0.628s] [ 83%] Built target publisher_not_composable
[0.655s] [100%] Built target publisher_wait_for_all_acked
[0.726s] Invoked command in '/home/bryan/Workspace/ros2_ws/build/examples_rclcpp_minimal_publisher' returned '0': CMAKE_PREFIX_PATH=/opt/ros/humble /usr/bin/cmake --build /home/bryan/Workspace/ros2_ws/build/examples_rclcpp_minimal_publisher -- -j3 -l3
[0.749s] Invoking command in '/home/bryan/Workspace/ros2_ws/build/examples_rclcpp_minimal_publisher': CMAKE_PREFIX_PATH=/opt/ros/humble /usr/bin/cmake --install /home/bryan/Workspace/ros2_ws/build/examples_rclcpp_minimal_publisher
[0.759s] -- Install configuration: ""
[0.759s] -- Execute custom install script
[0.759s] -- Up-to-date symlink: /home/bryan/Workspace/ros2_ws/install/examples_rclcpp_minimal_publisher/lib/examples_rclcpp_minimal_publisher/publisher_lambda
[0.759s] -- Up-to-date symlink: /home/bryan/Workspace/ros2_ws/install/examples_rclcpp_minimal_publisher/lib/examples_rclcpp_minimal_publisher/publisher_member_function
[0.759s] -- Up-to-date symlink: /home/bryan/Workspace/ros2_ws/install/examples_rclcpp_minimal_publisher/lib/examples_rclcpp_minimal_publisher/publisher_member_function_with_type_adapter
[0.759s] -- Up-to-date symlink: /home/bryan/Workspace/ros2_ws/install/examples_rclcpp_minimal_publisher/lib/examples_rclcpp_minimal_publisher/publisher_member_function_with_unique_network_flow_endpoints
[0.759s] -- Up-to-date symlink: /home/bryan/Workspace/ros2_ws/install/examples_rclcpp_minimal_publisher/lib/examples_rclcpp_minimal_publisher/publisher_wait_for_all_acked
[0.791s] -- Up-to-date symlink: /home/bryan/Workspace/ros2_ws/install/examples_rclcpp_minimal_publisher/lib/examples_rclcpp_minimal_publisher/publisher_not_composable
[0.794s] -- Up-to-date symlink: /home/bryan/Workspace/ros2_ws/install/examples_rclcpp_minimal_publisher/share/ament_index/resource_index/package_run_dependencies/examples_rclcpp_minimal_publisher
[0.794s] -- Up-to-date symlink: /home/bryan/Workspace/ros2_ws/install/examples_rclcpp_minimal_publisher/share/ament_index/resource_index/parent_prefix_path/examples_rclcpp_minimal_publisher
[0.794s] -- Up-to-date symlink: /home/bryan/Workspace/ros2_ws/install/examples_rclcpp_minimal_publisher/share/examples_rclcpp_minimal_publisher/environment/ament_prefix_path.sh
[0.794s] -- Up-to-date symlink: /home/bryan/Workspace/ros2_ws/install/examples_rclcpp_minimal_publisher/share/examples_rclcpp_minimal_publisher/environment/ament_prefix_path.dsv
[0.794s] -- Up-to-date symlink: /home/bryan/Workspace/ros2_ws/install/examples_rclcpp_minimal_publisher/share/examples_rclcpp_minimal_publisher/environment/path.sh
[0.794s] -- Up-to-date symlink: /home/bryan/Workspace/ros2_ws/install/examples_rclcpp_minimal_publisher/share/examples_rclcpp_minimal_publisher/environment/path.dsv
[0.794s] -- Up-to-date symlink: /home/bryan/Workspace/ros2_ws/install/examples_rclcpp_minimal_publisher/share/examples_rclcpp_minimal_publisher/local_setup.bash
[0.794s] -- Up-to-date symlink: /home/bryan/Workspace/ros2_ws/install/examples_rclcpp_minimal_publisher/share/examples_rclcpp_minimal_publisher/local_setup.sh
[0.797s] -- Up-to-date symlink: /home/bryan/Workspace/ros2_ws/install/examples_rclcpp_minimal_publisher/share/examples_rclcpp_minimal_publisher/local_setup.zsh
[0.797s] -- Up-to-date symlink: /home/bryan/Workspace/ros2_ws/install/examples_rclcpp_minimal_publisher/share/examples_rclcpp_minimal_publisher/local_setup.dsv
[0.797s] -- Symlinking: /home/bryan/Workspace/ros2_ws/install/examples_rclcpp_minimal_publisher/share/examples_rclcpp_minimal_publisher/package.dsv
[0.821s] -- Up-to-date symlink: /home/bryan/Workspace/ros2_ws/install/examples_rclcpp_minimal_publisher/share/ament_index/resource_index/packages/examples_rclcpp_minimal_publisher
[0.822s] -- Up-to-date symlink: /home/bryan/Workspace/ros2_ws/install/examples_rclcpp_minimal_publisher/share/examples_rclcpp_minimal_publisher/cmake/examples_rclcpp_minimal_publisherConfig.cmake
[0.822s] -- Up-to-date symlink: /home/bryan/Workspace/ros2_ws/install/examples_rclcpp_minimal_publisher/share/examples_rclcpp_minimal_publisher/cmake/examples_rclcpp_minimal_publisherConfig-version.cmake
[0.827s] -- Up-to-date symlink: /home/bryan/Workspace/ros2_ws/install/examples_rclcpp_minimal_publisher/share/examples_rclcpp_minimal_publisher/package.xml
[1.028s] Invoked command in '/home/bryan/Workspace/ros2_ws/build/examples_rclcpp_minimal_publisher' returned '0': CMAKE_PREFIX_PATH=/opt/ros/humble /usr/bin/cmake --install /home/bryan/Workspace/ros2_ws/build/examples_rclcpp_minimal_publisher
