[0.039s] Invoking command in '/home/bryan/Workspace/ros2_ws/build/examples_rclcpp_minimal_client': CMAKE_PREFIX_PATH=/opt/ros/humble /usr/bin/cmake /home/bryan/Workspace/ros2_ws/src/examples/rclcpp/services/minimal_client -DAMENT_CMAKE_SYMLINK_INSTALL=1 -DCMAKE_INSTALL_PREFIX=/home/bryan/Workspace/ros2_ws/install/examples_rclcpp_minimal_client
[0.134s] -- The C compiler identification is GNU 11.4.0
[0.284s] -- The CXX compiler identification is GNU 11.4.0
[0.284s] -- Detecting C compiler ABI info
[0.820s] -- Detecting C compiler ABI info - done
[0.821s] -- Check for working C compiler: /usr/bin/cc - skipped
[0.822s] -- Detecting C compile features
[0.823s] -- Detecting C compile features - done
[0.828s] -- Detecting CXX compiler ABI info
[0.958s] -- Detecting CXX compiler ABI info - done
[0.981s] -- Check for working CXX compiler: /usr/bin/c++ - skipped
[0.982s] -- Detecting CXX compile features
[0.983s] -- Detecting CXX compile features - done
[0.986s] -- Found ament_cmake: 1.3.14 (/opt/ros/humble/share/ament_cmake/cmake)
[1.205s] -- Found Python3: /usr/bin/python3 (found version "3.10.12") found components: Interpreter 
[1.288s] -- Override CMake install command with custom implementation using symlinks instead of copying resources
[1.315s] -- Found example_interfaces: 0.9.3 (/opt/ros/humble/share/example_interfaces/cmake)
[1.357s] -- Found rosidl_generator_c: 3.1.8 (/opt/ros/humble/share/rosidl_generator_c/cmake)
[1.363s] -- Found rosidl_adapter: 3.1.8 (/opt/ros/humble/share/rosidl_adapter/cmake)
[1.372s] -- Found rosidl_generator_cpp: 3.1.8 (/opt/ros/humble/share/rosidl_generator_cpp/cmake)
[1.389s] -- Using all available rosidl_typesupport_c: rosidl_typesupport_fastrtps_c;rosidl_typesupport_introspection_c
[1.415s] -- Using all available rosidl_typesupport_cpp: rosidl_typesupport_fastrtps_cpp;rosidl_typesupport_introspection_cpp
[1.493s] -- Found rclcpp: 16.0.18 (/opt/ros/humble/share/rclcpp/cmake)
[1.548s] -- Found rmw_implementation_cmake: 6.1.2 (/opt/ros/humble/share/rmw_implementation_cmake/cmake)
[1.550s] -- Found rmw_fastrtps_cpp: 6.2.10 (/opt/ros/humble/share/rmw_fastrtps_cpp/cmake)
[1.831s] -- Found OpenSSL: /usr/lib/x86_64-linux-gnu/libcrypto.so (found version "3.0.2")  
[1.867s] -- Found FastRTPS: /opt/ros/humble/include  
[1.914s] -- Using RMW implementation 'rmw_fastrtps_cpp' as default
[1.914s] -- Looking for pthread.h
[2.059s] -- Looking for pthread.h - found
[2.059s] -- Performing Test CMAKE_HAVE_LIBC_PTHREAD
[2.235s] -- Performing Test CMAKE_HAVE_LIBC_PTHREAD - Success
[2.237s] -- Found Threads: TRUE  
[2.329s] -- Found ament_lint_auto: 0.12.15 (/opt/ros/humble/share/ament_lint_auto/cmake)
[2.489s] -- Added test 'copyright' to check source files copyright and LICENSE
[2.491s] -- Added test 'cppcheck' to perform static code analysis on C / C++ code
[2.491s] -- Configured cppcheck include dirs: 
[2.491s] -- Configured cppcheck exclude dirs and/or files: 
[2.493s] -- Added test 'cpplint' to check C / C++ code against the Google style
[2.493s] -- Configured cpplint exclude dirs and/or files: 
[2.494s] -- Added test 'lint_cmake' to check CMake code style
[2.495s] -- Added test 'uncrustify' to check C / C++ code style
[2.495s] -- Configured uncrustify additional arguments: 
[2.498s] -- Added test 'xmllint' to check XML markup files
[2.498s] -- Configuring done
[2.510s] -- Generating done
[2.515s] -- Build files have been written to: /home/bryan/Workspace/ros2_ws/build/examples_rclcpp_minimal_client
[2.709s] Invoked command in '/home/bryan/Workspace/ros2_ws/build/examples_rclcpp_minimal_client' returned '0': CMAKE_PREFIX_PATH=/opt/ros/humble /usr/bin/cmake /home/bryan/Workspace/ros2_ws/src/examples/rclcpp/services/minimal_client -DAMENT_CMAKE_SYMLINK_INSTALL=1 -DCMAKE_INSTALL_PREFIX=/home/bryan/Workspace/ros2_ws/install/examples_rclcpp_minimal_client
[2.723s] Invoking command in '/home/bryan/Workspace/ros2_ws/build/examples_rclcpp_minimal_client': CMAKE_PREFIX_PATH=/opt/ros/humble /usr/bin/cmake --build /home/bryan/Workspace/ros2_ws/build/examples_rclcpp_minimal_client -- -j3 -l3
[2.837s] [ 50%] [32mBuilding CXX object CMakeFiles/client_main.dir/main.cpp.o[0m
[8.519s] [100%] [32m[1mLinking CXX executable client_main[0m
[8.953s] [100%] Built target client_main
[8.991s] Invoked command in '/home/bryan/Workspace/ros2_ws/build/examples_rclcpp_minimal_client' returned '0': CMAKE_PREFIX_PATH=/opt/ros/humble /usr/bin/cmake --build /home/bryan/Workspace/ros2_ws/build/examples_rclcpp_minimal_client -- -j3 -l3
[8.992s] Invoking command in '/home/bryan/Workspace/ros2_ws/build/examples_rclcpp_minimal_client': CMAKE_PREFIX_PATH=/opt/ros/humble /usr/bin/cmake --install /home/bryan/Workspace/ros2_ws/build/examples_rclcpp_minimal_client
[9.020s] -- Install configuration: ""
[9.021s] -- Execute custom install script
[9.021s] -- Symlinking: /home/bryan/Workspace/ros2_ws/install/examples_rclcpp_minimal_client/lib/examples_rclcpp_minimal_client/client_main
[9.039s] -- Symlinking: /home/bryan/Workspace/ros2_ws/install/examples_rclcpp_minimal_client/share/ament_index/resource_index/package_run_dependencies/examples_rclcpp_minimal_client
[9.061s] -- Symlinking: /home/bryan/Workspace/ros2_ws/install/examples_rclcpp_minimal_client/share/ament_index/resource_index/parent_prefix_path/examples_rclcpp_minimal_client
[9.084s] -- Symlinking: /home/bryan/Workspace/ros2_ws/install/examples_rclcpp_minimal_client/share/examples_rclcpp_minimal_client/environment/ament_prefix_path.sh
[9.113s] -- Symlinking: /home/bryan/Workspace/ros2_ws/install/examples_rclcpp_minimal_client/share/examples_rclcpp_minimal_client/environment/ament_prefix_path.dsv
[9.136s] -- Symlinking: /home/bryan/Workspace/ros2_ws/install/examples_rclcpp_minimal_client/share/examples_rclcpp_minimal_client/environment/path.sh
[9.156s] -- Symlinking: /home/bryan/Workspace/ros2_ws/install/examples_rclcpp_minimal_client/share/examples_rclcpp_minimal_client/environment/path.dsv
[9.196s] -- Symlinking: /home/bryan/Workspace/ros2_ws/install/examples_rclcpp_minimal_client/share/examples_rclcpp_minimal_client/local_setup.bash
[9.198s] -- Symlinking: /home/bryan/Workspace/ros2_ws/install/examples_rclcpp_minimal_client/share/examples_rclcpp_minimal_client/local_setup.sh
[9.219s] -- Symlinking: /home/bryan/Workspace/ros2_ws/install/examples_rclcpp_minimal_client/share/examples_rclcpp_minimal_client/local_setup.zsh
[9.237s] -- Symlinking: /home/bryan/Workspace/ros2_ws/install/examples_rclcpp_minimal_client/share/examples_rclcpp_minimal_client/local_setup.dsv
[9.253s] -- Symlinking: /home/bryan/Workspace/ros2_ws/install/examples_rclcpp_minimal_client/share/examples_rclcpp_minimal_client/package.dsv
[9.266s] -- Symlinking: /home/bryan/Workspace/ros2_ws/install/examples_rclcpp_minimal_client/share/ament_index/resource_index/packages/examples_rclcpp_minimal_client
[9.289s] -- Symlinking: /home/bryan/Workspace/ros2_ws/install/examples_rclcpp_minimal_client/share/examples_rclcpp_minimal_client/cmake/examples_rclcpp_minimal_clientConfig.cmake
[9.307s] -- Symlinking: /home/bryan/Workspace/ros2_ws/install/examples_rclcpp_minimal_client/share/examples_rclcpp_minimal_client/cmake/examples_rclcpp_minimal_clientConfig-version.cmake
[9.326s] -- Symlinking: /home/bryan/Workspace/ros2_ws/install/examples_rclcpp_minimal_client/share/examples_rclcpp_minimal_client/package.xml
[9.354s] Invoked command in '/home/bryan/Workspace/ros2_ws/build/examples_rclcpp_minimal_client' returned '0': CMAKE_PREFIX_PATH=/opt/ros/humble /usr/bin/cmake --install /home/bryan/Workspace/ros2_ws/build/examples_rclcpp_minimal_client
