[0.075s] Invoking command in '/home/bryan/Workspace/ros2_ws/build/image_geometry': CMAKE_PREFIX_PATH=/opt/ros/humble /usr/bin/cmake /home/bryan/Workspace/ros2_ws/src/vision_opencv/image_geometry -DAMENT_CMAKE_SYMLINK_INSTALL=1 -DCMAKE_INSTALL_PREFIX=/home/bryan/Workspace/ros2_ws/install/image_geometry
[0.243s] -- Found ament_cmake_python: 1.3.14 (/opt/ros/humble/share/ament_cmake_python/cmake)
[0.247s] -- Found ament_cmake_ros: 0.10.0 (/opt/ros/humble/share/ament_cmake_ros/cmake)
[0.555s] -- Override CMake install command with custom implementation using symlinks instead of copying resources
[0.907s] -- Found sensor_msgs: 4.9.1 (/opt/ros/humble/share/sensor_msgs/cmake)
[1.146s] -- Found rosidl_generator_c: 3.1.8 (/opt/ros/humble/share/rosidl_generator_c/cmake)
[1.178s] -- Found rosidl_adapter: 3.1.8 (/opt/ros/humble/share/rosidl_adapter/cmake)
[1.218s] -- Found rosidl_generator_cpp: 3.1.8 (/opt/ros/humble/share/rosidl_generator_cpp/cmake)
[1.298s] -- Using all available rosidl_typesupport_c: rosidl_typesupport_fastrtps_c;rosidl_typesupport_introspection_c
[1.402s] -- Using all available rosidl_typesupport_cpp: rosidl_typesupport_fastrtps_cpp;rosidl_typesupport_introspection_cpp
[1.637s] -- Found gtest sources under '/opt/ros/humble/src/gtest_vendor': C++ tests using 'Google Test' will be built
[1.831s] -- Configuring done
[1.908s] -- Generating done
[1.929s] -- Build files have been written to: /home/bryan/Workspace/ros2_ws/build/image_geometry
[1.954s] Invoked command in '/home/bryan/Workspace/ros2_ws/build/image_geometry' returned '0': CMAKE_PREFIX_PATH=/opt/ros/humble /usr/bin/cmake /home/bryan/Workspace/ros2_ws/src/vision_opencv/image_geometry -DAMENT_CMAKE_SYMLINK_INSTALL=1 -DCMAKE_INSTALL_PREFIX=/home/bryan/Workspace/ros2_ws/install/image_geometry
[1.957s] Invoking command in '/home/bryan/Workspace/ros2_ws/build/image_geometry': CMAKE_PREFIX_PATH=/opt/ros/humble /usr/bin/cmake --build /home/bryan/Workspace/ros2_ws/build/image_geometry -- -j3 -l3
[2.065s] [35m[1mConsolidate compiler generated dependencies of target image_geometry[0m
[2.075s] [35m[1mConsolidate compiler generated dependencies of target gtest_main[0m
[2.094s] failed to create symbolic link '/home/bryan/Workspace/ros2_ws/build/image_geometry/ament_cmake_python/image_geometry/image_geometry' because existing path cannot be removed: Is a directory
[2.099s] gmake[2]: *** [CMakeFiles/ament_cmake_python_symlink_image_geometry.dir/build.make:70: CMakeFiles/ament_cmake_python_symlink_image_geometry] Error 1
[2.099s] gmake[1]: *** [CMakeFiles/Makefile2:160: CMakeFiles/ament_cmake_python_symlink_image_geometry.dir/all] Error 2
[2.099s] gmake[1]: *** Waiting for unfinished jobs....
[2.199s] [ 22%] Built target gtest_main
[2.200s] [ 55%] Built target image_geometry
[2.203s] gmake: *** [Makefile:146: all] Error 2
[2.217s] Invoked command in '/home/bryan/Workspace/ros2_ws/build/image_geometry' returned '2': CMAKE_PREFIX_PATH=/opt/ros/humble /usr/bin/cmake --build /home/bryan/Workspace/ros2_ws/build/image_geometry -- -j3 -l3
