running egg_info
creating ../build/ros2_sumo/ros2_sumo.egg-info
writing ../build/ros2_sumo/ros2_sumo.egg-info/PKG-INFO
writing dependency_links to ../build/ros2_sumo/ros2_sumo.egg-info/dependency_links.txt
writing entry points to ../build/ros2_sumo/ros2_sumo.egg-info/entry_points.txt
writing requirements to ../build/ros2_sumo/ros2_sumo.egg-info/requires.txt
writing top-level names to ../build/ros2_sumo/ros2_sumo.egg-info/top_level.txt
writing manifest file '../build/ros2_sumo/ros2_sumo.egg-info/SOURCES.txt'
reading manifest file '../build/ros2_sumo/ros2_sumo.egg-info/SOURCES.txt'
writing manifest file '../build/ros2_sumo/ros2_sumo.egg-info/SOURCES.txt'
running build
running build_py
creating /home/hannah/Workspace/ros2_ws/src/ros2_sumo-v010/build/ros2_sumo/build
creating /home/hannah/Workspace/ros2_ws/src/ros2_sumo-v010/build/ros2_sumo/build/lib
creating /home/hannah/Workspace/ros2_ws/src/ros2_sumo-v010/build/ros2_sumo/build/lib/ros2_sumo
copying ros2_sumo/vehicle_publisher.py -> /home/hannah/Workspace/ros2_ws/src/ros2_sumo-v010/build/ros2_sumo/build/lib/ros2_sumo
copying ros2_sumo/__init__.py -> /home/hannah/Workspace/ros2_ws/src/ros2_sumo-v010/build/ros2_sumo/build/lib/ros2_sumo
copying ros2_sumo/arduino_readwrite.py -> /home/hannah/Workspace/ros2_ws/src/ros2_sumo-v010/build/ros2_sumo/build/lib/ros2_sumo
copying ros2_sumo/multi_sim_publisher.py -> /home/hannah/Workspace/ros2_ws/src/ros2_sumo-v010/build/ros2_sumo/build/lib/ros2_sumo
copying ros2_sumo/traffic_lights_publisher.py -> /home/hannah/Workspace/ros2_ws/src/ros2_sumo-v010/build/ros2_sumo/build/lib/ros2_sumo
running install
running install_lib
creating /home/hannah/Workspace/ros2_ws/src/ros2_sumo-v010/install/ros2_sumo/lib/python3.10/site-packages/ros2_sumo
copying /home/hannah/Workspace/ros2_ws/src/ros2_sumo-v010/build/ros2_sumo/build/lib/ros2_sumo/vehicle_publisher.py -> /home/hannah/Workspace/ros2_ws/src/ros2_sumo-v010/install/ros2_sumo/lib/python3.10/site-packages/ros2_sumo
copying /home/hannah/Workspace/ros2_ws/src/ros2_sumo-v010/build/ros2_sumo/build/lib/ros2_sumo/__init__.py -> /home/hannah/Workspace/ros2_ws/src/ros2_sumo-v010/install/ros2_sumo/lib/python3.10/site-packages/ros2_sumo
copying /home/hannah/Workspace/ros2_ws/src/ros2_sumo-v010/build/ros2_sumo/build/lib/ros2_sumo/arduino_readwrite.py -> /home/hannah/Workspace/ros2_ws/src/ros2_sumo-v010/install/ros2_sumo/lib/python3.10/site-packages/ros2_sumo
copying /home/hannah/Workspace/ros2_ws/src/ros2_sumo-v010/build/ros2_sumo/build/lib/ros2_sumo/multi_sim_publisher.py -> /home/hannah/Workspace/ros2_ws/src/ros2_sumo-v010/install/ros2_sumo/lib/python3.10/site-packages/ros2_sumo
copying /home/hannah/Workspace/ros2_ws/src/ros2_sumo-v010/build/ros2_sumo/build/lib/ros2_sumo/traffic_lights_publisher.py -> /home/hannah/Workspace/ros2_ws/src/ros2_sumo-v010/install/ros2_sumo/lib/python3.10/site-packages/ros2_sumo
byte-compiling /home/hannah/Workspace/ros2_ws/src/ros2_sumo-v010/install/ros2_sumo/lib/python3.10/site-packages/ros2_sumo/vehicle_publisher.py to vehicle_publisher.cpython-310.pyc
byte-compiling /home/hannah/Workspace/ros2_ws/src/ros2_sumo-v010/install/ros2_sumo/lib/python3.10/site-packages/ros2_sumo/__init__.py to __init__.cpython-310.pyc
byte-compiling /home/hannah/Workspace/ros2_ws/src/ros2_sumo-v010/install/ros2_sumo/lib/python3.10/site-packages/ros2_sumo/arduino_readwrite.py to arduino_readwrite.cpython-310.pyc
byte-compiling /home/hannah/Workspace/ros2_ws/src/ros2_sumo-v010/install/ros2_sumo/lib/python3.10/site-packages/ros2_sumo/multi_sim_publisher.py to multi_sim_publisher.cpython-310.pyc
byte-compiling /home/hannah/Workspace/ros2_ws/src/ros2_sumo-v010/install/ros2_sumo/lib/python3.10/site-packages/ros2_sumo/traffic_lights_publisher.py to traffic_lights_publisher.cpython-310.pyc
running install_data
creating /home/hannah/Workspace/ros2_ws/src/ros2_sumo-v010/install/ros2_sumo/share/ament_index
creating /home/hannah/Workspace/ros2_ws/src/ros2_sumo-v010/install/ros2_sumo/share/ament_index/resource_index
creating /home/hannah/Workspace/ros2_ws/src/ros2_sumo-v010/install/ros2_sumo/share/ament_index/resource_index/packages
copying resource/ros2_sumo -> /home/hannah/Workspace/ros2_ws/src/ros2_sumo-v010/install/ros2_sumo/share/ament_index/resource_index/packages
copying package.xml -> /home/hannah/Workspace/ros2_ws/src/ros2_sumo-v010/install/ros2_sumo/share/ros2_sumo
creating /home/hannah/Workspace/ros2_ws/src/ros2_sumo-v010/install/ros2_sumo/share/ros2_sumo/launch
copying launch/vehicle_publisher_with_rviz2_launch.py -> /home/hannah/Workspace/ros2_ws/src/ros2_sumo-v010/install/ros2_sumo/share/ros2_sumo/launch
creating /home/hannah/Workspace/ros2_ws/src/ros2_sumo-v010/install/ros2_sumo/share/ros2_sumo/config
copying config/vehicle_publisher_rviz_config.rviz -> /home/hannah/Workspace/ros2_ws/src/ros2_sumo-v010/install/ros2_sumo/share/ros2_sumo/config
creating /home/hannah/Workspace/ros2_ws/src/ros2_sumo-v010/install/ros2_sumo/share/ros2_sumo/scenarios
running install_egg_info
Copying ../build/ros2_sumo/ros2_sumo.egg-info to /home/hannah/Workspace/ros2_ws/src/ros2_sumo-v010/install/ros2_sumo/lib/python3.10/site-packages/ros2_sumo-0.1.0-py3.10.egg-info
running install_scripts
Installing arduino_read_write script to /home/hannah/Workspace/ros2_ws/src/ros2_sumo-v010/install/ros2_sumo/lib/ros2_sumo
Installing multi_sim_publisher script to /home/hannah/Workspace/ros2_ws/src/ros2_sumo-v010/install/ros2_sumo/lib/ros2_sumo
Installing traffic_lights_publisher script to /home/hannah/Workspace/ros2_ws/src/ros2_sumo-v010/install/ros2_sumo/lib/ros2_sumo
Installing vehicle_publisher script to /home/hannah/Workspace/ros2_ws/src/ros2_sumo-v010/install/ros2_sumo/lib/ros2_sumo
writing list of installed files to '/home/hannah/Workspace/ros2_ws/src/ros2_sumo-v010/build/ros2_sumo/install.log'
