[0.023s] Invoking command in '/home/bryan/Workspace/ros2_ws/build/examples_rclcpp_minimal_timer': CMAKE_PREFIX_PATH=/opt/ros/humble /usr/bin/cmake /home/bryan/Workspace/ros2_ws/src/examples/rclcpp/timers/minimal_timer -DAMENT_CMAKE_SYMLINK_INSTALL=1 -DCMAKE_INSTALL_PREFIX=/home/bryan/Workspace/ros2_ws/install/examples_rclcpp_minimal_timer
[0.337s] -- The C compiler identification is GNU 11.4.0
[0.474s] -- The CXX compiler identification is GNU 11.4.0
[0.488s] -- Detecting C compiler ABI info
[1.214s] -- Detecting C compiler ABI info - done
[1.244s] -- Check for working C compiler: /usr/bin/cc - skipped
[1.244s] -- Detecting C compile features
[1.244s] -- Detecting C compile features - done
[1.245s] -- Detecting CXX compiler ABI info
[1.520s] -- Detecting CXX compiler ABI info - done
[1.538s] -- Check for working CXX compiler: /usr/bin/c++ - skipped
[1.539s] -- Detecting CXX compile features
[1.542s] -- Detecting CXX compile features - done
[1.546s] -- Found ament_cmake: 1.3.14 (/opt/ros/humble/share/ament_cmake/cmake)
[1.906s] -- Found Python3: /usr/bin/python3 (found version "3.10.12") found components: Interpreter 
[2.117s] -- Override CMake install command with custom implementation using symlinks instead of copying resources
[2.169s] -- Found rclcpp: 16.0.18 (/opt/ros/humble/share/rclcpp/cmake)
[2.238s] -- Found rosidl_generator_c: 3.1.8 (/opt/ros/humble/share/rosidl_generator_c/cmake)
[2.277s] -- Found rosidl_adapter: 3.1.8 (/opt/ros/humble/share/rosidl_adapter/cmake)
[2.292s] -- Found rosidl_generator_cpp: 3.1.8 (/opt/ros/humble/share/rosidl_generator_cpp/cmake)
[2.327s] -- Using all available rosidl_typesupport_c: rosidl_typesupport_fastrtps_c;rosidl_typesupport_introspection_c
[2.378s] -- Using all available rosidl_typesupport_cpp: rosidl_typesupport_fastrtps_cpp;rosidl_typesupport_introspection_cpp
[2.482s] -- Found rmw_implementation_cmake: 6.1.2 (/opt/ros/humble/share/rmw_implementation_cmake/cmake)
[2.487s] -- Found rmw_fastrtps_cpp: 6.2.10 (/opt/ros/humble/share/rmw_fastrtps_cpp/cmake)
[2.823s] -- Found OpenSSL: /usr/lib/x86_64-linux-gnu/libcrypto.so (found version "3.0.2")  
[2.914s] -- Found FastRTPS: /opt/ros/humble/include  
[3.064s] -- Using RMW implementation 'rmw_fastrtps_cpp' as default
[3.077s] -- Looking for pthread.h
[3.340s] -- Looking for pthread.h - found
[3.347s] -- Performing Test CMAKE_HAVE_LIBC_PTHREAD
[3.670s] -- Performing Test CMAKE_HAVE_LIBC_PTHREAD - Success
[3.670s] -- Found Threads: TRUE  
[3.750s] -- Found ament_lint_auto: 0.12.15 (/opt/ros/humble/share/ament_lint_auto/cmake)
[3.962s] -- Added test 'copyright' to check source files copyright and LICENSE
[3.963s] -- Added test 'cppcheck' to perform static code analysis on C / C++ code
[3.963s] -- Configured cppcheck include dirs: 
[3.963s] -- Configured cppcheck exclude dirs and/or files: 
[3.963s] -- Added test 'cpplint' to check C / C++ code against the Google style
[3.963s] -- Configured cpplint exclude dirs and/or files: 
[3.963s] -- Added test 'lint_cmake' to check CMake code style
[3.963s] -- Added test 'uncrustify' to check C / C++ code style
[3.963s] -- Configured uncrustify additional arguments: 
[3.963s] -- Added test 'xmllint' to check XML markup files
[3.963s] -- Configuring done
[4.000s] -- Generating done
[4.004s] -- Build files have been written to: /home/bryan/Workspace/ros2_ws/build/examples_rclcpp_minimal_timer
[4.069s] Invoked command in '/home/bryan/Workspace/ros2_ws/build/examples_rclcpp_minimal_timer' returned '0': CMAKE_PREFIX_PATH=/opt/ros/humble /usr/bin/cmake /home/bryan/Workspace/ros2_ws/src/examples/rclcpp/timers/minimal_timer -DAMENT_CMAKE_SYMLINK_INSTALL=1 -DCMAKE_INSTALL_PREFIX=/home/bryan/Workspace/ros2_ws/install/examples_rclcpp_minimal_timer
[4.096s] Invoking command in '/home/bryan/Workspace/ros2_ws/build/examples_rclcpp_minimal_timer': CMAKE_PREFIX_PATH=/opt/ros/humble /usr/bin/cmake --build /home/bryan/Workspace/ros2_ws/build/examples_rclcpp_minimal_timer -- -j3 -l3
[4.244s] [ 25%] [32mBuilding CXX object CMakeFiles/timer_lambda.dir/lambda.cpp.o[0m
[10.709s] [ 50%] [32m[1mLinking CXX executable timer_lambda[0m
[11.058s] [ 50%] Built target timer_lambda
[11.128s] [ 75%] [32mBuilding CXX object CMakeFiles/timer_member_function.dir/member_function.cpp.o[0m
[17.639s] [100%] [32m[1mLinking CXX executable timer_member_function[0m
[18.052s] [100%] Built target timer_member_function
[18.089s] Invoked command in '/home/bryan/Workspace/ros2_ws/build/examples_rclcpp_minimal_timer' returned '0': CMAKE_PREFIX_PATH=/opt/ros/humble /usr/bin/cmake --build /home/bryan/Workspace/ros2_ws/build/examples_rclcpp_minimal_timer -- -j3 -l3
[18.090s] Invoking command in '/home/bryan/Workspace/ros2_ws/build/examples_rclcpp_minimal_timer': CMAKE_PREFIX_PATH=/opt/ros/humble /usr/bin/cmake --install /home/bryan/Workspace/ros2_ws/build/examples_rclcpp_minimal_timer
[18.176s] -- Install configuration: ""
[18.177s] -- Execute custom install script
[18.177s] -- Symlinking: /home/bryan/Workspace/ros2_ws/install/examples_rclcpp_minimal_timer/lib/examples_rclcpp_minimal_timer/timer_lambda
[18.197s] -- Symlinking: /home/bryan/Workspace/ros2_ws/install/examples_rclcpp_minimal_timer/lib/examples_rclcpp_minimal_timer/timer_member_function
[18.272s] -- Symlinking: /home/bryan/Workspace/ros2_ws/install/examples_rclcpp_minimal_timer/share/ament_index/resource_index/package_run_dependencies/examples_rclcpp_minimal_timer
[18.299s] -- Symlinking: /home/bryan/Workspace/ros2_ws/install/examples_rclcpp_minimal_timer/share/ament_index/resource_index/parent_prefix_path/examples_rclcpp_minimal_timer
[18.328s] -- Symlinking: /home/bryan/Workspace/ros2_ws/install/examples_rclcpp_minimal_timer/share/examples_rclcpp_minimal_timer/environment/ament_prefix_path.sh
[18.454s] -- Symlinking: /home/bryan/Workspace/ros2_ws/install/examples_rclcpp_minimal_timer/share/examples_rclcpp_minimal_timer/environment/ament_prefix_path.dsv
[18.651s] -- Symlinking: /home/bryan/Workspace/ros2_ws/install/examples_rclcpp_minimal_timer/share/examples_rclcpp_minimal_timer/environment/path.sh
[18.690s] -- Symlinking: /home/bryan/Workspace/ros2_ws/install/examples_rclcpp_minimal_timer/share/examples_rclcpp_minimal_timer/environment/path.dsv
[18.715s] -- Symlinking: /home/bryan/Workspace/ros2_ws/install/examples_rclcpp_minimal_timer/share/examples_rclcpp_minimal_timer/local_setup.bash
[18.786s] -- Symlinking: /home/bryan/Workspace/ros2_ws/install/examples_rclcpp_minimal_timer/share/examples_rclcpp_minimal_timer/local_setup.sh
[18.826s] -- Symlinking: /home/bryan/Workspace/ros2_ws/install/examples_rclcpp_minimal_timer/share/examples_rclcpp_minimal_timer/local_setup.zsh
[18.886s] -- Symlinking: /home/bryan/Workspace/ros2_ws/install/examples_rclcpp_minimal_timer/share/examples_rclcpp_minimal_timer/local_setup.dsv
[18.906s] -- Symlinking: /home/bryan/Workspace/ros2_ws/install/examples_rclcpp_minimal_timer/share/examples_rclcpp_minimal_timer/package.dsv
[18.928s] -- Symlinking: /home/bryan/Workspace/ros2_ws/install/examples_rclcpp_minimal_timer/share/ament_index/resource_index/packages/examples_rclcpp_minimal_timer
[18.973s] -- Symlinking: /home/bryan/Workspace/ros2_ws/install/examples_rclcpp_minimal_timer/share/examples_rclcpp_minimal_timer/cmake/examples_rclcpp_minimal_timerConfig.cmake
[19.019s] -- Symlinking: /home/bryan/Workspace/ros2_ws/install/examples_rclcpp_minimal_timer/share/examples_rclcpp_minimal_timer/cmake/examples_rclcpp_minimal_timerConfig-version.cmake
[19.043s] -- Symlinking: /home/bryan/Workspace/ros2_ws/install/examples_rclcpp_minimal_timer/share/examples_rclcpp_minimal_timer/package.xml
[19.090s] Invoked command in '/home/bryan/Workspace/ros2_ws/build/examples_rclcpp_minimal_timer' returned '0': CMAKE_PREFIX_PATH=/opt/ros/humble /usr/bin/cmake --install /home/bryan/Workspace/ros2_ws/build/examples_rclcpp_minimal_timer
