[0.244s] Invoking command in '/home/bryan/Workspace/ros2_ws/build/image_proc': AMENT_PREFIX_PATH=/home/bryan/Workspace/ros2_ws/install/image_geometry:/home/bryan/Workspace/ros2_ws/install/cv_bridge:${AMENT_PREFIX_PATH} CMAKE_PREFIX_PATH=/home/bryan/Workspace/ros2_ws/install/tracetools_image_pipeline:/home/bryan/Workspace/ros2_ws/install/image_geometry:/home/bryan/Workspace/ros2_ws/install/cv_bridge:/home/bryan/Workspace/ros2_ws/install/image_proc:/home/bryan/Workspace/ros2_ws/install/image_rotate:/home/bryan/Workspace/ros2_ws/install/image_publisher:/home/bryan/Workspace/ros2_ws/install/examples_rclcpp_wait_set:/home/bryan/Workspace/ros2_ws/install/examples_rclcpp_multithreaded_executor:/home/bryan/Workspace/ros2_ws/install/examples_rclcpp_minimal_timer:/home/bryan/Workspace/ros2_ws/install/examples_rclcpp_minimal_subscriber:/home/bryan/Workspace/ros2_ws/install/examples_rclcpp_minimal_service:/home/bryan/Workspace/ros2_ws/install/examples_rclcpp_minimal_publisher:/home/bryan/Workspace/ros2_ws/install/examples_rclcpp_minimal_composition:/home/bryan/Workspace/ros2_ws/install/examples_rclcpp_minimal_client:/home/bryan/Workspace/ros2_ws/install/examples_rclcpp_minimal_action_server:/home/bryan/Workspace/ros2_ws/install/examples_rclcpp_minimal_action_client:/home/bryan/Workspace/ros2_ws/install/examples_rclcpp_cbg_executor:/home/bryan/Workspace/ros2_ws/install/examples_rclcpp_async_client:/home/bryan/Workspace/ros2_ws/install/sprint2:/home/bryan/Workspace/ros2_ws/install/launch_testing_examples:/home/bryan/Workspace/ros2_ws/install/image_converter:/home/bryan/Workspace/ros2_ws/install/first_package:/home/bryan/Workspace/ros2_ws/install/examples_rclpy_pointcloud_publisher:/home/bryan/Workspace/ros2_ws/install/examples_rclpy_minimal_subscriber:/home/bryan/Workspace/ros2_ws/install/examples_rclpy_minimal_service:/home/bryan/Workspace/ros2_ws/install/examples_rclpy_minimal_publisher:/home/bryan/Workspace/ros2_ws/install/examples_rclpy_minimal_client:/home/bryan/Workspace/ros2_ws/install/examples_rclpy_minimal_action_server:/home/bryan/Workspace/ros2_ws/install/examples_rclpy_minimal_action_client:/home/bryan/Workspace/ros2_ws/install/examples_rclpy_guard_conditions:/home/bryan/Workspace/ros2_ws/install/examples_rclpy_executors:/home/bryan/Workspace/ros2_ws/install/camera_calibration:/opt/ros/humble LD_LIBRARY_PATH=/home/bryan/Workspace/ros2_ws/install/tracetools_image_pipeline/lib:/home/bryan/Workspace/ros2_ws/install/image_geometry/lib:/home/bryan/Workspace/ros2_ws/install/cv_bridge/lib:/home/bryan/Workspace/ros2_ws/install/image_proc/lib:/home/bryan/Workspace/ros2_ws/install/image_rotate/lib:/home/bryan/Workspace/ros2_ws/install/image_publisher/lib:/home/bryan/Workspace/ros2_ws/install/examples_rclcpp_wait_set/lib:/home/bryan/Workspace/ros2_ws/install/examples_rclcpp_minimal_subscriber/lib:/home/bryan/Workspace/ros2_ws/install/examples_rclcpp_minimal_composition/lib:/opt/ros/humble/opt/rviz_ogre_vendor/lib:/opt/ros/humble/lib/x86_64-linux-gnu:/opt/ros/humble/lib PYTHONPATH=/home/bryan/Workspace/ros2_ws/install/image_geometry/local/lib/python3.10/dist-packages:/home/bryan/Workspace/ros2_ws/install/cv_bridge/local/lib/python3.10/dist-packages:${PYTHONPATH} /usr/bin/cmake --build /home/bryan/Workspace/ros2_ws/build/image_proc -- -j3 -l3
[0.692s] [  8%] Built target image_proc
[0.838s] [ 16%] Built target debayer_node
[0.992s] [ 24%] Built target resize_node
[1.076s] [ 32%] Built target crop_decimate_node
[1.202s] [ 40%] Built target crop_non_zero_node
[1.310s] [ 48%] Built target rectify
[1.377s] [ 56%] Built target rectify_node
[1.648s] [ 68%] Built target debayer
[1.727s] [ 76%] Built target resize
[1.912s] [ 84%] Built target crop_decimate
[2.113s] [ 92%] Built target crop_non_zero
[2.223s] [100%] Built target image_proc_exe
[2.278s] Invoked command in '/home/bryan/Workspace/ros2_ws/build/image_proc' returned '0': AMENT_PREFIX_PATH=/home/bryan/Workspace/ros2_ws/install/image_geometry:/home/bryan/Workspace/ros2_ws/install/cv_bridge:${AMENT_PREFIX_PATH} CMAKE_PREFIX_PATH=/home/bryan/Workspace/ros2_ws/install/tracetools_image_pipeline:/home/bryan/Workspace/ros2_ws/install/image_geometry:/home/bryan/Workspace/ros2_ws/install/cv_bridge:/home/bryan/Workspace/ros2_ws/install/image_proc:/home/bryan/Workspace/ros2_ws/install/image_rotate:/home/bryan/Workspace/ros2_ws/install/image_publisher:/home/bryan/Workspace/ros2_ws/install/examples_rclcpp_wait_set:/home/bryan/Workspace/ros2_ws/install/examples_rclcpp_multithreaded_executor:/home/bryan/Workspace/ros2_ws/install/examples_rclcpp_minimal_timer:/home/bryan/Workspace/ros2_ws/install/examples_rclcpp_minimal_subscriber:/home/bryan/Workspace/ros2_ws/install/examples_rclcpp_minimal_service:/home/bryan/Workspace/ros2_ws/install/examples_rclcpp_minimal_publisher:/home/bryan/Workspace/ros2_ws/install/examples_rclcpp_minimal_composition:/home/bryan/Workspace/ros2_ws/install/examples_rclcpp_minimal_client:/home/bryan/Workspace/ros2_ws/install/examples_rclcpp_minimal_action_server:/home/bryan/Workspace/ros2_ws/install/examples_rclcpp_minimal_action_client:/home/bryan/Workspace/ros2_ws/install/examples_rclcpp_cbg_executor:/home/bryan/Workspace/ros2_ws/install/examples_rclcpp_async_client:/home/bryan/Workspace/ros2_ws/install/sprint2:/home/bryan/Workspace/ros2_ws/install/launch_testing_examples:/home/bryan/Workspace/ros2_ws/install/image_converter:/home/bryan/Workspace/ros2_ws/install/first_package:/home/bryan/Workspace/ros2_ws/install/examples_rclpy_pointcloud_publisher:/home/bryan/Workspace/ros2_ws/install/examples_rclpy_minimal_subscriber:/home/bryan/Workspace/ros2_ws/install/examples_rclpy_minimal_service:/home/bryan/Workspace/ros2_ws/install/examples_rclpy_minimal_publisher:/home/bryan/Workspace/ros2_ws/install/examples_rclpy_minimal_client:/home/bryan/Workspace/ros2_ws/install/examples_rclpy_minimal_action_server:/home/bryan/Workspace/ros2_ws/install/examples_rclpy_minimal_action_client:/home/bryan/Workspace/ros2_ws/install/examples_rclpy_guard_conditions:/home/bryan/Workspace/ros2_ws/install/examples_rclpy_executors:/home/bryan/Workspace/ros2_ws/install/camera_calibration:/opt/ros/humble LD_LIBRARY_PATH=/home/bryan/Workspace/ros2_ws/install/tracetools_image_pipeline/lib:/home/bryan/Workspace/ros2_ws/install/image_geometry/lib:/home/bryan/Workspace/ros2_ws/install/cv_bridge/lib:/home/bryan/Workspace/ros2_ws/install/image_proc/lib:/home/bryan/Workspace/ros2_ws/install/image_rotate/lib:/home/bryan/Workspace/ros2_ws/install/image_publisher/lib:/home/bryan/Workspace/ros2_ws/install/examples_rclcpp_wait_set/lib:/home/bryan/Workspace/ros2_ws/install/examples_rclcpp_minimal_subscriber/lib:/home/bryan/Workspace/ros2_ws/install/examples_rclcpp_minimal_composition/lib:/opt/ros/humble/opt/rviz_ogre_vendor/lib:/opt/ros/humble/lib/x86_64-linux-gnu:/opt/ros/humble/lib PYTHONPATH=/home/bryan/Workspace/ros2_ws/install/image_geometry/local/lib/python3.10/dist-packages:/home/bryan/Workspace/ros2_ws/install/cv_bridge/local/lib/python3.10/dist-packages:${PYTHONPATH} /usr/bin/cmake --build /home/bryan/Workspace/ros2_ws/build/image_proc -- -j3 -l3
[2.279s] Invoking command in '/home/bryan/Workspace/ros2_ws/build/image_proc': AMENT_PREFIX_PATH=/home/bryan/Workspace/ros2_ws/install/image_geometry:/home/bryan/Workspace/ros2_ws/install/cv_bridge:${AMENT_PREFIX_PATH} CMAKE_PREFIX_PATH=/home/bryan/Workspace/ros2_ws/install/tracetools_image_pipeline:/home/bryan/Workspace/ros2_ws/install/image_geometry:/home/bryan/Workspace/ros2_ws/install/cv_bridge:/home/bryan/Workspace/ros2_ws/install/image_proc:/home/bryan/Workspace/ros2_ws/install/image_rotate:/home/bryan/Workspace/ros2_ws/install/image_publisher:/home/bryan/Workspace/ros2_ws/install/examples_rclcpp_wait_set:/home/bryan/Workspace/ros2_ws/install/examples_rclcpp_multithreaded_executor:/home/bryan/Workspace/ros2_ws/install/examples_rclcpp_minimal_timer:/home/bryan/Workspace/ros2_ws/install/examples_rclcpp_minimal_subscriber:/home/bryan/Workspace/ros2_ws/install/examples_rclcpp_minimal_service:/home/bryan/Workspace/ros2_ws/install/examples_rclcpp_minimal_publisher:/home/bryan/Workspace/ros2_ws/install/examples_rclcpp_minimal_composition:/home/bryan/Workspace/ros2_ws/install/examples_rclcpp_minimal_client:/home/bryan/Workspace/ros2_ws/install/examples_rclcpp_minimal_action_server:/home/bryan/Workspace/ros2_ws/install/examples_rclcpp_minimal_action_client:/home/bryan/Workspace/ros2_ws/install/examples_rclcpp_cbg_executor:/home/bryan/Workspace/ros2_ws/install/examples_rclcpp_async_client:/home/bryan/Workspace/ros2_ws/install/sprint2:/home/bryan/Workspace/ros2_ws/install/launch_testing_examples:/home/bryan/Workspace/ros2_ws/install/image_converter:/home/bryan/Workspace/ros2_ws/install/first_package:/home/bryan/Workspace/ros2_ws/install/examples_rclpy_pointcloud_publisher:/home/bryan/Workspace/ros2_ws/install/examples_rclpy_minimal_subscriber:/home/bryan/Workspace/ros2_ws/install/examples_rclpy_minimal_service:/home/bryan/Workspace/ros2_ws/install/examples_rclpy_minimal_publisher:/home/bryan/Workspace/ros2_ws/install/examples_rclpy_minimal_client:/home/bryan/Workspace/ros2_ws/install/examples_rclpy_minimal_action_server:/home/bryan/Workspace/ros2_ws/install/examples_rclpy_minimal_action_client:/home/bryan/Workspace/ros2_ws/install/examples_rclpy_guard_conditions:/home/bryan/Workspace/ros2_ws/install/examples_rclpy_executors:/home/bryan/Workspace/ros2_ws/install/camera_calibration:/opt/ros/humble LD_LIBRARY_PATH=/home/bryan/Workspace/ros2_ws/install/tracetools_image_pipeline/lib:/home/bryan/Workspace/ros2_ws/install/image_geometry/lib:/home/bryan/Workspace/ros2_ws/install/cv_bridge/lib:/home/bryan/Workspace/ros2_ws/install/image_proc/lib:/home/bryan/Workspace/ros2_ws/install/image_rotate/lib:/home/bryan/Workspace/ros2_ws/install/image_publisher/lib:/home/bryan/Workspace/ros2_ws/install/examples_rclcpp_wait_set/lib:/home/bryan/Workspace/ros2_ws/install/examples_rclcpp_minimal_subscriber/lib:/home/bryan/Workspace/ros2_ws/install/examples_rclcpp_minimal_composition/lib:/opt/ros/humble/opt/rviz_ogre_vendor/lib:/opt/ros/humble/lib/x86_64-linux-gnu:/opt/ros/humble/lib PYTHONPATH=/home/bryan/Workspace/ros2_ws/install/image_geometry/local/lib/python3.10/dist-packages:/home/bryan/Workspace/ros2_ws/install/cv_bridge/local/lib/python3.10/dist-packages:${PYTHONPATH} /usr/bin/cmake --install /home/bryan/Workspace/ros2_ws/build/image_proc
[2.308s] -- Install configuration: ""
[2.309s] -- Up-to-date: /home/bryan/Workspace/ros2_ws/install/image_proc/lib/image_proc/rectify_node
[2.310s] -- Up-to-date: /home/bryan/Workspace/ros2_ws/install/image_proc/lib/image_proc/debayer_node
[2.310s] -- Up-to-date: /home/bryan/Workspace/ros2_ws/install/image_proc/lib/image_proc/resize_node
[2.313s] -- Up-to-date: /home/bryan/Workspace/ros2_ws/install/image_proc/lib/image_proc/crop_decimate_node
[2.314s] -- Up-to-date: /home/bryan/Workspace/ros2_ws/install/image_proc/lib/image_proc/crop_non_zero_node
[2.314s] -- Up-to-date: /home/bryan/Workspace/ros2_ws/install/image_proc/bin/image_proc
[2.314s] -- Up-to-date: /home/bryan/Workspace/ros2_ws/install/image_proc/include
[2.314s] -- Up-to-date: /home/bryan/Workspace/ros2_ws/install/image_proc/include/image_proc
[2.317s] -- Up-to-date: /home/bryan/Workspace/ros2_ws/install/image_proc/include/image_proc/debayer.hpp
[2.317s] -- Up-to-date: /home/bryan/Workspace/ros2_ws/install/image_proc/include/image_proc/utils.hpp
[2.317s] -- Up-to-date: /home/bryan/Workspace/ros2_ws/install/image_proc/include/image_proc/crop_decimate.hpp
[2.317s] -- Up-to-date: /home/bryan/Workspace/ros2_ws/install/image_proc/include/image_proc/resize.hpp
[2.317s] -- Up-to-date: /home/bryan/Workspace/ros2_ws/install/image_proc/include/image_proc/edge_aware.hpp
[2.317s] -- Up-to-date: /home/bryan/Workspace/ros2_ws/install/image_proc/include/image_proc/processor.hpp
[2.318s] -- Up-to-date: /home/bryan/Workspace/ros2_ws/install/image_proc/include/image_proc/crop_non_zero.hpp
[2.318s] -- Up-to-date: /home/bryan/Workspace/ros2_ws/install/image_proc/include/image_proc/rectify.hpp
[2.318s] -- Up-to-date: /home/bryan/Workspace/ros2_ws/install/image_proc/share/image_proc/environment/library_path.sh
[2.318s] -- Up-to-date: /home/bryan/Workspace/ros2_ws/install/image_proc/share/image_proc/environment/library_path.dsv
[2.318s] -- Up-to-date: /home/bryan/Workspace/ros2_ws/install/image_proc/lib/libimage_proc.so
[2.318s] -- Up-to-date: /home/bryan/Workspace/ros2_ws/install/image_proc/lib/librectify.so
[2.318s] -- Up-to-date: /home/bryan/Workspace/ros2_ws/install/image_proc/lib/libdebayer.so
[2.318s] -- Up-to-date: /home/bryan/Workspace/ros2_ws/install/image_proc/lib/libresize.so
[2.318s] -- Up-to-date: /home/bryan/Workspace/ros2_ws/install/image_proc/lib/libcrop_decimate.so
[2.321s] -- Up-to-date: /home/bryan/Workspace/ros2_ws/install/image_proc/lib/libcrop_non_zero.so
[2.321s] -- Up-to-date: /home/bryan/Workspace/ros2_ws/install/image_proc/lib/image_proc/image_proc
[2.321s] -- Up-to-date: /home/bryan/Workspace/ros2_ws/install/image_proc/share/image_proc/launch
[2.321s] -- Up-to-date: /home/bryan/Workspace/ros2_ws/install/image_proc/share/image_proc/launch/image_proc.launch.py
[2.321s] -- Up-to-date: /home/bryan/Workspace/ros2_ws/install/image_proc/share/ament_index/resource_index/package_run_dependencies/image_proc
[2.321s] -- Up-to-date: /home/bryan/Workspace/ros2_ws/install/image_proc/share/ament_index/resource_index/parent_prefix_path/image_proc
[2.321s] -- Up-to-date: /home/bryan/Workspace/ros2_ws/install/image_proc/share/image_proc/environment/ament_prefix_path.sh
[2.321s] -- Up-to-date: /home/bryan/Workspace/ros2_ws/install/image_proc/share/image_proc/environment/ament_prefix_path.dsv
[2.322s] -- Up-to-date: /home/bryan/Workspace/ros2_ws/install/image_proc/share/image_proc/environment/path.sh
[2.322s] -- Up-to-date: /home/bryan/Workspace/ros2_ws/install/image_proc/share/image_proc/environment/path.dsv
[2.322s] -- Up-to-date: /home/bryan/Workspace/ros2_ws/install/image_proc/share/image_proc/local_setup.bash
[2.322s] -- Up-to-date: /home/bryan/Workspace/ros2_ws/install/image_proc/share/image_proc/local_setup.sh
[2.322s] -- Up-to-date: /home/bryan/Workspace/ros2_ws/install/image_proc/share/image_proc/local_setup.zsh
[2.322s] -- Up-to-date: /home/bryan/Workspace/ros2_ws/install/image_proc/share/image_proc/local_setup.dsv
[2.322s] -- Installing: /home/bryan/Workspace/ros2_ws/install/image_proc/share/image_proc/package.dsv
[2.322s] -- Up-to-date: /home/bryan/Workspace/ros2_ws/install/image_proc/share/ament_index/resource_index/packages/image_proc
[2.322s] -- Up-to-date: /home/bryan/Workspace/ros2_ws/install/image_proc/share/ament_index/resource_index/rclcpp_components/image_proc
[2.322s] -- Up-to-date: /home/bryan/Workspace/ros2_ws/install/image_proc/share/image_proc/cmake/ament_cmake_export_dependencies-extras.cmake
[2.322s] -- Up-to-date: /home/bryan/Workspace/ros2_ws/install/image_proc/share/image_proc/cmake/ament_cmake_export_include_directories-extras.cmake
[2.322s] -- Up-to-date: /home/bryan/Workspace/ros2_ws/install/image_proc/share/image_proc/cmake/ament_cmake_export_libraries-extras.cmake
[2.322s] -- Up-to-date: /home/bryan/Workspace/ros2_ws/install/image_proc/share/image_proc/cmake/image_procConfig.cmake
[2.322s] -- Up-to-date: /home/bryan/Workspace/ros2_ws/install/image_proc/share/image_proc/cmake/image_procConfig-version.cmake
[2.323s] -- Up-to-date: /home/bryan/Workspace/ros2_ws/install/image_proc/share/image_proc/package.xml
[2.327s] Invoked command in '/home/bryan/Workspace/ros2_ws/build/image_proc' returned '0': AMENT_PREFIX_PATH=/home/bryan/Workspace/ros2_ws/install/image_geometry:/home/bryan/Workspace/ros2_ws/install/cv_bridge:${AMENT_PREFIX_PATH} CMAKE_PREFIX_PATH=/home/bryan/Workspace/ros2_ws/install/tracetools_image_pipeline:/home/bryan/Workspace/ros2_ws/install/image_geometry:/home/bryan/Workspace/ros2_ws/install/cv_bridge:/home/bryan/Workspace/ros2_ws/install/image_proc:/home/bryan/Workspace/ros2_ws/install/image_rotate:/home/bryan/Workspace/ros2_ws/install/image_publisher:/home/bryan/Workspace/ros2_ws/install/examples_rclcpp_wait_set:/home/bryan/Workspace/ros2_ws/install/examples_rclcpp_multithreaded_executor:/home/bryan/Workspace/ros2_ws/install/examples_rclcpp_minimal_timer:/home/bryan/Workspace/ros2_ws/install/examples_rclcpp_minimal_subscriber:/home/bryan/Workspace/ros2_ws/install/examples_rclcpp_minimal_service:/home/bryan/Workspace/ros2_ws/install/examples_rclcpp_minimal_publisher:/home/bryan/Workspace/ros2_ws/install/examples_rclcpp_minimal_composition:/home/bryan/Workspace/ros2_ws/install/examples_rclcpp_minimal_client:/home/bryan/Workspace/ros2_ws/install/examples_rclcpp_minimal_action_server:/home/bryan/Workspace/ros2_ws/install/examples_rclcpp_minimal_action_client:/home/bryan/Workspace/ros2_ws/install/examples_rclcpp_cbg_executor:/home/bryan/Workspace/ros2_ws/install/examples_rclcpp_async_client:/home/bryan/Workspace/ros2_ws/install/sprint2:/home/bryan/Workspace/ros2_ws/install/launch_testing_examples:/home/bryan/Workspace/ros2_ws/install/image_converter:/home/bryan/Workspace/ros2_ws/install/first_package:/home/bryan/Workspace/ros2_ws/install/examples_rclpy_pointcloud_publisher:/home/bryan/Workspace/ros2_ws/install/examples_rclpy_minimal_subscriber:/home/bryan/Workspace/ros2_ws/install/examples_rclpy_minimal_service:/home/bryan/Workspace/ros2_ws/install/examples_rclpy_minimal_publisher:/home/bryan/Workspace/ros2_ws/install/examples_rclpy_minimal_client:/home/bryan/Workspace/ros2_ws/install/examples_rclpy_minimal_action_server:/home/bryan/Workspace/ros2_ws/install/examples_rclpy_minimal_action_client:/home/bryan/Workspace/ros2_ws/install/examples_rclpy_guard_conditions:/home/bryan/Workspace/ros2_ws/install/examples_rclpy_executors:/home/bryan/Workspace/ros2_ws/install/camera_calibration:/opt/ros/humble LD_LIBRARY_PATH=/home/bryan/Workspace/ros2_ws/install/tracetools_image_pipeline/lib:/home/bryan/Workspace/ros2_ws/install/image_geometry/lib:/home/bryan/Workspace/ros2_ws/install/cv_bridge/lib:/home/bryan/Workspace/ros2_ws/install/image_proc/lib:/home/bryan/Workspace/ros2_ws/install/image_rotate/lib:/home/bryan/Workspace/ros2_ws/install/image_publisher/lib:/home/bryan/Workspace/ros2_ws/install/examples_rclcpp_wait_set/lib:/home/bryan/Workspace/ros2_ws/install/examples_rclcpp_minimal_subscriber/lib:/home/bryan/Workspace/ros2_ws/install/examples_rclcpp_minimal_composition/lib:/opt/ros/humble/opt/rviz_ogre_vendor/lib:/opt/ros/humble/lib/x86_64-linux-gnu:/opt/ros/humble/lib PYTHONPATH=/home/bryan/Workspace/ros2_ws/install/image_geometry/local/lib/python3.10/dist-packages:/home/bryan/Workspace/ros2_ws/install/cv_bridge/local/lib/python3.10/dist-packages:${PYTHONPATH} /usr/bin/cmake --install /home/bryan/Workspace/ros2_ws/build/image_proc
