[2.222s] Invoking command in '/home/bryan/Workspace/ros2_ws/src/image_converter': PYTHONPATH=/home/bryan/Workspace/ros2_ws/build/image_converter/prefix_override:/usr/lib/python3/dist-packages/colcon_core/task/python/colcon_distutils_commands:/home/bryan/Workspace/ros2_ws/install/image_converter/lib/python3.10/site-packages:${PYTHONPATH} /usr/bin/python3 -W ignore:setup.py install is deprecated -W ignore:easy_install command is deprecated setup.py egg_info --egg-base ../../build/image_converter build --build-base /home/bryan/Workspace/ros2_ws/build/image_converter/build install --record /home/bryan/Workspace/ros2_ws/build/image_converter/install.log --single-version-externally-managed install_data
[2.844s] running egg_info
[2.845s] writing ../../build/image_converter/image_converter.egg-info/PKG-INFO
[2.845s] writing dependency_links to ../../build/image_converter/image_converter.egg-info/dependency_links.txt
[2.845s] writing entry points to ../../build/image_converter/image_converter.egg-info/entry_points.txt
[2.845s] writing requirements to ../../build/image_converter/image_converter.egg-info/requires.txt
[2.853s] writing top-level names to ../../build/image_converter/image_converter.egg-info/top_level.txt
[2.854s] reading manifest file '../../build/image_converter/image_converter.egg-info/SOURCES.txt'
[2.854s] writing manifest file '../../build/image_converter/image_converter.egg-info/SOURCES.txt'
[2.855s] running build
[2.855s] running build_py
[2.855s] running install
[2.859s] running install_lib
[2.859s] running install_data
[2.860s] running install_egg_info
[2.863s] removing '/home/bryan/Workspace/ros2_ws/install/image_converter/lib/python3.10/site-packages/image_converter-0.0.0-py3.10.egg-info' (and everything under it)
[2.906s] Copying ../../build/image_converter/image_converter.egg-info to /home/bryan/Workspace/ros2_ws/install/image_converter/lib/python3.10/site-packages/image_converter-0.0.0-py3.10.egg-info
[2.911s] running install_scripts
[2.956s] Installing image_converter_pkg script to /home/bryan/Workspace/ros2_ws/install/image_converter/lib/image_converter
[2.958s] writing list of installed files to '/home/bryan/Workspace/ros2_ws/build/image_converter/install.log'
[3.022s] Invoked command in '/home/bryan/Workspace/ros2_ws/src/image_converter' returned '0': PYTHONPATH=/home/bryan/Workspace/ros2_ws/build/image_converter/prefix_override:/usr/lib/python3/dist-packages/colcon_core/task/python/colcon_distutils_commands:/home/bryan/Workspace/ros2_ws/install/image_converter/lib/python3.10/site-packages:${PYTHONPATH} /usr/bin/python3 -W ignore:setup.py install is deprecated -W ignore:easy_install command is deprecated setup.py egg_info --egg-base ../../build/image_converter build --build-base /home/bryan/Workspace/ros2_ws/build/image_converter/build install --record /home/bryan/Workspace/ros2_ws/build/image_converter/install.log --single-version-externally-managed install_data
