[1.206s] Invoking command in '/home/bryan/Workspace/ros2_ws/build/examples_rclpy_executors': PYTHONPATH=/home/bryan/Workspace/ros2_ws/build/examples_rclpy_executors/prefix_override:/usr/lib/python3/dist-packages/colcon_core/task/python/colcon_distutils_commands:/home/bryan/Workspace/ros2_ws/install/examples_rclpy_executors/lib/python3.10/site-packages:${PYTHONPATH} /usr/bin/python3 -W ignore:setup.py install is deprecated -W ignore:easy_install command is deprecated setup.py develop --editable --build-directory /home/bryan/Workspace/ros2_ws/build/examples_rclpy_executors/build --no-deps symlink_data
[1.210s] running develop
[1.418s] running egg_info
[1.419s] creating examples_rclpy_executors.egg-info
[1.420s] writing examples_rclpy_executors.egg-info/PKG-INFO
[1.421s] writing dependency_links to examples_rclpy_executors.egg-info/dependency_links.txt
[1.422s] writing entry points to examples_rclpy_executors.egg-info/entry_points.txt
[1.423s] writing requirements to examples_rclpy_executors.egg-info/requires.txt
[1.424s] writing top-level names to examples_rclpy_executors.egg-info/top_level.txt
[1.432s] writing manifest file 'examples_rclpy_executors.egg-info/SOURCES.txt'
[1.437s] reading manifest file 'examples_rclpy_executors.egg-info/SOURCES.txt'
[1.439s] writing manifest file 'examples_rclpy_executors.egg-info/SOURCES.txt'
[1.443s] running build_ext
[1.443s] Creating /home/bryan/Workspace/ros2_ws/install/examples_rclpy_executors/lib/python3.10/site-packages/examples-rclpy-executors.egg-link (link to .)
[1.444s] Installing callback_group script to /home/bryan/Workspace/ros2_ws/install/examples_rclpy_executors/lib/examples_rclpy_executors
[1.445s] Installing composed script to /home/bryan/Workspace/ros2_ws/install/examples_rclpy_executors/lib/examples_rclpy_executors
[1.446s] Installing custom_callback_group script to /home/bryan/Workspace/ros2_ws/install/examples_rclpy_executors/lib/examples_rclpy_executors
[1.446s] Installing custom_executor script to /home/bryan/Workspace/ros2_ws/install/examples_rclpy_executors/lib/examples_rclpy_executors
[1.447s] Installing listener script to /home/bryan/Workspace/ros2_ws/install/examples_rclpy_executors/lib/examples_rclpy_executors
[1.447s] Installing talker script to /home/bryan/Workspace/ros2_ws/install/examples_rclpy_executors/lib/examples_rclpy_executors
[1.448s] 
[1.448s] Installed /home/bryan/Workspace/ros2_ws/build/examples_rclpy_executors
[1.448s] running symlink_data
[1.449s] creating /home/bryan/Workspace/ros2_ws/install/examples_rclpy_executors/share/ament_index
[1.449s] creating /home/bryan/Workspace/ros2_ws/install/examples_rclpy_executors/share/ament_index/resource_index
[1.449s] creating /home/bryan/Workspace/ros2_ws/install/examples_rclpy_executors/share/ament_index/resource_index/packages
[1.450s] symbolically linking /home/bryan/Workspace/ros2_ws/build/examples_rclpy_executors/resource/examples_rclpy_executors -> /home/bryan/Workspace/ros2_ws/install/examples_rclpy_executors/share/ament_index/resource_index/packages
[1.450s] symbolically linking /home/bryan/Workspace/ros2_ws/build/examples_rclpy_executors/package.xml -> /home/bryan/Workspace/ros2_ws/install/examples_rclpy_executors/share/examples_rclpy_executors
[1.509s] Invoked command in '/home/bryan/Workspace/ros2_ws/build/examples_rclpy_executors' returned '0': PYTHONPATH=/home/bryan/Workspace/ros2_ws/build/examples_rclpy_executors/prefix_override:/usr/lib/python3/dist-packages/colcon_core/task/python/colcon_distutils_commands:/home/bryan/Workspace/ros2_ws/install/examples_rclpy_executors/lib/python3.10/site-packages:${PYTHONPATH} /usr/bin/python3 -W ignore:setup.py install is deprecated -W ignore:easy_install command is deprecated setup.py develop --editable --build-directory /home/bryan/Workspace/ros2_ws/build/examples_rclpy_executors/build --no-deps symlink_data
