[2.034s] Invoking command in '/home/bryan/Workspace/ros2_ws/build/sprint2': PYTHONPATH=/home/bryan/Workspace/ros2_ws/build/sprint2/prefix_override:/usr/lib/python3/dist-packages/colcon_core/task/python/colcon_distutils_commands:/home/bryan/Workspace/ros2_ws/install/sprint2/lib/python3.10/site-packages:${PYTHONPATH} /usr/bin/python3 -W ignore:setup.py install is deprecated -W ignore:easy_install command is deprecated setup.py develop --uninstall --editable --build-directory /home/bryan/Workspace/ros2_ws/build/sprint2/build
[2.723s] running develop
[3.132s] Removing /home/bryan/Workspace/ros2_ws/install/sprint2/lib/python3.10/site-packages/sprint2.egg-link (link to .)
[3.182s] Invoked command in '/home/bryan/Workspace/ros2_ws/build/sprint2' returned '0': PYTHONPATH=/home/bryan/Workspace/ros2_ws/build/sprint2/prefix_override:/usr/lib/python3/dist-packages/colcon_core/task/python/colcon_distutils_commands:/home/bryan/Workspace/ros2_ws/install/sprint2/lib/python3.10/site-packages:${PYTHONPATH} /usr/bin/python3 -W ignore:setup.py install is deprecated -W ignore:easy_install command is deprecated setup.py develop --uninstall --editable --build-directory /home/bryan/Workspace/ros2_ws/build/sprint2/build
[3.214s] Invoking command in '/home/bryan/Workspace/ros2_ws/sprint2': PYTHONPATH=/home/bryan/Workspace/ros2_ws/build/sprint2/prefix_override:/usr/lib/python3/dist-packages/colcon_core/task/python/colcon_distutils_commands:/home/bryan/Workspace/ros2_ws/install/sprint2/lib/python3.10/site-packages:${PYTHONPATH} /usr/bin/python3 -W ignore:setup.py install is deprecated -W ignore:easy_install command is deprecated setup.py egg_info --egg-base ../build/sprint2 build --build-base /home/bryan/Workspace/ros2_ws/build/sprint2/build install --record /home/bryan/Workspace/ros2_ws/build/sprint2/install.log --single-version-externally-managed install_data --force
[3.581s] running egg_info
[3.583s] writing ../build/sprint2/sprint2.egg-info/PKG-INFO
[3.584s] writing dependency_links to ../build/sprint2/sprint2.egg-info/dependency_links.txt
[3.586s] writing entry points to ../build/sprint2/sprint2.egg-info/entry_points.txt
[3.590s] writing requirements to ../build/sprint2/sprint2.egg-info/requires.txt
[3.597s] writing top-level names to ../build/sprint2/sprint2.egg-info/top_level.txt
[3.604s] reading manifest file '../build/sprint2/sprint2.egg-info/SOURCES.txt'
[3.605s] writing manifest file '../build/sprint2/sprint2.egg-info/SOURCES.txt'
[3.635s] running build
[3.635s] running build_py
[3.635s] creating /home/bryan/Workspace/ros2_ws/build/sprint2/build
[3.635s] creating /home/bryan/Workspace/ros2_ws/build/sprint2/build/lib
[3.635s] creating /home/bryan/Workspace/ros2_ws/build/sprint2/build/lib/sprint2
[3.635s] copying sprint2/__init__.py -> /home/bryan/Workspace/ros2_ws/build/sprint2/build/lib/sprint2
[3.635s] running install
[3.635s] running install_lib
[3.636s] creating /home/bryan/Workspace/ros2_ws/install/sprint2/lib/python3.10/site-packages/sprint2
[3.636s] copying /home/bryan/Workspace/ros2_ws/build/sprint2/build/lib/sprint2/__init__.py -> /home/bryan/Workspace/ros2_ws/install/sprint2/lib/python3.10/site-packages/sprint2
[3.636s] byte-compiling /home/bryan/Workspace/ros2_ws/install/sprint2/lib/python3.10/site-packages/sprint2/__init__.py to __init__.cpython-310.pyc
[3.636s] running install_data
[3.636s] copying resource/sprint2 -> /home/bryan/Workspace/ros2_ws/install/sprint2/share/ament_index/resource_index/packages
[3.636s] copying package.xml -> /home/bryan/Workspace/ros2_ws/install/sprint2/share/sprint2
[3.636s] running install_egg_info
[3.636s] Copying ../build/sprint2/sprint2.egg-info to /home/bryan/Workspace/ros2_ws/install/sprint2/lib/python3.10/site-packages/sprint2-0.0.0-py3.10.egg-info
[3.636s] running install_scripts
[3.697s] writing list of installed files to '/home/bryan/Workspace/ros2_ws/build/sprint2/install.log'
[3.698s] Invoked command in '/home/bryan/Workspace/ros2_ws/sprint2' returned '0': PYTHONPATH=/home/bryan/Workspace/ros2_ws/build/sprint2/prefix_override:/usr/lib/python3/dist-packages/colcon_core/task/python/colcon_distutils_commands:/home/bryan/Workspace/ros2_ws/install/sprint2/lib/python3.10/site-packages:${PYTHONPATH} /usr/bin/python3 -W ignore:setup.py install is deprecated -W ignore:easy_install command is deprecated setup.py egg_info --egg-base ../build/sprint2 build --build-base /home/bryan/Workspace/ros2_ws/build/sprint2/build install --record /home/bryan/Workspace/ros2_ws/build/sprint2/install.log --single-version-externally-managed install_data --force
