[0.980s] Invoking command in '/home/bryan/Workspace/ros2_ws/src/image_converter': PYTHONPATH=/home/bryan/Workspace/ros2_ws/build/image_converter/prefix_override:/usr/lib/python3/dist-packages/colcon_core/task/python/colcon_distutils_commands:/home/bryan/Workspace/ros2_ws/install/image_converter/lib/python3.10/site-packages:${PYTHONPATH} /usr/bin/python3 -W ignore:setup.py install is deprecated -W ignore:easy_install command is deprecated setup.py egg_info --egg-base ../../build/image_converter build --build-base /home/bryan/Workspace/ros2_ws/build/image_converter/build install --record /home/bryan/Workspace/ros2_ws/build/image_converter/install.log --single-version-externally-managed install_data
[1.430s] running egg_info
[1.431s] writing ../../build/image_converter/image_converter.egg-info/PKG-INFO
[1.432s] writing dependency_links to ../../build/image_converter/image_converter.egg-info/dependency_links.txt
[1.433s] writing entry points to ../../build/image_converter/image_converter.egg-info/entry_points.txt
[1.437s] writing requirements to ../../build/image_converter/image_converter.egg-info/requires.txt
[1.437s] writing top-level names to ../../build/image_converter/image_converter.egg-info/top_level.txt
[1.437s] reading manifest file '../../build/image_converter/image_converter.egg-info/SOURCES.txt'
[1.439s] writing manifest file '../../build/image_converter/image_converter.egg-info/SOURCES.txt'
[1.439s] running build
[1.439s] running build_py
[1.440s] running install
[1.440s] running install_lib
[1.444s] running install_data
[1.444s] running install_egg_info
[1.467s] removing '/home/bryan/Workspace/ros2_ws/install/image_converter/lib/python3.10/site-packages/image_converter-0.0.0-py3.10.egg-info' (and everything under it)
[1.467s] Copying ../../build/image_converter/image_converter.egg-info to /home/bryan/Workspace/ros2_ws/install/image_converter/lib/python3.10/site-packages/image_converter-0.0.0-py3.10.egg-info
[1.468s] running install_scripts
[1.499s] Installing image_converter_pkg script to /home/bryan/Workspace/ros2_ws/install/image_converter/lib/image_converter
[1.501s] writing list of installed files to '/home/bryan/Workspace/ros2_ws/build/image_converter/install.log'
[1.539s] Invoked command in '/home/bryan/Workspace/ros2_ws/src/image_converter' returned '0': PYTHONPATH=/home/bryan/Workspace/ros2_ws/build/image_converter/prefix_override:/usr/lib/python3/dist-packages/colcon_core/task/python/colcon_distutils_commands:/home/bryan/Workspace/ros2_ws/install/image_converter/lib/python3.10/site-packages:${PYTHONPATH} /usr/bin/python3 -W ignore:setup.py install is deprecated -W ignore:easy_install command is deprecated setup.py egg_info --egg-base ../../build/image_converter build --build-base /home/bryan/Workspace/ros2_ws/build/image_converter/build install --record /home/bryan/Workspace/ros2_ws/build/image_converter/install.log --single-version-externally-managed install_data
