[0.010s] Invoking command in '/home/bryan/Workspace/ros2_ws/build/examples_rclcpp_wait_set': CMAKE_PREFIX_PATH=/opt/ros/humble /usr/bin/cmake /home/bryan/Workspace/ros2_ws/src/examples/rclcpp/wait_set -DAMENT_CMAKE_SYMLINK_INSTALL=1 -DCMAKE_INSTALL_PREFIX=/home/bryan/Workspace/ros2_ws/install/examples_rclcpp_wait_set
[1.085s] -- The C compiler identification is GNU 11.4.0
[1.183s] -- The CXX compiler identification is GNU 11.4.0
[1.194s] -- Detecting C compiler ABI info
[1.327s] -- Detecting C compiler ABI info - done
[1.336s] -- Check for working C compiler: /usr/bin/cc - skipped
[1.337s] -- Detecting C compile features
[1.338s] -- Detecting C compile features - done
[1.353s] -- Detecting CXX compiler ABI info
[1.497s] -- Detecting CXX compiler ABI info - done
[1.510s] -- Check for working CXX compiler: /usr/bin/c++ - skipped
[1.511s] -- Detecting CXX compile features
[1.512s] -- Detecting CXX compile features - done
[1.515s] -- Found ament_cmake: 1.3.14 (/opt/ros/humble/share/ament_cmake/cmake)
[1.722s] -- Found Python3: /usr/bin/python3 (found version "3.10.12") found components: Interpreter 
[1.809s] -- Override CMake install command with custom implementation using symlinks instead of copying resources
[1.840s] -- Found example_interfaces: 0.9.3 (/opt/ros/humble/share/example_interfaces/cmake)
[1.883s] -- Found rosidl_generator_c: 3.1.8 (/opt/ros/humble/share/rosidl_generator_c/cmake)
[1.890s] -- Found rosidl_adapter: 3.1.8 (/opt/ros/humble/share/rosidl_adapter/cmake)
[1.903s] -- Found rosidl_generator_cpp: 3.1.8 (/opt/ros/humble/share/rosidl_generator_cpp/cmake)
[1.918s] -- Using all available rosidl_typesupport_c: rosidl_typesupport_fastrtps_c;rosidl_typesupport_introspection_c
[1.937s] -- Using all available rosidl_typesupport_cpp: rosidl_typesupport_fastrtps_cpp;rosidl_typesupport_introspection_cpp
[2.005s] -- Found rclcpp: 16.0.18 (/opt/ros/humble/share/rclcpp/cmake)
[2.051s] -- Found rmw_implementation_cmake: 6.1.2 (/opt/ros/humble/share/rmw_implementation_cmake/cmake)
[2.055s] -- Found rmw_fastrtps_cpp: 6.2.10 (/opt/ros/humble/share/rmw_fastrtps_cpp/cmake)
[2.224s] -- Found OpenSSL: /usr/lib/x86_64-linux-gnu/libcrypto.so (found version "3.0.2")  
[2.267s] -- Found FastRTPS: /opt/ros/humble/include  
[2.328s] -- Using RMW implementation 'rmw_fastrtps_cpp' as default
[2.336s] -- Looking for pthread.h
[2.480s] -- Looking for pthread.h - found
[2.481s] -- Performing Test CMAKE_HAVE_LIBC_PTHREAD
[2.618s] -- Performing Test CMAKE_HAVE_LIBC_PTHREAD - Success
[2.619s] -- Found Threads: TRUE  
[2.709s] -- Found rclcpp_components: 16.0.18 (/opt/ros/humble/share/rclcpp_components/cmake)
[2.786s] -- Found ament_lint_auto: 0.12.15 (/opt/ros/humble/share/ament_lint_auto/cmake)
[2.920s] -- Added test 'copyright' to check source files copyright and LICENSE
[2.927s] -- Added test 'cppcheck' to perform static code analysis on C / C++ code
[2.929s] -- Configured cppcheck include dirs: /home/bryan/Workspace/ros2_ws/src/examples/rclcpp/wait_set/include
[2.929s] -- Configured cppcheck exclude dirs and/or files: 
[2.930s] -- Added test 'cpplint' to check C / C++ code against the Google style
[2.930s] -- Configured cpplint exclude dirs and/or files: 
[2.933s] -- Added test 'lint_cmake' to check CMake code style
[2.933s] -- Added test 'uncrustify' to check C / C++ code style
[2.933s] -- Configured uncrustify additional arguments: 
[2.934s] -- Added test 'xmllint' to check XML markup files
[2.937s] -- Configuring done
[3.007s] -- Generating done
[3.047s] -- Build files have been written to: /home/bryan/Workspace/ros2_ws/build/examples_rclcpp_wait_set
[3.063s] Invoked command in '/home/bryan/Workspace/ros2_ws/build/examples_rclcpp_wait_set' returned '0': CMAKE_PREFIX_PATH=/opt/ros/humble /usr/bin/cmake /home/bryan/Workspace/ros2_ws/src/examples/rclcpp/wait_set -DAMENT_CMAKE_SYMLINK_INSTALL=1 -DCMAKE_INSTALL_PREFIX=/home/bryan/Workspace/ros2_ws/install/examples_rclcpp_wait_set
[3.071s] Invoking command in '/home/bryan/Workspace/ros2_ws/build/examples_rclcpp_wait_set': CMAKE_PREFIX_PATH=/opt/ros/humble /usr/bin/cmake --build /home/bryan/Workspace/ros2_ws/build/examples_rclcpp_wait_set -- -j3 -l3
[3.330s] [  4%] [32mBuilding CXX object CMakeFiles/talker.dir/src/talker.cpp.o[0m
[10.389s] [  8%] [32m[1mLinking CXX shared library libtalker.so[0m
[10.698s] [  8%] Built target talker
[10.740s] [ 12%] [32mBuilding CXX object CMakeFiles/listener.dir/src/listener.cpp.o[0m
[24.210s] [ 16%] [32m[1mLinking CXX shared library liblistener.so[0m
[24.877s] [ 16%] Built target listener
[24.931s] [ 20%] [32mBuilding CXX object CMakeFiles/wait_set_listener.dir/rclcpp_components/node_main_wait_set_listener.cpp.o[0m
[32.502s] [ 25%] [32m[1mLinking CXX executable wait_set_listener[0m
[32.979s] [ 25%] Built target wait_set_listener
[33.120s] [ 29%] [32mBuilding CXX object CMakeFiles/wait_set.dir/src/wait_set.cpp.o[0m
[82.652s] [ 33%] [32m[1mLinking CXX executable wait_set[0m
[84.491s] [ 33%] Built target wait_set
[84.608s] [ 37%] [32mBuilding CXX object CMakeFiles/static_wait_set.dir/src/static_wait_set.cpp.o[0m
[125.046s] [ 41%] [32m[1mLinking CXX executable static_wait_set[0m
[126.730s] [ 41%] Built target static_wait_set
[127.036s] [ 45%] [32mBuilding CXX object CMakeFiles/thread_safe_wait_set.dir/src/thread_safe_wait_set.cpp.o[0m
[155.725s] [ 50%] [32mBuilding CXX object CMakeFiles/wait_set_topics_and_timer.dir/src/wait_set_topics_and_timer.cpp.o[0m
[179.390s] [ 54%] [32m[1mLinking CXX executable thread_safe_wait_set[0m
[186.036s] [ 54%] Built target thread_safe_wait_set
[204.906s] [ 58%] [32m[1mLinking CXX executable wait_set_topics_and_timer[0m
[206.955s] [ 58%] Built target wait_set_topics_and_timer
[207.069s] [ 62%] [32mBuilding CXX object CMakeFiles/wait_set_random_order.dir/src/wait_set_random_order.cpp.o[0m
[247.888s] [ 66%] [32m[1mLinking CXX executable wait_set_random_order[0m
[249.739s] [ 66%] Built target wait_set_random_order
[249.858s] [ 70%] [32mBuilding CXX object CMakeFiles/executor_random_order.dir/src/executor_random_order.cpp.o[0m
[286.759s] [ 75%] [32m[1mLinking CXX executable executor_random_order[0m
[288.501s] [ 75%] Built target executor_random_order
[288.638s] [ 79%] [32mBuilding CXX object CMakeFiles/wait_set_topics_with_different_rates.dir/src/wait_set_topics_with_different_rates.cpp.o[0m
[325.319s] [ 83%] [32m[1mLinking CXX executable wait_set_topics_with_different_rates[0m
[327.392s] [ 83%] Built target wait_set_topics_with_different_rates
[327.657s] [ 87%] [32mBuilding CXX object CMakeFiles/wait_set_composed.dir/src/wait_set_composed.cpp.o[0m
[327.693s] [ 91%] [32mBuilding CXX object CMakeFiles/wait_set_talker.dir/rclcpp_components/node_main_wait_set_talker.cpp.o[0m
[340.397s] [ 95%] [32m[1mLinking CXX executable wait_set_composed[0m
[341.315s] [ 95%] Built target wait_set_composed
[341.504s] [100%] [32m[1mLinking CXX executable wait_set_talker[0m
[342.389s] [100%] Built target wait_set_talker
[342.485s] Invoked command in '/home/bryan/Workspace/ros2_ws/build/examples_rclcpp_wait_set' returned '0': CMAKE_PREFIX_PATH=/opt/ros/humble /usr/bin/cmake --build /home/bryan/Workspace/ros2_ws/build/examples_rclcpp_wait_set -- -j3 -l3
[342.501s] Invoking command in '/home/bryan/Workspace/ros2_ws/build/examples_rclcpp_wait_set': CMAKE_PREFIX_PATH=/opt/ros/humble /usr/bin/cmake --install /home/bryan/Workspace/ros2_ws/build/examples_rclcpp_wait_set
[342.611s] -- Install configuration: ""
[342.620s] -- Execute custom install script
[342.629s] -- Symlinking: /home/bryan/Workspace/ros2_ws/install/examples_rclcpp_wait_set/lib/examples_rclcpp_wait_set/wait_set_talker
[342.713s] -- Symlinking: /home/bryan/Workspace/ros2_ws/install/examples_rclcpp_wait_set/lib/examples_rclcpp_wait_set/wait_set_listener
[342.755s] -- Symlinking: /home/bryan/Workspace/ros2_ws/install/examples_rclcpp_wait_set/lib/libtalker.so
[342.851s] -- Symlinking: /home/bryan/Workspace/ros2_ws/install/examples_rclcpp_wait_set/lib/liblistener.so
[342.940s] -- Symlinking: /home/bryan/Workspace/ros2_ws/install/examples_rclcpp_wait_set/lib/examples_rclcpp_wait_set/wait_set
[343.041s] -- Symlinking: /home/bryan/Workspace/ros2_ws/install/examples_rclcpp_wait_set/lib/examples_rclcpp_wait_set/static_wait_set
[343.118s] -- Symlinking: /home/bryan/Workspace/ros2_ws/install/examples_rclcpp_wait_set/lib/examples_rclcpp_wait_set/thread_safe_wait_set
[343.182s] -- Symlinking: /home/bryan/Workspace/ros2_ws/install/examples_rclcpp_wait_set/lib/examples_rclcpp_wait_set/wait_set_topics_and_timer
[343.248s] -- Symlinking: /home/bryan/Workspace/ros2_ws/install/examples_rclcpp_wait_set/lib/examples_rclcpp_wait_set/wait_set_random_order
[343.323s] -- Symlinking: /home/bryan/Workspace/ros2_ws/install/examples_rclcpp_wait_set/lib/examples_rclcpp_wait_set/executor_random_order
[343.418s] -- Symlinking: /home/bryan/Workspace/ros2_ws/install/examples_rclcpp_wait_set/lib/examples_rclcpp_wait_set/wait_set_topics_with_different_rates
[343.488s] -- Symlinking: /home/bryan/Workspace/ros2_ws/install/examples_rclcpp_wait_set/lib/examples_rclcpp_wait_set/wait_set_composed
[343.596s] -- Symlinking: /home/bryan/Workspace/ros2_ws/install/examples_rclcpp_wait_set/share/ament_index/resource_index/package_run_dependencies/examples_rclcpp_wait_set
[343.694s] -- Symlinking: /home/bryan/Workspace/ros2_ws/install/examples_rclcpp_wait_set/share/ament_index/resource_index/parent_prefix_path/examples_rclcpp_wait_set
[343.804s] -- Symlinking: /home/bryan/Workspace/ros2_ws/install/examples_rclcpp_wait_set/share/examples_rclcpp_wait_set/environment/ament_prefix_path.sh
[343.888s] -- Symlinking: /home/bryan/Workspace/ros2_ws/install/examples_rclcpp_wait_set/share/examples_rclcpp_wait_set/environment/ament_prefix_path.dsv
[343.982s] -- Symlinking: /home/bryan/Workspace/ros2_ws/install/examples_rclcpp_wait_set/share/examples_rclcpp_wait_set/environment/path.sh
[344.069s] -- Symlinking: /home/bryan/Workspace/ros2_ws/install/examples_rclcpp_wait_set/share/examples_rclcpp_wait_set/environment/path.dsv
[344.156s] -- Symlinking: /home/bryan/Workspace/ros2_ws/install/examples_rclcpp_wait_set/share/examples_rclcpp_wait_set/local_setup.bash
[344.219s] -- Symlinking: /home/bryan/Workspace/ros2_ws/install/examples_rclcpp_wait_set/share/examples_rclcpp_wait_set/local_setup.sh
[344.272s] -- Symlinking: /home/bryan/Workspace/ros2_ws/install/examples_rclcpp_wait_set/share/examples_rclcpp_wait_set/local_setup.zsh
[344.334s] -- Symlinking: /home/bryan/Workspace/ros2_ws/install/examples_rclcpp_wait_set/share/examples_rclcpp_wait_set/local_setup.dsv
[344.402s] -- Symlinking: /home/bryan/Workspace/ros2_ws/install/examples_rclcpp_wait_set/share/examples_rclcpp_wait_set/package.dsv
[344.463s] -- Symlinking: /home/bryan/Workspace/ros2_ws/install/examples_rclcpp_wait_set/share/ament_index/resource_index/packages/examples_rclcpp_wait_set
[344.536s] -- Symlinking: /home/bryan/Workspace/ros2_ws/install/examples_rclcpp_wait_set/share/ament_index/resource_index/rclcpp_components/examples_rclcpp_wait_set
[344.620s] -- Symlinking: /home/bryan/Workspace/ros2_ws/install/examples_rclcpp_wait_set/share/examples_rclcpp_wait_set/cmake/examples_rclcpp_wait_setConfig.cmake
[344.690s] -- Symlinking: /home/bryan/Workspace/ros2_ws/install/examples_rclcpp_wait_set/share/examples_rclcpp_wait_set/cmake/examples_rclcpp_wait_setConfig-version.cmake
[344.755s] -- Symlinking: /home/bryan/Workspace/ros2_ws/install/examples_rclcpp_wait_set/share/examples_rclcpp_wait_set/package.xml
[344.867s] Invoked command in '/home/bryan/Workspace/ros2_ws/build/examples_rclcpp_wait_set' returned '0': CMAKE_PREFIX_PATH=/opt/ros/humble /usr/bin/cmake --install /home/bryan/Workspace/ros2_ws/build/examples_rclcpp_wait_set
