[0.045s] Invoking command in '/home/bryan/Workspace/ros2_ws/build/image_geometry': CMAKE_PREFIX_PATH=${CMAKE_PREFIX_PATH}:/home/bryan/Workspace/ros2_ws/install/sprint2:/home/bryan/Workspace/ros2_ws/install/launch_testing_examples:/home/bryan/Workspace/ros2_ws/install/image_converter:/home/bryan/Workspace/ros2_ws/install/first_package:/home/bryan/Workspace/ros2_ws/install/examples_rclpy_pointcloud_publisher:/home/bryan/Workspace/ros2_ws/install/examples_rclpy_minimal_subscriber:/home/bryan/Workspace/ros2_ws/install/examples_rclpy_minimal_service:/home/bryan/Workspace/ros2_ws/install/examples_rclpy_minimal_publisher:/home/bryan/Workspace/ros2_ws/install/examples_rclpy_minimal_client:/home/bryan/Workspace/ros2_ws/install/examples_rclpy_minimal_action_server:/home/bryan/Workspace/ros2_ws/install/examples_rclpy_minimal_action_client:/home/bryan/Workspace/ros2_ws/install/examples_rclpy_guard_conditions:/home/bryan/Workspace/ros2_ws/install/examples_rclpy_executors:/home/bryan/Workspace/ros2_ws/install/camera_calibration:/opt/ros/humble /usr/bin/cmake /home/bryan/Workspace/ros2_ws/src/vision_opencv/image_geometry -DCMAKE_INSTALL_PREFIX=/home/bryan/Workspace/ros2_ws/install/image_geometry
[0.399s] -- The C compiler identification is GNU 11.4.0
[0.664s] -- The CXX compiler identification is GNU 11.4.0
[0.678s] -- Detecting C compiler ABI info
[1.062s] -- Detecting C compiler ABI info - done
[1.076s] -- Check for working C compiler: /usr/bin/cc - skipped
[1.081s] -- Detecting C compile features
[1.093s] -- Detecting C compile features - done
[1.113s] -- Detecting CXX compiler ABI info
[1.679s] -- Detecting CXX compiler ABI info - done
[1.680s] -- Check for working CXX compiler: /usr/bin/c++ - skipped
[1.680s] -- Detecting CXX compile features
[1.680s] -- Detecting CXX compile features - done
[1.680s] -- Found ament_cmake_python: 1.3.14 (/opt/ros/humble/share/ament_cmake_python/cmake)
[1.686s] -- Found ament_cmake_ros: 0.10.0 (/opt/ros/humble/share/ament_cmake_ros/cmake)
[2.532s] -- Found Python3: /usr/bin/python3 (found version "3.10.12") found components: Interpreter 
[3.496s] -- Found OpenCV: /usr (found version "4.5.4") found components: calib3d core highgui imgproc 
[3.497s] -- Found sensor_msgs: 4.9.1 (/opt/ros/humble/share/sensor_msgs/cmake)
[3.790s] -- Found rosidl_generator_c: 3.1.8 (/opt/ros/humble/share/rosidl_generator_c/cmake)
[3.934s] -- Found rosidl_adapter: 3.1.8 (/opt/ros/humble/share/rosidl_adapter/cmake)
[3.937s] -- Found rosidl_generator_cpp: 3.1.8 (/opt/ros/humble/share/rosidl_generator_cpp/cmake)
[4.008s] -- Using all available rosidl_typesupport_c: rosidl_typesupport_fastrtps_c;rosidl_typesupport_introspection_c
[4.114s] -- Using all available rosidl_typesupport_cpp: rosidl_typesupport_fastrtps_cpp;rosidl_typesupport_introspection_cpp
[4.389s] -- Found gtest sources under '/opt/ros/humble/src/gtest_vendor': C++ tests using 'Google Test' will be built
[4.389s] -- Looking for pthread.h
[4.999s] -- Looking for pthread.h - found
[5.000s] -- Performing Test CMAKE_HAVE_LIBC_PTHREAD
[5.349s] -- Performing Test CMAKE_HAVE_LIBC_PTHREAD - Success
[5.349s] -- Found Threads: TRUE  
[5.613s] -- Configuring done
[5.769s] -- Generating done
[5.769s] -- Build files have been written to: /home/bryan/Workspace/ros2_ws/build/image_geometry
[5.790s] Invoked command in '/home/bryan/Workspace/ros2_ws/build/image_geometry' returned '0': CMAKE_PREFIX_PATH=${CMAKE_PREFIX_PATH}:/home/bryan/Workspace/ros2_ws/install/sprint2:/home/bryan/Workspace/ros2_ws/install/launch_testing_examples:/home/bryan/Workspace/ros2_ws/install/image_converter:/home/bryan/Workspace/ros2_ws/install/first_package:/home/bryan/Workspace/ros2_ws/install/examples_rclpy_pointcloud_publisher:/home/bryan/Workspace/ros2_ws/install/examples_rclpy_minimal_subscriber:/home/bryan/Workspace/ros2_ws/install/examples_rclpy_minimal_service:/home/bryan/Workspace/ros2_ws/install/examples_rclpy_minimal_publisher:/home/bryan/Workspace/ros2_ws/install/examples_rclpy_minimal_client:/home/bryan/Workspace/ros2_ws/install/examples_rclpy_minimal_action_server:/home/bryan/Workspace/ros2_ws/install/examples_rclpy_minimal_action_client:/home/bryan/Workspace/ros2_ws/install/examples_rclpy_guard_conditions:/home/bryan/Workspace/ros2_ws/install/examples_rclpy_executors:/home/bryan/Workspace/ros2_ws/install/camera_calibration:/opt/ros/humble /usr/bin/cmake /home/bryan/Workspace/ros2_ws/src/vision_opencv/image_geometry -DCMAKE_INSTALL_PREFIX=/home/bryan/Workspace/ros2_ws/install/image_geometry
[5.791s] Invoking command in '/home/bryan/Workspace/ros2_ws/build/image_geometry': CMAKE_PREFIX_PATH=${CMAKE_PREFIX_PATH}:/home/bryan/Workspace/ros2_ws/install/sprint2:/home/bryan/Workspace/ros2_ws/install/launch_testing_examples:/home/bryan/Workspace/ros2_ws/install/image_converter:/home/bryan/Workspace/ros2_ws/install/first_package:/home/bryan/Workspace/ros2_ws/install/examples_rclpy_pointcloud_publisher:/home/bryan/Workspace/ros2_ws/install/examples_rclpy_minimal_subscriber:/home/bryan/Workspace/ros2_ws/install/examples_rclpy_minimal_service:/home/bryan/Workspace/ros2_ws/install/examples_rclpy_minimal_publisher:/home/bryan/Workspace/ros2_ws/install/examples_rclpy_minimal_client:/home/bryan/Workspace/ros2_ws/install/examples_rclpy_minimal_action_server:/home/bryan/Workspace/ros2_ws/install/examples_rclpy_minimal_action_client:/home/bryan/Workspace/ros2_ws/install/examples_rclpy_guard_conditions:/home/bryan/Workspace/ros2_ws/install/examples_rclpy_executors:/home/bryan/Workspace/ros2_ws/install/camera_calibration:/opt/ros/humble /usr/bin/cmake --build /home/bryan/Workspace/ros2_ws/build/image_geometry -- -j3 -l3
[6.209s] [ 11%] [32mBuilding CXX object CMakeFiles/image_geometry.dir/src/pinhole_camera_model.cpp.o[0m
[6.321s] [ 22%] [32mBuilding CXX object gtest/CMakeFiles/gtest_main.dir/src/gtest_main.cc.o[0m
[6.429s] [ 22%] Built target ament_cmake_python_copy_image_geometry
[6.629s] [ 33%] [32mBuilding CXX object gtest/CMakeFiles/gtest.dir/src/gtest-all.cc.o[0m
[9.012s] [ 44%] [32m[1mLinking CXX static library libgtest_main.a[0m
[9.723s] [ 44%] Built target gtest_main
[10.598s] running egg_info
[10.598s] creating image_geometry.egg-info
[10.598s] writing image_geometry.egg-info/PKG-INFO
[10.598s] writing dependency_links to image_geometry.egg-info/dependency_links.txt
[10.601s] writing top-level names to image_geometry.egg-info/top_level.txt
[10.602s] writing manifest file 'image_geometry.egg-info/SOURCES.txt'
[10.602s] reading manifest file 'image_geometry.egg-info/SOURCES.txt'
[10.602s] writing manifest file 'image_geometry.egg-info/SOURCES.txt'
[10.756s] [ 44%] Built target ament_cmake_python_build_image_geometry_egg
[11.097s] [ 55%] [32mBuilding CXX object CMakeFiles/image_geometry.dir/src/stereo_camera_model.cpp.o[0m
[14.340s] [ 66%] [32m[1mLinking CXX shared library libimage_geometry.so[0m
[14.671s] [ 66%] Built target image_geometry
[16.151s] [ 77%] [32m[1mLinking CXX static library libgtest.a[0m
[16.469s] [ 77%] Built target gtest
[16.638s] [ 88%] [32mBuilding CXX object CMakeFiles/image_geometry-utest.dir/test/utest.cpp.o[0m
[20.395s] [100%] [32m[1mLinking CXX executable image_geometry-utest[0m
[20.979s] [100%] Built target image_geometry-utest
[21.066s] Invoked command in '/home/bryan/Workspace/ros2_ws/build/image_geometry' returned '0': CMAKE_PREFIX_PATH=${CMAKE_PREFIX_PATH}:/home/bryan/Workspace/ros2_ws/install/sprint2:/home/bryan/Workspace/ros2_ws/install/launch_testing_examples:/home/bryan/Workspace/ros2_ws/install/image_converter:/home/bryan/Workspace/ros2_ws/install/first_package:/home/bryan/Workspace/ros2_ws/install/examples_rclpy_pointcloud_publisher:/home/bryan/Workspace/ros2_ws/install/examples_rclpy_minimal_subscriber:/home/bryan/Workspace/ros2_ws/install/examples_rclpy_minimal_service:/home/bryan/Workspace/ros2_ws/install/examples_rclpy_minimal_publisher:/home/bryan/Workspace/ros2_ws/install/examples_rclpy_minimal_client:/home/bryan/Workspace/ros2_ws/install/examples_rclpy_minimal_action_server:/home/bryan/Workspace/ros2_ws/install/examples_rclpy_minimal_action_client:/home/bryan/Workspace/ros2_ws/install/examples_rclpy_guard_conditions:/home/bryan/Workspace/ros2_ws/install/examples_rclpy_executors:/home/bryan/Workspace/ros2_ws/install/camera_calibration:/opt/ros/humble /usr/bin/cmake --build /home/bryan/Workspace/ros2_ws/build/image_geometry -- -j3 -l3
[21.069s] Invoking command in '/home/bryan/Workspace/ros2_ws/build/image_geometry': CMAKE_PREFIX_PATH=${CMAKE_PREFIX_PATH}:/home/bryan/Workspace/ros2_ws/install/sprint2:/home/bryan/Workspace/ros2_ws/install/launch_testing_examples:/home/bryan/Workspace/ros2_ws/install/image_converter:/home/bryan/Workspace/ros2_ws/install/first_package:/home/bryan/Workspace/ros2_ws/install/examples_rclpy_pointcloud_publisher:/home/bryan/Workspace/ros2_ws/install/examples_rclpy_minimal_subscriber:/home/bryan/Workspace/ros2_ws/install/examples_rclpy_minimal_service:/home/bryan/Workspace/ros2_ws/install/examples_rclpy_minimal_publisher:/home/bryan/Workspace/ros2_ws/install/examples_rclpy_minimal_client:/home/bryan/Workspace/ros2_ws/install/examples_rclpy_minimal_action_server:/home/bryan/Workspace/ros2_ws/install/examples_rclpy_minimal_action_client:/home/bryan/Workspace/ros2_ws/install/examples_rclpy_guard_conditions:/home/bryan/Workspace/ros2_ws/install/examples_rclpy_executors:/home/bryan/Workspace/ros2_ws/install/camera_calibration:/opt/ros/humble /usr/bin/cmake --install /home/bryan/Workspace/ros2_ws/build/image_geometry
[21.103s] -- Install configuration: ""
[21.115s] -- Installing: /home/bryan/Workspace/ros2_ws/install/image_geometry/share/image_geometry/environment/pythonpath.sh
[21.118s] -- Installing: /home/bryan/Workspace/ros2_ws/install/image_geometry/share/image_geometry/environment/pythonpath.dsv
[21.118s] -- Installing: /home/bryan/Workspace/ros2_ws/install/image_geometry/local/lib/python3.10/dist-packages/image_geometry-3.2.1-py3.10.egg-info
[21.118s] -- Installing: /home/bryan/Workspace/ros2_ws/install/image_geometry/local/lib/python3.10/dist-packages/image_geometry-3.2.1-py3.10.egg-info/SOURCES.txt
[21.118s] -- Installing: /home/bryan/Workspace/ros2_ws/install/image_geometry/local/lib/python3.10/dist-packages/image_geometry-3.2.1-py3.10.egg-info/top_level.txt
[21.118s] -- Installing: /home/bryan/Workspace/ros2_ws/install/image_geometry/local/lib/python3.10/dist-packages/image_geometry-3.2.1-py3.10.egg-info/dependency_links.txt
[21.118s] -- Installing: /home/bryan/Workspace/ros2_ws/install/image_geometry/local/lib/python3.10/dist-packages/image_geometry-3.2.1-py3.10.egg-info/PKG-INFO
[21.119s] -- Installing: /home/bryan/Workspace/ros2_ws/install/image_geometry/local/lib/python3.10/dist-packages/image_geometry
[21.119s] -- Installing: /home/bryan/Workspace/ros2_ws/install/image_geometry/local/lib/python3.10/dist-packages/image_geometry/cameramodels.py
[21.123s] -- Installing: /home/bryan/Workspace/ros2_ws/install/image_geometry/local/lib/python3.10/dist-packages/image_geometry/__init__.py
[21.217s] Listing '/home/bryan/Workspace/ros2_ws/install/image_geometry/local/lib/python3.10/dist-packages/image_geometry'...
[21.217s] Compiling '/home/bryan/Workspace/ros2_ws/install/image_geometry/local/lib/python3.10/dist-packages/image_geometry/__init__.py'...
[21.217s] Compiling '/home/bryan/Workspace/ros2_ws/install/image_geometry/local/lib/python3.10/dist-packages/image_geometry/cameramodels.py'...
[21.227s] -- Installing: /home/bryan/Workspace/ros2_ws/install/image_geometry/include/image_geometry
[21.227s] -- Installing: /home/bryan/Workspace/ros2_ws/install/image_geometry/include/image_geometry/image_geometry
[21.228s] -- Installing: /home/bryan/Workspace/ros2_ws/install/image_geometry/include/image_geometry/image_geometry/pinhole_camera_model.h
[21.228s] -- Installing: /home/bryan/Workspace/ros2_ws/install/image_geometry/include/image_geometry/image_geometry/visibility_control.hpp
[21.228s] -- Installing: /home/bryan/Workspace/ros2_ws/install/image_geometry/include/image_geometry/image_geometry/stereo_camera_model.h
[21.229s] -- Installing: /home/bryan/Workspace/ros2_ws/install/image_geometry/lib/libimage_geometry.so
[21.236s] -- Set runtime path of "/home/bryan/Workspace/ros2_ws/install/image_geometry/lib/libimage_geometry.so" to ""
[21.236s] -- Installing: /home/bryan/Workspace/ros2_ws/install/image_geometry/share/ament_index/resource_index/package_run_dependencies/image_geometry
[21.237s] -- Installing: /home/bryan/Workspace/ros2_ws/install/image_geometry/share/ament_index/resource_index/parent_prefix_path/image_geometry
[21.250s] -- Installing: /home/bryan/Workspace/ros2_ws/install/image_geometry/share/image_geometry/environment/ament_prefix_path.sh
[21.250s] -- Installing: /home/bryan/Workspace/ros2_ws/install/image_geometry/share/image_geometry/environment/ament_prefix_path.dsv
[21.250s] -- Installing: /home/bryan/Workspace/ros2_ws/install/image_geometry/share/image_geometry/environment/path.sh
[21.251s] -- Installing: /home/bryan/Workspace/ros2_ws/install/image_geometry/share/image_geometry/environment/path.dsv
[21.251s] -- Installing: /home/bryan/Workspace/ros2_ws/install/image_geometry/share/image_geometry/local_setup.bash
[21.251s] -- Installing: /home/bryan/Workspace/ros2_ws/install/image_geometry/share/image_geometry/local_setup.sh
[21.251s] -- Installing: /home/bryan/Workspace/ros2_ws/install/image_geometry/share/image_geometry/local_setup.zsh
[21.251s] -- Installing: /home/bryan/Workspace/ros2_ws/install/image_geometry/share/image_geometry/local_setup.dsv
[21.251s] -- Installing: /home/bryan/Workspace/ros2_ws/install/image_geometry/share/image_geometry/package.dsv
[21.251s] -- Installing: /home/bryan/Workspace/ros2_ws/install/image_geometry/share/ament_index/resource_index/packages/image_geometry
[21.251s] -- Installing: /home/bryan/Workspace/ros2_ws/install/image_geometry/share/image_geometry/cmake/export_image_geometryExport.cmake
[21.251s] -- Installing: /home/bryan/Workspace/ros2_ws/install/image_geometry/share/image_geometry/cmake/export_image_geometryExport-noconfig.cmake
[21.251s] -- Installing: /home/bryan/Workspace/ros2_ws/install/image_geometry/share/image_geometry/cmake/ament_cmake_export_targets-extras.cmake
[21.251s] -- Installing: /home/bryan/Workspace/ros2_ws/install/image_geometry/share/image_geometry/cmake/ament_cmake_export_dependencies-extras.cmake
[21.251s] -- Installing: /home/bryan/Workspace/ros2_ws/install/image_geometry/share/image_geometry/cmake/image_geometryConfig.cmake
[21.255s] -- Installing: /home/bryan/Workspace/ros2_ws/install/image_geometry/share/image_geometry/cmake/image_geometryConfig-version.cmake
[21.255s] -- Installing: /home/bryan/Workspace/ros2_ws/install/image_geometry/share/image_geometry/package.xml
[21.268s] Invoked command in '/home/bryan/Workspace/ros2_ws/build/image_geometry' returned '0': CMAKE_PREFIX_PATH=${CMAKE_PREFIX_PATH}:/home/bryan/Workspace/ros2_ws/install/sprint2:/home/bryan/Workspace/ros2_ws/install/launch_testing_examples:/home/bryan/Workspace/ros2_ws/install/image_converter:/home/bryan/Workspace/ros2_ws/install/first_package:/home/bryan/Workspace/ros2_ws/install/examples_rclpy_pointcloud_publisher:/home/bryan/Workspace/ros2_ws/install/examples_rclpy_minimal_subscriber:/home/bryan/Workspace/ros2_ws/install/examples_rclpy_minimal_service:/home/bryan/Workspace/ros2_ws/install/examples_rclpy_minimal_publisher:/home/bryan/Workspace/ros2_ws/install/examples_rclpy_minimal_client:/home/bryan/Workspace/ros2_ws/install/examples_rclpy_minimal_action_server:/home/bryan/Workspace/ros2_ws/install/examples_rclpy_minimal_action_client:/home/bryan/Workspace/ros2_ws/install/examples_rclpy_guard_conditions:/home/bryan/Workspace/ros2_ws/install/examples_rclpy_executors:/home/bryan/Workspace/ros2_ws/install/camera_calibration:/opt/ros/humble /usr/bin/cmake --install /home/bryan/Workspace/ros2_ws/build/image_geometry
