[1.019s] Invoking command in '/home/bryan/Workspace/ros2_ws/build/examples_rclpy_pointcloud_publisher': PYTHONPATH=/home/bryan/Workspace/ros2_ws/build/examples_rclpy_pointcloud_publisher/prefix_override:/usr/lib/python3/dist-packages/colcon_core/task/python/colcon_distutils_commands:/home/bryan/Workspace/ros2_ws/install/examples_rclpy_pointcloud_publisher/lib/python3.10/site-packages:${PYTHONPATH} /usr/bin/python3 -W ignore:setup.py install is deprecated -W ignore:easy_install command is deprecated setup.py develop --editable --build-directory /home/bryan/Workspace/ros2_ws/build/examples_rclpy_pointcloud_publisher/build --no-deps symlink_data
[1.408s] running develop
[1.609s] running egg_info
[1.610s] creating examples_rclpy_pointcloud_publisher.egg-info
[1.610s] writing examples_rclpy_pointcloud_publisher.egg-info/PKG-INFO
[1.611s] writing dependency_links to examples_rclpy_pointcloud_publisher.egg-info/dependency_links.txt
[1.611s] writing entry points to examples_rclpy_pointcloud_publisher.egg-info/entry_points.txt
[1.612s] writing requirements to examples_rclpy_pointcloud_publisher.egg-info/requires.txt
[1.612s] writing top-level names to examples_rclpy_pointcloud_publisher.egg-info/top_level.txt
[1.615s] writing manifest file 'examples_rclpy_pointcloud_publisher.egg-info/SOURCES.txt'
[1.615s] reading manifest file 'examples_rclpy_pointcloud_publisher.egg-info/SOURCES.txt'
[1.616s] writing manifest file 'examples_rclpy_pointcloud_publisher.egg-info/SOURCES.txt'
[1.620s] running build_ext
[1.620s] Creating /home/bryan/Workspace/ros2_ws/install/examples_rclpy_pointcloud_publisher/lib/python3.10/site-packages/examples-rclpy-pointcloud-publisher.egg-link (link to .)
[1.621s] Installing pointcloud_publisher script to /home/bryan/Workspace/ros2_ws/install/examples_rclpy_pointcloud_publisher/lib/examples_rclpy_pointcloud_publisher
[1.622s] 
[1.622s] Installed /home/bryan/Workspace/ros2_ws/build/examples_rclpy_pointcloud_publisher
[1.622s] running symlink_data
[1.622s] creating /home/bryan/Workspace/ros2_ws/install/examples_rclpy_pointcloud_publisher/share/ament_index
[1.623s] creating /home/bryan/Workspace/ros2_ws/install/examples_rclpy_pointcloud_publisher/share/ament_index/resource_index
[1.624s] creating /home/bryan/Workspace/ros2_ws/install/examples_rclpy_pointcloud_publisher/share/ament_index/resource_index/packages
[1.624s] symbolically linking /home/bryan/Workspace/ros2_ws/build/examples_rclpy_pointcloud_publisher/resource/examples_rclpy_pointcloud_publisher -> /home/bryan/Workspace/ros2_ws/install/examples_rclpy_pointcloud_publisher/share/ament_index/resource_index/packages
[1.625s] symbolically linking /home/bryan/Workspace/ros2_ws/build/examples_rclpy_pointcloud_publisher/package.xml -> /home/bryan/Workspace/ros2_ws/install/examples_rclpy_pointcloud_publisher/share/examples_rclpy_pointcloud_publisher
[1.685s] Invoked command in '/home/bryan/Workspace/ros2_ws/build/examples_rclpy_pointcloud_publisher' returned '0': PYTHONPATH=/home/bryan/Workspace/ros2_ws/build/examples_rclpy_pointcloud_publisher/prefix_override:/usr/lib/python3/dist-packages/colcon_core/task/python/colcon_distutils_commands:/home/bryan/Workspace/ros2_ws/install/examples_rclpy_pointcloud_publisher/lib/python3.10/site-packages:${PYTHONPATH} /usr/bin/python3 -W ignore:setup.py install is deprecated -W ignore:easy_install command is deprecated setup.py develop --editable --build-directory /home/bryan/Workspace/ros2_ws/build/examples_rclpy_pointcloud_publisher/build --no-deps symlink_data
