[1.328s] Invoking command in '/home/bryan/Workspace/build/depth_image_proc': CMAKE_PREFIX_PATH=${CMAKE_PREFIX_PATH}:/home/bryan/Workspace/ros2_ws/install/sprint2:/home/bryan/Workspace/ros2_ws/install/launch_testing_examples:/home/bryan/Workspace/ros2_ws/install/image_converter:/home/bryan/Workspace/ros2_ws/install/first_package:/home/bryan/Workspace/ros2_ws/install/examples_rclpy_pointcloud_publisher:/home/bryan/Workspace/ros2_ws/install/examples_rclpy_minimal_subscriber:/home/bryan/Workspace/ros2_ws/install/examples_rclpy_minimal_service:/home/bryan/Workspace/ros2_ws/install/examples_rclpy_minimal_publisher:/home/bryan/Workspace/ros2_ws/install/examples_rclpy_minimal_client:/home/bryan/Workspace/ros2_ws/install/examples_rclpy_minimal_action_server:/home/bryan/Workspace/ros2_ws/install/examples_rclpy_minimal_action_client:/home/bryan/Workspace/ros2_ws/install/examples_rclpy_guard_conditions:/home/bryan/Workspace/ros2_ws/install/examples_rclpy_executors:/home/bryan/Workspace/ros2_ws/install/camera_calibration:/opt/ros/humble /usr/bin/cmake /home/bryan/Workspace/ros2_ws/image_pipeline/depth_image_proc -DAMENT_CMAKE_SYMLINK_INSTALL=1 -DCMAKE_INSTALL_PREFIX=/home/bryan/Workspace/install/depth_image_proc
[1.476s] -- The C compiler identification is GNU 11.4.0
[1.696s] -- The CXX compiler identification is GNU 11.4.0
[1.801s] -- Detecting C compiler ABI info
[2.313s] -- Detecting C compiler ABI info - done
[2.343s] -- Check for working C compiler: /usr/bin/cc - skipped
[2.352s] -- Detecting C compile features
[2.353s] -- Detecting C compile features - done
[2.413s] -- Detecting CXX compiler ABI info
[3.464s] -- Detecting CXX compiler ABI info - done
[3.495s] -- Check for working CXX compiler: /usr/bin/c++ - skipped
[3.496s] -- Detecting CXX compile features
[3.498s] -- Detecting CXX compile features - done
[3.552s] -- Found ament_cmake_auto: 1.3.14 (/opt/ros/humble/share/ament_cmake_auto/cmake)
[4.829s] -- Found Python3: /usr/bin/python3 (found version "3.10.12") found components: Interpreter 
[5.370s] -- Override CMake install command with custom implementation using symlinks instead of copying resources
[6.619s] -- Found rosidl_generator_c: 3.1.8 (/opt/ros/humble/share/rosidl_generator_c/cmake)
[6.640s] -- Found rosidl_adapter: 3.1.8 (/opt/ros/humble/share/rosidl_adapter/cmake)
[6.736s] -- Found rosidl_generator_cpp: 3.1.8 (/opt/ros/humble/share/rosidl_generator_cpp/cmake)
[6.771s] -- Using all available rosidl_typesupport_c: rosidl_typesupport_fastrtps_c;rosidl_typesupport_introspection_c
[6.795s] -- Using all available rosidl_typesupport_cpp: rosidl_typesupport_fastrtps_cpp;rosidl_typesupport_introspection_cpp
[7.409s] -- Found rmw_implementation_cmake: 6.1.2 (/opt/ros/humble/share/rmw_implementation_cmake/cmake)
[7.443s] -- Found rmw_fastrtps_cpp: 6.2.10 (/opt/ros/humble/share/rmw_fastrtps_cpp/cmake)
[8.792s] -- Found OpenSSL: /usr/lib/x86_64-linux-gnu/libcrypto.so (found version "3.0.2")  
[8.958s] -- Found FastRTPS: /opt/ros/humble/include  
[9.245s] -- Using RMW implementation 'rmw_fastrtps_cpp' as default
[9.331s] -- Looking for pthread.h
[9.827s] -- Looking for pthread.h - found
[9.838s] -- Performing Test CMAKE_HAVE_LIBC_PTHREAD
[10.412s] -- Performing Test CMAKE_HAVE_LIBC_PTHREAD - Success
[10.475s] -- Found Threads: TRUE  
[11.522s] -- Found OpenCV: /usr (found version "4.5.4") 
[11.584s] -- Found ament_lint_auto: 0.12.15 (/opt/ros/humble/share/ament_lint_auto/cmake)
[11.791s] [0mIn this package, headers install destination is set to `include` by ament_auto_package. It is recommended to install `include/depth_image_proc` instead and will be the default behavior of ament_auto_package from ROS 2 Kilted Kaiju. On distributions before Kilted, ament_auto_package behaves the same way when you use USE_SCOPED_HEADER_INSTALL_DIR option.[0m
[11.795s] -- Added test 'copyright' to check source files copyright and LICENSE
[11.807s] -- Added test 'cppcheck' to perform static code analysis on C / C++ code
[11.808s] -- Configured cppcheck include dirs: /home/bryan/Workspace/ros2_ws/image_pipeline/depth_image_proc/include
[11.809s] -- Configured cppcheck exclude dirs and/or files: 
[11.810s] -- Added test 'cpplint' to check C / C++ code against the Google style
[11.815s] -- Configured cpplint exclude dirs and/or files: 
[11.815s] -- Added test 'flake8' to check Python code syntax and style conventions
[11.815s] -- Added test 'lint_cmake' to check CMake code style
[11.867s] -- Added test 'pep257' to check Python code against some of the docstring style conventions in PEP 257
[11.873s] -- Added test 'uncrustify' to check C / C++ code style
[11.874s] -- Configured uncrustify additional arguments: 
[11.876s] -- Added test 'xmllint' to check XML markup files
[11.881s] -- Configuring done
[11.944s] -- Generating done
[11.976s] -- Build files have been written to: /home/bryan/Workspace/build/depth_image_proc
[12.106s] Invoked command in '/home/bryan/Workspace/build/depth_image_proc' returned '0': CMAKE_PREFIX_PATH=${CMAKE_PREFIX_PATH}:/home/bryan/Workspace/ros2_ws/install/sprint2:/home/bryan/Workspace/ros2_ws/install/launch_testing_examples:/home/bryan/Workspace/ros2_ws/install/image_converter:/home/bryan/Workspace/ros2_ws/install/first_package:/home/bryan/Workspace/ros2_ws/install/examples_rclpy_pointcloud_publisher:/home/bryan/Workspace/ros2_ws/install/examples_rclpy_minimal_subscriber:/home/bryan/Workspace/ros2_ws/install/examples_rclpy_minimal_service:/home/bryan/Workspace/ros2_ws/install/examples_rclpy_minimal_publisher:/home/bryan/Workspace/ros2_ws/install/examples_rclpy_minimal_client:/home/bryan/Workspace/ros2_ws/install/examples_rclpy_minimal_action_server:/home/bryan/Workspace/ros2_ws/install/examples_rclpy_minimal_action_client:/home/bryan/Workspace/ros2_ws/install/examples_rclpy_guard_conditions:/home/bryan/Workspace/ros2_ws/install/examples_rclpy_executors:/home/bryan/Workspace/ros2_ws/install/camera_calibration:/opt/ros/humble /usr/bin/cmake /home/bryan/Workspace/ros2_ws/image_pipeline/depth_image_proc -DAMENT_CMAKE_SYMLINK_INSTALL=1 -DCMAKE_INSTALL_PREFIX=/home/bryan/Workspace/install/depth_image_proc
[12.121s] Invoking command in '/home/bryan/Workspace/build/depth_image_proc': CMAKE_PREFIX_PATH=${CMAKE_PREFIX_PATH}:/home/bryan/Workspace/ros2_ws/install/sprint2:/home/bryan/Workspace/ros2_ws/install/launch_testing_examples:/home/bryan/Workspace/ros2_ws/install/image_converter:/home/bryan/Workspace/ros2_ws/install/first_package:/home/bryan/Workspace/ros2_ws/install/examples_rclpy_pointcloud_publisher:/home/bryan/Workspace/ros2_ws/install/examples_rclpy_minimal_subscriber:/home/bryan/Workspace/ros2_ws/install/examples_rclpy_minimal_service:/home/bryan/Workspace/ros2_ws/install/examples_rclpy_minimal_publisher:/home/bryan/Workspace/ros2_ws/install/examples_rclpy_minimal_client:/home/bryan/Workspace/ros2_ws/install/examples_rclpy_minimal_action_server:/home/bryan/Workspace/ros2_ws/install/examples_rclpy_minimal_action_client:/home/bryan/Workspace/ros2_ws/install/examples_rclpy_guard_conditions:/home/bryan/Workspace/ros2_ws/install/examples_rclpy_executors:/home/bryan/Workspace/ros2_ws/install/camera_calibration:/opt/ros/humble /usr/bin/cmake --build /home/bryan/Workspace/build/depth_image_proc -- -j3 -l3
[12.518s] [  3%] [32mBuilding CXX object CMakeFiles/depth_image_proc.dir/src/conversions.cpp.o[0m
[12.533s] [  6%] [32mBuilding CXX object CMakeFiles/convert_metric_node.dir/rclcpp_components/node_main_convert_metric_node.cpp.o[0m
[17.384s] [  9%] [32mBuilding CXX object CMakeFiles/depth_image_proc.dir/src/convert_metric.cpp.o[0m
[24.016s] [ 12%] [32m[1mLinking CXX executable convert_metric_node[0m
[25.059s] [ 12%] Built target convert_metric_node
[28.613s] [ 15%] [32mBuilding CXX object CMakeFiles/depth_image_proc.dir/src/crop_foremost.cpp.o[0m
[42.657s] [ 18%] [32mBuilding CXX object CMakeFiles/depth_image_proc.dir/src/disparity.cpp.o[0m
[68.439s] [ 21%] [32mBuilding CXX object CMakeFiles/depth_image_proc.dir/src/point_cloud_xyz.cpp.o[0m
[81.060s] [ 25%] [32mBuilding CXX object CMakeFiles/depth_image_proc.dir/src/point_cloud_xyzrgb.cpp.o[0m
[101.784s] [ 28%] [32mBuilding CXX object CMakeFiles/depth_image_proc.dir/src/point_cloud_xyzi.cpp.o[0m
[125.180s] [ 31%] [32mBuilding CXX object CMakeFiles/depth_image_proc.dir/src/point_cloud_xyz_radial.cpp.o[0m
[137.085s] [ 34%] [32mBuilding CXX object CMakeFiles/depth_image_proc.dir/src/point_cloud_xyzi_radial.cpp.o[0m
[157.470s] [ 37%] [32mBuilding CXX object CMakeFiles/depth_image_proc.dir/src/point_cloud_xyzrgb_radial.cpp.o[0m
[178.176s] gmake[2]: *** [CMakeFiles/depth_image_proc.dir/build.make:202: CMakeFiles/depth_image_proc.dir/src/point_cloud_xyzrgb_radial.cpp.o] Interrupt
[178.188s] gmake[1]: *** [CMakeFiles/Makefile2:157: CMakeFiles/depth_image_proc.dir/all] Interrupt
[178.215s] gmake: *** [Makefile:146: all] Interrupt
