[1.311s] Invoking command in '/home/bryan/Workspace/ros2_ws/build/examples_rclpy_executors': PYTHONPATH=/home/bryan/Workspace/ros2_ws/build/examples_rclpy_executors/prefix_override:/usr/lib/python3/dist-packages/colcon_core/task/python/colcon_distutils_commands:/home/bryan/Workspace/ros2_ws/install/examples_rclpy_executors/lib/python3.10/site-packages:${PYTHONPATH} /usr/bin/python3 -W ignore:setup.py install is deprecated -W ignore:easy_install command is deprecated setup.py develop --editable --build-directory /home/bryan/Workspace/ros2_ws/build/examples_rclpy_executors/build --no-deps symlink_data
[1.422s] running develop
[1.643s] running egg_info
[1.644s] creating examples_rclpy_executors.egg-info
[1.645s] writing examples_rclpy_executors.egg-info/PKG-INFO
[1.647s] writing dependency_links to examples_rclpy_executors.egg-info/dependency_links.txt
[1.649s] writing entry points to examples_rclpy_executors.egg-info/entry_points.txt
[1.651s] writing requirements to examples_rclpy_executors.egg-info/requires.txt
[1.652s] writing top-level names to examples_rclpy_executors.egg-info/top_level.txt
[1.653s] writing manifest file 'examples_rclpy_executors.egg-info/SOURCES.txt'
[1.659s] reading manifest file 'examples_rclpy_executors.egg-info/SOURCES.txt'
[1.659s] writing manifest file 'examples_rclpy_executors.egg-info/SOURCES.txt'
[1.674s] running build_ext
[1.731s] Creating /home/bryan/Workspace/ros2_ws/install/examples_rclpy_executors/lib/python3.10/site-packages/examples-rclpy-executors.egg-link (link to .)
[1.731s] Installing callback_group script to /home/bryan/Workspace/ros2_ws/install/examples_rclpy_executors/lib/examples_rclpy_executors
[1.732s] Installing composed script to /home/bryan/Workspace/ros2_ws/install/examples_rclpy_executors/lib/examples_rclpy_executors
[1.733s] Installing custom_callback_group script to /home/bryan/Workspace/ros2_ws/install/examples_rclpy_executors/lib/examples_rclpy_executors
[1.733s] Installing custom_executor script to /home/bryan/Workspace/ros2_ws/install/examples_rclpy_executors/lib/examples_rclpy_executors
[1.736s] Installing listener script to /home/bryan/Workspace/ros2_ws/install/examples_rclpy_executors/lib/examples_rclpy_executors
[1.737s] Installing talker script to /home/bryan/Workspace/ros2_ws/install/examples_rclpy_executors/lib/examples_rclpy_executors
[1.737s] 
[1.743s] Installed /home/bryan/Workspace/ros2_ws/build/examples_rclpy_executors
[1.757s] running symlink_data
[1.759s] creating /home/bryan/Workspace/ros2_ws/install/examples_rclpy_executors/share/ament_index
[1.766s] creating /home/bryan/Workspace/ros2_ws/install/examples_rclpy_executors/share/ament_index/resource_index
[1.767s] creating /home/bryan/Workspace/ros2_ws/install/examples_rclpy_executors/share/ament_index/resource_index/packages
[1.767s] symbolically linking /home/bryan/Workspace/ros2_ws/build/examples_rclpy_executors/resource/examples_rclpy_executors -> /home/bryan/Workspace/ros2_ws/install/examples_rclpy_executors/share/ament_index/resource_index/packages
[1.772s] symbolically linking /home/bryan/Workspace/ros2_ws/build/examples_rclpy_executors/package.xml -> /home/bryan/Workspace/ros2_ws/install/examples_rclpy_executors/share/examples_rclpy_executors
[1.775s] Invoked command in '/home/bryan/Workspace/ros2_ws/build/examples_rclpy_executors' returned '0': PYTHONPATH=/home/bryan/Workspace/ros2_ws/build/examples_rclpy_executors/prefix_override:/usr/lib/python3/dist-packages/colcon_core/task/python/colcon_distutils_commands:/home/bryan/Workspace/ros2_ws/install/examples_rclpy_executors/lib/python3.10/site-packages:${PYTHONPATH} /usr/bin/python3 -W ignore:setup.py install is deprecated -W ignore:easy_install command is deprecated setup.py develop --editable --build-directory /home/bryan/Workspace/ros2_ws/build/examples_rclpy_executors/build --no-deps symlink_data
