[0.236s] Invoking command in '/home/bryan/Workspace/build/image_proc': AMENT_PREFIX_PATH=/home/bryan/Workspace/install/tracetools_image_pipeline:${AMENT_PREFIX_PATH} CMAKE_PREFIX_PATH=/home/bryan/Workspace/install/tracetools_image_pipeline:/home/bryan/Workspace/ros2_ws/install/image_proc:/home/bryan/Workspace/ros2_ws/install/tracetools_image_pipeline:/home/bryan/Workspace/ros2_ws/install/image_rotate:/home/bryan/Workspace/ros2_ws/install/image_publisher:/home/bryan/Workspace/ros2_ws/install/examples_rclcpp_wait_set:/home/bryan/Workspace/ros2_ws/install/examples_rclcpp_multithreaded_executor:/home/bryan/Workspace/ros2_ws/install/examples_rclcpp_minimal_timer:/home/bryan/Workspace/ros2_ws/install/examples_rclcpp_minimal_subscriber:/home/bryan/Workspace/ros2_ws/install/examples_rclcpp_minimal_service:/home/bryan/Workspace/ros2_ws/install/examples_rclcpp_minimal_publisher:/home/bryan/Workspace/ros2_ws/install/examples_rclcpp_minimal_composition:/home/bryan/Workspace/ros2_ws/install/examples_rclcpp_minimal_client:/home/bryan/Workspace/ros2_ws/install/examples_rclcpp_minimal_action_server:/home/bryan/Workspace/ros2_ws/install/examples_rclcpp_minimal_action_client:/home/bryan/Workspace/ros2_ws/install/examples_rclcpp_cbg_executor:/home/bryan/Workspace/ros2_ws/install/examples_rclcpp_async_client:/home/bryan/Workspace/ros2_ws/install/sprint2:/home/bryan/Workspace/ros2_ws/install/launch_testing_examples:/home/bryan/Workspace/ros2_ws/install/image_converter:/home/bryan/Workspace/ros2_ws/install/first_package:/home/bryan/Workspace/ros2_ws/install/examples_rclpy_pointcloud_publisher:/home/bryan/Workspace/ros2_ws/install/examples_rclpy_minimal_subscriber:/home/bryan/Workspace/ros2_ws/install/examples_rclpy_minimal_service:/home/bryan/Workspace/ros2_ws/install/examples_rclpy_minimal_publisher:/home/bryan/Workspace/ros2_ws/install/examples_rclpy_minimal_client:/home/bryan/Workspace/ros2_ws/install/examples_rclpy_minimal_action_server:/home/bryan/Workspace/ros2_ws/install/examples_rclpy_minimal_action_client:/home/bryan/Workspace/ros2_ws/install/examples_rclpy_guard_conditions:/home/bryan/Workspace/ros2_ws/install/examples_rclpy_executors:/home/bryan/Workspace/ros2_ws/install/camera_calibration:/opt/ros/humble LD_LIBRARY_PATH=/home/bryan/Workspace/install/tracetools_image_pipeline/lib:${LD_LIBRARY_PATH} /usr/bin/cmake /home/bryan/Workspace/ros2_ws/image_pipeline/image_proc -DAMENT_CMAKE_SYMLINK_INSTALL=1 -DCMAKE_INSTALL_PREFIX=/home/bryan/Workspace/install/image_proc
[0.537s] -- The C compiler identification is GNU 11.4.0
[0.775s] -- The CXX compiler identification is GNU 11.4.0
[0.921s] -- Detecting C compiler ABI info
[1.383s] -- Detecting C compiler ABI info - done
[1.399s] -- Check for working C compiler: /usr/bin/cc - skipped
[1.400s] -- Detecting C compile features
[1.401s] -- Detecting C compile features - done
[1.405s] -- Detecting CXX compiler ABI info
[1.774s] -- Detecting CXX compiler ABI info - done
[1.785s] -- Check for working CXX compiler: /usr/bin/c++ - skipped
[1.786s] -- Detecting CXX compile features
[1.787s] -- Detecting CXX compile features - done
[1.800s] -- Found ament_cmake_auto: 1.3.14 (/opt/ros/humble/share/ament_cmake_auto/cmake)
[3.358s] -- Found Python3: /usr/bin/python3 (found version "3.10.12") found components: Interpreter 
[3.629s] -- Override CMake install command with custom implementation using symlinks instead of copying resources
[5.217s] -- Found rosidl_generator_c: 3.1.8 (/opt/ros/humble/share/rosidl_generator_c/cmake)
[5.217s] -- Found rosidl_adapter: 3.1.8 (/opt/ros/humble/share/rosidl_adapter/cmake)
[5.222s] -- Found rosidl_generator_cpp: 3.1.8 (/opt/ros/humble/share/rosidl_generator_cpp/cmake)
[5.223s] -- Using all available rosidl_typesupport_c: rosidl_typesupport_fastrtps_c;rosidl_typesupport_introspection_c
[5.338s] -- Using all available rosidl_typesupport_cpp: rosidl_typesupport_fastrtps_cpp;rosidl_typesupport_introspection_cpp
[5.791s] -- Found rmw_implementation_cmake: 6.1.2 (/opt/ros/humble/share/rmw_implementation_cmake/cmake)
[5.873s] -- Found rmw_fastrtps_cpp: 6.2.10 (/opt/ros/humble/share/rmw_fastrtps_cpp/cmake)
[6.398s] -- Found OpenSSL: /usr/lib/x86_64-linux-gnu/libcrypto.so (found version "3.0.2")  
[6.420s] -- Found FastRTPS: /opt/ros/humble/include  
[6.494s] -- Using RMW implementation 'rmw_fastrtps_cpp' as default
[6.515s] -- Looking for pthread.h
[7.225s] -- Looking for pthread.h - found
[7.225s] -- Performing Test CMAKE_HAVE_LIBC_PTHREAD
[8.083s] -- Performing Test CMAKE_HAVE_LIBC_PTHREAD - Success
[8.083s] -- Found Threads: TRUE  
[8.304s] -- Found OpenCV: /usr (found version "4.5.4") 
[8.422s] -- Found ament_lint_auto: 0.12.15 (/opt/ros/humble/share/ament_lint_auto/cmake)
[8.510s] [0mIn this package, headers install destination is set to `include` by ament_auto_package. It is recommended to install `include/image_proc` instead and will be the default behavior of ament_auto_package from ROS 2 Kilted Kaiju. On distributions before Kilted, ament_auto_package behaves the same way when you use USE_SCOPED_HEADER_INSTALL_DIR option.[0m
[8.612s] -- Added test 'copyright' to check source files copyright and LICENSE
[8.866s] -- Added test 'cppcheck' to perform static code analysis on C / C++ code
[8.872s] -- Configured cppcheck include dirs: /home/bryan/Workspace/ros2_ws/image_pipeline/image_proc/include
[8.872s] -- Configured cppcheck exclude dirs and/or files: 
[8.872s] -- Added test 'cpplint' to check C / C++ code against the Google style
[8.872s] -- Configured cpplint exclude dirs and/or files: 
[8.872s] -- Added test 'flake8' to check Python code syntax and style conventions
[8.873s] -- Added test 'lint_cmake' to check CMake code style
[8.873s] -- Added test 'pep257' to check Python code against some of the docstring style conventions in PEP 257
[8.873s] -- Added test 'uncrustify' to check C / C++ code style
[8.873s] -- Configured uncrustify additional arguments: 
[8.873s] -- Added test 'xmllint' to check XML markup files
[8.873s] -- Configuring done
[8.874s] -- Generating done
[9.016s] -- Build files have been written to: /home/bryan/Workspace/build/image_proc
[9.089s] Invoked command in '/home/bryan/Workspace/build/image_proc' returned '0': AMENT_PREFIX_PATH=/home/bryan/Workspace/install/tracetools_image_pipeline:${AMENT_PREFIX_PATH} CMAKE_PREFIX_PATH=/home/bryan/Workspace/install/tracetools_image_pipeline:/home/bryan/Workspace/ros2_ws/install/image_proc:/home/bryan/Workspace/ros2_ws/install/tracetools_image_pipeline:/home/bryan/Workspace/ros2_ws/install/image_rotate:/home/bryan/Workspace/ros2_ws/install/image_publisher:/home/bryan/Workspace/ros2_ws/install/examples_rclcpp_wait_set:/home/bryan/Workspace/ros2_ws/install/examples_rclcpp_multithreaded_executor:/home/bryan/Workspace/ros2_ws/install/examples_rclcpp_minimal_timer:/home/bryan/Workspace/ros2_ws/install/examples_rclcpp_minimal_subscriber:/home/bryan/Workspace/ros2_ws/install/examples_rclcpp_minimal_service:/home/bryan/Workspace/ros2_ws/install/examples_rclcpp_minimal_publisher:/home/bryan/Workspace/ros2_ws/install/examples_rclcpp_minimal_composition:/home/bryan/Workspace/ros2_ws/install/examples_rclcpp_minimal_client:/home/bryan/Workspace/ros2_ws/install/examples_rclcpp_minimal_action_server:/home/bryan/Workspace/ros2_ws/install/examples_rclcpp_minimal_action_client:/home/bryan/Workspace/ros2_ws/install/examples_rclcpp_cbg_executor:/home/bryan/Workspace/ros2_ws/install/examples_rclcpp_async_client:/home/bryan/Workspace/ros2_ws/install/sprint2:/home/bryan/Workspace/ros2_ws/install/launch_testing_examples:/home/bryan/Workspace/ros2_ws/install/image_converter:/home/bryan/Workspace/ros2_ws/install/first_package:/home/bryan/Workspace/ros2_ws/install/examples_rclpy_pointcloud_publisher:/home/bryan/Workspace/ros2_ws/install/examples_rclpy_minimal_subscriber:/home/bryan/Workspace/ros2_ws/install/examples_rclpy_minimal_service:/home/bryan/Workspace/ros2_ws/install/examples_rclpy_minimal_publisher:/home/bryan/Workspace/ros2_ws/install/examples_rclpy_minimal_client:/home/bryan/Workspace/ros2_ws/install/examples_rclpy_minimal_action_server:/home/bryan/Workspace/ros2_ws/install/examples_rclpy_minimal_action_client:/home/bryan/Workspace/ros2_ws/install/examples_rclpy_guard_conditions:/home/bryan/Workspace/ros2_ws/install/examples_rclpy_executors:/home/bryan/Workspace/ros2_ws/install/camera_calibration:/opt/ros/humble LD_LIBRARY_PATH=/home/bryan/Workspace/install/tracetools_image_pipeline/lib:${LD_LIBRARY_PATH} /usr/bin/cmake /home/bryan/Workspace/ros2_ws/image_pipeline/image_proc -DAMENT_CMAKE_SYMLINK_INSTALL=1 -DCMAKE_INSTALL_PREFIX=/home/bryan/Workspace/install/image_proc
[9.134s] Invoking command in '/home/bryan/Workspace/build/image_proc': AMENT_PREFIX_PATH=/home/bryan/Workspace/install/tracetools_image_pipeline:${AMENT_PREFIX_PATH} CMAKE_PREFIX_PATH=/home/bryan/Workspace/install/tracetools_image_pipeline:/home/bryan/Workspace/ros2_ws/install/image_proc:/home/bryan/Workspace/ros2_ws/install/tracetools_image_pipeline:/home/bryan/Workspace/ros2_ws/install/image_rotate:/home/bryan/Workspace/ros2_ws/install/image_publisher:/home/bryan/Workspace/ros2_ws/install/examples_rclcpp_wait_set:/home/bryan/Workspace/ros2_ws/install/examples_rclcpp_multithreaded_executor:/home/bryan/Workspace/ros2_ws/install/examples_rclcpp_minimal_timer:/home/bryan/Workspace/ros2_ws/install/examples_rclcpp_minimal_subscriber:/home/bryan/Workspace/ros2_ws/install/examples_rclcpp_minimal_service:/home/bryan/Workspace/ros2_ws/install/examples_rclcpp_minimal_publisher:/home/bryan/Workspace/ros2_ws/install/examples_rclcpp_minimal_composition:/home/bryan/Workspace/ros2_ws/install/examples_rclcpp_minimal_client:/home/bryan/Workspace/ros2_ws/install/examples_rclcpp_minimal_action_server:/home/bryan/Workspace/ros2_ws/install/examples_rclcpp_minimal_action_client:/home/bryan/Workspace/ros2_ws/install/examples_rclcpp_cbg_executor:/home/bryan/Workspace/ros2_ws/install/examples_rclcpp_async_client:/home/bryan/Workspace/ros2_ws/install/sprint2:/home/bryan/Workspace/ros2_ws/install/launch_testing_examples:/home/bryan/Workspace/ros2_ws/install/image_converter:/home/bryan/Workspace/ros2_ws/install/first_package:/home/bryan/Workspace/ros2_ws/install/examples_rclpy_pointcloud_publisher:/home/bryan/Workspace/ros2_ws/install/examples_rclpy_minimal_subscriber:/home/bryan/Workspace/ros2_ws/install/examples_rclpy_minimal_service:/home/bryan/Workspace/ros2_ws/install/examples_rclpy_minimal_publisher:/home/bryan/Workspace/ros2_ws/install/examples_rclpy_minimal_client:/home/bryan/Workspace/ros2_ws/install/examples_rclpy_minimal_action_server:/home/bryan/Workspace/ros2_ws/install/examples_rclpy_minimal_action_client:/home/bryan/Workspace/ros2_ws/install/examples_rclpy_guard_conditions:/home/bryan/Workspace/ros2_ws/install/examples_rclpy_executors:/home/bryan/Workspace/ros2_ws/install/camera_calibration:/opt/ros/humble LD_LIBRARY_PATH=/home/bryan/Workspace/install/tracetools_image_pipeline/lib:${LD_LIBRARY_PATH} /usr/bin/cmake --build /home/bryan/Workspace/build/image_proc -- -j3 -l3
[12.806s] [  4%] [32mBuilding CXX object CMakeFiles/image_proc.dir/src/image_proc/processor.cpp.o[0m
[16.683s] [  8%] [32m[1mLinking CXX shared library libimage_proc.so[0m
[17.248s] [  8%] Built target image_proc
[17.555s] [ 12%] [32mBuilding CXX object CMakeFiles/debayer_node.dir/rclcpp_components/node_main_debayer_node.cpp.o[0m
[29.760s] [ 16%] [32m[1mLinking CXX executable debayer_node[0m
[31.056s] [ 16%] Built target debayer_node
[31.312s] [ 20%] [32mBuilding CXX object CMakeFiles/resize_node.dir/rclcpp_components/node_main_resize_node.cpp.o[0m
[40.184s] [ 24%] [32m[1mLinking CXX executable resize_node[0m
[40.591s] [ 24%] Built target resize_node
[40.789s] [ 28%] [32mBuilding CXX object CMakeFiles/crop_decimate_node.dir/rclcpp_components/node_main_crop_decimate_node.cpp.o[0m
[49.312s] [ 32%] [32m[1mLinking CXX executable crop_decimate_node[0m
[50.899s] [ 32%] Built target crop_decimate_node
[51.497s] [ 36%] [32mBuilding CXX object CMakeFiles/crop_non_zero_node.dir/rclcpp_components/node_main_crop_non_zero_node.cpp.o[0m
[60.124s] [ 40%] [32m[1mLinking CXX executable crop_non_zero_node[0m
[60.611s] [ 40%] Built target crop_non_zero_node
[61.042s] [ 44%] [32mBuilding CXX object CMakeFiles/rectify.dir/src/rectify.cpp.o[0m
[69.828s] [ 48%] [32m[1mLinking CXX shared library librectify.so[0m
[70.628s] [ 48%] Built target rectify
[70.743s] [ 52%] [32mBuilding CXX object CMakeFiles/rectify_node.dir/rclcpp_components/node_main_rectify_node.cpp.o[0m
[75.519s] [ 56%] [32m[1mLinking CXX executable rectify_node[0m
[75.728s] [ 56%] Built target rectify_node
[75.838s] [ 60%] [32mBuilding CXX object CMakeFiles/debayer.dir/src/debayer.cpp.o[0m
[82.310s] [ 64%] [32mBuilding CXX object CMakeFiles/debayer.dir/src/edge_aware.cpp.o[0m
[83.914s] [ 68%] [32m[1mLinking CXX shared library libdebayer.so[0m
[84.347s] [ 68%] Built target debayer
[84.468s] [ 72%] [32mBuilding CXX object CMakeFiles/resize.dir/src/resize.cpp.o[0m
[94.627s] [ 76%] [32m[1mLinking CXX shared library libresize.so[0m
[95.137s] [ 76%] Built target resize
[95.344s] [ 80%] [32mBuilding CXX object CMakeFiles/crop_decimate.dir/src/crop_decimate.cpp.o[0m
[103.209s] [ 84%] [32m[1mLinking CXX shared library libcrop_decimate.so[0m
[104.171s] [ 84%] Built target crop_decimate
[104.292s] [ 88%] [32mBuilding CXX object CMakeFiles/crop_non_zero.dir/src/crop_non_zero.cpp.o[0m
[110.770s] [ 92%] [32m[1mLinking CXX shared library libcrop_non_zero.so[0m
[112.029s] [ 92%] Built target crop_non_zero
[113.136s] [ 96%] [32mBuilding CXX object CMakeFiles/image_proc_exe.dir/src/image_proc.cpp.o[0m
[119.301s] [100%] [32m[1mLinking CXX executable image_proc[0m
[119.885s] [100%] Built target image_proc_exe
[120.114s] Invoked command in '/home/bryan/Workspace/build/image_proc' returned '0': AMENT_PREFIX_PATH=/home/bryan/Workspace/install/tracetools_image_pipeline:${AMENT_PREFIX_PATH} CMAKE_PREFIX_PATH=/home/bryan/Workspace/install/tracetools_image_pipeline:/home/bryan/Workspace/ros2_ws/install/image_proc:/home/bryan/Workspace/ros2_ws/install/tracetools_image_pipeline:/home/bryan/Workspace/ros2_ws/install/image_rotate:/home/bryan/Workspace/ros2_ws/install/image_publisher:/home/bryan/Workspace/ros2_ws/install/examples_rclcpp_wait_set:/home/bryan/Workspace/ros2_ws/install/examples_rclcpp_multithreaded_executor:/home/bryan/Workspace/ros2_ws/install/examples_rclcpp_minimal_timer:/home/bryan/Workspace/ros2_ws/install/examples_rclcpp_minimal_subscriber:/home/bryan/Workspace/ros2_ws/install/examples_rclcpp_minimal_service:/home/bryan/Workspace/ros2_ws/install/examples_rclcpp_minimal_publisher:/home/bryan/Workspace/ros2_ws/install/examples_rclcpp_minimal_composition:/home/bryan/Workspace/ros2_ws/install/examples_rclcpp_minimal_client:/home/bryan/Workspace/ros2_ws/install/examples_rclcpp_minimal_action_server:/home/bryan/Workspace/ros2_ws/install/examples_rclcpp_minimal_action_client:/home/bryan/Workspace/ros2_ws/install/examples_rclcpp_cbg_executor:/home/bryan/Workspace/ros2_ws/install/examples_rclcpp_async_client:/home/bryan/Workspace/ros2_ws/install/sprint2:/home/bryan/Workspace/ros2_ws/install/launch_testing_examples:/home/bryan/Workspace/ros2_ws/install/image_converter:/home/bryan/Workspace/ros2_ws/install/first_package:/home/bryan/Workspace/ros2_ws/install/examples_rclpy_pointcloud_publisher:/home/bryan/Workspace/ros2_ws/install/examples_rclpy_minimal_subscriber:/home/bryan/Workspace/ros2_ws/install/examples_rclpy_minimal_service:/home/bryan/Workspace/ros2_ws/install/examples_rclpy_minimal_publisher:/home/bryan/Workspace/ros2_ws/install/examples_rclpy_minimal_client:/home/bryan/Workspace/ros2_ws/install/examples_rclpy_minimal_action_server:/home/bryan/Workspace/ros2_ws/install/examples_rclpy_minimal_action_client:/home/bryan/Workspace/ros2_ws/install/examples_rclpy_guard_conditions:/home/bryan/Workspace/ros2_ws/install/examples_rclpy_executors:/home/bryan/Workspace/ros2_ws/install/camera_calibration:/opt/ros/humble LD_LIBRARY_PATH=/home/bryan/Workspace/install/tracetools_image_pipeline/lib:${LD_LIBRARY_PATH} /usr/bin/cmake --build /home/bryan/Workspace/build/image_proc -- -j3 -l3
[120.116s] Invoking command in '/home/bryan/Workspace/build/image_proc': AMENT_PREFIX_PATH=/home/bryan/Workspace/install/tracetools_image_pipeline:${AMENT_PREFIX_PATH} CMAKE_PREFIX_PATH=/home/bryan/Workspace/install/tracetools_image_pipeline:/home/bryan/Workspace/ros2_ws/install/image_proc:/home/bryan/Workspace/ros2_ws/install/tracetools_image_pipeline:/home/bryan/Workspace/ros2_ws/install/image_rotate:/home/bryan/Workspace/ros2_ws/install/image_publisher:/home/bryan/Workspace/ros2_ws/install/examples_rclcpp_wait_set:/home/bryan/Workspace/ros2_ws/install/examples_rclcpp_multithreaded_executor:/home/bryan/Workspace/ros2_ws/install/examples_rclcpp_minimal_timer:/home/bryan/Workspace/ros2_ws/install/examples_rclcpp_minimal_subscriber:/home/bryan/Workspace/ros2_ws/install/examples_rclcpp_minimal_service:/home/bryan/Workspace/ros2_ws/install/examples_rclcpp_minimal_publisher:/home/bryan/Workspace/ros2_ws/install/examples_rclcpp_minimal_composition:/home/bryan/Workspace/ros2_ws/install/examples_rclcpp_minimal_client:/home/bryan/Workspace/ros2_ws/install/examples_rclcpp_minimal_action_server:/home/bryan/Workspace/ros2_ws/install/examples_rclcpp_minimal_action_client:/home/bryan/Workspace/ros2_ws/install/examples_rclcpp_cbg_executor:/home/bryan/Workspace/ros2_ws/install/examples_rclcpp_async_client:/home/bryan/Workspace/ros2_ws/install/sprint2:/home/bryan/Workspace/ros2_ws/install/launch_testing_examples:/home/bryan/Workspace/ros2_ws/install/image_converter:/home/bryan/Workspace/ros2_ws/install/first_package:/home/bryan/Workspace/ros2_ws/install/examples_rclpy_pointcloud_publisher:/home/bryan/Workspace/ros2_ws/install/examples_rclpy_minimal_subscriber:/home/bryan/Workspace/ros2_ws/install/examples_rclpy_minimal_service:/home/bryan/Workspace/ros2_ws/install/examples_rclpy_minimal_publisher:/home/bryan/Workspace/ros2_ws/install/examples_rclpy_minimal_client:/home/bryan/Workspace/ros2_ws/install/examples_rclpy_minimal_action_server:/home/bryan/Workspace/ros2_ws/install/examples_rclpy_minimal_action_client:/home/bryan/Workspace/ros2_ws/install/examples_rclpy_guard_conditions:/home/bryan/Workspace/ros2_ws/install/examples_rclpy_executors:/home/bryan/Workspace/ros2_ws/install/camera_calibration:/opt/ros/humble LD_LIBRARY_PATH=/home/bryan/Workspace/install/tracetools_image_pipeline/lib:${LD_LIBRARY_PATH} /usr/bin/cmake --install /home/bryan/Workspace/build/image_proc
[120.236s] -- Install configuration: ""
[120.237s] -- Execute custom install script
[120.238s] -- Symlinking: /home/bryan/Workspace/install/image_proc/lib/image_proc/rectify_node
[120.283s] -- Symlinking: /home/bryan/Workspace/install/image_proc/lib/image_proc/debayer_node
[120.313s] -- Symlinking: /home/bryan/Workspace/install/image_proc/lib/image_proc/resize_node
[120.367s] -- Symlinking: /home/bryan/Workspace/install/image_proc/lib/image_proc/crop_decimate_node
[120.405s] -- Symlinking: /home/bryan/Workspace/install/image_proc/lib/image_proc/crop_non_zero_node
[120.587s] -- Symlinking: /home/bryan/Workspace/install/image_proc/bin/image_proc
[120.597s] -- Symlinking: /home/bryan/Workspace/install/image_proc/include/image_proc/crop_decimate.hpp
[120.648s] -- Symlinking: /home/bryan/Workspace/install/image_proc/include/image_proc/crop_non_zero.hpp
[120.673s] -- Symlinking: /home/bryan/Workspace/install/image_proc/include/image_proc/debayer.hpp
[120.711s] -- Symlinking: /home/bryan/Workspace/install/image_proc/include/image_proc/edge_aware.hpp
[120.977s] -- Symlinking: /home/bryan/Workspace/install/image_proc/include/image_proc/processor.hpp
[120.977s] -- Symlinking: /home/bryan/Workspace/install/image_proc/include/image_proc/rectify.hpp
[121.098s] -- Symlinking: /home/bryan/Workspace/install/image_proc/include/image_proc/resize.hpp
[121.346s] -- Symlinking: /home/bryan/Workspace/install/image_proc/include/image_proc/utils.hpp
[121.347s] -- Symlinking: /home/bryan/Workspace/install/image_proc/share/image_proc/environment/library_path.sh
[121.419s] -- Symlinking: /home/bryan/Workspace/install/image_proc/share/image_proc/environment/library_path.dsv
[121.487s] -- Symlinking: /home/bryan/Workspace/install/image_proc/lib/libimage_proc.so
[121.616s] -- Symlinking: /home/bryan/Workspace/install/image_proc/lib/librectify.so
[121.674s] -- Symlinking: /home/bryan/Workspace/install/image_proc/lib/libdebayer.so
[121.844s] -- Symlinking: /home/bryan/Workspace/install/image_proc/lib/libresize.so
[122.062s] -- Symlinking: /home/bryan/Workspace/install/image_proc/lib/libcrop_decimate.so
[122.222s] -- Symlinking: /home/bryan/Workspace/install/image_proc/lib/libcrop_non_zero.so
[122.318s] -- Symlinking: /home/bryan/Workspace/install/image_proc/lib/image_proc/image_proc
[122.348s] -- Symlinking: /home/bryan/Workspace/install/image_proc/share/image_proc/launch/image_proc.launch.py
[122.429s] -- Symlinking: /home/bryan/Workspace/install/image_proc/share/ament_index/resource_index/package_run_dependencies/image_proc
[122.480s] -- Symlinking: /home/bryan/Workspace/install/image_proc/share/ament_index/resource_index/parent_prefix_path/image_proc
[122.582s] -- Symlinking: /home/bryan/Workspace/install/image_proc/share/image_proc/environment/ament_prefix_path.sh
[122.602s] -- Symlinking: /home/bryan/Workspace/install/image_proc/share/image_proc/environment/ament_prefix_path.dsv
[123.025s] -- Symlinking: /home/bryan/Workspace/install/image_proc/share/image_proc/environment/path.sh
[123.109s] -- Symlinking: /home/bryan/Workspace/install/image_proc/share/image_proc/environment/path.dsv
[123.151s] -- Symlinking: /home/bryan/Workspace/install/image_proc/share/image_proc/local_setup.bash
[123.233s] -- Symlinking: /home/bryan/Workspace/install/image_proc/share/image_proc/local_setup.sh
[123.805s] -- Symlinking: /home/bryan/Workspace/install/image_proc/share/image_proc/local_setup.zsh
[123.893s] -- Symlinking: /home/bryan/Workspace/install/image_proc/share/image_proc/local_setup.dsv
[123.936s] -- Symlinking: /home/bryan/Workspace/install/image_proc/share/image_proc/package.dsv
[124.033s] -- Symlinking: /home/bryan/Workspace/install/image_proc/share/ament_index/resource_index/packages/image_proc
[124.090s] -- Symlinking: /home/bryan/Workspace/install/image_proc/share/ament_index/resource_index/rclcpp_components/image_proc
[124.115s] -- Symlinking: /home/bryan/Workspace/install/image_proc/share/image_proc/cmake/ament_cmake_export_dependencies-extras.cmake
[124.132s] -- Symlinking: /home/bryan/Workspace/install/image_proc/share/image_proc/cmake/ament_cmake_export_include_directories-extras.cmake
[124.151s] -- Symlinking: /home/bryan/Workspace/install/image_proc/share/image_proc/cmake/ament_cmake_export_libraries-extras.cmake
[124.168s] -- Symlinking: /home/bryan/Workspace/install/image_proc/share/image_proc/cmake/image_procConfig.cmake
[124.185s] -- Symlinking: /home/bryan/Workspace/install/image_proc/share/image_proc/cmake/image_procConfig-version.cmake
[124.202s] -- Symlinking: /home/bryan/Workspace/install/image_proc/share/image_proc/package.xml
[124.331s] Invoked command in '/home/bryan/Workspace/build/image_proc' returned '0': AMENT_PREFIX_PATH=/home/bryan/Workspace/install/tracetools_image_pipeline:${AMENT_PREFIX_PATH} CMAKE_PREFIX_PATH=/home/bryan/Workspace/install/tracetools_image_pipeline:/home/bryan/Workspace/ros2_ws/install/image_proc:/home/bryan/Workspace/ros2_ws/install/tracetools_image_pipeline:/home/bryan/Workspace/ros2_ws/install/image_rotate:/home/bryan/Workspace/ros2_ws/install/image_publisher:/home/bryan/Workspace/ros2_ws/install/examples_rclcpp_wait_set:/home/bryan/Workspace/ros2_ws/install/examples_rclcpp_multithreaded_executor:/home/bryan/Workspace/ros2_ws/install/examples_rclcpp_minimal_timer:/home/bryan/Workspace/ros2_ws/install/examples_rclcpp_minimal_subscriber:/home/bryan/Workspace/ros2_ws/install/examples_rclcpp_minimal_service:/home/bryan/Workspace/ros2_ws/install/examples_rclcpp_minimal_publisher:/home/bryan/Workspace/ros2_ws/install/examples_rclcpp_minimal_composition:/home/bryan/Workspace/ros2_ws/install/examples_rclcpp_minimal_client:/home/bryan/Workspace/ros2_ws/install/examples_rclcpp_minimal_action_server:/home/bryan/Workspace/ros2_ws/install/examples_rclcpp_minimal_action_client:/home/bryan/Workspace/ros2_ws/install/examples_rclcpp_cbg_executor:/home/bryan/Workspace/ros2_ws/install/examples_rclcpp_async_client:/home/bryan/Workspace/ros2_ws/install/sprint2:/home/bryan/Workspace/ros2_ws/install/launch_testing_examples:/home/bryan/Workspace/ros2_ws/install/image_converter:/home/bryan/Workspace/ros2_ws/install/first_package:/home/bryan/Workspace/ros2_ws/install/examples_rclpy_pointcloud_publisher:/home/bryan/Workspace/ros2_ws/install/examples_rclpy_minimal_subscriber:/home/bryan/Workspace/ros2_ws/install/examples_rclpy_minimal_service:/home/bryan/Workspace/ros2_ws/install/examples_rclpy_minimal_publisher:/home/bryan/Workspace/ros2_ws/install/examples_rclpy_minimal_client:/home/bryan/Workspace/ros2_ws/install/examples_rclpy_minimal_action_server:/home/bryan/Workspace/ros2_ws/install/examples_rclpy_minimal_action_client:/home/bryan/Workspace/ros2_ws/install/examples_rclpy_guard_conditions:/home/bryan/Workspace/ros2_ws/install/examples_rclpy_executors:/home/bryan/Workspace/ros2_ws/install/camera_calibration:/opt/ros/humble LD_LIBRARY_PATH=/home/bryan/Workspace/install/tracetools_image_pipeline/lib:${LD_LIBRARY_PATH} /usr/bin/cmake --install /home/bryan/Workspace/build/image_proc
