[1.798s] Invoking command in '/home/bryan/Workspace/ros2_ws/build/examples_rclpy_minimal_publisher': PYTHONPATH=/home/bryan/Workspace/ros2_ws/build/examples_rclpy_minimal_publisher/prefix_override:/usr/lib/python3/dist-packages/colcon_core/task/python/colcon_distutils_commands:/home/bryan/Workspace/ros2_ws/install/examples_rclpy_minimal_publisher/lib/python3.10/site-packages:${PYTHONPATH} /usr/bin/python3 -W ignore:setup.py install is deprecated -W ignore:easy_install command is deprecated setup.py develop --uninstall --editable --build-directory /home/bryan/Workspace/ros2_ws/build/examples_rclpy_minimal_publisher/build
[2.573s] running develop
[2.959s] Removing /home/bryan/Workspace/ros2_ws/install/examples_rclpy_minimal_publisher/lib/python3.10/site-packages/examples-rclpy-minimal-publisher.egg-link (link to .)
[3.019s] Invoked command in '/home/bryan/Workspace/ros2_ws/build/examples_rclpy_minimal_publisher' returned '0': PYTHONPATH=/home/bryan/Workspace/ros2_ws/build/examples_rclpy_minimal_publisher/prefix_override:/usr/lib/python3/dist-packages/colcon_core/task/python/colcon_distutils_commands:/home/bryan/Workspace/ros2_ws/install/examples_rclpy_minimal_publisher/lib/python3.10/site-packages:${PYTHONPATH} /usr/bin/python3 -W ignore:setup.py install is deprecated -W ignore:easy_install command is deprecated setup.py develop --uninstall --editable --build-directory /home/bryan/Workspace/ros2_ws/build/examples_rclpy_minimal_publisher/build
[3.027s] Invoking command in '/home/bryan/Workspace/ros2_ws/src/examples/rclpy/topics/minimal_publisher': PYTHONPATH=/home/bryan/Workspace/ros2_ws/build/examples_rclpy_minimal_publisher/prefix_override:/usr/lib/python3/dist-packages/colcon_core/task/python/colcon_distutils_commands:/home/bryan/Workspace/ros2_ws/install/examples_rclpy_minimal_publisher/lib/python3.10/site-packages:${PYTHONPATH} /usr/bin/python3 -W ignore:setup.py install is deprecated -W ignore:easy_install command is deprecated setup.py egg_info --egg-base ../../../../../build/examples_rclpy_minimal_publisher build --build-base /home/bryan/Workspace/ros2_ws/build/examples_rclpy_minimal_publisher/build install --record /home/bryan/Workspace/ros2_ws/build/examples_rclpy_minimal_publisher/install.log --single-version-externally-managed install_data --force
[3.602s] running egg_info
[3.608s] writing ../../../../../build/examples_rclpy_minimal_publisher/examples_rclpy_minimal_publisher.egg-info/PKG-INFO
[3.615s] writing dependency_links to ../../../../../build/examples_rclpy_minimal_publisher/examples_rclpy_minimal_publisher.egg-info/dependency_links.txt
[3.617s] writing entry points to ../../../../../build/examples_rclpy_minimal_publisher/examples_rclpy_minimal_publisher.egg-info/entry_points.txt
[3.617s] writing requirements to ../../../../../build/examples_rclpy_minimal_publisher/examples_rclpy_minimal_publisher.egg-info/requires.txt
[3.618s] writing top-level names to ../../../../../build/examples_rclpy_minimal_publisher/examples_rclpy_minimal_publisher.egg-info/top_level.txt
[3.624s] reading manifest file '../../../../../build/examples_rclpy_minimal_publisher/examples_rclpy_minimal_publisher.egg-info/SOURCES.txt'
[3.640s] writing manifest file '../../../../../build/examples_rclpy_minimal_publisher/examples_rclpy_minimal_publisher.egg-info/SOURCES.txt'
[3.641s] running build
[3.641s] running build_py
[3.662s] creating /home/bryan/Workspace/ros2_ws/build/examples_rclpy_minimal_publisher/build
[3.662s] creating /home/bryan/Workspace/ros2_ws/build/examples_rclpy_minimal_publisher/build/lib
[3.662s] creating /home/bryan/Workspace/ros2_ws/build/examples_rclpy_minimal_publisher/build/lib/examples_rclpy_minimal_publisher
[3.662s] copying examples_rclpy_minimal_publisher/publisher_member_function.py -> /home/bryan/Workspace/ros2_ws/build/examples_rclpy_minimal_publisher/build/lib/examples_rclpy_minimal_publisher
[3.662s] copying examples_rclpy_minimal_publisher/publisher_old_school.py -> /home/bryan/Workspace/ros2_ws/build/examples_rclpy_minimal_publisher/build/lib/examples_rclpy_minimal_publisher
[3.662s] copying examples_rclpy_minimal_publisher/publisher_local_function.py -> /home/bryan/Workspace/ros2_ws/build/examples_rclpy_minimal_publisher/build/lib/examples_rclpy_minimal_publisher
[3.663s] copying examples_rclpy_minimal_publisher/__init__.py -> /home/bryan/Workspace/ros2_ws/build/examples_rclpy_minimal_publisher/build/lib/examples_rclpy_minimal_publisher
[3.663s] copying examples_rclpy_minimal_publisher/publisher_member_function_with_wait_for_all_acked.py -> /home/bryan/Workspace/ros2_ws/build/examples_rclpy_minimal_publisher/build/lib/examples_rclpy_minimal_publisher
[3.663s] running install
[3.663s] running install_lib
[3.663s] creating /home/bryan/Workspace/ros2_ws/install/examples_rclpy_minimal_publisher/lib/python3.10/site-packages/examples_rclpy_minimal_publisher
[3.663s] copying /home/bryan/Workspace/ros2_ws/build/examples_rclpy_minimal_publisher/build/lib/examples_rclpy_minimal_publisher/publisher_member_function.py -> /home/bryan/Workspace/ros2_ws/install/examples_rclpy_minimal_publisher/lib/python3.10/site-packages/examples_rclpy_minimal_publisher
[3.663s] copying /home/bryan/Workspace/ros2_ws/build/examples_rclpy_minimal_publisher/build/lib/examples_rclpy_minimal_publisher/publisher_old_school.py -> /home/bryan/Workspace/ros2_ws/install/examples_rclpy_minimal_publisher/lib/python3.10/site-packages/examples_rclpy_minimal_publisher
[3.663s] copying /home/bryan/Workspace/ros2_ws/build/examples_rclpy_minimal_publisher/build/lib/examples_rclpy_minimal_publisher/publisher_local_function.py -> /home/bryan/Workspace/ros2_ws/install/examples_rclpy_minimal_publisher/lib/python3.10/site-packages/examples_rclpy_minimal_publisher
[3.663s] copying /home/bryan/Workspace/ros2_ws/build/examples_rclpy_minimal_publisher/build/lib/examples_rclpy_minimal_publisher/__init__.py -> /home/bryan/Workspace/ros2_ws/install/examples_rclpy_minimal_publisher/lib/python3.10/site-packages/examples_rclpy_minimal_publisher
[3.663s] copying /home/bryan/Workspace/ros2_ws/build/examples_rclpy_minimal_publisher/build/lib/examples_rclpy_minimal_publisher/publisher_member_function_with_wait_for_all_acked.py -> /home/bryan/Workspace/ros2_ws/install/examples_rclpy_minimal_publisher/lib/python3.10/site-packages/examples_rclpy_minimal_publisher
[3.663s] byte-compiling /home/bryan/Workspace/ros2_ws/install/examples_rclpy_minimal_publisher/lib/python3.10/site-packages/examples_rclpy_minimal_publisher/publisher_member_function.py to publisher_member_function.cpython-310.pyc
[3.664s] byte-compiling /home/bryan/Workspace/ros2_ws/install/examples_rclpy_minimal_publisher/lib/python3.10/site-packages/examples_rclpy_minimal_publisher/publisher_old_school.py to publisher_old_school.cpython-310.pyc
[3.664s] byte-compiling /home/bryan/Workspace/ros2_ws/install/examples_rclpy_minimal_publisher/lib/python3.10/site-packages/examples_rclpy_minimal_publisher/publisher_local_function.py to publisher_local_function.cpython-310.pyc
[3.664s] byte-compiling /home/bryan/Workspace/ros2_ws/install/examples_rclpy_minimal_publisher/lib/python3.10/site-packages/examples_rclpy_minimal_publisher/__init__.py to __init__.cpython-310.pyc
[3.664s] byte-compiling /home/bryan/Workspace/ros2_ws/install/examples_rclpy_minimal_publisher/lib/python3.10/site-packages/examples_rclpy_minimal_publisher/publisher_member_function_with_wait_for_all_acked.py to publisher_member_function_with_wait_for_all_acked.cpython-310.pyc
[3.664s] running install_data
[3.672s] copying resource/examples_rclpy_minimal_publisher -> /home/bryan/Workspace/ros2_ws/install/examples_rclpy_minimal_publisher/share/ament_index/resource_index/packages
[3.674s] copying package.xml -> /home/bryan/Workspace/ros2_ws/install/examples_rclpy_minimal_publisher/share/examples_rclpy_minimal_publisher
[3.676s] running install_egg_info
[3.679s] Copying ../../../../../build/examples_rclpy_minimal_publisher/examples_rclpy_minimal_publisher.egg-info to /home/bryan/Workspace/ros2_ws/install/examples_rclpy_minimal_publisher/lib/python3.10/site-packages/examples_rclpy_minimal_publisher-0.15.5-py3.10.egg-info
[3.691s] running install_scripts
[3.748s] Installing publisher_local_function script to /home/bryan/Workspace/ros2_ws/install/examples_rclpy_minimal_publisher/lib/examples_rclpy_minimal_publisher
[3.759s] Installing publisher_member_function script to /home/bryan/Workspace/ros2_ws/install/examples_rclpy_minimal_publisher/lib/examples_rclpy_minimal_publisher
[3.759s] Installing publisher_member_function_with_wait_for_all_acked script to /home/bryan/Workspace/ros2_ws/install/examples_rclpy_minimal_publisher/lib/examples_rclpy_minimal_publisher
[3.776s] Installing publisher_old_school script to /home/bryan/Workspace/ros2_ws/install/examples_rclpy_minimal_publisher/lib/examples_rclpy_minimal_publisher
[3.777s] writing list of installed files to '/home/bryan/Workspace/ros2_ws/build/examples_rclpy_minimal_publisher/install.log'
[3.823s] Invoked command in '/home/bryan/Workspace/ros2_ws/src/examples/rclpy/topics/minimal_publisher' returned '0': PYTHONPATH=/home/bryan/Workspace/ros2_ws/build/examples_rclpy_minimal_publisher/prefix_override:/usr/lib/python3/dist-packages/colcon_core/task/python/colcon_distutils_commands:/home/bryan/Workspace/ros2_ws/install/examples_rclpy_minimal_publisher/lib/python3.10/site-packages:${PYTHONPATH} /usr/bin/python3 -W ignore:setup.py install is deprecated -W ignore:easy_install command is deprecated setup.py egg_info --egg-base ../../../../../build/examples_rclpy_minimal_publisher build --build-base /home/bryan/Workspace/ros2_ws/build/examples_rclpy_minimal_publisher/build install --record /home/bryan/Workspace/ros2_ws/build/examples_rclpy_minimal_publisher/install.log --single-version-externally-managed install_data --force
