[0.025s] Invoking command in '/home/bryan/Workspace/ros2_ws/build/examples_rclcpp_minimal_subscriber': CMAKE_PREFIX_PATH=/opt/ros/humble /usr/bin/cmake /home/bryan/Workspace/ros2_ws/src/examples/rclcpp/topics/minimal_subscriber -DAMENT_CMAKE_SYMLINK_INSTALL=1 -DCMAKE_INSTALL_PREFIX=/home/bryan/Workspace/ros2_ws/install/examples_rclcpp_minimal_subscriber
[0.552s] -- The C compiler identification is GNU 11.4.0
[0.856s] -- The CXX compiler identification is GNU 11.4.0
[0.878s] -- Detecting C compiler ABI info
[1.140s] -- Detecting C compiler ABI info - done
[1.158s] -- Check for working C compiler: /usr/bin/cc - skipped
[1.169s] -- Detecting C compile features
[1.170s] -- Detecting C compile features - done
[1.173s] -- Detecting CXX compiler ABI info
[3.118s] -- Detecting CXX compiler ABI info - done
[3.136s] -- Check for working CXX compiler: /usr/bin/c++ - skipped
[3.138s] -- Detecting CXX compile features
[3.139s] -- Detecting CXX compile features - done
[3.141s] -- Found ament_cmake: 1.3.14 (/opt/ros/humble/share/ament_cmake/cmake)
[3.360s] -- Found Python3: /usr/bin/python3 (found version "3.10.12") found components: Interpreter 
[3.478s] -- Override CMake install command with custom implementation using symlinks instead of copying resources
[3.520s] -- Found rclcpp: 16.0.18 (/opt/ros/humble/share/rclcpp/cmake)
[3.584s] -- Found rosidl_generator_c: 3.1.8 (/opt/ros/humble/share/rosidl_generator_c/cmake)
[3.590s] -- Found rosidl_adapter: 3.1.8 (/opt/ros/humble/share/rosidl_adapter/cmake)
[3.628s] -- Found rosidl_generator_cpp: 3.1.8 (/opt/ros/humble/share/rosidl_generator_cpp/cmake)
[3.682s] -- Using all available rosidl_typesupport_c: rosidl_typesupport_fastrtps_c;rosidl_typesupport_introspection_c
[3.749s] -- Using all available rosidl_typesupport_cpp: rosidl_typesupport_fastrtps_cpp;rosidl_typesupport_introspection_cpp
[3.833s] -- Found rmw_implementation_cmake: 6.1.2 (/opt/ros/humble/share/rmw_implementation_cmake/cmake)
[3.910s] -- Found rmw_fastrtps_cpp: 6.2.10 (/opt/ros/humble/share/rmw_fastrtps_cpp/cmake)
[6.320s] -- Found OpenSSL: /usr/lib/x86_64-linux-gnu/libcrypto.so (found version "3.0.2")  
[6.363s] -- Found FastRTPS: /opt/ros/humble/include  
[6.459s] -- Using RMW implementation 'rmw_fastrtps_cpp' as default
[6.469s] -- Looking for pthread.h
[6.694s] -- Looking for pthread.h - found
[6.701s] -- Performing Test CMAKE_HAVE_LIBC_PTHREAD
[6.902s] -- Performing Test CMAKE_HAVE_LIBC_PTHREAD - Success
[6.908s] -- Found Threads: TRUE  
[7.033s] -- Found rclcpp_components: 16.0.18 (/opt/ros/humble/share/rclcpp_components/cmake)
[7.133s] -- Found ament_lint_auto: 0.12.15 (/opt/ros/humble/share/ament_lint_auto/cmake)
[7.384s] -- Added test 'copyright' to check source files copyright and LICENSE
[7.390s] -- Added test 'cppcheck' to perform static code analysis on C / C++ code
[7.409s] -- Configured cppcheck include dirs: 
[7.410s] -- Configured cppcheck exclude dirs and/or files: 
[7.420s] -- Added test 'cpplint' to check C / C++ code against the Google style
[7.420s] -- Configured cpplint exclude dirs and/or files: 
[7.420s] -- Added test 'lint_cmake' to check CMake code style
[7.420s] -- Added test 'uncrustify' to check C / C++ code style
[7.420s] -- Configured uncrustify additional arguments: 
[7.420s] -- Added test 'xmllint' to check XML markup files
[7.449s] -- Configuring done
[7.718s] -- Generating done
[7.795s] -- Build files have been written to: /home/bryan/Workspace/ros2_ws/build/examples_rclcpp_minimal_subscriber
[7.832s] Invoked command in '/home/bryan/Workspace/ros2_ws/build/examples_rclcpp_minimal_subscriber' returned '0': CMAKE_PREFIX_PATH=/opt/ros/humble /usr/bin/cmake /home/bryan/Workspace/ros2_ws/src/examples/rclcpp/topics/minimal_subscriber -DAMENT_CMAKE_SYMLINK_INSTALL=1 -DCMAKE_INSTALL_PREFIX=/home/bryan/Workspace/ros2_ws/install/examples_rclcpp_minimal_subscriber
[7.834s] Invoking command in '/home/bryan/Workspace/ros2_ws/build/examples_rclcpp_minimal_subscriber': CMAKE_PREFIX_PATH=/opt/ros/humble /usr/bin/cmake --build /home/bryan/Workspace/ros2_ws/build/examples_rclcpp_minimal_subscriber -- -j3 -l3
[8.082s] [  4%] [32mBuilding CXX object CMakeFiles/subscriber_lambda.dir/lambda.cpp.o[0m
[23.736s] [  8%] [32m[1mLinking CXX executable subscriber_lambda[0m
[24.325s] [  8%] Built target subscriber_lambda
[24.385s] [ 12%] [32mBuilding CXX object CMakeFiles/subscriber_member_function_with_topic_statistics.dir/member_function_with_topic_statistics.cpp.o[0m
[37.843s] [ 16%] [32m[1mLinking CXX executable subscriber_member_function_with_topic_statistics[0m
[39.035s] [ 16%] Built target subscriber_member_function_with_topic_statistics
[39.094s] [ 20%] [32mBuilding CXX object CMakeFiles/subscriber_member_function_with_type_adapter.dir/member_function_with_type_adapter.cpp.o[0m
[56.480s] [ 25%] [32m[1mLinking CXX executable subscriber_member_function_with_type_adapter[0m
[57.367s] [ 25%] Built target subscriber_member_function_with_type_adapter
[57.414s] [ 29%] [32mBuilding CXX object CMakeFiles/subscriber_member_function_with_unique_network_flow_endpoints.dir/member_function_with_unique_network_flow_endpoints.cpp.o[0m
[70.720s] [ 33%] [32m[1mLinking CXX executable subscriber_member_function_with_unique_network_flow_endpoints[0m
[71.440s] [ 33%] Built target subscriber_member_function_with_unique_network_flow_endpoints
[71.537s] [ 37%] [32mBuilding CXX object CMakeFiles/subscriber_not_composable.dir/not_composable.cpp.o[0m
[86.011s] [ 41%] [32m[1mLinking CXX executable subscriber_not_composable[0m
[86.995s] [ 41%] Built target subscriber_not_composable
[87.031s] [ 45%] [32mBuilding CXX object CMakeFiles/subscriber_content_filtering.dir/content_filtering.cpp.o[0m
[99.975s] [ 50%] [32m[1mLinking CXX executable subscriber_content_filtering[0m
[100.448s] [ 50%] Built target subscriber_content_filtering
[100.484s] [ 54%] [32mBuilding CXX object CMakeFiles/wait_set_subscriber_library.dir/wait_set_subscriber.cpp.o[0m
[114.216s] [ 58%] [32mBuilding CXX object CMakeFiles/wait_set_subscriber_library.dir/static_wait_set_subscriber.cpp.o[0m
[125.595s] [ 62%] [32mBuilding CXX object CMakeFiles/wait_set_subscriber_library.dir/time_triggered_wait_set_subscriber.cpp.o[0m
[139.291s] [ 66%] [32m[1mLinking CXX shared library libwait_set_subscriber_library.so[0m
[140.509s] [ 66%] Built target wait_set_subscriber_library
[140.545s] [ 70%] [32mBuilding CXX object CMakeFiles/wait_set_subscriber.dir/rclcpp_components/node_main_wait_set_subscriber.cpp.o[0m
[145.487s] [ 75%] [32m[1mLinking CXX executable wait_set_subscriber[0m
[145.704s] [ 75%] Built target wait_set_subscriber
[145.774s] [ 79%] [32mBuilding CXX object CMakeFiles/static_wait_set_subscriber.dir/rclcpp_components/node_main_static_wait_set_subscriber.cpp.o[0m
[151.826s] [ 83%] [32m[1mLinking CXX executable static_wait_set_subscriber[0m
[152.220s] [ 83%] Built target static_wait_set_subscriber
[152.320s] [ 87%] [32mBuilding CXX object CMakeFiles/time_triggered_wait_set_subscriber.dir/rclcpp_components/node_main_time_triggered_wait_set_subscriber.cpp.o[0m
[159.898s] [ 91%] [32m[1mLinking CXX executable time_triggered_wait_set_subscriber[0m
[160.277s] [ 91%] Built target time_triggered_wait_set_subscriber
[160.388s] [ 95%] [32mBuilding CXX object CMakeFiles/subscriber_member_function.dir/member_function.cpp.o[0m
[174.353s] [100%] [32m[1mLinking CXX executable subscriber_member_function[0m
[175.052s] [100%] Built target subscriber_member_function
[175.103s] Invoked command in '/home/bryan/Workspace/ros2_ws/build/examples_rclcpp_minimal_subscriber' returned '0': CMAKE_PREFIX_PATH=/opt/ros/humble /usr/bin/cmake --build /home/bryan/Workspace/ros2_ws/build/examples_rclcpp_minimal_subscriber -- -j3 -l3
[175.107s] Invoking command in '/home/bryan/Workspace/ros2_ws/build/examples_rclcpp_minimal_subscriber': CMAKE_PREFIX_PATH=/opt/ros/humble /usr/bin/cmake --install /home/bryan/Workspace/ros2_ws/build/examples_rclcpp_minimal_subscriber
[175.119s] -- Install configuration: ""
[175.121s] -- Execute custom install script
[175.122s] -- Symlinking: /home/bryan/Workspace/ros2_ws/install/examples_rclcpp_minimal_subscriber/lib/examples_rclcpp_minimal_subscriber/wait_set_subscriber
[175.137s] -- Symlinking: /home/bryan/Workspace/ros2_ws/install/examples_rclcpp_minimal_subscriber/lib/examples_rclcpp_minimal_subscriber/static_wait_set_subscriber
[175.153s] -- Symlinking: /home/bryan/Workspace/ros2_ws/install/examples_rclcpp_minimal_subscriber/lib/examples_rclcpp_minimal_subscriber/time_triggered_wait_set_subscriber
[175.178s] -- Symlinking: /home/bryan/Workspace/ros2_ws/install/examples_rclcpp_minimal_subscriber/lib/libwait_set_subscriber_library.so
[175.196s] -- Symlinking: /home/bryan/Workspace/ros2_ws/install/examples_rclcpp_minimal_subscriber/lib/examples_rclcpp_minimal_subscriber/subscriber_lambda
[175.211s] -- Symlinking: /home/bryan/Workspace/ros2_ws/install/examples_rclcpp_minimal_subscriber/lib/examples_rclcpp_minimal_subscriber/subscriber_member_function
[175.226s] -- Symlinking: /home/bryan/Workspace/ros2_ws/install/examples_rclcpp_minimal_subscriber/lib/examples_rclcpp_minimal_subscriber/subscriber_member_function_with_topic_statistics
[175.242s] -- Symlinking: /home/bryan/Workspace/ros2_ws/install/examples_rclcpp_minimal_subscriber/lib/examples_rclcpp_minimal_subscriber/subscriber_member_function_with_type_adapter
[175.257s] -- Symlinking: /home/bryan/Workspace/ros2_ws/install/examples_rclcpp_minimal_subscriber/lib/examples_rclcpp_minimal_subscriber/subscriber_member_function_with_unique_network_flow_endpoints
[175.299s] -- Symlinking: /home/bryan/Workspace/ros2_ws/install/examples_rclcpp_minimal_subscriber/lib/examples_rclcpp_minimal_subscriber/subscriber_not_composable
[175.322s] -- Symlinking: /home/bryan/Workspace/ros2_ws/install/examples_rclcpp_minimal_subscriber/lib/examples_rclcpp_minimal_subscriber/subscriber_content_filtering
[175.340s] -- Symlinking: /home/bryan/Workspace/ros2_ws/install/examples_rclcpp_minimal_subscriber/share/ament_index/resource_index/package_run_dependencies/examples_rclcpp_minimal_subscriber
[175.355s] -- Symlinking: /home/bryan/Workspace/ros2_ws/install/examples_rclcpp_minimal_subscriber/share/ament_index/resource_index/parent_prefix_path/examples_rclcpp_minimal_subscriber
[175.392s] -- Symlinking: /home/bryan/Workspace/ros2_ws/install/examples_rclcpp_minimal_subscriber/share/examples_rclcpp_minimal_subscriber/environment/ament_prefix_path.sh
[175.413s] -- Symlinking: /home/bryan/Workspace/ros2_ws/install/examples_rclcpp_minimal_subscriber/share/examples_rclcpp_minimal_subscriber/environment/ament_prefix_path.dsv
[175.428s] -- Symlinking: /home/bryan/Workspace/ros2_ws/install/examples_rclcpp_minimal_subscriber/share/examples_rclcpp_minimal_subscriber/environment/path.sh
[175.447s] -- Symlinking: /home/bryan/Workspace/ros2_ws/install/examples_rclcpp_minimal_subscriber/share/examples_rclcpp_minimal_subscriber/environment/path.dsv
[175.463s] -- Symlinking: /home/bryan/Workspace/ros2_ws/install/examples_rclcpp_minimal_subscriber/share/examples_rclcpp_minimal_subscriber/local_setup.bash
[175.512s] -- Symlinking: /home/bryan/Workspace/ros2_ws/install/examples_rclcpp_minimal_subscriber/share/examples_rclcpp_minimal_subscriber/local_setup.sh
[175.531s] -- Symlinking: /home/bryan/Workspace/ros2_ws/install/examples_rclcpp_minimal_subscriber/share/examples_rclcpp_minimal_subscriber/local_setup.zsh
[175.548s] -- Symlinking: /home/bryan/Workspace/ros2_ws/install/examples_rclcpp_minimal_subscriber/share/examples_rclcpp_minimal_subscriber/local_setup.dsv
[175.567s] -- Symlinking: /home/bryan/Workspace/ros2_ws/install/examples_rclcpp_minimal_subscriber/share/examples_rclcpp_minimal_subscriber/package.dsv
[175.601s] -- Symlinking: /home/bryan/Workspace/ros2_ws/install/examples_rclcpp_minimal_subscriber/share/ament_index/resource_index/packages/examples_rclcpp_minimal_subscriber
[175.619s] -- Symlinking: /home/bryan/Workspace/ros2_ws/install/examples_rclcpp_minimal_subscriber/share/ament_index/resource_index/rclcpp_components/examples_rclcpp_minimal_subscriber
[175.635s] -- Symlinking: /home/bryan/Workspace/ros2_ws/install/examples_rclcpp_minimal_subscriber/share/examples_rclcpp_minimal_subscriber/cmake/examples_rclcpp_minimal_subscriberConfig.cmake
[175.652s] -- Symlinking: /home/bryan/Workspace/ros2_ws/install/examples_rclcpp_minimal_subscriber/share/examples_rclcpp_minimal_subscriber/cmake/examples_rclcpp_minimal_subscriberConfig-version.cmake
[175.671s] -- Symlinking: /home/bryan/Workspace/ros2_ws/install/examples_rclcpp_minimal_subscriber/share/examples_rclcpp_minimal_subscriber/package.xml
[175.712s] Invoked command in '/home/bryan/Workspace/ros2_ws/build/examples_rclcpp_minimal_subscriber' returned '0': CMAKE_PREFIX_PATH=/opt/ros/humble /usr/bin/cmake --install /home/bryan/Workspace/ros2_ws/build/examples_rclcpp_minimal_subscriber
