[1.527s] Invoking command in '/home/bryan/Workspace/ros2_ws/first_package': PYTHONPATH=/home/bryan/Workspace/ros2_ws/build/first_package/prefix_override:/usr/lib/python3/dist-packages/colcon_core/task/python/colcon_distutils_commands:/home/bryan/Workspace/ros2_ws/install/first_package/lib/python3.10/site-packages:${PYTHONPATH} /usr/bin/python3 -W ignore:setup.py install is deprecated -W ignore:easy_install command is deprecated setup.py egg_info --egg-base ../build/first_package build --build-base /home/bryan/Workspace/ros2_ws/build/first_package/build install --record /home/bryan/Workspace/ros2_ws/build/first_package/install.log --single-version-externally-managed install_data
[2.132s] running egg_info
[2.135s] writing ../build/first_package/first_package.egg-info/PKG-INFO
[2.139s] writing dependency_links to ../build/first_package/first_package.egg-info/dependency_links.txt
[2.143s] writing entry points to ../build/first_package/first_package.egg-info/entry_points.txt
[2.144s] writing requirements to ../build/first_package/first_package.egg-info/requires.txt
[2.148s] writing top-level names to ../build/first_package/first_package.egg-info/top_level.txt
[2.153s] reading manifest file '../build/first_package/first_package.egg-info/SOURCES.txt'
[2.153s] writing manifest file '../build/first_package/first_package.egg-info/SOURCES.txt'
[2.156s] running build
[2.156s] running build_py
[2.157s] running install
[2.167s] running install_lib
[2.167s] running install_data
[2.167s] running install_egg_info
[2.167s] removing '/home/bryan/Workspace/ros2_ws/install/first_package/lib/python3.10/site-packages/first_package-0.0.0-py3.10.egg-info' (and everything under it)
[2.171s] Copying ../build/first_package/first_package.egg-info to /home/bryan/Workspace/ros2_ws/install/first_package/lib/python3.10/site-packages/first_package-0.0.0-py3.10.egg-info
[2.191s] running install_scripts
[2.272s] writing list of installed files to '/home/bryan/Workspace/ros2_ws/build/first_package/install.log'
[2.372s] Invoked command in '/home/bryan/Workspace/ros2_ws/first_package' returned '0': PYTHONPATH=/home/bryan/Workspace/ros2_ws/build/first_package/prefix_override:/usr/lib/python3/dist-packages/colcon_core/task/python/colcon_distutils_commands:/home/bryan/Workspace/ros2_ws/install/first_package/lib/python3.10/site-packages:${PYTHONPATH} /usr/bin/python3 -W ignore:setup.py install is deprecated -W ignore:easy_install command is deprecated setup.py egg_info --egg-base ../build/first_package build --build-base /home/bryan/Workspace/ros2_ws/build/first_package/build install --record /home/bryan/Workspace/ros2_ws/build/first_package/install.log --single-version-externally-managed install_data
