[2.579s] Invoking command in '/home/bryan/Workspace/ros2_ws/src/examples/rclpy/services/minimal_service': PYTHONPATH=/home/bryan/Workspace/ros2_ws/build/examples_rclpy_minimal_service/prefix_override:/usr/lib/python3/dist-packages/colcon_core/task/python/colcon_distutils_commands:/home/bryan/Workspace/ros2_ws/install/examples_rclpy_minimal_service/lib/python3.10/site-packages:${PYTHONPATH} /usr/bin/python3 -W ignore:setup.py install is deprecated -W ignore:easy_install command is deprecated setup.py egg_info --egg-base ../../../../../build/examples_rclpy_minimal_service build --build-base /home/bryan/Workspace/ros2_ws/build/examples_rclpy_minimal_service/build install --record /home/bryan/Workspace/ros2_ws/build/examples_rclpy_minimal_service/install.log --single-version-externally-managed install_data
[3.102s] running egg_info
[3.102s] writing ../../../../../build/examples_rclpy_minimal_service/examples_rclpy_minimal_service.egg-info/PKG-INFO
[3.103s] writing dependency_links to ../../../../../build/examples_rclpy_minimal_service/examples_rclpy_minimal_service.egg-info/dependency_links.txt
[3.105s] writing entry points to ../../../../../build/examples_rclpy_minimal_service/examples_rclpy_minimal_service.egg-info/entry_points.txt
[3.115s] writing requirements to ../../../../../build/examples_rclpy_minimal_service/examples_rclpy_minimal_service.egg-info/requires.txt
[3.116s] writing top-level names to ../../../../../build/examples_rclpy_minimal_service/examples_rclpy_minimal_service.egg-info/top_level.txt
[3.120s] reading manifest file '../../../../../build/examples_rclpy_minimal_service/examples_rclpy_minimal_service.egg-info/SOURCES.txt'
[3.121s] writing manifest file '../../../../../build/examples_rclpy_minimal_service/examples_rclpy_minimal_service.egg-info/SOURCES.txt'
[3.122s] running build
[3.122s] running build_py
[3.123s] running install
[3.124s] running install_lib
[3.128s] running install_data
[3.128s] running install_egg_info
[3.145s] removing '/home/bryan/Workspace/ros2_ws/install/examples_rclpy_minimal_service/lib/python3.10/site-packages/examples_rclpy_minimal_service-0.15.5-py3.10.egg-info' (and everything under it)
[3.163s] Copying ../../../../../build/examples_rclpy_minimal_service/examples_rclpy_minimal_service.egg-info to /home/bryan/Workspace/ros2_ws/install/examples_rclpy_minimal_service/lib/python3.10/site-packages/examples_rclpy_minimal_service-0.15.5-py3.10.egg-info
[3.203s] running install_scripts
[3.204s] Installing service script to /home/bryan/Workspace/ros2_ws/install/examples_rclpy_minimal_service/lib/examples_rclpy_minimal_service
[3.204s] Installing service_member_function script to /home/bryan/Workspace/ros2_ws/install/examples_rclpy_minimal_service/lib/examples_rclpy_minimal_service
[3.207s] writing list of installed files to '/home/bryan/Workspace/ros2_ws/build/examples_rclpy_minimal_service/install.log'
[3.256s] Invoked command in '/home/bryan/Workspace/ros2_ws/src/examples/rclpy/services/minimal_service' returned '0': PYTHONPATH=/home/bryan/Workspace/ros2_ws/build/examples_rclpy_minimal_service/prefix_override:/usr/lib/python3/dist-packages/colcon_core/task/python/colcon_distutils_commands:/home/bryan/Workspace/ros2_ws/install/examples_rclpy_minimal_service/lib/python3.10/site-packages:${PYTHONPATH} /usr/bin/python3 -W ignore:setup.py install is deprecated -W ignore:easy_install command is deprecated setup.py egg_info --egg-base ../../../../../build/examples_rclpy_minimal_service build --build-base /home/bryan/Workspace/ros2_ws/build/examples_rclpy_minimal_service/build install --record /home/bryan/Workspace/ros2_ws/build/examples_rclpy_minimal_service/install.log --single-version-externally-managed install_data
