[0.130s] Invoking command in '/home/bryan/Workspace/build/image_publisher': CMAKE_PREFIX_PATH=${CMAKE_PREFIX_PATH}:/home/bryan/Workspace/ros2_ws/install/sprint2:/home/bryan/Workspace/ros2_ws/install/launch_testing_examples:/home/bryan/Workspace/ros2_ws/install/image_converter:/home/bryan/Workspace/ros2_ws/install/first_package:/home/bryan/Workspace/ros2_ws/install/examples_rclpy_pointcloud_publisher:/home/bryan/Workspace/ros2_ws/install/examples_rclpy_minimal_subscriber:/home/bryan/Workspace/ros2_ws/install/examples_rclpy_minimal_service:/home/bryan/Workspace/ros2_ws/install/examples_rclpy_minimal_publisher:/home/bryan/Workspace/ros2_ws/install/examples_rclpy_minimal_client:/home/bryan/Workspace/ros2_ws/install/examples_rclpy_minimal_action_server:/home/bryan/Workspace/ros2_ws/install/examples_rclpy_minimal_action_client:/home/bryan/Workspace/ros2_ws/install/examples_rclpy_guard_conditions:/home/bryan/Workspace/ros2_ws/install/examples_rclpy_executors:/home/bryan/Workspace/ros2_ws/install/camera_calibration:/opt/ros/humble /usr/bin/cmake /home/bryan/Workspace/ros2_ws/image_pipeline/image_publisher -DAMENT_CMAKE_SYMLINK_INSTALL=1 -DCMAKE_INSTALL_PREFIX=/home/bryan/Workspace/install/image_publisher
[0.593s] -- The C compiler identification is GNU 11.4.0
[0.959s] -- The CXX compiler identification is GNU 11.4.0
[1.273s] -- Detecting C compiler ABI info
[2.063s] -- Detecting C compiler ABI info - done
[2.166s] -- Check for working C compiler: /usr/bin/cc - skipped
[2.167s] -- Detecting C compile features
[2.168s] -- Detecting C compile features - done
[2.187s] -- Detecting CXX compiler ABI info
[2.895s] -- Detecting CXX compiler ABI info - done
[2.983s] -- Check for working CXX compiler: /usr/bin/c++ - skipped
[2.983s] -- Detecting CXX compile features
[2.983s] -- Detecting CXX compile features - done
[2.997s] -- Found ament_cmake_auto: 1.3.14 (/opt/ros/humble/share/ament_cmake_auto/cmake)
[4.368s] -- Found Python3: /usr/bin/python3 (found version "3.10.12") found components: Interpreter 
[4.763s] -- Override CMake install command with custom implementation using symlinks instead of copying resources
[5.129s] -- Found camera_info_manager: 3.1.12 (/opt/ros/humble/share/camera_info_manager/cmake)
[5.362s] -- Found rosidl_generator_c: 3.1.8 (/opt/ros/humble/share/rosidl_generator_c/cmake)
[5.383s] -- Found rosidl_adapter: 3.1.8 (/opt/ros/humble/share/rosidl_adapter/cmake)
[5.468s] -- Found rosidl_generator_cpp: 3.1.8 (/opt/ros/humble/share/rosidl_generator_cpp/cmake)
[5.542s] -- Using all available rosidl_typesupport_c: rosidl_typesupport_fastrtps_c;rosidl_typesupport_introspection_c
[5.583s] -- Using all available rosidl_typesupport_cpp: rosidl_typesupport_fastrtps_cpp;rosidl_typesupport_introspection_cpp
[5.846s] -- Found rmw_implementation_cmake: 6.1.2 (/opt/ros/humble/share/rmw_implementation_cmake/cmake)
[5.865s] -- Found rmw_fastrtps_cpp: 6.2.10 (/opt/ros/humble/share/rmw_fastrtps_cpp/cmake)
[6.487s] -- Found OpenSSL: /usr/lib/x86_64-linux-gnu/libcrypto.so (found version "3.0.2")  
[6.612s] -- Found FastRTPS: /opt/ros/humble/include  
[6.744s] -- Using RMW implementation 'rmw_fastrtps_cpp' as default
[6.804s] -- Looking for pthread.h
[9.446s] -- Looking for pthread.h - found
[9.446s] -- Performing Test CMAKE_HAVE_LIBC_PTHREAD
[10.996s] -- Performing Test CMAKE_HAVE_LIBC_PTHREAD - Success
[10.997s] -- Found Threads: TRUE  
[11.798s] -- Found OpenCV: /usr (found version "4.5.4") found components: core imgcodecs videoio 
[11.798s] -- opencv version 4.5.4
[11.819s] -- Found ament_lint_auto: 0.12.15 (/opt/ros/humble/share/ament_lint_auto/cmake)
[11.874s] [0mIn this package, headers install destination is set to `include` by ament_auto_package. It is recommended to install `include/image_publisher` instead and will be the default behavior of ament_auto_package from ROS 2 Kilted Kaiju. On distributions before Kilted, ament_auto_package behaves the same way when you use USE_SCOPED_HEADER_INSTALL_DIR option.[0m
[11.907s] -- Added test 'copyright' to check source files copyright and LICENSE
[11.996s] -- Added test 'cppcheck' to perform static code analysis on C / C++ code
[11.997s] -- Configured cppcheck include dirs: /home/bryan/Workspace/ros2_ws/image_pipeline/image_publisher/include
[11.997s] -- Configured cppcheck exclude dirs and/or files: 
[12.013s] -- Added test 'cpplint' to check C / C++ code against the Google style
[12.014s] -- Configured cpplint exclude dirs and/or files: 
[12.100s] -- Added test 'flake8' to check Python code syntax and style conventions
[12.100s] -- Added test 'lint_cmake' to check CMake code style
[12.100s] -- Added test 'pep257' to check Python code against some of the docstring style conventions in PEP 257
[12.101s] -- Added test 'uncrustify' to check C / C++ code style
[12.101s] -- Configured uncrustify additional arguments: 
[12.101s] -- Added test 'xmllint' to check XML markup files
[12.101s] -- Configuring done
[12.101s] -- Generating done
[12.101s] -- Build files have been written to: /home/bryan/Workspace/build/image_publisher
[12.129s] Invoked command in '/home/bryan/Workspace/build/image_publisher' returned '0': CMAKE_PREFIX_PATH=${CMAKE_PREFIX_PATH}:/home/bryan/Workspace/ros2_ws/install/sprint2:/home/bryan/Workspace/ros2_ws/install/launch_testing_examples:/home/bryan/Workspace/ros2_ws/install/image_converter:/home/bryan/Workspace/ros2_ws/install/first_package:/home/bryan/Workspace/ros2_ws/install/examples_rclpy_pointcloud_publisher:/home/bryan/Workspace/ros2_ws/install/examples_rclpy_minimal_subscriber:/home/bryan/Workspace/ros2_ws/install/examples_rclpy_minimal_service:/home/bryan/Workspace/ros2_ws/install/examples_rclpy_minimal_publisher:/home/bryan/Workspace/ros2_ws/install/examples_rclpy_minimal_client:/home/bryan/Workspace/ros2_ws/install/examples_rclpy_minimal_action_server:/home/bryan/Workspace/ros2_ws/install/examples_rclpy_minimal_action_client:/home/bryan/Workspace/ros2_ws/install/examples_rclpy_guard_conditions:/home/bryan/Workspace/ros2_ws/install/examples_rclpy_executors:/home/bryan/Workspace/ros2_ws/install/camera_calibration:/opt/ros/humble /usr/bin/cmake /home/bryan/Workspace/ros2_ws/image_pipeline/image_publisher -DAMENT_CMAKE_SYMLINK_INSTALL=1 -DCMAKE_INSTALL_PREFIX=/home/bryan/Workspace/install/image_publisher
[12.287s] Invoking command in '/home/bryan/Workspace/build/image_publisher': CMAKE_PREFIX_PATH=${CMAKE_PREFIX_PATH}:/home/bryan/Workspace/ros2_ws/install/sprint2:/home/bryan/Workspace/ros2_ws/install/launch_testing_examples:/home/bryan/Workspace/ros2_ws/install/image_converter:/home/bryan/Workspace/ros2_ws/install/first_package:/home/bryan/Workspace/ros2_ws/install/examples_rclpy_pointcloud_publisher:/home/bryan/Workspace/ros2_ws/install/examples_rclpy_minimal_subscriber:/home/bryan/Workspace/ros2_ws/install/examples_rclpy_minimal_service:/home/bryan/Workspace/ros2_ws/install/examples_rclpy_minimal_publisher:/home/bryan/Workspace/ros2_ws/install/examples_rclpy_minimal_client:/home/bryan/Workspace/ros2_ws/install/examples_rclpy_minimal_action_server:/home/bryan/Workspace/ros2_ws/install/examples_rclpy_minimal_action_client:/home/bryan/Workspace/ros2_ws/install/examples_rclpy_guard_conditions:/home/bryan/Workspace/ros2_ws/install/examples_rclpy_executors:/home/bryan/Workspace/ros2_ws/install/camera_calibration:/opt/ros/humble /usr/bin/cmake --build /home/bryan/Workspace/build/image_publisher -- -j3 -l3
[13.212s] [ 25%] [32mBuilding CXX object CMakeFiles/image_publisher.dir/src/image_publisher.cpp.o[0m
[26.271s] [ 50%] [32m[1mLinking CXX shared library libimage_publisher.so[0m
[27.184s] [ 50%] Built target image_publisher
[28.248s] [ 75%] [32mBuilding CXX object CMakeFiles/image_publisher_node.dir/src/image_publisher_node.cpp.o[0m
[39.266s] [100%] [32m[1mLinking CXX executable image_publisher_node[0m
[40.771s] [100%] Built target image_publisher_node
[40.912s] Invoked command in '/home/bryan/Workspace/build/image_publisher' returned '0': CMAKE_PREFIX_PATH=${CMAKE_PREFIX_PATH}:/home/bryan/Workspace/ros2_ws/install/sprint2:/home/bryan/Workspace/ros2_ws/install/launch_testing_examples:/home/bryan/Workspace/ros2_ws/install/image_converter:/home/bryan/Workspace/ros2_ws/install/first_package:/home/bryan/Workspace/ros2_ws/install/examples_rclpy_pointcloud_publisher:/home/bryan/Workspace/ros2_ws/install/examples_rclpy_minimal_subscriber:/home/bryan/Workspace/ros2_ws/install/examples_rclpy_minimal_service:/home/bryan/Workspace/ros2_ws/install/examples_rclpy_minimal_publisher:/home/bryan/Workspace/ros2_ws/install/examples_rclpy_minimal_client:/home/bryan/Workspace/ros2_ws/install/examples_rclpy_minimal_action_server:/home/bryan/Workspace/ros2_ws/install/examples_rclpy_minimal_action_client:/home/bryan/Workspace/ros2_ws/install/examples_rclpy_guard_conditions:/home/bryan/Workspace/ros2_ws/install/examples_rclpy_executors:/home/bryan/Workspace/ros2_ws/install/camera_calibration:/opt/ros/humble /usr/bin/cmake --build /home/bryan/Workspace/build/image_publisher -- -j3 -l3
[40.919s] Invoking command in '/home/bryan/Workspace/build/image_publisher': CMAKE_PREFIX_PATH=${CMAKE_PREFIX_PATH}:/home/bryan/Workspace/ros2_ws/install/sprint2:/home/bryan/Workspace/ros2_ws/install/launch_testing_examples:/home/bryan/Workspace/ros2_ws/install/image_converter:/home/bryan/Workspace/ros2_ws/install/first_package:/home/bryan/Workspace/ros2_ws/install/examples_rclpy_pointcloud_publisher:/home/bryan/Workspace/ros2_ws/install/examples_rclpy_minimal_subscriber:/home/bryan/Workspace/ros2_ws/install/examples_rclpy_minimal_service:/home/bryan/Workspace/ros2_ws/install/examples_rclpy_minimal_publisher:/home/bryan/Workspace/ros2_ws/install/examples_rclpy_minimal_client:/home/bryan/Workspace/ros2_ws/install/examples_rclpy_minimal_action_server:/home/bryan/Workspace/ros2_ws/install/examples_rclpy_minimal_action_client:/home/bryan/Workspace/ros2_ws/install/examples_rclpy_guard_conditions:/home/bryan/Workspace/ros2_ws/install/examples_rclpy_executors:/home/bryan/Workspace/ros2_ws/install/camera_calibration:/opt/ros/humble /usr/bin/cmake --install /home/bryan/Workspace/build/image_publisher
[41.239s] -- Install configuration: ""
[41.239s] -- Execute custom install script
[41.298s] -- Symlinking: /home/bryan/Workspace/install/image_publisher/include/image_publisher/image_publisher.hpp
[41.300s] -- Symlinking: /home/bryan/Workspace/install/image_publisher/include/image_publisher/visibility.h
[41.303s] -- Symlinking: /home/bryan/Workspace/install/image_publisher/share/image_publisher/environment/library_path.sh
[41.311s] -- Symlinking: /home/bryan/Workspace/install/image_publisher/share/image_publisher/environment/library_path.dsv
[41.312s] -- Symlinking: /home/bryan/Workspace/install/image_publisher/lib/libimage_publisher.so
[41.312s] -- Symlinking: /home/bryan/Workspace/install/image_publisher/lib/image_publisher/image_publisher_node
[41.312s] -- Symlinking: /home/bryan/Workspace/install/image_publisher/share/image_publisher/launch/image_publisher_file.launch.py
[41.315s] -- Symlinking: /home/bryan/Workspace/install/image_publisher/share/image_publisher/launch/image_publisher_mono.launch.py
[41.366s] -- Symlinking: /home/bryan/Workspace/install/image_publisher/share/image_publisher/launch/image_publisher_stereo.launch.py
[41.366s] -- Symlinking: /home/bryan/Workspace/install/image_publisher/share/image_publisher/launch/splash.png
[41.366s] -- Symlinking: /home/bryan/Workspace/install/image_publisher/share/ament_index/resource_index/package_run_dependencies/image_publisher
[41.368s] -- Symlinking: /home/bryan/Workspace/install/image_publisher/share/ament_index/resource_index/parent_prefix_path/image_publisher
[41.368s] -- Symlinking: /home/bryan/Workspace/install/image_publisher/share/image_publisher/environment/ament_prefix_path.sh
[41.368s] -- Symlinking: /home/bryan/Workspace/install/image_publisher/share/image_publisher/environment/ament_prefix_path.dsv
[42.232s] -- Symlinking: /home/bryan/Workspace/install/image_publisher/share/image_publisher/environment/path.sh
[42.309s] -- Symlinking: /home/bryan/Workspace/install/image_publisher/share/image_publisher/environment/path.dsv
[42.400s] -- Symlinking: /home/bryan/Workspace/install/image_publisher/share/image_publisher/local_setup.bash
[42.450s] -- Symlinking: /home/bryan/Workspace/install/image_publisher/share/image_publisher/local_setup.sh
[42.469s] -- Symlinking: /home/bryan/Workspace/install/image_publisher/share/image_publisher/local_setup.zsh
[42.506s] -- Symlinking: /home/bryan/Workspace/install/image_publisher/share/image_publisher/local_setup.dsv
[42.525s] -- Symlinking: /home/bryan/Workspace/install/image_publisher/share/image_publisher/package.dsv
[42.557s] -- Symlinking: /home/bryan/Workspace/install/image_publisher/share/ament_index/resource_index/packages/image_publisher
[42.579s] -- Symlinking: /home/bryan/Workspace/install/image_publisher/share/ament_index/resource_index/rclcpp_components/image_publisher
[42.621s] -- Symlinking: /home/bryan/Workspace/install/image_publisher/share/image_publisher/cmake/ament_cmake_export_dependencies-extras.cmake
[42.683s] -- Symlinking: /home/bryan/Workspace/install/image_publisher/share/image_publisher/cmake/ament_cmake_export_include_directories-extras.cmake
[42.716s] -- Symlinking: /home/bryan/Workspace/install/image_publisher/share/image_publisher/cmake/ament_cmake_export_libraries-extras.cmake
[43.035s] -- Symlinking: /home/bryan/Workspace/install/image_publisher/share/image_publisher/cmake/image_publisherConfig.cmake
[43.055s] -- Symlinking: /home/bryan/Workspace/install/image_publisher/share/image_publisher/cmake/image_publisherConfig-version.cmake
[43.071s] -- Symlinking: /home/bryan/Workspace/install/image_publisher/share/image_publisher/package.xml
[43.118s] Invoked command in '/home/bryan/Workspace/build/image_publisher' returned '0': CMAKE_PREFIX_PATH=${CMAKE_PREFIX_PATH}:/home/bryan/Workspace/ros2_ws/install/sprint2:/home/bryan/Workspace/ros2_ws/install/launch_testing_examples:/home/bryan/Workspace/ros2_ws/install/image_converter:/home/bryan/Workspace/ros2_ws/install/first_package:/home/bryan/Workspace/ros2_ws/install/examples_rclpy_pointcloud_publisher:/home/bryan/Workspace/ros2_ws/install/examples_rclpy_minimal_subscriber:/home/bryan/Workspace/ros2_ws/install/examples_rclpy_minimal_service:/home/bryan/Workspace/ros2_ws/install/examples_rclpy_minimal_publisher:/home/bryan/Workspace/ros2_ws/install/examples_rclpy_minimal_client:/home/bryan/Workspace/ros2_ws/install/examples_rclpy_minimal_action_server:/home/bryan/Workspace/ros2_ws/install/examples_rclpy_minimal_action_client:/home/bryan/Workspace/ros2_ws/install/examples_rclpy_guard_conditions:/home/bryan/Workspace/ros2_ws/install/examples_rclpy_executors:/home/bryan/Workspace/ros2_ws/install/camera_calibration:/opt/ros/humble /usr/bin/cmake --install /home/bryan/Workspace/build/image_publisher
