/home/bryan/Workspace/ros2_ws/install/camera_calibration/lib/python3.10/site-packages/camera_calibration/calibrator.py
/home/bryan/Workspace/ros2_ws/install/camera_calibration/lib/python3.10/site-packages/camera_calibration/camera_checker.py
/home/bryan/Workspace/ros2_ws/install/camera_calibration/lib/python3.10/site-packages/camera_calibration/__init__.py
/home/bryan/Workspace/ros2_ws/install/camera_calibration/lib/python3.10/site-packages/camera_calibration/camera_calibrator.py
/home/bryan/Workspace/ros2_ws/install/camera_calibration/lib/python3.10/site-packages/camera_calibration/nodes/cameracalibrator.py
/home/bryan/Workspace/ros2_ws/install/camera_calibration/lib/python3.10/site-packages/camera_calibration/nodes/cameracheck.py
/home/bryan/Workspace/ros2_ws/install/camera_calibration/lib/python3.10/site-packages/camera_calibration/nodes/__init__.py
/home/bryan/Workspace/ros2_ws/install/camera_calibration/lib/python3.10/site-packages/camera_calibration/__pycache__/calibrator.cpython-310.pyc
/home/bryan/Workspace/ros2_ws/install/camera_calibration/lib/python3.10/site-packages/camera_calibration/__pycache__/camera_checker.cpython-310.pyc
/home/bryan/Workspace/ros2_ws/install/camera_calibration/lib/python3.10/site-packages/camera_calibration/__pycache__/__init__.cpython-310.pyc
/home/bryan/Workspace/ros2_ws/install/camera_calibration/lib/python3.10/site-packages/camera_calibration/__pycache__/camera_calibrator.cpython-310.pyc
/home/bryan/Workspace/ros2_ws/install/camera_calibration/lib/python3.10/site-packages/camera_calibration/nodes/__pycache__/cameracalibrator.cpython-310.pyc
/home/bryan/Workspace/ros2_ws/install/camera_calibration/lib/python3.10/site-packages/camera_calibration/nodes/__pycache__/cameracheck.cpython-310.pyc
/home/bryan/Workspace/ros2_ws/install/camera_calibration/lib/python3.10/site-packages/camera_calibration/nodes/__pycache__/__init__.cpython-310.pyc
/home/bryan/Workspace/ros2_ws/install/camera_calibration/share/ament_index/resource_index/packages/camera_calibration
/home/bryan/Workspace/ros2_ws/install/camera_calibration/share/camera_calibration/package.xml
/home/bryan/Workspace/ros2_ws/install/camera_calibration/lib/python3.10/site-packages/camera_calibration-3.0.9-py3.10.egg-info/SOURCES.txt
/home/bryan/Workspace/ros2_ws/install/camera_calibration/lib/python3.10/site-packages/camera_calibration-3.0.9-py3.10.egg-info/top_level.txt
/home/bryan/Workspace/ros2_ws/install/camera_calibration/lib/python3.10/site-packages/camera_calibration-3.0.9-py3.10.egg-info/dependency_links.txt
/home/bryan/Workspace/ros2_ws/install/camera_calibration/lib/python3.10/site-packages/camera_calibration-3.0.9-py3.10.egg-info/PKG-INFO
/home/bryan/Workspace/ros2_ws/install/camera_calibration/lib/python3.10/site-packages/camera_calibration-3.0.9-py3.10.egg-info/entry_points.txt
/home/bryan/Workspace/ros2_ws/install/camera_calibration/lib/python3.10/site-packages/camera_calibration-3.0.9-py3.10.egg-info/zip-safe
/home/bryan/Workspace/ros2_ws/install/camera_calibration/lib/python3.10/site-packages/camera_calibration-3.0.9-py3.10.egg-info/requires.txt
/home/bryan/Workspace/ros2_ws/install/camera_calibration/lib/camera_calibration/cameracalibrator
/home/bryan/Workspace/ros2_ws/install/camera_calibration/lib/camera_calibration/cameracheck
