[0.112s] Invoking command in '/home/bryan/Workspace/ros2_ws/build/image_view': CMAKE_PREFIX_PATH=/opt/ros/humble /usr/bin/cmake /home/bryan/Workspace/ros2_ws/image_pipeline/image_view -DCMAKE_INSTALL_PREFIX=/home/bryan/Workspace/ros2_ws/install/image_view
[0.256s] -- The C compiler identification is GNU 11.4.0
[0.393s] -- The CXX compiler identification is GNU 11.4.0
[0.393s] -- Detecting C compiler ABI info
[0.933s] -- Detecting C compiler ABI info - done
[0.944s] -- Check for working C compiler: /usr/bin/cc - skipped
[0.945s] -- Detecting C compile features
[0.945s] -- Detecting C compile features - done
[0.949s] -- Detecting CXX compiler ABI info
[1.194s] -- Detecting CXX compiler ABI info - done
[1.229s] -- Check for working CXX compiler: /usr/bin/c++ - skipped
[1.231s] -- Detecting CXX compile features
[1.231s] -- Detecting CXX compile features - done
[1.240s] -- Found ament_cmake_auto: 1.3.14 (/opt/ros/humble/share/ament_cmake_auto/cmake)
[1.662s] -- Found Python3: /usr/bin/python3 (found version "3.10.12") found components: Interpreter 
[2.396s] -- Found rosidl_generator_c: 3.1.8 (/opt/ros/humble/share/rosidl_generator_c/cmake)
[2.396s] -- Found rosidl_adapter: 3.1.8 (/opt/ros/humble/share/rosidl_adapter/cmake)
[2.397s] -- Found rosidl_generator_cpp: 3.1.8 (/opt/ros/humble/share/rosidl_generator_cpp/cmake)
[2.398s] -- Using all available rosidl_typesupport_c: rosidl_typesupport_fastrtps_c;rosidl_typesupport_introspection_c
[2.400s] -- Using all available rosidl_typesupport_cpp: rosidl_typesupport_fastrtps_cpp;rosidl_typesupport_introspection_cpp
[2.401s] -- Found rmw_implementation_cmake: 6.1.2 (/opt/ros/humble/share/rmw_implementation_cmake/cmake)
[2.401s] -- Found rmw_fastrtps_cpp: 6.2.10 (/opt/ros/humble/share/rmw_fastrtps_cpp/cmake)
[2.796s] -- Found OpenSSL: /usr/lib/x86_64-linux-gnu/libcrypto.so (found version "3.0.2")  
[2.836s] -- Found FastRTPS: /opt/ros/humble/include  
[2.948s] -- Using RMW implementation 'rmw_fastrtps_cpp' as default
[2.968s] -- Looking for pthread.h
[4.313s] -- Looking for pthread.h - found
[4.313s] -- Performing Test CMAKE_HAVE_LIBC_PTHREAD
[4.434s] -- Performing Test CMAKE_HAVE_LIBC_PTHREAD - Success
[4.436s] -- Found Threads: TRUE  
[4.784s] -- Found Boost: /usr/lib/x86_64-linux-gnu/cmake/Boost-1.74.0/BoostConfig.cmake (found version "1.74.0")  
[4.815s] -- Found OpenCV: /usr (found version "4.5.4") 
[4.840s] -- Found ament_lint_auto: 0.12.15 (/opt/ros/humble/share/ament_lint_auto/cmake)
[4.864s] [0mIn this package, headers install destination is set to `include` by ament_auto_package. It is recommended to install `include/image_view` instead and will be the default behavior of ament_auto_package from ROS 2 Kilted Kaiju. On distributions before Kilted, ament_auto_package behaves the same way when you use USE_SCOPED_HEADER_INSTALL_DIR option.[0m
[4.864s] -- Added test 'copyright' to check source files copyright and LICENSE
[4.871s] -- Added test 'cppcheck' to perform static code analysis on C / C++ code
[4.872s] -- Configured cppcheck include dirs: /home/bryan/Workspace/ros2_ws/image_pipeline/image_view/include
[4.872s] -- Configured cppcheck exclude dirs and/or files: 
[4.874s] -- Added test 'cpplint' to check C / C++ code against the Google style
[4.875s] -- Configured cpplint exclude dirs and/or files: 
[4.878s] -- Added test 'lint_cmake' to check CMake code style
[4.878s] -- Added test 'uncrustify' to check C / C++ code style
[4.879s] -- Configured uncrustify additional arguments: 
[4.880s] -- Added test 'xmllint' to check XML markup files
[4.884s] -- Configuring done
[5.004s] -- Generating done
[5.038s] -- Build files have been written to: /home/bryan/Workspace/ros2_ws/build/image_view
[5.977s] Invoked command in '/home/bryan/Workspace/ros2_ws/build/image_view' returned '0': CMAKE_PREFIX_PATH=/opt/ros/humble /usr/bin/cmake /home/bryan/Workspace/ros2_ws/image_pipeline/image_view -DCMAKE_INSTALL_PREFIX=/home/bryan/Workspace/ros2_ws/install/image_view
[6.011s] Invoking command in '/home/bryan/Workspace/ros2_ws/build/image_view': CMAKE_PREFIX_PATH=/opt/ros/humble /usr/bin/cmake --build /home/bryan/Workspace/ros2_ws/build/image_view -- -j3 -l3
[6.491s] [  5%] [32mBuilding CXX object CMakeFiles/image_view_nodes.dir/src/disparity_view_node.cpp.o[0m
[27.510s] [ 10%] [32mBuilding CXX object CMakeFiles/image_view_nodes.dir/src/image_view_node.cpp.o[0m
[40.804s] [ 15%] [32mBuilding CXX object CMakeFiles/image_view_nodes.dir/src/image_saver_node.cpp.o[0m
[45.601s] gmake[2]: *** [CMakeFiles/image_view_nodes.dir/build.make:118: CMakeFiles/image_view_nodes.dir/src/image_saver_node.cpp.o] Interrupt
[45.601s] gmake[1]: *** [CMakeFiles/Makefile2:149: CMakeFiles/image_view_nodes.dir/all] Interrupt
[45.601s] gmake: *** [Makefile:146: all] Interrupt
