[1.626s] Invoking command in '/home/bryan/Workspace/ros2_ws/build/examples_rclpy_pointcloud_publisher': PYTHONPATH=/home/bryan/Workspace/ros2_ws/build/examples_rclpy_pointcloud_publisher/prefix_override:/usr/lib/python3/dist-packages/colcon_core/task/python/colcon_distutils_commands:/home/bryan/Workspace/ros2_ws/install/examples_rclpy_pointcloud_publisher/lib/python3.10/site-packages:${PYTHONPATH} /usr/bin/python3 -W ignore:setup.py install is deprecated -W ignore:easy_install command is deprecated setup.py develop --uninstall --editable --build-directory /home/bryan/Workspace/ros2_ws/build/examples_rclpy_pointcloud_publisher/build
[2.339s] running develop
[2.660s] Removing /home/bryan/Workspace/ros2_ws/install/examples_rclpy_pointcloud_publisher/lib/python3.10/site-packages/examples-rclpy-pointcloud-publisher.egg-link (link to .)
[2.744s] Invoked command in '/home/bryan/Workspace/ros2_ws/build/examples_rclpy_pointcloud_publisher' returned '0': PYTHONPATH=/home/bryan/Workspace/ros2_ws/build/examples_rclpy_pointcloud_publisher/prefix_override:/usr/lib/python3/dist-packages/colcon_core/task/python/colcon_distutils_commands:/home/bryan/Workspace/ros2_ws/install/examples_rclpy_pointcloud_publisher/lib/python3.10/site-packages:${PYTHONPATH} /usr/bin/python3 -W ignore:setup.py install is deprecated -W ignore:easy_install command is deprecated setup.py develop --uninstall --editable --build-directory /home/bryan/Workspace/ros2_ws/build/examples_rclpy_pointcloud_publisher/build
[2.770s] Invoking command in '/home/bryan/Workspace/ros2_ws/src/examples/rclpy/topics/pointcloud_publisher': PYTHONPATH=/home/bryan/Workspace/ros2_ws/build/examples_rclpy_pointcloud_publisher/prefix_override:/usr/lib/python3/dist-packages/colcon_core/task/python/colcon_distutils_commands:/home/bryan/Workspace/ros2_ws/install/examples_rclpy_pointcloud_publisher/lib/python3.10/site-packages:${PYTHONPATH} /usr/bin/python3 -W ignore:setup.py install is deprecated -W ignore:easy_install command is deprecated setup.py egg_info --egg-base ../../../../../build/examples_rclpy_pointcloud_publisher build --build-base /home/bryan/Workspace/ros2_ws/build/examples_rclpy_pointcloud_publisher/build install --record /home/bryan/Workspace/ros2_ws/build/examples_rclpy_pointcloud_publisher/install.log --single-version-externally-managed install_data --force
[3.736s] running egg_info
[3.763s] writing ../../../../../build/examples_rclpy_pointcloud_publisher/examples_rclpy_pointcloud_publisher.egg-info/PKG-INFO
[3.763s] writing dependency_links to ../../../../../build/examples_rclpy_pointcloud_publisher/examples_rclpy_pointcloud_publisher.egg-info/dependency_links.txt
[3.763s] writing entry points to ../../../../../build/examples_rclpy_pointcloud_publisher/examples_rclpy_pointcloud_publisher.egg-info/entry_points.txt
[3.763s] writing requirements to ../../../../../build/examples_rclpy_pointcloud_publisher/examples_rclpy_pointcloud_publisher.egg-info/requires.txt
[3.763s] writing top-level names to ../../../../../build/examples_rclpy_pointcloud_publisher/examples_rclpy_pointcloud_publisher.egg-info/top_level.txt
[3.763s] reading manifest file '../../../../../build/examples_rclpy_pointcloud_publisher/examples_rclpy_pointcloud_publisher.egg-info/SOURCES.txt'
[3.767s] writing manifest file '../../../../../build/examples_rclpy_pointcloud_publisher/examples_rclpy_pointcloud_publisher.egg-info/SOURCES.txt'
[3.768s] running build
[3.768s] running build_py
[3.768s] creating /home/bryan/Workspace/ros2_ws/build/examples_rclpy_pointcloud_publisher/build
[3.768s] creating /home/bryan/Workspace/ros2_ws/build/examples_rclpy_pointcloud_publisher/build/lib
[3.768s] creating /home/bryan/Workspace/ros2_ws/build/examples_rclpy_pointcloud_publisher/build/lib/examples_rclpy_pointcloud_publisher
[3.768s] copying examples_rclpy_pointcloud_publisher/__init__.py -> /home/bryan/Workspace/ros2_ws/build/examples_rclpy_pointcloud_publisher/build/lib/examples_rclpy_pointcloud_publisher
[3.768s] copying examples_rclpy_pointcloud_publisher/pointcloud_publisher.py -> /home/bryan/Workspace/ros2_ws/build/examples_rclpy_pointcloud_publisher/build/lib/examples_rclpy_pointcloud_publisher
[3.768s] running install
[3.769s] running install_lib
[3.769s] creating /home/bryan/Workspace/ros2_ws/install/examples_rclpy_pointcloud_publisher/lib/python3.10/site-packages/examples_rclpy_pointcloud_publisher
[3.769s] copying /home/bryan/Workspace/ros2_ws/build/examples_rclpy_pointcloud_publisher/build/lib/examples_rclpy_pointcloud_publisher/__init__.py -> /home/bryan/Workspace/ros2_ws/install/examples_rclpy_pointcloud_publisher/lib/python3.10/site-packages/examples_rclpy_pointcloud_publisher
[3.769s] copying /home/bryan/Workspace/ros2_ws/build/examples_rclpy_pointcloud_publisher/build/lib/examples_rclpy_pointcloud_publisher/pointcloud_publisher.py -> /home/bryan/Workspace/ros2_ws/install/examples_rclpy_pointcloud_publisher/lib/python3.10/site-packages/examples_rclpy_pointcloud_publisher
[3.793s] byte-compiling /home/bryan/Workspace/ros2_ws/install/examples_rclpy_pointcloud_publisher/lib/python3.10/site-packages/examples_rclpy_pointcloud_publisher/__init__.py to __init__.cpython-310.pyc
[3.793s] byte-compiling /home/bryan/Workspace/ros2_ws/install/examples_rclpy_pointcloud_publisher/lib/python3.10/site-packages/examples_rclpy_pointcloud_publisher/pointcloud_publisher.py to pointcloud_publisher.cpython-310.pyc
[3.794s] running install_data
[3.794s] copying resource/examples_rclpy_pointcloud_publisher -> /home/bryan/Workspace/ros2_ws/install/examples_rclpy_pointcloud_publisher/share/ament_index/resource_index/packages
[3.794s] copying package.xml -> /home/bryan/Workspace/ros2_ws/install/examples_rclpy_pointcloud_publisher/share/examples_rclpy_pointcloud_publisher
[3.800s] running install_egg_info
[3.831s] Copying ../../../../../build/examples_rclpy_pointcloud_publisher/examples_rclpy_pointcloud_publisher.egg-info to /home/bryan/Workspace/ros2_ws/install/examples_rclpy_pointcloud_publisher/lib/python3.10/site-packages/examples_rclpy_pointcloud_publisher-0.15.5-py3.10.egg-info
[3.837s] running install_scripts
[3.942s] Installing pointcloud_publisher script to /home/bryan/Workspace/ros2_ws/install/examples_rclpy_pointcloud_publisher/lib/examples_rclpy_pointcloud_publisher
[3.948s] writing list of installed files to '/home/bryan/Workspace/ros2_ws/build/examples_rclpy_pointcloud_publisher/install.log'
[4.063s] Invoked command in '/home/bryan/Workspace/ros2_ws/src/examples/rclpy/topics/pointcloud_publisher' returned '0': PYTHONPATH=/home/bryan/Workspace/ros2_ws/build/examples_rclpy_pointcloud_publisher/prefix_override:/usr/lib/python3/dist-packages/colcon_core/task/python/colcon_distutils_commands:/home/bryan/Workspace/ros2_ws/install/examples_rclpy_pointcloud_publisher/lib/python3.10/site-packages:${PYTHONPATH} /usr/bin/python3 -W ignore:setup.py install is deprecated -W ignore:easy_install command is deprecated setup.py egg_info --egg-base ../../../../../build/examples_rclpy_pointcloud_publisher build --build-base /home/bryan/Workspace/ros2_ws/build/examples_rclpy_pointcloud_publisher/build install --record /home/bryan/Workspace/ros2_ws/build/examples_rclpy_pointcloud_publisher/install.log --single-version-externally-managed install_data --force
