[0.177s] DEBUG:colcon:Command line arguments: ['/usr/bin/colcon', 'build']
[0.178s] DEBUG:colcon:Parsed command line arguments: Namespace(log_base=None, log_level=None, verb_name='build', build_base='build', install_base='install', merge_install=False, symlink_install=False, test_result_base=None, continue_on_error=False, executor='parallel', parallel_workers=3, event_handlers=None, ignore_user_meta=False, metas=['./colcon.meta'], base_paths=['.'], packages_ignore=None, packages_ignore_regex=None, paths=None, packages_up_to=None, packages_up_to_regex=None, packages_above=None, packages_above_and_dependencies=None, packages_above_depth=None, packages_select_by_dep=None, packages_skip_by_dep=None, packages_skip_up_to=None, packages_select_build_failed=False, packages_skip_build_finished=False, packages_select_test_failures=False, packages_skip_test_passed=False, packages_select=None, packages_skip=None, packages_select_regex=None, packages_skip_regex=None, packages_start=None, packages_end=None, allow_overriding=[], cmake_args=None, cmake_target=None, cmake_target_skip_unavailable=False, cmake_clean_cache=False, cmake_clean_first=False, cmake_force_configure=False, ament_cmake_args=None, catkin_cmake_args=None, catkin_skip_building_tests=False, mixin_files=None, mixin=None, verb_parser=<colcon_mixin.mixin.mixin_argument.MixinArgumentDecorator object at 0x72144644dff0>, verb_extension=<colcon_core.verb.build.BuildVerb object at 0x72144644da50>, main=<bound method BuildVerb.main of <colcon_core.verb.build.BuildVerb object at 0x72144644da50>>, mixin_verb=('build',))
[0.441s] Level 1:colcon.colcon_core.package_discovery:discover_packages(colcon_meta) check parameters
[0.443s] Level 1:colcon.colcon_core.package_discovery:discover_packages(recursive) check parameters
[0.443s] Level 1:colcon.colcon_core.package_discovery:discover_packages(ignore) check parameters
[0.443s] Level 1:colcon.colcon_core.package_discovery:discover_packages(path) check parameters
[0.443s] Level 1:colcon.colcon_core.package_discovery:discover_packages(colcon_meta) discover
[0.443s] Level 1:colcon.colcon_core.package_discovery:discover_packages(recursive) discover
[0.443s] INFO:colcon.colcon_core.package_discovery:Crawling recursively for packages in '/home/hannah/Workspace/ros2_ws/src/ros2_sumo-v010/ros2_sumo-main'
[0.444s] Level 1:colcon.colcon_core.package_identification:_identify(.) by extensions ['ignore', 'ignore_ament_install']
[0.444s] Level 1:colcon.colcon_core.package_identification:_identify(.) by extension 'ignore'
[0.444s] Level 1:colcon.colcon_core.package_identification:_identify(.) by extension 'ignore_ament_install'
[0.444s] Level 1:colcon.colcon_core.package_identification:_identify(.) by extensions ['colcon_pkg']
[0.444s] Level 1:colcon.colcon_core.package_identification:_identify(.) by extension 'colcon_pkg'
[0.444s] Level 1:colcon.colcon_core.package_identification:_identify(.) by extensions ['colcon_meta']
[0.444s] Level 1:colcon.colcon_core.package_identification:_identify(.) by extension 'colcon_meta'
[0.444s] Level 1:colcon.colcon_core.package_identification:_identify(.) by extensions ['ros']
[0.444s] Level 1:colcon.colcon_core.package_identification:_identify(.) by extension 'ros'
[0.467s] DEBUG:colcon.colcon_core.package_identification:Package '.' with type 'ros.ament_python' and name 'ros2_sumo'
[0.467s] Level 1:colcon.colcon_core.package_discovery:discover_packages(recursive) using defaults
[0.468s] Level 1:colcon.colcon_core.package_discovery:discover_packages(ignore) discover
[0.468s] Level 1:colcon.colcon_core.package_discovery:discover_packages(ignore) using defaults
[0.468s] Level 1:colcon.colcon_core.package_discovery:discover_packages(path) discover
[0.468s] Level 1:colcon.colcon_core.package_discovery:discover_packages(path) using defaults
[0.525s] Level 1:colcon.colcon_core.package_discovery:discover_packages(prefix_path) check parameters
[0.525s] Level 1:colcon.colcon_core.package_discovery:discover_packages(prefix_path) discover
[0.527s] DEBUG:colcon.colcon_installed_package_information.package_discovery:Found 1 installed packages in /home/hannah/Workspace/ros2_ws/src/install
[0.528s] DEBUG:colcon.colcon_installed_package_information.package_discovery:Found 1 installed packages in /home/hannah/Workspace/ros2_ws/src/ros2_sumo-v010/ros2_sumo-main/install
[0.529s] DEBUG:colcon.colcon_installed_package_information.package_discovery:Found 273 installed packages in /opt/ros/humble
[0.531s] Level 1:colcon.colcon_core.package_discovery:discover_packages(prefix_path) using defaults
[0.594s] Level 5:colcon.colcon_core.verb:set package 'ros2_sumo' build argument 'cmake_args' from command line to 'None'
[0.594s] Level 5:colcon.colcon_core.verb:set package 'ros2_sumo' build argument 'cmake_target' from command line to 'None'
[0.594s] Level 5:colcon.colcon_core.verb:set package 'ros2_sumo' build argument 'cmake_target_skip_unavailable' from command line to 'False'
[0.594s] Level 5:colcon.colcon_core.verb:set package 'ros2_sumo' build argument 'cmake_clean_cache' from command line to 'False'
[0.594s] Level 5:colcon.colcon_core.verb:set package 'ros2_sumo' build argument 'cmake_clean_first' from command line to 'False'
[0.594s] Level 5:colcon.colcon_core.verb:set package 'ros2_sumo' build argument 'cmake_force_configure' from command line to 'False'
[0.594s] Level 5:colcon.colcon_core.verb:set package 'ros2_sumo' build argument 'ament_cmake_args' from command line to 'None'
[0.594s] Level 5:colcon.colcon_core.verb:set package 'ros2_sumo' build argument 'catkin_cmake_args' from command line to 'None'
[0.595s] Level 5:colcon.colcon_core.verb:set package 'ros2_sumo' build argument 'catkin_skip_building_tests' from command line to 'False'
[0.595s] DEBUG:colcon.colcon_core.verb:Building package 'ros2_sumo' with the following arguments: {'ament_cmake_args': None, 'build_base': '/home/hannah/Workspace/ros2_ws/src/ros2_sumo-v010/ros2_sumo-main/build/ros2_sumo', 'catkin_cmake_args': None, 'catkin_skip_building_tests': False, 'cmake_args': None, 'cmake_clean_cache': False, 'cmake_clean_first': False, 'cmake_force_configure': False, 'cmake_target': None, 'cmake_target_skip_unavailable': False, 'install_base': '/home/hannah/Workspace/ros2_ws/src/ros2_sumo-v010/ros2_sumo-main/install/ros2_sumo', 'merge_install': False, 'path': '/home/hannah/Workspace/ros2_ws/src/ros2_sumo-v010/ros2_sumo-main', 'symlink_install': False, 'test_result_base': None}
[0.595s] INFO:colcon.colcon_core.executor:Executing jobs using 'parallel' executor
[0.597s] DEBUG:colcon.colcon_parallel_executor.executor.parallel:run_until_complete
[0.597s] INFO:colcon.colcon_ros.task.ament_python.build:Building ROS package in '/home/hannah/Workspace/ros2_ws/src/ros2_sumo-v010/ros2_sumo-main' with build type 'ament_python'
[0.597s] Level 1:colcon.colcon_core.shell:create_environment_hook('ros2_sumo', 'ament_prefix_path')
[0.600s] INFO:colcon.colcon_core.plugin_system:Skipping extension 'colcon_core.shell.bat': Not used on non-Windows systems
[0.601s] INFO:colcon.colcon_core.shell:Creating environment hook '/home/hannah/Workspace/ros2_ws/src/ros2_sumo-v010/ros2_sumo-main/install/ros2_sumo/share/ros2_sumo/hook/ament_prefix_path.ps1'
[0.602s] INFO:colcon.colcon_core.shell:Creating environment descriptor '/home/hannah/Workspace/ros2_ws/src/ros2_sumo-v010/ros2_sumo-main/install/ros2_sumo/share/ros2_sumo/hook/ament_prefix_path.dsv'
[0.602s] INFO:colcon.colcon_core.shell:Creating environment hook '/home/hannah/Workspace/ros2_ws/src/ros2_sumo-v010/ros2_sumo-main/install/ros2_sumo/share/ros2_sumo/hook/ament_prefix_path.sh'
[0.604s] INFO:colcon.colcon_core.shell:Skip shell extension 'powershell' for command environment: Not usable outside of PowerShell
[0.604s] DEBUG:colcon.colcon_core.shell:Skip shell extension 'dsv' for command environment
[1.149s] INFO:colcon.colcon_core.task.python.build:Building Python package in '/home/hannah/Workspace/ros2_ws/src/ros2_sumo-v010/ros2_sumo-main'
[1.151s] INFO:colcon.colcon_core.shell:Skip shell extension 'powershell' for command environment: Not usable outside of PowerShell
[1.152s] DEBUG:colcon.colcon_core.shell:Skip shell extension 'dsv' for command environment
[1.830s] DEBUG:colcon.colcon_core.event_handler.log_command:Invoking command in '/home/hannah/Workspace/ros2_ws/src/ros2_sumo-v010/ros2_sumo-main': PYTHONPATH=/home/hannah/Workspace/ros2_ws/src/ros2_sumo-v010/ros2_sumo-main/build/ros2_sumo/prefix_override:/usr/lib/python3/dist-packages/colcon_core/task/python/colcon_distutils_commands:/home/hannah/Workspace/ros2_ws/src/ros2_sumo-v010/ros2_sumo-main/install/ros2_sumo/lib/python3.10/site-packages:${PYTHONPATH} /usr/bin/python3 -W ignore:setup.py install is deprecated -W ignore:easy_install command is deprecated setup.py egg_info --egg-base build/ros2_sumo build --build-base /home/hannah/Workspace/ros2_ws/src/ros2_sumo-v010/ros2_sumo-main/build/ros2_sumo/build install --record /home/hannah/Workspace/ros2_ws/src/ros2_sumo-v010/ros2_sumo-main/build/ros2_sumo/install.log --single-version-externally-managed install_data
[2.320s] DEBUG:colcon.colcon_core.event_handler.log_command:Invoked command in '/home/hannah/Workspace/ros2_ws/src/ros2_sumo-v010/ros2_sumo-main' returned '0': PYTHONPATH=/home/hannah/Workspace/ros2_ws/src/ros2_sumo-v010/ros2_sumo-main/build/ros2_sumo/prefix_override:/usr/lib/python3/dist-packages/colcon_core/task/python/colcon_distutils_commands:/home/hannah/Workspace/ros2_ws/src/ros2_sumo-v010/ros2_sumo-main/install/ros2_sumo/lib/python3.10/site-packages:${PYTHONPATH} /usr/bin/python3 -W ignore:setup.py install is deprecated -W ignore:easy_install command is deprecated setup.py egg_info --egg-base build/ros2_sumo build --build-base /home/hannah/Workspace/ros2_ws/src/ros2_sumo-v010/ros2_sumo-main/build/ros2_sumo/build install --record /home/hannah/Workspace/ros2_ws/src/ros2_sumo-v010/ros2_sumo-main/build/ros2_sumo/install.log --single-version-externally-managed install_data
[2.323s] Level 1:colcon.colcon_core.environment:checking '/home/hannah/Workspace/ros2_ws/src/ros2_sumo-v010/ros2_sumo-main/install/ros2_sumo' for CMake module files
[2.324s] Level 1:colcon.colcon_core.environment:checking '/home/hannah/Workspace/ros2_ws/src/ros2_sumo-v010/ros2_sumo-main/install/ros2_sumo' for CMake config files
[2.325s] Level 1:colcon.colcon_core.environment:checking '/home/hannah/Workspace/ros2_ws/src/ros2_sumo-v010/ros2_sumo-main/install/ros2_sumo/lib'
[2.325s] Level 1:colcon.colcon_core.environment:checking '/home/hannah/Workspace/ros2_ws/src/ros2_sumo-v010/ros2_sumo-main/install/ros2_sumo/bin'
[2.325s] Level 1:colcon.colcon_core.environment:checking '/home/hannah/Workspace/ros2_ws/src/ros2_sumo-v010/ros2_sumo-main/install/ros2_sumo/lib/pkgconfig/ros2_sumo.pc'
[2.325s] Level 1:colcon.colcon_core.environment:checking '/home/hannah/Workspace/ros2_ws/src/ros2_sumo-v010/ros2_sumo-main/install/ros2_sumo/lib/python3.10/site-packages'
[2.325s] Level 1:colcon.colcon_core.shell:create_environment_hook('ros2_sumo', 'pythonpath')
[2.326s] INFO:colcon.colcon_core.shell:Creating environment hook '/home/hannah/Workspace/ros2_ws/src/ros2_sumo-v010/ros2_sumo-main/install/ros2_sumo/share/ros2_sumo/hook/pythonpath.ps1'
[2.327s] INFO:colcon.colcon_core.shell:Creating environment descriptor '/home/hannah/Workspace/ros2_ws/src/ros2_sumo-v010/ros2_sumo-main/install/ros2_sumo/share/ros2_sumo/hook/pythonpath.dsv'
[2.328s] INFO:colcon.colcon_core.shell:Creating environment hook '/home/hannah/Workspace/ros2_ws/src/ros2_sumo-v010/ros2_sumo-main/install/ros2_sumo/share/ros2_sumo/hook/pythonpath.sh'
[2.329s] Level 1:colcon.colcon_core.environment:checking '/home/hannah/Workspace/ros2_ws/src/ros2_sumo-v010/ros2_sumo-main/install/ros2_sumo/bin'
[2.329s] Level 1:colcon.colcon_core.environment:create_environment_scripts_only(ros2_sumo)
[2.330s] INFO:colcon.colcon_core.shell:Creating package script '/home/hannah/Workspace/ros2_ws/src/ros2_sumo-v010/ros2_sumo-main/install/ros2_sumo/share/ros2_sumo/package.ps1'
[2.331s] INFO:colcon.colcon_core.shell:Creating package descriptor '/home/hannah/Workspace/ros2_ws/src/ros2_sumo-v010/ros2_sumo-main/install/ros2_sumo/share/ros2_sumo/package.dsv'
[2.332s] INFO:colcon.colcon_core.shell:Creating package script '/home/hannah/Workspace/ros2_ws/src/ros2_sumo-v010/ros2_sumo-main/install/ros2_sumo/share/ros2_sumo/package.sh'
[2.333s] INFO:colcon.colcon_core.shell:Creating package script '/home/hannah/Workspace/ros2_ws/src/ros2_sumo-v010/ros2_sumo-main/install/ros2_sumo/share/ros2_sumo/package.bash'
[2.334s] INFO:colcon.colcon_core.shell:Creating package script '/home/hannah/Workspace/ros2_ws/src/ros2_sumo-v010/ros2_sumo-main/install/ros2_sumo/share/ros2_sumo/package.zsh'
[2.335s] Level 1:colcon.colcon_core.environment:create_file_with_runtime_dependencies(/home/hannah/Workspace/ros2_ws/src/ros2_sumo-v010/ros2_sumo-main/install/ros2_sumo/share/colcon-core/packages/ros2_sumo)
[2.337s] DEBUG:colcon.colcon_parallel_executor.executor.parallel:closing loop
[2.337s] DEBUG:colcon.colcon_parallel_executor.executor.parallel:loop closed
[2.337s] DEBUG:colcon.colcon_parallel_executor.executor.parallel:run_until_complete finished with '0'
[2.337s] DEBUG:colcon.colcon_core.event_reactor:joining thread
[2.344s] INFO:colcon.colcon_core.plugin_system:Skipping extension 'colcon_notification.desktop_notification.terminal_notifier': Not used on non-Darwin systems
[2.345s] INFO:colcon.colcon_core.plugin_system:Skipping extension 'colcon_notification.desktop_notification.win32': Not used on non-Windows systems
[2.345s] INFO:colcon.colcon_notification.desktop_notification:Sending desktop notification using 'notify2'
[2.384s] DEBUG:colcon.colcon_core.event_reactor:joined thread
[2.384s] INFO:colcon.colcon_core.shell:Creating prefix script '/home/hannah/Workspace/ros2_ws/src/ros2_sumo-v010/ros2_sumo-main/install/local_setup.ps1'
[2.386s] INFO:colcon.colcon_core.shell:Creating prefix util module '/home/hannah/Workspace/ros2_ws/src/ros2_sumo-v010/ros2_sumo-main/install/_local_setup_util_ps1.py'
[2.390s] INFO:colcon.colcon_core.shell:Creating prefix chain script '/home/hannah/Workspace/ros2_ws/src/ros2_sumo-v010/ros2_sumo-main/install/setup.ps1'
[2.392s] INFO:colcon.colcon_core.shell:Creating prefix script '/home/hannah/Workspace/ros2_ws/src/ros2_sumo-v010/ros2_sumo-main/install/local_setup.sh'
[2.393s] INFO:colcon.colcon_core.shell:Creating prefix util module '/home/hannah/Workspace/ros2_ws/src/ros2_sumo-v010/ros2_sumo-main/install/_local_setup_util_sh.py'
[2.396s] INFO:colcon.colcon_core.shell:Creating prefix chain script '/home/hannah/Workspace/ros2_ws/src/ros2_sumo-v010/ros2_sumo-main/install/setup.sh'
[2.398s] INFO:colcon.colcon_core.shell:Creating prefix script '/home/hannah/Workspace/ros2_ws/src/ros2_sumo-v010/ros2_sumo-main/install/local_setup.bash'
[2.399s] INFO:colcon.colcon_core.shell:Creating prefix chain script '/home/hannah/Workspace/ros2_ws/src/ros2_sumo-v010/ros2_sumo-main/install/setup.bash'
[2.401s] INFO:colcon.colcon_core.shell:Creating prefix script '/home/hannah/Workspace/ros2_ws/src/ros2_sumo-v010/ros2_sumo-main/install/local_setup.zsh'
[2.402s] INFO:colcon.colcon_core.shell:Creating prefix chain script '/home/hannah/Workspace/ros2_ws/src/ros2_sumo-v010/ros2_sumo-main/install/setup.zsh'
