[2.693s] Invoking command in '/home/bryan/Workspace/ros2_ws/build/image_proc': AMENT_PREFIX_PATH=/home/bryan/Workspace/ros2_ws/install/tracetools_image_pipeline:/home/bryan/Workspace/ros2_ws/install/image_geometry:/home/bryan/Workspace/ros2_ws/install/cv_bridge:${AMENT_PREFIX_PATH} CMAKE_PREFIX_PATH=/home/bryan/Workspace/ros2_ws/install/tracetools_image_pipeline:/home/bryan/Workspace/ros2_ws/install/image_geometry:/home/bryan/Workspace/ros2_ws/install/cv_bridge:/opt/ros/humble LD_LIBRARY_PATH=/home/bryan/Workspace/ros2_ws/install/tracetools_image_pipeline/lib:/home/bryan/Workspace/ros2_ws/install/image_geometry/lib:/home/bryan/Workspace/ros2_ws/install/cv_bridge/lib:${LD_LIBRARY_PATH} PYTHONPATH=/home/bryan/Workspace/ros2_ws/install/image_geometry/local/lib/python3.10/dist-packages:/home/bryan/Workspace/ros2_ws/install/cv_bridge/local/lib/python3.10/dist-packages:${PYTHONPATH} /usr/bin/cmake /home/bryan/Workspace/ros2_ws/image_pipeline/image_proc -DAMENT_CMAKE_SYMLINK_INSTALL=1 -DCMAKE_INSTALL_PREFIX=/home/bryan/Workspace/ros2_ws/install/image_proc
[3.421s] -- The C compiler identification is GNU 11.4.0
[3.674s] -- The CXX compiler identification is GNU 11.4.0
[3.735s] -- Detecting C compiler ABI info
[4.275s] -- Detecting C compiler ABI info - done
[4.306s] -- Check for working C compiler: /usr/bin/cc - skipped
[4.306s] -- Detecting C compile features
[4.306s] -- Detecting C compile features - done
[4.308s] -- Detecting CXX compiler ABI info
[4.744s] -- Detecting CXX compiler ABI info - done
[4.757s] -- Check for working CXX compiler: /usr/bin/c++ - skipped
[4.757s] -- Detecting CXX compile features
[4.758s] -- Detecting CXX compile features - done
[4.915s] -- Found ament_cmake_auto: 1.3.14 (/opt/ros/humble/share/ament_cmake_auto/cmake)
[5.568s] -- Found Python3: /usr/bin/python3 (found version "3.10.12") found components: Interpreter 
[5.760s] -- Override CMake install command with custom implementation using symlinks instead of copying resources
[7.109s] -- Found rosidl_generator_c: 3.1.8 (/opt/ros/humble/share/rosidl_generator_c/cmake)
[7.197s] -- Found rosidl_adapter: 3.1.8 (/opt/ros/humble/share/rosidl_adapter/cmake)
[7.207s] -- Found rosidl_generator_cpp: 3.1.8 (/opt/ros/humble/share/rosidl_generator_cpp/cmake)
[7.239s] -- Using all available rosidl_typesupport_c: rosidl_typesupport_fastrtps_c;rosidl_typesupport_introspection_c
[7.278s] -- Using all available rosidl_typesupport_cpp: rosidl_typesupport_fastrtps_cpp;rosidl_typesupport_introspection_cpp
[7.625s] -- Found rmw_implementation_cmake: 6.1.2 (/opt/ros/humble/share/rmw_implementation_cmake/cmake)
[7.630s] -- Found rmw_fastrtps_cpp: 6.2.10 (/opt/ros/humble/share/rmw_fastrtps_cpp/cmake)
[7.801s] -- Found OpenSSL: /usr/lib/x86_64-linux-gnu/libcrypto.so (found version "3.0.2")  
[7.992s] -- Found FastRTPS: /opt/ros/humble/include  
[8.053s] -- Using RMW implementation 'rmw_fastrtps_cpp' as default
[8.061s] -- Looking for pthread.h
[8.278s] -- Looking for pthread.h - found
[8.279s] -- Performing Test CMAKE_HAVE_LIBC_PTHREAD
[8.452s] -- Performing Test CMAKE_HAVE_LIBC_PTHREAD - Success
[8.453s] -- Found Threads: TRUE  
[8.661s] -- Found OpenCV: /usr (found version "4.5.4") 
[8.712s] -- Found ament_lint_auto: 0.12.15 (/opt/ros/humble/share/ament_lint_auto/cmake)
[8.753s] -- Added test 'copyright' to check source files copyright and LICENSE
[8.761s] -- Added test 'cppcheck' to perform static code analysis on C / C++ code
[8.763s] -- Configured cppcheck include dirs: /home/bryan/Workspace/ros2_ws/image_pipeline/image_proc/include
[8.763s] -- Configured cppcheck exclude dirs and/or files: 
[8.765s] -- Added test 'cpplint' to check C / C++ code against the Google style
[8.765s] -- Configured cpplint exclude dirs and/or files: 
[8.766s] [0mIn this package, headers install destination is set to `include` by ament_auto_package. It is recommended to install `include/image_proc` instead and will be the default behavior of ament_auto_package from ROS 2 Kilted Kaiju. On distributions before Kilted, ament_auto_package behaves the same way when you use USE_SCOPED_HEADER_INSTALL_DIR option.[0m
[8.768s] -- Added test 'flake8' to check Python code syntax and style conventions
[8.768s] -- Added test 'lint_cmake' to check CMake code style
[8.768s] -- Added test 'pep257' to check Python code against some of the docstring style conventions in PEP 257
[8.968s] -- Added test 'uncrustify' to check C / C++ code style
[8.968s] -- Configured uncrustify additional arguments: 
[8.969s] -- Added test 'xmllint' to check XML markup files
[8.970s] -- Configuring done
[8.970s] -- Generating done
[8.970s] -- Build files have been written to: /home/bryan/Workspace/ros2_ws/build/image_proc
[8.984s] Invoked command in '/home/bryan/Workspace/ros2_ws/build/image_proc' returned '0': AMENT_PREFIX_PATH=/home/bryan/Workspace/ros2_ws/install/tracetools_image_pipeline:/home/bryan/Workspace/ros2_ws/install/image_geometry:/home/bryan/Workspace/ros2_ws/install/cv_bridge:${AMENT_PREFIX_PATH} CMAKE_PREFIX_PATH=/home/bryan/Workspace/ros2_ws/install/tracetools_image_pipeline:/home/bryan/Workspace/ros2_ws/install/image_geometry:/home/bryan/Workspace/ros2_ws/install/cv_bridge:/opt/ros/humble LD_LIBRARY_PATH=/home/bryan/Workspace/ros2_ws/install/tracetools_image_pipeline/lib:/home/bryan/Workspace/ros2_ws/install/image_geometry/lib:/home/bryan/Workspace/ros2_ws/install/cv_bridge/lib:${LD_LIBRARY_PATH} PYTHONPATH=/home/bryan/Workspace/ros2_ws/install/image_geometry/local/lib/python3.10/dist-packages:/home/bryan/Workspace/ros2_ws/install/cv_bridge/local/lib/python3.10/dist-packages:${PYTHONPATH} /usr/bin/cmake /home/bryan/Workspace/ros2_ws/image_pipeline/image_proc -DAMENT_CMAKE_SYMLINK_INSTALL=1 -DCMAKE_INSTALL_PREFIX=/home/bryan/Workspace/ros2_ws/install/image_proc
[8.985s] Invoking command in '/home/bryan/Workspace/ros2_ws/build/image_proc': AMENT_PREFIX_PATH=/home/bryan/Workspace/ros2_ws/install/tracetools_image_pipeline:/home/bryan/Workspace/ros2_ws/install/image_geometry:/home/bryan/Workspace/ros2_ws/install/cv_bridge:${AMENT_PREFIX_PATH} CMAKE_PREFIX_PATH=/home/bryan/Workspace/ros2_ws/install/tracetools_image_pipeline:/home/bryan/Workspace/ros2_ws/install/image_geometry:/home/bryan/Workspace/ros2_ws/install/cv_bridge:/opt/ros/humble LD_LIBRARY_PATH=/home/bryan/Workspace/ros2_ws/install/tracetools_image_pipeline/lib:/home/bryan/Workspace/ros2_ws/install/image_geometry/lib:/home/bryan/Workspace/ros2_ws/install/cv_bridge/lib:${LD_LIBRARY_PATH} PYTHONPATH=/home/bryan/Workspace/ros2_ws/install/image_geometry/local/lib/python3.10/dist-packages:/home/bryan/Workspace/ros2_ws/install/cv_bridge/local/lib/python3.10/dist-packages:${PYTHONPATH} /usr/bin/cmake --build /home/bryan/Workspace/ros2_ws/build/image_proc -- -j3 -l3
[9.817s] [  4%] [32mBuilding CXX object CMakeFiles/image_proc.dir/src/image_proc/processor.cpp.o[0m
[12.042s] [  8%] [32m[1mLinking CXX shared library libimage_proc.so[0m
[12.555s] [  8%] Built target image_proc
[12.605s] [ 12%] [32mBuilding CXX object CMakeFiles/debayer_node.dir/rclcpp_components/node_main_debayer_node.cpp.o[0m
[17.701s] [ 16%] [32m[1mLinking CXX executable debayer_node[0m
[17.916s] [ 16%] Built target debayer_node
[17.986s] [ 20%] [32mBuilding CXX object CMakeFiles/resize_node.dir/rclcpp_components/node_main_resize_node.cpp.o[0m
[22.813s] [ 24%] [32m[1mLinking CXX executable resize_node[0m
[23.021s] [ 24%] Built target resize_node
[23.123s] [ 28%] [32mBuilding CXX object CMakeFiles/crop_decimate_node.dir/rclcpp_components/node_main_crop_decimate_node.cpp.o[0m
[27.738s] [ 32%] [32m[1mLinking CXX executable crop_decimate_node[0m
[27.966s] [ 32%] Built target crop_decimate_node
[28.061s] [ 36%] [32mBuilding CXX object CMakeFiles/crop_non_zero_node.dir/rclcpp_components/node_main_crop_non_zero_node.cpp.o[0m
[33.774s] [ 40%] [32m[1mLinking CXX executable crop_non_zero_node[0m
[34.050s] [ 40%] Built target crop_non_zero_node
[34.097s] [ 44%] [32mBuilding CXX object CMakeFiles/rectify.dir/src/rectify.cpp.o[0m
[40.170s] [ 48%] [32m[1mLinking CXX shared library librectify.so[0m
[40.624s] [ 48%] Built target rectify
[40.668s] [ 52%] [32mBuilding CXX object CMakeFiles/rectify_node.dir/rclcpp_components/node_main_rectify_node.cpp.o[0m
[45.716s] [ 56%] [32m[1mLinking CXX executable rectify_node[0m
[45.914s] [ 56%] Built target rectify_node
[45.958s] [ 60%] [32mBuilding CXX object CMakeFiles/debayer.dir/src/debayer.cpp.o[0m
[52.185s] [ 64%] [32mBuilding CXX object CMakeFiles/debayer.dir/src/edge_aware.cpp.o[0m
[53.536s] [ 68%] [32m[1mLinking CXX shared library libdebayer.so[0m
[53.935s] [ 68%] Built target debayer
[53.996s] [ 72%] [32mBuilding CXX object CMakeFiles/resize.dir/src/resize.cpp.o[0m
[60.231s] [ 76%] [32m[1mLinking CXX shared library libresize.so[0m
[61.431s] [ 76%] Built target resize
[61.524s] [ 80%] [32mBuilding CXX object CMakeFiles/crop_decimate.dir/src/crop_decimate.cpp.o[0m
[69.158s] [ 84%] [32m[1mLinking CXX shared library libcrop_decimate.so[0m
[69.510s] [ 84%] Built target crop_decimate
[69.546s] [ 88%] [32mBuilding CXX object CMakeFiles/crop_non_zero.dir/src/crop_non_zero.cpp.o[0m
[77.023s] [ 92%] [32m[1mLinking CXX shared library libcrop_non_zero.so[0m
[77.422s] [ 92%] Built target crop_non_zero
[77.525s] [ 96%] [32mBuilding CXX object CMakeFiles/image_proc_exe.dir/src/image_proc.cpp.o[0m
[82.644s] [100%] [32m[1mLinking CXX executable image_proc[0m
[83.261s] [100%] Built target image_proc_exe
[83.298s] Invoked command in '/home/bryan/Workspace/ros2_ws/build/image_proc' returned '0': AMENT_PREFIX_PATH=/home/bryan/Workspace/ros2_ws/install/tracetools_image_pipeline:/home/bryan/Workspace/ros2_ws/install/image_geometry:/home/bryan/Workspace/ros2_ws/install/cv_bridge:${AMENT_PREFIX_PATH} CMAKE_PREFIX_PATH=/home/bryan/Workspace/ros2_ws/install/tracetools_image_pipeline:/home/bryan/Workspace/ros2_ws/install/image_geometry:/home/bryan/Workspace/ros2_ws/install/cv_bridge:/opt/ros/humble LD_LIBRARY_PATH=/home/bryan/Workspace/ros2_ws/install/tracetools_image_pipeline/lib:/home/bryan/Workspace/ros2_ws/install/image_geometry/lib:/home/bryan/Workspace/ros2_ws/install/cv_bridge/lib:${LD_LIBRARY_PATH} PYTHONPATH=/home/bryan/Workspace/ros2_ws/install/image_geometry/local/lib/python3.10/dist-packages:/home/bryan/Workspace/ros2_ws/install/cv_bridge/local/lib/python3.10/dist-packages:${PYTHONPATH} /usr/bin/cmake --build /home/bryan/Workspace/ros2_ws/build/image_proc -- -j3 -l3
[83.299s] Invoking command in '/home/bryan/Workspace/ros2_ws/build/image_proc': AMENT_PREFIX_PATH=/home/bryan/Workspace/ros2_ws/install/tracetools_image_pipeline:/home/bryan/Workspace/ros2_ws/install/image_geometry:/home/bryan/Workspace/ros2_ws/install/cv_bridge:${AMENT_PREFIX_PATH} CMAKE_PREFIX_PATH=/home/bryan/Workspace/ros2_ws/install/tracetools_image_pipeline:/home/bryan/Workspace/ros2_ws/install/image_geometry:/home/bryan/Workspace/ros2_ws/install/cv_bridge:/opt/ros/humble LD_LIBRARY_PATH=/home/bryan/Workspace/ros2_ws/install/tracetools_image_pipeline/lib:/home/bryan/Workspace/ros2_ws/install/image_geometry/lib:/home/bryan/Workspace/ros2_ws/install/cv_bridge/lib:${LD_LIBRARY_PATH} PYTHONPATH=/home/bryan/Workspace/ros2_ws/install/image_geometry/local/lib/python3.10/dist-packages:/home/bryan/Workspace/ros2_ws/install/cv_bridge/local/lib/python3.10/dist-packages:${PYTHONPATH} /usr/bin/cmake --install /home/bryan/Workspace/ros2_ws/build/image_proc
[83.318s] -- Install configuration: ""
[83.320s] -- Execute custom install script
[83.322s] -- Symlinking: /home/bryan/Workspace/ros2_ws/install/image_proc/lib/image_proc/rectify_node
[83.341s] -- Symlinking: /home/bryan/Workspace/ros2_ws/install/image_proc/lib/image_proc/debayer_node
[83.359s] -- Symlinking: /home/bryan/Workspace/ros2_ws/install/image_proc/lib/image_proc/resize_node
[83.395s] -- Symlinking: /home/bryan/Workspace/ros2_ws/install/image_proc/lib/image_proc/crop_decimate_node
[83.413s] -- Symlinking: /home/bryan/Workspace/ros2_ws/install/image_proc/lib/image_proc/crop_non_zero_node
[83.430s] -- Symlinking: /home/bryan/Workspace/ros2_ws/install/image_proc/bin/image_proc
[83.449s] -- Symlinking: /home/bryan/Workspace/ros2_ws/install/image_proc/include/image_proc/crop_decimate.hpp
[83.469s] -- Symlinking: /home/bryan/Workspace/ros2_ws/install/image_proc/include/image_proc/crop_non_zero.hpp
[83.487s] -- Symlinking: /home/bryan/Workspace/ros2_ws/install/image_proc/include/image_proc/debayer.hpp
[83.505s] -- Symlinking: /home/bryan/Workspace/ros2_ws/install/image_proc/include/image_proc/edge_aware.hpp
[83.523s] -- Symlinking: /home/bryan/Workspace/ros2_ws/install/image_proc/include/image_proc/processor.hpp
[83.541s] -- Symlinking: /home/bryan/Workspace/ros2_ws/install/image_proc/include/image_proc/rectify.hpp
[83.562s] -- Symlinking: /home/bryan/Workspace/ros2_ws/install/image_proc/include/image_proc/resize.hpp
[83.584s] -- Symlinking: /home/bryan/Workspace/ros2_ws/install/image_proc/include/image_proc/utils.hpp
[83.599s] -- Symlinking: /home/bryan/Workspace/ros2_ws/install/image_proc/share/image_proc/environment/library_path.sh
[83.617s] -- Symlinking: /home/bryan/Workspace/ros2_ws/install/image_proc/share/image_proc/environment/library_path.dsv
[83.634s] -- Symlinking: /home/bryan/Workspace/ros2_ws/install/image_proc/lib/libimage_proc.so
[83.651s] -- Symlinking: /home/bryan/Workspace/ros2_ws/install/image_proc/lib/librectify.so
[83.667s] -- Symlinking: /home/bryan/Workspace/ros2_ws/install/image_proc/lib/libdebayer.so
[83.685s] -- Symlinking: /home/bryan/Workspace/ros2_ws/install/image_proc/lib/libresize.so
[83.705s] -- Symlinking: /home/bryan/Workspace/ros2_ws/install/image_proc/lib/libcrop_decimate.so
[83.722s] -- Symlinking: /home/bryan/Workspace/ros2_ws/install/image_proc/lib/libcrop_non_zero.so
[83.738s] -- Symlinking: /home/bryan/Workspace/ros2_ws/install/image_proc/lib/image_proc/image_proc
[83.755s] -- Symlinking: /home/bryan/Workspace/ros2_ws/install/image_proc/share/image_proc/launch/image_proc.launch.py
[83.773s] -- Symlinking: /home/bryan/Workspace/ros2_ws/install/image_proc/share/ament_index/resource_index/package_run_dependencies/image_proc
[83.789s] -- Symlinking: /home/bryan/Workspace/ros2_ws/install/image_proc/share/ament_index/resource_index/parent_prefix_path/image_proc
[83.819s] -- Symlinking: /home/bryan/Workspace/ros2_ws/install/image_proc/share/image_proc/environment/ament_prefix_path.sh
[83.819s] -- Symlinking: /home/bryan/Workspace/ros2_ws/install/image_proc/share/image_proc/environment/ament_prefix_path.dsv
[83.842s] -- Symlinking: /home/bryan/Workspace/ros2_ws/install/image_proc/share/image_proc/environment/path.sh
[83.850s] -- Symlinking: /home/bryan/Workspace/ros2_ws/install/image_proc/share/image_proc/environment/path.dsv
[83.868s] -- Symlinking: /home/bryan/Workspace/ros2_ws/install/image_proc/share/image_proc/local_setup.bash
[83.891s] -- Symlinking: /home/bryan/Workspace/ros2_ws/install/image_proc/share/image_proc/local_setup.sh
[83.904s] -- Symlinking: /home/bryan/Workspace/ros2_ws/install/image_proc/share/image_proc/local_setup.zsh
[83.924s] -- Symlinking: /home/bryan/Workspace/ros2_ws/install/image_proc/share/image_proc/local_setup.dsv
[83.937s] -- Symlinking: /home/bryan/Workspace/ros2_ws/install/image_proc/share/image_proc/package.dsv
[83.951s] -- Symlinking: /home/bryan/Workspace/ros2_ws/install/image_proc/share/ament_index/resource_index/packages/image_proc
[83.973s] -- Symlinking: /home/bryan/Workspace/ros2_ws/install/image_proc/share/ament_index/resource_index/rclcpp_components/image_proc
[84.004s] -- Symlinking: /home/bryan/Workspace/ros2_ws/install/image_proc/share/image_proc/cmake/ament_cmake_export_dependencies-extras.cmake
[84.018s] -- Symlinking: /home/bryan/Workspace/ros2_ws/install/image_proc/share/image_proc/cmake/ament_cmake_export_include_directories-extras.cmake
[84.042s] -- Symlinking: /home/bryan/Workspace/ros2_ws/install/image_proc/share/image_proc/cmake/ament_cmake_export_libraries-extras.cmake
[84.060s] -- Symlinking: /home/bryan/Workspace/ros2_ws/install/image_proc/share/image_proc/cmake/image_procConfig.cmake
[84.077s] -- Symlinking: /home/bryan/Workspace/ros2_ws/install/image_proc/share/image_proc/cmake/image_procConfig-version.cmake
[84.101s] -- Symlinking: /home/bryan/Workspace/ros2_ws/install/image_proc/share/image_proc/package.xml
[84.120s] Invoked command in '/home/bryan/Workspace/ros2_ws/build/image_proc' returned '0': AMENT_PREFIX_PATH=/home/bryan/Workspace/ros2_ws/install/tracetools_image_pipeline:/home/bryan/Workspace/ros2_ws/install/image_geometry:/home/bryan/Workspace/ros2_ws/install/cv_bridge:${AMENT_PREFIX_PATH} CMAKE_PREFIX_PATH=/home/bryan/Workspace/ros2_ws/install/tracetools_image_pipeline:/home/bryan/Workspace/ros2_ws/install/image_geometry:/home/bryan/Workspace/ros2_ws/install/cv_bridge:/opt/ros/humble LD_LIBRARY_PATH=/home/bryan/Workspace/ros2_ws/install/tracetools_image_pipeline/lib:/home/bryan/Workspace/ros2_ws/install/image_geometry/lib:/home/bryan/Workspace/ros2_ws/install/cv_bridge/lib:${LD_LIBRARY_PATH} PYTHONPATH=/home/bryan/Workspace/ros2_ws/install/image_geometry/local/lib/python3.10/dist-packages:/home/bryan/Workspace/ros2_ws/install/cv_bridge/local/lib/python3.10/dist-packages:${PYTHONPATH} /usr/bin/cmake --install /home/bryan/Workspace/ros2_ws/build/image_proc
