[35m[1mConsolidate compiler generated dependencies of target image_view_nodes[0m
[  5%] [32mBuilding CXX object CMakeFiles/image_view_nodes.dir/src/extract_images_node.cpp.o[0m
[ 10%] [32mBuilding CXX object CMakeFiles/image_view_nodes.dir/src/stereo_view_node.cpp.o[0m
[ 15%] [32mBuilding CXX object CMakeFiles/image_view_nodes.dir/src/video_recorder_node.cpp.o[0m
[ 21%] [32mBuilding CXX object CMakeFiles/image_view_nodes.dir/src/image_saver_node.cpp.o[0m
[ 26%] [32m[1mLinking CXX shared library libimage_view_nodes.so[0m
[ 36%] Built target image_view_nodes
[ 42%] [32mBuilding CXX object CMakeFiles/disparity_view.dir/src/disparity_view.cpp.o[0m
[ 47%] [32m[1mLinking CXX executable disparity_view[0m
[ 47%] Built target disparity_view
[ 52%] [32mBuilding CXX object CMakeFiles/stereo_view.dir/src/stereo_view.cpp.o[0m
[ 57%] [32m[1mLinking CXX executable stereo_view[0m
[ 57%] Built target stereo_view
[ 63%] [32mBuilding CXX object CMakeFiles/extract_images.dir/src/extract_images.cpp.o[0m
[ 68%] [32m[1mLinking CXX executable extract_images[0m
[ 68%] Built target extract_images
[ 73%] [32mBuilding CXX object CMakeFiles/image_saver.dir/src/image_saver.cpp.o[0m
[ 78%] [32m[1mLinking CXX executable image_saver[0m
[ 78%] Built target image_saver
[ 84%] [32mBuilding CXX object CMakeFiles/video_recorder.dir/src/video_recorder.cpp.o[0m
[ 89%] [32m[1mLinking CXX executable video_recorder[0m
[ 89%] Built target video_recorder
[ 94%] [32mBuilding CXX object CMakeFiles/image_view.dir/src/image_view.cpp.o[0m
[100%] [32m[1mLinking CXX executable image_view[0m
[100%] Built target image_view
-- Install configuration: ""
-- Installing: /home/bryan/Workspace/ros2_ws/install/image_view/include
-- Installing: /home/bryan/Workspace/ros2_ws/install/image_view/include/image_view
-- Installing: /home/bryan/Workspace/ros2_ws/install/image_view/include/image_view/disparity_view_node.hpp
-- Installing: /home/bryan/Workspace/ros2_ws/install/image_view/include/image_view/stereo_view_node.hpp
-- Installing: /home/bryan/Workspace/ros2_ws/install/image_view/include/image_view/extract_images_node.hpp
-- Installing: /home/bryan/Workspace/ros2_ws/install/image_view/include/image_view/video_recorder_node.hpp
-- Installing: /home/bryan/Workspace/ros2_ws/install/image_view/include/image_view/image_saver_node.hpp
-- Installing: /home/bryan/Workspace/ros2_ws/install/image_view/include/image_view/image_view_node.hpp
-- Installing: /home/bryan/Workspace/ros2_ws/install/image_view/share/image_view/environment/library_path.sh
-- Installing: /home/bryan/Workspace/ros2_ws/install/image_view/share/image_view/environment/library_path.dsv
-- Installing: /home/bryan/Workspace/ros2_ws/install/image_view/lib/libimage_view_nodes.so
-- Set runtime path of "/home/bryan/Workspace/ros2_ws/install/image_view/lib/libimage_view_nodes.so" to ""
-- Installing: /home/bryan/Workspace/ros2_ws/install/image_view/lib/image_view/disparity_view
-- Set runtime path of "/home/bryan/Workspace/ros2_ws/install/image_view/lib/image_view/disparity_view" to ""
-- Installing: /home/bryan/Workspace/ros2_ws/install/image_view/lib/image_view/image_view
-- Set runtime path of "/home/bryan/Workspace/ros2_ws/install/image_view/lib/image_view/image_view" to ""
-- Installing: /home/bryan/Workspace/ros2_ws/install/image_view/lib/image_view/stereo_view
-- Set runtime path of "/home/bryan/Workspace/ros2_ws/install/image_view/lib/image_view/stereo_view" to ""
-- Installing: /home/bryan/Workspace/ros2_ws/install/image_view/lib/image_view/extract_images
-- Set runtime path of "/home/bryan/Workspace/ros2_ws/install/image_view/lib/image_view/extract_images" to ""
-- Installing: /home/bryan/Workspace/ros2_ws/install/image_view/lib/image_view/image_saver
-- Set runtime path of "/home/bryan/Workspace/ros2_ws/install/image_view/lib/image_view/image_saver" to ""
-- Installing: /home/bryan/Workspace/ros2_ws/install/image_view/lib/image_view/video_recorder
-- Set runtime path of "/home/bryan/Workspace/ros2_ws/install/image_view/lib/image_view/video_recorder" to ""
-- Installing: /home/bryan/Workspace/ros2_ws/install/image_view/share/ament_index/resource_index/package_run_dependencies/image_view
-- Installing: /home/bryan/Workspace/ros2_ws/install/image_view/share/ament_index/resource_index/parent_prefix_path/image_view
-- Installing: /home/bryan/Workspace/ros2_ws/install/image_view/share/image_view/environment/ament_prefix_path.sh
-- Installing: /home/bryan/Workspace/ros2_ws/install/image_view/share/image_view/environment/ament_prefix_path.dsv
-- Installing: /home/bryan/Workspace/ros2_ws/install/image_view/share/image_view/environment/path.sh
-- Installing: /home/bryan/Workspace/ros2_ws/install/image_view/share/image_view/environment/path.dsv
-- Installing: /home/bryan/Workspace/ros2_ws/install/image_view/share/image_view/local_setup.bash
-- Installing: /home/bryan/Workspace/ros2_ws/install/image_view/share/image_view/local_setup.sh
-- Installing: /home/bryan/Workspace/ros2_ws/install/image_view/share/image_view/local_setup.zsh
-- Installing: /home/bryan/Workspace/ros2_ws/install/image_view/share/image_view/local_setup.dsv
-- Installing: /home/bryan/Workspace/ros2_ws/install/image_view/share/image_view/package.dsv
-- Installing: /home/bryan/Workspace/ros2_ws/install/image_view/share/ament_index/resource_index/packages/image_view
-- Installing: /home/bryan/Workspace/ros2_ws/install/image_view/share/ament_index/resource_index/rclcpp_components/image_view
-- Installing: /home/bryan/Workspace/ros2_ws/install/image_view/share/image_view/cmake/ament_cmake_export_dependencies-extras.cmake
-- Installing: /home/bryan/Workspace/ros2_ws/install/image_view/share/image_view/cmake/ament_cmake_export_include_directories-extras.cmake
-- Installing: /home/bryan/Workspace/ros2_ws/install/image_view/share/image_view/cmake/ament_cmake_export_libraries-extras.cmake
-- Installing: /home/bryan/Workspace/ros2_ws/install/image_view/share/image_view/cmake/image_viewConfig.cmake
-- Installing: /home/bryan/Workspace/ros2_ws/install/image_view/share/image_view/cmake/image_viewConfig-version.cmake
-- Installing: /home/bryan/Workspace/ros2_ws/install/image_view/share/image_view/package.xml
