[0.090s] Invoking command in '/home/bryan/Workspace/ros2_ws/build/image_view': AMENT_PREFIX_PATH=/home/bryan/Workspace/ros2_ws/install/cv_bridge:${AMENT_PREFIX_PATH} CMAKE_PREFIX_PATH=/home/bryan/Workspace/ros2_ws/install/cv_bridge:/home/bryan/Workspace/ros2_ws/install/image_proc:/home/bryan/Workspace/ros2_ws/install/tracetools_image_pipeline:/home/bryan/Workspace/ros2_ws/install/image_rotate:/home/bryan/Workspace/ros2_ws/install/image_publisher:/home/bryan/Workspace/ros2_ws/install/examples_rclcpp_wait_set:/home/bryan/Workspace/ros2_ws/install/examples_rclcpp_multithreaded_executor:/home/bryan/Workspace/ros2_ws/install/examples_rclcpp_minimal_timer:/home/bryan/Workspace/ros2_ws/install/examples_rclcpp_minimal_subscriber:/home/bryan/Workspace/ros2_ws/install/examples_rclcpp_minimal_service:/home/bryan/Workspace/ros2_ws/install/examples_rclcpp_minimal_publisher:/home/bryan/Workspace/ros2_ws/install/examples_rclcpp_minimal_composition:/home/bryan/Workspace/ros2_ws/install/examples_rclcpp_minimal_client:/home/bryan/Workspace/ros2_ws/install/examples_rclcpp_minimal_action_server:/home/bryan/Workspace/ros2_ws/install/examples_rclcpp_minimal_action_client:/home/bryan/Workspace/ros2_ws/install/examples_rclcpp_cbg_executor:/home/bryan/Workspace/ros2_ws/install/examples_rclcpp_async_client:/home/bryan/Workspace/ros2_ws/install/sprint2:/home/bryan/Workspace/ros2_ws/install/launch_testing_examples:/home/bryan/Workspace/ros2_ws/install/image_converter:/home/bryan/Workspace/ros2_ws/install/first_package:/home/bryan/Workspace/ros2_ws/install/examples_rclpy_pointcloud_publisher:/home/bryan/Workspace/ros2_ws/install/examples_rclpy_minimal_subscriber:/home/bryan/Workspace/ros2_ws/install/examples_rclpy_minimal_service:/home/bryan/Workspace/ros2_ws/install/examples_rclpy_minimal_publisher:/home/bryan/Workspace/ros2_ws/install/examples_rclpy_minimal_client:/home/bryan/Workspace/ros2_ws/install/examples_rclpy_minimal_action_server:/home/bryan/Workspace/ros2_ws/install/examples_rclpy_minimal_action_client:/home/bryan/Workspace/ros2_ws/install/examples_rclpy_guard_conditions:/home/bryan/Workspace/ros2_ws/install/examples_rclpy_executors:/home/bryan/Workspace/ros2_ws/install/camera_calibration:/opt/ros/humble LD_LIBRARY_PATH=/home/bryan/Workspace/ros2_ws/install/cv_bridge/lib:${LD_LIBRARY_PATH} PYTHONPATH=/home/bryan/Workspace/ros2_ws/install/cv_bridge/local/lib/python3.10/dist-packages:${PYTHONPATH} /usr/bin/cmake --build /home/bryan/Workspace/ros2_ws/build/image_view -- -j3 -l3
[0.399s] [35m[1mConsolidate compiler generated dependencies of target image_view_nodes[0m
[0.481s] [  5%] [32mBuilding CXX object CMakeFiles/image_view_nodes.dir/src/extract_images_node.cpp.o[0m
[10.938s] [ 10%] [32mBuilding CXX object CMakeFiles/image_view_nodes.dir/src/stereo_view_node.cpp.o[0m
[47.668s] [ 15%] [32mBuilding CXX object CMakeFiles/image_view_nodes.dir/src/video_recorder_node.cpp.o[0m
[54.528s] [ 21%] [32mBuilding CXX object CMakeFiles/image_view_nodes.dir/src/image_saver_node.cpp.o[0m
[66.490s] [ 26%] [32m[1mLinking CXX shared library libimage_view_nodes.so[0m
[69.724s] [ 36%] Built target image_view_nodes
[69.861s] [ 42%] [32mBuilding CXX object CMakeFiles/disparity_view.dir/src/disparity_view.cpp.o[0m
[75.090s] [ 47%] [32m[1mLinking CXX executable disparity_view[0m
[76.925s] [ 47%] Built target disparity_view
[77.032s] [ 52%] [32mBuilding CXX object CMakeFiles/stereo_view.dir/src/stereo_view.cpp.o[0m
[85.695s] [ 57%] [32m[1mLinking CXX executable stereo_view[0m
[87.077s] [ 57%] Built target stereo_view
[87.185s] [ 63%] [32mBuilding CXX object CMakeFiles/extract_images.dir/src/extract_images.cpp.o[0m
[93.570s] [ 68%] [32m[1mLinking CXX executable extract_images[0m
[95.237s] [ 68%] Built target extract_images
[95.462s] [ 73%] [32mBuilding CXX object CMakeFiles/image_saver.dir/src/image_saver.cpp.o[0m
[101.734s] [ 78%] [32m[1mLinking CXX executable image_saver[0m
[104.683s] [ 78%] Built target image_saver
[104.882s] [ 84%] [32mBuilding CXX object CMakeFiles/video_recorder.dir/src/video_recorder.cpp.o[0m
[109.667s] [ 89%] [32m[1mLinking CXX executable video_recorder[0m
[111.531s] [ 89%] Built target video_recorder
[111.620s] [ 94%] [32mBuilding CXX object CMakeFiles/image_view.dir/src/image_view.cpp.o[0m
[117.114s] [100%] [32m[1mLinking CXX executable image_view[0m
[119.154s] [100%] Built target image_view
[119.294s] Invoked command in '/home/bryan/Workspace/ros2_ws/build/image_view' returned '0': AMENT_PREFIX_PATH=/home/bryan/Workspace/ros2_ws/install/cv_bridge:${AMENT_PREFIX_PATH} CMAKE_PREFIX_PATH=/home/bryan/Workspace/ros2_ws/install/cv_bridge:/home/bryan/Workspace/ros2_ws/install/image_proc:/home/bryan/Workspace/ros2_ws/install/tracetools_image_pipeline:/home/bryan/Workspace/ros2_ws/install/image_rotate:/home/bryan/Workspace/ros2_ws/install/image_publisher:/home/bryan/Workspace/ros2_ws/install/examples_rclcpp_wait_set:/home/bryan/Workspace/ros2_ws/install/examples_rclcpp_multithreaded_executor:/home/bryan/Workspace/ros2_ws/install/examples_rclcpp_minimal_timer:/home/bryan/Workspace/ros2_ws/install/examples_rclcpp_minimal_subscriber:/home/bryan/Workspace/ros2_ws/install/examples_rclcpp_minimal_service:/home/bryan/Workspace/ros2_ws/install/examples_rclcpp_minimal_publisher:/home/bryan/Workspace/ros2_ws/install/examples_rclcpp_minimal_composition:/home/bryan/Workspace/ros2_ws/install/examples_rclcpp_minimal_client:/home/bryan/Workspace/ros2_ws/install/examples_rclcpp_minimal_action_server:/home/bryan/Workspace/ros2_ws/install/examples_rclcpp_minimal_action_client:/home/bryan/Workspace/ros2_ws/install/examples_rclcpp_cbg_executor:/home/bryan/Workspace/ros2_ws/install/examples_rclcpp_async_client:/home/bryan/Workspace/ros2_ws/install/sprint2:/home/bryan/Workspace/ros2_ws/install/launch_testing_examples:/home/bryan/Workspace/ros2_ws/install/image_converter:/home/bryan/Workspace/ros2_ws/install/first_package:/home/bryan/Workspace/ros2_ws/install/examples_rclpy_pointcloud_publisher:/home/bryan/Workspace/ros2_ws/install/examples_rclpy_minimal_subscriber:/home/bryan/Workspace/ros2_ws/install/examples_rclpy_minimal_service:/home/bryan/Workspace/ros2_ws/install/examples_rclpy_minimal_publisher:/home/bryan/Workspace/ros2_ws/install/examples_rclpy_minimal_client:/home/bryan/Workspace/ros2_ws/install/examples_rclpy_minimal_action_server:/home/bryan/Workspace/ros2_ws/install/examples_rclpy_minimal_action_client:/home/bryan/Workspace/ros2_ws/install/examples_rclpy_guard_conditions:/home/bryan/Workspace/ros2_ws/install/examples_rclpy_executors:/home/bryan/Workspace/ros2_ws/install/camera_calibration:/opt/ros/humble LD_LIBRARY_PATH=/home/bryan/Workspace/ros2_ws/install/cv_bridge/lib:${LD_LIBRARY_PATH} PYTHONPATH=/home/bryan/Workspace/ros2_ws/install/cv_bridge/local/lib/python3.10/dist-packages:${PYTHONPATH} /usr/bin/cmake --build /home/bryan/Workspace/ros2_ws/build/image_view -- -j3 -l3
[119.299s] Invoking command in '/home/bryan/Workspace/ros2_ws/build/image_view': AMENT_PREFIX_PATH=/home/bryan/Workspace/ros2_ws/install/cv_bridge:${AMENT_PREFIX_PATH} CMAKE_PREFIX_PATH=/home/bryan/Workspace/ros2_ws/install/cv_bridge:/home/bryan/Workspace/ros2_ws/install/image_proc:/home/bryan/Workspace/ros2_ws/install/tracetools_image_pipeline:/home/bryan/Workspace/ros2_ws/install/image_rotate:/home/bryan/Workspace/ros2_ws/install/image_publisher:/home/bryan/Workspace/ros2_ws/install/examples_rclcpp_wait_set:/home/bryan/Workspace/ros2_ws/install/examples_rclcpp_multithreaded_executor:/home/bryan/Workspace/ros2_ws/install/examples_rclcpp_minimal_timer:/home/bryan/Workspace/ros2_ws/install/examples_rclcpp_minimal_subscriber:/home/bryan/Workspace/ros2_ws/install/examples_rclcpp_minimal_service:/home/bryan/Workspace/ros2_ws/install/examples_rclcpp_minimal_publisher:/home/bryan/Workspace/ros2_ws/install/examples_rclcpp_minimal_composition:/home/bryan/Workspace/ros2_ws/install/examples_rclcpp_minimal_client:/home/bryan/Workspace/ros2_ws/install/examples_rclcpp_minimal_action_server:/home/bryan/Workspace/ros2_ws/install/examples_rclcpp_minimal_action_client:/home/bryan/Workspace/ros2_ws/install/examples_rclcpp_cbg_executor:/home/bryan/Workspace/ros2_ws/install/examples_rclcpp_async_client:/home/bryan/Workspace/ros2_ws/install/sprint2:/home/bryan/Workspace/ros2_ws/install/launch_testing_examples:/home/bryan/Workspace/ros2_ws/install/image_converter:/home/bryan/Workspace/ros2_ws/install/first_package:/home/bryan/Workspace/ros2_ws/install/examples_rclpy_pointcloud_publisher:/home/bryan/Workspace/ros2_ws/install/examples_rclpy_minimal_subscriber:/home/bryan/Workspace/ros2_ws/install/examples_rclpy_minimal_service:/home/bryan/Workspace/ros2_ws/install/examples_rclpy_minimal_publisher:/home/bryan/Workspace/ros2_ws/install/examples_rclpy_minimal_client:/home/bryan/Workspace/ros2_ws/install/examples_rclpy_minimal_action_server:/home/bryan/Workspace/ros2_ws/install/examples_rclpy_minimal_action_client:/home/bryan/Workspace/ros2_ws/install/examples_rclpy_guard_conditions:/home/bryan/Workspace/ros2_ws/install/examples_rclpy_executors:/home/bryan/Workspace/ros2_ws/install/camera_calibration:/opt/ros/humble LD_LIBRARY_PATH=/home/bryan/Workspace/ros2_ws/install/cv_bridge/lib:${LD_LIBRARY_PATH} PYTHONPATH=/home/bryan/Workspace/ros2_ws/install/cv_bridge/local/lib/python3.10/dist-packages:${PYTHONPATH} /usr/bin/cmake --install /home/bryan/Workspace/ros2_ws/build/image_view
[119.317s] -- Install configuration: ""
[119.318s] -- Installing: /home/bryan/Workspace/ros2_ws/install/image_view/include
[119.319s] -- Installing: /home/bryan/Workspace/ros2_ws/install/image_view/include/image_view
[119.319s] -- Installing: /home/bryan/Workspace/ros2_ws/install/image_view/include/image_view/disparity_view_node.hpp
[119.319s] -- Installing: /home/bryan/Workspace/ros2_ws/install/image_view/include/image_view/stereo_view_node.hpp
[119.320s] -- Installing: /home/bryan/Workspace/ros2_ws/install/image_view/include/image_view/extract_images_node.hpp
[119.320s] -- Installing: /home/bryan/Workspace/ros2_ws/install/image_view/include/image_view/video_recorder_node.hpp
[119.320s] -- Installing: /home/bryan/Workspace/ros2_ws/install/image_view/include/image_view/image_saver_node.hpp
[119.321s] -- Installing: /home/bryan/Workspace/ros2_ws/install/image_view/include/image_view/image_view_node.hpp
[119.321s] -- Installing: /home/bryan/Workspace/ros2_ws/install/image_view/share/image_view/environment/library_path.sh
[119.322s] -- Installing: /home/bryan/Workspace/ros2_ws/install/image_view/share/image_view/environment/library_path.dsv
[119.322s] -- Installing: /home/bryan/Workspace/ros2_ws/install/image_view/lib/libimage_view_nodes.so
[119.335s] -- Set runtime path of "/home/bryan/Workspace/ros2_ws/install/image_view/lib/libimage_view_nodes.so" to ""
[119.337s] -- Installing: /home/bryan/Workspace/ros2_ws/install/image_view/lib/image_view/disparity_view
[119.337s] -- Set runtime path of "/home/bryan/Workspace/ros2_ws/install/image_view/lib/image_view/disparity_view" to ""
[119.339s] -- Installing: /home/bryan/Workspace/ros2_ws/install/image_view/lib/image_view/image_view
[119.351s] -- Set runtime path of "/home/bryan/Workspace/ros2_ws/install/image_view/lib/image_view/image_view" to ""
[119.382s] -- Installing: /home/bryan/Workspace/ros2_ws/install/image_view/lib/image_view/stereo_view
[119.383s] -- Set runtime path of "/home/bryan/Workspace/ros2_ws/install/image_view/lib/image_view/stereo_view" to ""
[119.383s] -- Installing: /home/bryan/Workspace/ros2_ws/install/image_view/lib/image_view/extract_images
[119.383s] -- Set runtime path of "/home/bryan/Workspace/ros2_ws/install/image_view/lib/image_view/extract_images" to ""
[119.383s] -- Installing: /home/bryan/Workspace/ros2_ws/install/image_view/lib/image_view/image_saver
[119.383s] -- Set runtime path of "/home/bryan/Workspace/ros2_ws/install/image_view/lib/image_view/image_saver" to ""
[119.383s] -- Installing: /home/bryan/Workspace/ros2_ws/install/image_view/lib/image_view/video_recorder
[119.383s] -- Set runtime path of "/home/bryan/Workspace/ros2_ws/install/image_view/lib/image_view/video_recorder" to ""
[119.384s] -- Installing: /home/bryan/Workspace/ros2_ws/install/image_view/share/ament_index/resource_index/package_run_dependencies/image_view
[119.384s] -- Installing: /home/bryan/Workspace/ros2_ws/install/image_view/share/ament_index/resource_index/parent_prefix_path/image_view
[119.384s] -- Installing: /home/bryan/Workspace/ros2_ws/install/image_view/share/image_view/environment/ament_prefix_path.sh
[119.384s] -- Installing: /home/bryan/Workspace/ros2_ws/install/image_view/share/image_view/environment/ament_prefix_path.dsv
[119.384s] -- Installing: /home/bryan/Workspace/ros2_ws/install/image_view/share/image_view/environment/path.sh
[119.385s] -- Installing: /home/bryan/Workspace/ros2_ws/install/image_view/share/image_view/environment/path.dsv
[119.385s] -- Installing: /home/bryan/Workspace/ros2_ws/install/image_view/share/image_view/local_setup.bash
[119.385s] -- Installing: /home/bryan/Workspace/ros2_ws/install/image_view/share/image_view/local_setup.sh
[119.385s] -- Installing: /home/bryan/Workspace/ros2_ws/install/image_view/share/image_view/local_setup.zsh
[119.385s] -- Installing: /home/bryan/Workspace/ros2_ws/install/image_view/share/image_view/local_setup.dsv
[119.385s] -- Installing: /home/bryan/Workspace/ros2_ws/install/image_view/share/image_view/package.dsv
[119.385s] -- Installing: /home/bryan/Workspace/ros2_ws/install/image_view/share/ament_index/resource_index/packages/image_view
[119.386s] -- Installing: /home/bryan/Workspace/ros2_ws/install/image_view/share/ament_index/resource_index/rclcpp_components/image_view
[119.386s] -- Installing: /home/bryan/Workspace/ros2_ws/install/image_view/share/image_view/cmake/ament_cmake_export_dependencies-extras.cmake
[119.386s] -- Installing: /home/bryan/Workspace/ros2_ws/install/image_view/share/image_view/cmake/ament_cmake_export_include_directories-extras.cmake
[119.386s] -- Installing: /home/bryan/Workspace/ros2_ws/install/image_view/share/image_view/cmake/ament_cmake_export_libraries-extras.cmake
[119.386s] -- Installing: /home/bryan/Workspace/ros2_ws/install/image_view/share/image_view/cmake/image_viewConfig.cmake
[119.386s] -- Installing: /home/bryan/Workspace/ros2_ws/install/image_view/share/image_view/cmake/image_viewConfig-version.cmake
[119.386s] -- Installing: /home/bryan/Workspace/ros2_ws/install/image_view/share/image_view/package.xml
[119.399s] Invoked command in '/home/bryan/Workspace/ros2_ws/build/image_view' returned '0': AMENT_PREFIX_PATH=/home/bryan/Workspace/ros2_ws/install/cv_bridge:${AMENT_PREFIX_PATH} CMAKE_PREFIX_PATH=/home/bryan/Workspace/ros2_ws/install/cv_bridge:/home/bryan/Workspace/ros2_ws/install/image_proc:/home/bryan/Workspace/ros2_ws/install/tracetools_image_pipeline:/home/bryan/Workspace/ros2_ws/install/image_rotate:/home/bryan/Workspace/ros2_ws/install/image_publisher:/home/bryan/Workspace/ros2_ws/install/examples_rclcpp_wait_set:/home/bryan/Workspace/ros2_ws/install/examples_rclcpp_multithreaded_executor:/home/bryan/Workspace/ros2_ws/install/examples_rclcpp_minimal_timer:/home/bryan/Workspace/ros2_ws/install/examples_rclcpp_minimal_subscriber:/home/bryan/Workspace/ros2_ws/install/examples_rclcpp_minimal_service:/home/bryan/Workspace/ros2_ws/install/examples_rclcpp_minimal_publisher:/home/bryan/Workspace/ros2_ws/install/examples_rclcpp_minimal_composition:/home/bryan/Workspace/ros2_ws/install/examples_rclcpp_minimal_client:/home/bryan/Workspace/ros2_ws/install/examples_rclcpp_minimal_action_server:/home/bryan/Workspace/ros2_ws/install/examples_rclcpp_minimal_action_client:/home/bryan/Workspace/ros2_ws/install/examples_rclcpp_cbg_executor:/home/bryan/Workspace/ros2_ws/install/examples_rclcpp_async_client:/home/bryan/Workspace/ros2_ws/install/sprint2:/home/bryan/Workspace/ros2_ws/install/launch_testing_examples:/home/bryan/Workspace/ros2_ws/install/image_converter:/home/bryan/Workspace/ros2_ws/install/first_package:/home/bryan/Workspace/ros2_ws/install/examples_rclpy_pointcloud_publisher:/home/bryan/Workspace/ros2_ws/install/examples_rclpy_minimal_subscriber:/home/bryan/Workspace/ros2_ws/install/examples_rclpy_minimal_service:/home/bryan/Workspace/ros2_ws/install/examples_rclpy_minimal_publisher:/home/bryan/Workspace/ros2_ws/install/examples_rclpy_minimal_client:/home/bryan/Workspace/ros2_ws/install/examples_rclpy_minimal_action_server:/home/bryan/Workspace/ros2_ws/install/examples_rclpy_minimal_action_client:/home/bryan/Workspace/ros2_ws/install/examples_rclpy_guard_conditions:/home/bryan/Workspace/ros2_ws/install/examples_rclpy_executors:/home/bryan/Workspace/ros2_ws/install/camera_calibration:/opt/ros/humble LD_LIBRARY_PATH=/home/bryan/Workspace/ros2_ws/install/cv_bridge/lib:${LD_LIBRARY_PATH} PYTHONPATH=/home/bryan/Workspace/ros2_ws/install/cv_bridge/local/lib/python3.10/dist-packages:${PYTHONPATH} /usr/bin/cmake --install /home/bryan/Workspace/ros2_ws/build/image_view
