[0.194s] Invoking command in '/home/bryan/Workspace/ros2_ws/build/stereo_image_proc': AMENT_PREFIX_PATH=/home/bryan/Workspace/ros2_ws/install/image_geometry:/home/bryan/Workspace/ros2_ws/install/cv_bridge:${AMENT_PREFIX_PATH} CMAKE_PREFIX_PATH=/home/bryan/Workspace/ros2_ws/install/image_proc:/home/bryan/Workspace/ros2_ws/install/tracetools_image_pipeline:/home/bryan/Workspace/ros2_ws/install/image_geometry:/home/bryan/Workspace/ros2_ws/install/cv_bridge:/home/bryan/Workspace/ros2_ws/install/image_rotate:/home/bryan/Workspace/ros2_ws/install/image_publisher:/home/bryan/Workspace/ros2_ws/install/examples_rclcpp_wait_set:/home/bryan/Workspace/ros2_ws/install/examples_rclcpp_multithreaded_executor:/home/bryan/Workspace/ros2_ws/install/examples_rclcpp_minimal_timer:/home/bryan/Workspace/ros2_ws/install/examples_rclcpp_minimal_subscriber:/home/bryan/Workspace/ros2_ws/install/examples_rclcpp_minimal_service:/home/bryan/Workspace/ros2_ws/install/examples_rclcpp_minimal_publisher:/home/bryan/Workspace/ros2_ws/install/examples_rclcpp_minimal_composition:/home/bryan/Workspace/ros2_ws/install/examples_rclcpp_minimal_client:/home/bryan/Workspace/ros2_ws/install/examples_rclcpp_minimal_action_server:/home/bryan/Workspace/ros2_ws/install/examples_rclcpp_minimal_action_client:/home/bryan/Workspace/ros2_ws/install/examples_rclcpp_cbg_executor:/home/bryan/Workspace/ros2_ws/install/examples_rclcpp_async_client:/home/bryan/Workspace/ros2_ws/install/sprint2:/home/bryan/Workspace/ros2_ws/install/launch_testing_examples:/home/bryan/Workspace/ros2_ws/install/image_converter:/home/bryan/Workspace/ros2_ws/install/first_package:/home/bryan/Workspace/ros2_ws/install/examples_rclpy_pointcloud_publisher:/home/bryan/Workspace/ros2_ws/install/examples_rclpy_minimal_subscriber:/home/bryan/Workspace/ros2_ws/install/examples_rclpy_minimal_service:/home/bryan/Workspace/ros2_ws/install/examples_rclpy_minimal_publisher:/home/bryan/Workspace/ros2_ws/install/examples_rclpy_minimal_client:/home/bryan/Workspace/ros2_ws/install/examples_rclpy_minimal_action_server:/home/bryan/Workspace/ros2_ws/install/examples_rclpy_minimal_action_client:/home/bryan/Workspace/ros2_ws/install/examples_rclpy_guard_conditions:/home/bryan/Workspace/ros2_ws/install/examples_rclpy_executors:/home/bryan/Workspace/ros2_ws/install/camera_calibration:/opt/ros/humble LD_LIBRARY_PATH=/home/bryan/Workspace/ros2_ws/install/image_proc/lib:/home/bryan/Workspace/ros2_ws/install/tracetools_image_pipeline/lib:/home/bryan/Workspace/ros2_ws/install/image_geometry/lib:/home/bryan/Workspace/ros2_ws/install/cv_bridge/lib:/home/bryan/Workspace/ros2_ws/install/image_rotate/lib:/home/bryan/Workspace/ros2_ws/install/image_publisher/lib:/home/bryan/Workspace/ros2_ws/install/examples_rclcpp_wait_set/lib:/home/bryan/Workspace/ros2_ws/install/examples_rclcpp_minimal_subscriber/lib:/home/bryan/Workspace/ros2_ws/install/examples_rclcpp_minimal_composition/lib:/opt/ros/humble/opt/rviz_ogre_vendor/lib:/opt/ros/humble/lib/x86_64-linux-gnu:/opt/ros/humble/lib PYTHONPATH=/home/bryan/Workspace/ros2_ws/install/image_geometry/local/lib/python3.10/dist-packages:/home/bryan/Workspace/ros2_ws/install/cv_bridge/local/lib/python3.10/dist-packages:${PYTHONPATH} /usr/bin/cmake /home/bryan/Workspace/ros2_ws/image_pipeline/stereo_image_proc -DCMAKE_INSTALL_PREFIX=/home/bryan/Workspace/ros2_ws/install/stereo_image_proc
[4.057s] -- The C compiler identification is GNU 11.4.0
[4.167s] -- The CXX compiler identification is GNU 11.4.0
[4.182s] -- Detecting C compiler ABI info
[4.602s] -- Detecting C compiler ABI info - done
[4.654s] -- Check for working C compiler: /usr/bin/cc - skipped
[4.656s] -- Detecting C compile features
[4.656s] -- Detecting C compile features - done
[4.656s] -- Detecting CXX compiler ABI info
[4.980s] -- Detecting CXX compiler ABI info - done
[5.006s] -- Check for working CXX compiler: /usr/bin/c++ - skipped
[5.008s] -- Detecting CXX compile features
[5.009s] -- Detecting CXX compile features - done
[5.010s] -- Found ament_cmake_auto: 1.3.14 (/opt/ros/humble/share/ament_cmake_auto/cmake)
[5.585s] -- Found Python3: /usr/bin/python3 (found version "3.10.12") found components: Interpreter 
[6.088s] -- Found rosidl_generator_c: 3.1.8 (/opt/ros/humble/share/rosidl_generator_c/cmake)
[6.137s] -- Found rosidl_adapter: 3.1.8 (/opt/ros/humble/share/rosidl_adapter/cmake)
[6.592s] -- Found rosidl_generator_cpp: 3.1.8 (/opt/ros/humble/share/rosidl_generator_cpp/cmake)
[6.594s] -- Using all available rosidl_typesupport_c: rosidl_typesupport_fastrtps_c;rosidl_typesupport_introspection_c
[6.594s] -- Using all available rosidl_typesupport_cpp: rosidl_typesupport_fastrtps_cpp;rosidl_typesupport_introspection_cpp
[6.594s] -- Found rmw_implementation_cmake: 6.1.2 (/opt/ros/humble/share/rmw_implementation_cmake/cmake)
[6.594s] -- Found rmw_fastrtps_cpp: 6.2.10 (/opt/ros/humble/share/rmw_fastrtps_cpp/cmake)
[6.899s] -- Found OpenSSL: /usr/lib/x86_64-linux-gnu/libcrypto.so (found version "3.0.2")  
[6.902s] -- Found FastRTPS: /opt/ros/humble/include  
[6.982s] -- Using RMW implementation 'rmw_fastrtps_cpp' as default
[7.000s] -- Looking for pthread.h
[7.304s] -- Looking for pthread.h - found
[7.305s] -- Performing Test CMAKE_HAVE_LIBC_PTHREAD
[7.524s] -- Performing Test CMAKE_HAVE_LIBC_PTHREAD - Success
[7.526s] -- Found Threads: TRUE  
[7.768s] -- Found OpenCV: /usr (found version "4.5.4") 
[7.867s] -- Found ament_lint_auto: 0.12.15 (/opt/ros/humble/share/ament_lint_auto/cmake)
[8.014s] -- Found python_cmake_module: 0.10.0 (/opt/ros/humble/share/python_cmake_module/cmake)
[8.075s] -- Found PythonInterp: /usr/bin/python3 (found suitable version "3.10.12", minimum required is "3.6") 
[8.086s] -- Found PythonLibs: /usr/lib/x86_64-linux-gnu/libpython3.10.so (found suitable version "3.10.12", minimum required is "3.5") 
[8.088s] -- Using PYTHON_EXECUTABLE: /usr/bin/python3
[8.089s] -- Using PYTHON_INCLUDE_DIRS: /usr/include/python3.10
[8.089s] -- Using PYTHON_LIBRARIES: /usr/lib/x86_64-linux-gnu/libpython3.10.so
[8.141s] -- Found PythonExtra: .so  
[9.717s] [0mIn this package, headers install destination is set to `include` by ament_auto_package. It is recommended to install `include/stereo_image_proc` instead and will be the default behavior of ament_auto_package from ROS 2 Kilted Kaiju. On distributions before Kilted, ament_auto_package behaves the same way when you use USE_SCOPED_HEADER_INSTALL_DIR option.[0m
[9.740s] -- Added test 'copyright' to check source files copyright and LICENSE
[9.748s] -- Added test 'cppcheck' to perform static code analysis on C / C++ code
[9.804s] -- Configured cppcheck include dirs: /home/bryan/Workspace/ros2_ws/image_pipeline/stereo_image_proc/include
[9.805s] -- Configured cppcheck exclude dirs and/or files: 
[9.805s] -- Added test 'cpplint' to check C / C++ code against the Google style
[9.805s] -- Configured cpplint exclude dirs and/or files: 
[9.805s] -- Added test 'flake8' to check Python code syntax and style conventions
[9.805s] -- Added test 'lint_cmake' to check CMake code style
[9.805s] -- Added test 'pep257' to check Python code against some of the docstring style conventions in PEP 257
[9.805s] -- Added test 'uncrustify' to check C / C++ code style
[9.805s] -- Configured uncrustify additional arguments: 
[9.806s] -- Added test 'xmllint' to check XML markup files
[9.806s] -- Configuring done
[9.969s] -- Generating done
[10.023s] -- Build files have been written to: /home/bryan/Workspace/ros2_ws/build/stereo_image_proc
[10.042s] Invoked command in '/home/bryan/Workspace/ros2_ws/build/stereo_image_proc' returned '0': AMENT_PREFIX_PATH=/home/bryan/Workspace/ros2_ws/install/image_geometry:/home/bryan/Workspace/ros2_ws/install/cv_bridge:${AMENT_PREFIX_PATH} CMAKE_PREFIX_PATH=/home/bryan/Workspace/ros2_ws/install/image_proc:/home/bryan/Workspace/ros2_ws/install/tracetools_image_pipeline:/home/bryan/Workspace/ros2_ws/install/image_geometry:/home/bryan/Workspace/ros2_ws/install/cv_bridge:/home/bryan/Workspace/ros2_ws/install/image_rotate:/home/bryan/Workspace/ros2_ws/install/image_publisher:/home/bryan/Workspace/ros2_ws/install/examples_rclcpp_wait_set:/home/bryan/Workspace/ros2_ws/install/examples_rclcpp_multithreaded_executor:/home/bryan/Workspace/ros2_ws/install/examples_rclcpp_minimal_timer:/home/bryan/Workspace/ros2_ws/install/examples_rclcpp_minimal_subscriber:/home/bryan/Workspace/ros2_ws/install/examples_rclcpp_minimal_service:/home/bryan/Workspace/ros2_ws/install/examples_rclcpp_minimal_publisher:/home/bryan/Workspace/ros2_ws/install/examples_rclcpp_minimal_composition:/home/bryan/Workspace/ros2_ws/install/examples_rclcpp_minimal_client:/home/bryan/Workspace/ros2_ws/install/examples_rclcpp_minimal_action_server:/home/bryan/Workspace/ros2_ws/install/examples_rclcpp_minimal_action_client:/home/bryan/Workspace/ros2_ws/install/examples_rclcpp_cbg_executor:/home/bryan/Workspace/ros2_ws/install/examples_rclcpp_async_client:/home/bryan/Workspace/ros2_ws/install/sprint2:/home/bryan/Workspace/ros2_ws/install/launch_testing_examples:/home/bryan/Workspace/ros2_ws/install/image_converter:/home/bryan/Workspace/ros2_ws/install/first_package:/home/bryan/Workspace/ros2_ws/install/examples_rclpy_pointcloud_publisher:/home/bryan/Workspace/ros2_ws/install/examples_rclpy_minimal_subscriber:/home/bryan/Workspace/ros2_ws/install/examples_rclpy_minimal_service:/home/bryan/Workspace/ros2_ws/install/examples_rclpy_minimal_publisher:/home/bryan/Workspace/ros2_ws/install/examples_rclpy_minimal_client:/home/bryan/Workspace/ros2_ws/install/examples_rclpy_minimal_action_server:/home/bryan/Workspace/ros2_ws/install/examples_rclpy_minimal_action_client:/home/bryan/Workspace/ros2_ws/install/examples_rclpy_guard_conditions:/home/bryan/Workspace/ros2_ws/install/examples_rclpy_executors:/home/bryan/Workspace/ros2_ws/install/camera_calibration:/opt/ros/humble LD_LIBRARY_PATH=/home/bryan/Workspace/ros2_ws/install/image_proc/lib:/home/bryan/Workspace/ros2_ws/install/tracetools_image_pipeline/lib:/home/bryan/Workspace/ros2_ws/install/image_geometry/lib:/home/bryan/Workspace/ros2_ws/install/cv_bridge/lib:/home/bryan/Workspace/ros2_ws/install/image_rotate/lib:/home/bryan/Workspace/ros2_ws/install/image_publisher/lib:/home/bryan/Workspace/ros2_ws/install/examples_rclcpp_wait_set/lib:/home/bryan/Workspace/ros2_ws/install/examples_rclcpp_minimal_subscriber/lib:/home/bryan/Workspace/ros2_ws/install/examples_rclcpp_minimal_composition/lib:/opt/ros/humble/opt/rviz_ogre_vendor/lib:/opt/ros/humble/lib/x86_64-linux-gnu:/opt/ros/humble/lib PYTHONPATH=/home/bryan/Workspace/ros2_ws/install/image_geometry/local/lib/python3.10/dist-packages:/home/bryan/Workspace/ros2_ws/install/cv_bridge/local/lib/python3.10/dist-packages:${PYTHONPATH} /usr/bin/cmake /home/bryan/Workspace/ros2_ws/image_pipeline/stereo_image_proc -DCMAKE_INSTALL_PREFIX=/home/bryan/Workspace/ros2_ws/install/stereo_image_proc
[10.043s] Invoking command in '/home/bryan/Workspace/ros2_ws/build/stereo_image_proc': AMENT_PREFIX_PATH=/home/bryan/Workspace/ros2_ws/install/image_geometry:/home/bryan/Workspace/ros2_ws/install/cv_bridge:${AMENT_PREFIX_PATH} CMAKE_PREFIX_PATH=/home/bryan/Workspace/ros2_ws/install/image_proc:/home/bryan/Workspace/ros2_ws/install/tracetools_image_pipeline:/home/bryan/Workspace/ros2_ws/install/image_geometry:/home/bryan/Workspace/ros2_ws/install/cv_bridge:/home/bryan/Workspace/ros2_ws/install/image_rotate:/home/bryan/Workspace/ros2_ws/install/image_publisher:/home/bryan/Workspace/ros2_ws/install/examples_rclcpp_wait_set:/home/bryan/Workspace/ros2_ws/install/examples_rclcpp_multithreaded_executor:/home/bryan/Workspace/ros2_ws/install/examples_rclcpp_minimal_timer:/home/bryan/Workspace/ros2_ws/install/examples_rclcpp_minimal_subscriber:/home/bryan/Workspace/ros2_ws/install/examples_rclcpp_minimal_service:/home/bryan/Workspace/ros2_ws/install/examples_rclcpp_minimal_publisher:/home/bryan/Workspace/ros2_ws/install/examples_rclcpp_minimal_composition:/home/bryan/Workspace/ros2_ws/install/examples_rclcpp_minimal_client:/home/bryan/Workspace/ros2_ws/install/examples_rclcpp_minimal_action_server:/home/bryan/Workspace/ros2_ws/install/examples_rclcpp_minimal_action_client:/home/bryan/Workspace/ros2_ws/install/examples_rclcpp_cbg_executor:/home/bryan/Workspace/ros2_ws/install/examples_rclcpp_async_client:/home/bryan/Workspace/ros2_ws/install/sprint2:/home/bryan/Workspace/ros2_ws/install/launch_testing_examples:/home/bryan/Workspace/ros2_ws/install/image_converter:/home/bryan/Workspace/ros2_ws/install/first_package:/home/bryan/Workspace/ros2_ws/install/examples_rclpy_pointcloud_publisher:/home/bryan/Workspace/ros2_ws/install/examples_rclpy_minimal_subscriber:/home/bryan/Workspace/ros2_ws/install/examples_rclpy_minimal_service:/home/bryan/Workspace/ros2_ws/install/examples_rclpy_minimal_publisher:/home/bryan/Workspace/ros2_ws/install/examples_rclpy_minimal_client:/home/bryan/Workspace/ros2_ws/install/examples_rclpy_minimal_action_server:/home/bryan/Workspace/ros2_ws/install/examples_rclpy_minimal_action_client:/home/bryan/Workspace/ros2_ws/install/examples_rclpy_guard_conditions:/home/bryan/Workspace/ros2_ws/install/examples_rclpy_executors:/home/bryan/Workspace/ros2_ws/install/camera_calibration:/opt/ros/humble LD_LIBRARY_PATH=/home/bryan/Workspace/ros2_ws/install/image_proc/lib:/home/bryan/Workspace/ros2_ws/install/tracetools_image_pipeline/lib:/home/bryan/Workspace/ros2_ws/install/image_geometry/lib:/home/bryan/Workspace/ros2_ws/install/cv_bridge/lib:/home/bryan/Workspace/ros2_ws/install/image_rotate/lib:/home/bryan/Workspace/ros2_ws/install/image_publisher/lib:/home/bryan/Workspace/ros2_ws/install/examples_rclcpp_wait_set/lib:/home/bryan/Workspace/ros2_ws/install/examples_rclcpp_minimal_subscriber/lib:/home/bryan/Workspace/ros2_ws/install/examples_rclcpp_minimal_composition/lib:/opt/ros/humble/opt/rviz_ogre_vendor/lib:/opt/ros/humble/lib/x86_64-linux-gnu:/opt/ros/humble/lib PYTHONPATH=/home/bryan/Workspace/ros2_ws/install/image_geometry/local/lib/python3.10/dist-packages:/home/bryan/Workspace/ros2_ws/install/cv_bridge/local/lib/python3.10/dist-packages:${PYTHONPATH} /usr/bin/cmake --build /home/bryan/Workspace/ros2_ws/build/stereo_image_proc -- -j3 -l3
[10.297s] [ 12%] [32mBuilding CXX object CMakeFiles/stereo_image_proc.dir/src/stereo_image_proc/stereo_processor.cpp.o[0m
[12.793s] [ 25%] [32mBuilding CXX object CMakeFiles/stereo_image_proc.dir/src/stereo_image_proc/disparity_node.cpp.o[0m
[52.040s] [ 37%] [32mBuilding CXX object CMakeFiles/stereo_image_proc.dir/src/stereo_image_proc/point_cloud_node.cpp.o[0m
[79.655s] [ 50%] [32m[1mLinking CXX shared library libstereo_image_proc.so[0m
[83.053s] [ 50%] Built target stereo_image_proc
[83.243s] [ 62%] [32mBuilding CXX object CMakeFiles/point_cloud_node.dir/rclcpp_components/node_main_point_cloud_node.cpp.o[0m
[88.982s] [ 75%] [32m[1mLinking CXX executable point_cloud_node[0m
[89.352s] [ 75%] Built target point_cloud_node
[89.481s] [ 87%] [32mBuilding CXX object CMakeFiles/disparity_node.dir/rclcpp_components/node_main_disparity_node.cpp.o[0m
[95.428s] [100%] [32m[1mLinking CXX executable disparity_node[0m
[95.754s] [100%] Built target disparity_node
[95.861s] Invoked command in '/home/bryan/Workspace/ros2_ws/build/stereo_image_proc' returned '0': AMENT_PREFIX_PATH=/home/bryan/Workspace/ros2_ws/install/image_geometry:/home/bryan/Workspace/ros2_ws/install/cv_bridge:${AMENT_PREFIX_PATH} CMAKE_PREFIX_PATH=/home/bryan/Workspace/ros2_ws/install/image_proc:/home/bryan/Workspace/ros2_ws/install/tracetools_image_pipeline:/home/bryan/Workspace/ros2_ws/install/image_geometry:/home/bryan/Workspace/ros2_ws/install/cv_bridge:/home/bryan/Workspace/ros2_ws/install/image_rotate:/home/bryan/Workspace/ros2_ws/install/image_publisher:/home/bryan/Workspace/ros2_ws/install/examples_rclcpp_wait_set:/home/bryan/Workspace/ros2_ws/install/examples_rclcpp_multithreaded_executor:/home/bryan/Workspace/ros2_ws/install/examples_rclcpp_minimal_timer:/home/bryan/Workspace/ros2_ws/install/examples_rclcpp_minimal_subscriber:/home/bryan/Workspace/ros2_ws/install/examples_rclcpp_minimal_service:/home/bryan/Workspace/ros2_ws/install/examples_rclcpp_minimal_publisher:/home/bryan/Workspace/ros2_ws/install/examples_rclcpp_minimal_composition:/home/bryan/Workspace/ros2_ws/install/examples_rclcpp_minimal_client:/home/bryan/Workspace/ros2_ws/install/examples_rclcpp_minimal_action_server:/home/bryan/Workspace/ros2_ws/install/examples_rclcpp_minimal_action_client:/home/bryan/Workspace/ros2_ws/install/examples_rclcpp_cbg_executor:/home/bryan/Workspace/ros2_ws/install/examples_rclcpp_async_client:/home/bryan/Workspace/ros2_ws/install/sprint2:/home/bryan/Workspace/ros2_ws/install/launch_testing_examples:/home/bryan/Workspace/ros2_ws/install/image_converter:/home/bryan/Workspace/ros2_ws/install/first_package:/home/bryan/Workspace/ros2_ws/install/examples_rclpy_pointcloud_publisher:/home/bryan/Workspace/ros2_ws/install/examples_rclpy_minimal_subscriber:/home/bryan/Workspace/ros2_ws/install/examples_rclpy_minimal_service:/home/bryan/Workspace/ros2_ws/install/examples_rclpy_minimal_publisher:/home/bryan/Workspace/ros2_ws/install/examples_rclpy_minimal_client:/home/bryan/Workspace/ros2_ws/install/examples_rclpy_minimal_action_server:/home/bryan/Workspace/ros2_ws/install/examples_rclpy_minimal_action_client:/home/bryan/Workspace/ros2_ws/install/examples_rclpy_guard_conditions:/home/bryan/Workspace/ros2_ws/install/examples_rclpy_executors:/home/bryan/Workspace/ros2_ws/install/camera_calibration:/opt/ros/humble LD_LIBRARY_PATH=/home/bryan/Workspace/ros2_ws/install/image_proc/lib:/home/bryan/Workspace/ros2_ws/install/tracetools_image_pipeline/lib:/home/bryan/Workspace/ros2_ws/install/image_geometry/lib:/home/bryan/Workspace/ros2_ws/install/cv_bridge/lib:/home/bryan/Workspace/ros2_ws/install/image_rotate/lib:/home/bryan/Workspace/ros2_ws/install/image_publisher/lib:/home/bryan/Workspace/ros2_ws/install/examples_rclcpp_wait_set/lib:/home/bryan/Workspace/ros2_ws/install/examples_rclcpp_minimal_subscriber/lib:/home/bryan/Workspace/ros2_ws/install/examples_rclcpp_minimal_composition/lib:/opt/ros/humble/opt/rviz_ogre_vendor/lib:/opt/ros/humble/lib/x86_64-linux-gnu:/opt/ros/humble/lib PYTHONPATH=/home/bryan/Workspace/ros2_ws/install/image_geometry/local/lib/python3.10/dist-packages:/home/bryan/Workspace/ros2_ws/install/cv_bridge/local/lib/python3.10/dist-packages:${PYTHONPATH} /usr/bin/cmake --build /home/bryan/Workspace/ros2_ws/build/stereo_image_proc -- -j3 -l3
[95.862s] Invoking command in '/home/bryan/Workspace/ros2_ws/build/stereo_image_proc': AMENT_PREFIX_PATH=/home/bryan/Workspace/ros2_ws/install/image_geometry:/home/bryan/Workspace/ros2_ws/install/cv_bridge:${AMENT_PREFIX_PATH} CMAKE_PREFIX_PATH=/home/bryan/Workspace/ros2_ws/install/image_proc:/home/bryan/Workspace/ros2_ws/install/tracetools_image_pipeline:/home/bryan/Workspace/ros2_ws/install/image_geometry:/home/bryan/Workspace/ros2_ws/install/cv_bridge:/home/bryan/Workspace/ros2_ws/install/image_rotate:/home/bryan/Workspace/ros2_ws/install/image_publisher:/home/bryan/Workspace/ros2_ws/install/examples_rclcpp_wait_set:/home/bryan/Workspace/ros2_ws/install/examples_rclcpp_multithreaded_executor:/home/bryan/Workspace/ros2_ws/install/examples_rclcpp_minimal_timer:/home/bryan/Workspace/ros2_ws/install/examples_rclcpp_minimal_subscriber:/home/bryan/Workspace/ros2_ws/install/examples_rclcpp_minimal_service:/home/bryan/Workspace/ros2_ws/install/examples_rclcpp_minimal_publisher:/home/bryan/Workspace/ros2_ws/install/examples_rclcpp_minimal_composition:/home/bryan/Workspace/ros2_ws/install/examples_rclcpp_minimal_client:/home/bryan/Workspace/ros2_ws/install/examples_rclcpp_minimal_action_server:/home/bryan/Workspace/ros2_ws/install/examples_rclcpp_minimal_action_client:/home/bryan/Workspace/ros2_ws/install/examples_rclcpp_cbg_executor:/home/bryan/Workspace/ros2_ws/install/examples_rclcpp_async_client:/home/bryan/Workspace/ros2_ws/install/sprint2:/home/bryan/Workspace/ros2_ws/install/launch_testing_examples:/home/bryan/Workspace/ros2_ws/install/image_converter:/home/bryan/Workspace/ros2_ws/install/first_package:/home/bryan/Workspace/ros2_ws/install/examples_rclpy_pointcloud_publisher:/home/bryan/Workspace/ros2_ws/install/examples_rclpy_minimal_subscriber:/home/bryan/Workspace/ros2_ws/install/examples_rclpy_minimal_service:/home/bryan/Workspace/ros2_ws/install/examples_rclpy_minimal_publisher:/home/bryan/Workspace/ros2_ws/install/examples_rclpy_minimal_client:/home/bryan/Workspace/ros2_ws/install/examples_rclpy_minimal_action_server:/home/bryan/Workspace/ros2_ws/install/examples_rclpy_minimal_action_client:/home/bryan/Workspace/ros2_ws/install/examples_rclpy_guard_conditions:/home/bryan/Workspace/ros2_ws/install/examples_rclpy_executors:/home/bryan/Workspace/ros2_ws/install/camera_calibration:/opt/ros/humble LD_LIBRARY_PATH=/home/bryan/Workspace/ros2_ws/install/image_proc/lib:/home/bryan/Workspace/ros2_ws/install/tracetools_image_pipeline/lib:/home/bryan/Workspace/ros2_ws/install/image_geometry/lib:/home/bryan/Workspace/ros2_ws/install/cv_bridge/lib:/home/bryan/Workspace/ros2_ws/install/image_rotate/lib:/home/bryan/Workspace/ros2_ws/install/image_publisher/lib:/home/bryan/Workspace/ros2_ws/install/examples_rclcpp_wait_set/lib:/home/bryan/Workspace/ros2_ws/install/examples_rclcpp_minimal_subscriber/lib:/home/bryan/Workspace/ros2_ws/install/examples_rclcpp_minimal_composition/lib:/opt/ros/humble/opt/rviz_ogre_vendor/lib:/opt/ros/humble/lib/x86_64-linux-gnu:/opt/ros/humble/lib PYTHONPATH=/home/bryan/Workspace/ros2_ws/install/image_geometry/local/lib/python3.10/dist-packages:/home/bryan/Workspace/ros2_ws/install/cv_bridge/local/lib/python3.10/dist-packages:${PYTHONPATH} /usr/bin/cmake --install /home/bryan/Workspace/ros2_ws/build/stereo_image_proc
[95.866s] -- Install configuration: ""
[95.896s] -- Installing: /home/bryan/Workspace/ros2_ws/install/stereo_image_proc/lib/stereo_image_proc/disparity_node
[95.897s] -- Set runtime path of "/home/bryan/Workspace/ros2_ws/install/stereo_image_proc/lib/stereo_image_proc/disparity_node" to ""
[95.897s] -- Installing: /home/bryan/Workspace/ros2_ws/install/stereo_image_proc/lib/stereo_image_proc/point_cloud_node
[95.897s] -- Set runtime path of "/home/bryan/Workspace/ros2_ws/install/stereo_image_proc/lib/stereo_image_proc/point_cloud_node" to ""
[95.910s] -- Installing: /home/bryan/Workspace/ros2_ws/install/stereo_image_proc/include
[95.910s] -- Installing: /home/bryan/Workspace/ros2_ws/install/stereo_image_proc/include/stereo_image_proc
[95.911s] -- Installing: /home/bryan/Workspace/ros2_ws/install/stereo_image_proc/include/stereo_image_proc/stereo_processor.hpp
[95.911s] -- Installing: /home/bryan/Workspace/ros2_ws/install/stereo_image_proc/share/stereo_image_proc/environment/library_path.sh
[95.911s] -- Installing: /home/bryan/Workspace/ros2_ws/install/stereo_image_proc/share/stereo_image_proc/environment/library_path.dsv
[95.911s] -- Installing: /home/bryan/Workspace/ros2_ws/install/stereo_image_proc/lib/libstereo_image_proc.so
[95.929s] -- Set runtime path of "/home/bryan/Workspace/ros2_ws/install/stereo_image_proc/lib/libstereo_image_proc.so" to ""
[95.945s] -- Installing: /home/bryan/Workspace/ros2_ws/install/stereo_image_proc/share/stereo_image_proc/launch
[95.945s] -- Installing: /home/bryan/Workspace/ros2_ws/install/stereo_image_proc/share/stereo_image_proc/launch/stereo_image_proc.launch.py
[95.945s] -- Installing: /home/bryan/Workspace/ros2_ws/install/stereo_image_proc/share/ament_index/resource_index/package_run_dependencies/stereo_image_proc
[95.946s] -- Installing: /home/bryan/Workspace/ros2_ws/install/stereo_image_proc/share/ament_index/resource_index/parent_prefix_path/stereo_image_proc
[95.946s] -- Installing: /home/bryan/Workspace/ros2_ws/install/stereo_image_proc/share/stereo_image_proc/environment/ament_prefix_path.sh
[95.946s] -- Installing: /home/bryan/Workspace/ros2_ws/install/stereo_image_proc/share/stereo_image_proc/environment/ament_prefix_path.dsv
[95.946s] -- Installing: /home/bryan/Workspace/ros2_ws/install/stereo_image_proc/share/stereo_image_proc/environment/path.sh
[95.946s] -- Installing: /home/bryan/Workspace/ros2_ws/install/stereo_image_proc/share/stereo_image_proc/environment/path.dsv
[95.946s] -- Installing: /home/bryan/Workspace/ros2_ws/install/stereo_image_proc/share/stereo_image_proc/local_setup.bash
[95.946s] -- Installing: /home/bryan/Workspace/ros2_ws/install/stereo_image_proc/share/stereo_image_proc/local_setup.sh
[95.946s] -- Installing: /home/bryan/Workspace/ros2_ws/install/stereo_image_proc/share/stereo_image_proc/local_setup.zsh
[95.946s] -- Installing: /home/bryan/Workspace/ros2_ws/install/stereo_image_proc/share/stereo_image_proc/local_setup.dsv
[95.946s] -- Installing: /home/bryan/Workspace/ros2_ws/install/stereo_image_proc/share/stereo_image_proc/package.dsv
[95.946s] -- Installing: /home/bryan/Workspace/ros2_ws/install/stereo_image_proc/share/ament_index/resource_index/packages/stereo_image_proc
[95.947s] -- Installing: /home/bryan/Workspace/ros2_ws/install/stereo_image_proc/share/ament_index/resource_index/rclcpp_components/stereo_image_proc
[95.947s] -- Installing: /home/bryan/Workspace/ros2_ws/install/stereo_image_proc/share/stereo_image_proc/cmake/ament_cmake_export_dependencies-extras.cmake
[95.947s] -- Installing: /home/bryan/Workspace/ros2_ws/install/stereo_image_proc/share/stereo_image_proc/cmake/ament_cmake_export_include_directories-extras.cmake
[95.971s] -- Installing: /home/bryan/Workspace/ros2_ws/install/stereo_image_proc/share/stereo_image_proc/cmake/ament_cmake_export_libraries-extras.cmake
[95.972s] -- Installing: /home/bryan/Workspace/ros2_ws/install/stereo_image_proc/share/stereo_image_proc/cmake/stereo_image_procConfig.cmake
[95.973s] -- Installing: /home/bryan/Workspace/ros2_ws/install/stereo_image_proc/share/stereo_image_proc/cmake/stereo_image_procConfig-version.cmake
[95.973s] -- Installing: /home/bryan/Workspace/ros2_ws/install/stereo_image_proc/share/stereo_image_proc/package.xml
[95.991s] Invoked command in '/home/bryan/Workspace/ros2_ws/build/stereo_image_proc' returned '0': AMENT_PREFIX_PATH=/home/bryan/Workspace/ros2_ws/install/image_geometry:/home/bryan/Workspace/ros2_ws/install/cv_bridge:${AMENT_PREFIX_PATH} CMAKE_PREFIX_PATH=/home/bryan/Workspace/ros2_ws/install/image_proc:/home/bryan/Workspace/ros2_ws/install/tracetools_image_pipeline:/home/bryan/Workspace/ros2_ws/install/image_geometry:/home/bryan/Workspace/ros2_ws/install/cv_bridge:/home/bryan/Workspace/ros2_ws/install/image_rotate:/home/bryan/Workspace/ros2_ws/install/image_publisher:/home/bryan/Workspace/ros2_ws/install/examples_rclcpp_wait_set:/home/bryan/Workspace/ros2_ws/install/examples_rclcpp_multithreaded_executor:/home/bryan/Workspace/ros2_ws/install/examples_rclcpp_minimal_timer:/home/bryan/Workspace/ros2_ws/install/examples_rclcpp_minimal_subscriber:/home/bryan/Workspace/ros2_ws/install/examples_rclcpp_minimal_service:/home/bryan/Workspace/ros2_ws/install/examples_rclcpp_minimal_publisher:/home/bryan/Workspace/ros2_ws/install/examples_rclcpp_minimal_composition:/home/bryan/Workspace/ros2_ws/install/examples_rclcpp_minimal_client:/home/bryan/Workspace/ros2_ws/install/examples_rclcpp_minimal_action_server:/home/bryan/Workspace/ros2_ws/install/examples_rclcpp_minimal_action_client:/home/bryan/Workspace/ros2_ws/install/examples_rclcpp_cbg_executor:/home/bryan/Workspace/ros2_ws/install/examples_rclcpp_async_client:/home/bryan/Workspace/ros2_ws/install/sprint2:/home/bryan/Workspace/ros2_ws/install/launch_testing_examples:/home/bryan/Workspace/ros2_ws/install/image_converter:/home/bryan/Workspace/ros2_ws/install/first_package:/home/bryan/Workspace/ros2_ws/install/examples_rclpy_pointcloud_publisher:/home/bryan/Workspace/ros2_ws/install/examples_rclpy_minimal_subscriber:/home/bryan/Workspace/ros2_ws/install/examples_rclpy_minimal_service:/home/bryan/Workspace/ros2_ws/install/examples_rclpy_minimal_publisher:/home/bryan/Workspace/ros2_ws/install/examples_rclpy_minimal_client:/home/bryan/Workspace/ros2_ws/install/examples_rclpy_minimal_action_server:/home/bryan/Workspace/ros2_ws/install/examples_rclpy_minimal_action_client:/home/bryan/Workspace/ros2_ws/install/examples_rclpy_guard_conditions:/home/bryan/Workspace/ros2_ws/install/examples_rclpy_executors:/home/bryan/Workspace/ros2_ws/install/camera_calibration:/opt/ros/humble LD_LIBRARY_PATH=/home/bryan/Workspace/ros2_ws/install/image_proc/lib:/home/bryan/Workspace/ros2_ws/install/tracetools_image_pipeline/lib:/home/bryan/Workspace/ros2_ws/install/image_geometry/lib:/home/bryan/Workspace/ros2_ws/install/cv_bridge/lib:/home/bryan/Workspace/ros2_ws/install/image_rotate/lib:/home/bryan/Workspace/ros2_ws/install/image_publisher/lib:/home/bryan/Workspace/ros2_ws/install/examples_rclcpp_wait_set/lib:/home/bryan/Workspace/ros2_ws/install/examples_rclcpp_minimal_subscriber/lib:/home/bryan/Workspace/ros2_ws/install/examples_rclcpp_minimal_composition/lib:/opt/ros/humble/opt/rviz_ogre_vendor/lib:/opt/ros/humble/lib/x86_64-linux-gnu:/opt/ros/humble/lib PYTHONPATH=/home/bryan/Workspace/ros2_ws/install/image_geometry/local/lib/python3.10/dist-packages:/home/bryan/Workspace/ros2_ws/install/cv_bridge/local/lib/python3.10/dist-packages:${PYTHONPATH} /usr/bin/cmake --install /home/bryan/Workspace/ros2_ws/build/stereo_image_proc
