running egg_info
writing ../../build/image_converter/image_converter.egg-info/PKG-INFO
writing dependency_links to ../../build/image_converter/image_converter.egg-info/dependency_links.txt
writing entry points to ../../build/image_converter/image_converter.egg-info/entry_points.txt
writing requirements to ../../build/image_converter/image_converter.egg-info/requires.txt
writing top-level names to ../../build/image_converter/image_converter.egg-info/top_level.txt
reading manifest file '../../build/image_converter/image_converter.egg-info/SOURCES.txt'
writing manifest file '../../build/image_converter/image_converter.egg-info/SOURCES.txt'
running build
running build_py
copying image_converter/image_converter_pkg.py -> /home/bryan/Workspace/ros2_ws/build/image_converter/build/lib/image_converter
running install
running install_lib
copying /home/bryan/Workspace/ros2_ws/build/image_converter/build/lib/image_converter/image_converter_pkg.py -> /home/bryan/Workspace/ros2_ws/install/image_converter/lib/python3.10/site-packages/image_converter
byte-compiling /home/bryan/Workspace/ros2_ws/install/image_converter/lib/python3.10/site-packages/image_converter/image_converter_pkg.py to image_converter_pkg.cpython-310.pyc
running install_data
running install_egg_info
removing '/home/bryan/Workspace/ros2_ws/install/image_converter/lib/python3.10/site-packages/image_converter-0.0.0-py3.10.egg-info' (and everything under it)
Copying ../../build/image_converter/image_converter.egg-info to /home/bryan/Workspace/ros2_ws/install/image_converter/lib/python3.10/site-packages/image_converter-0.0.0-py3.10.egg-info
running install_scripts
Installing image_converter_pkg script to /home/bryan/Workspace/ros2_ws/install/image_converter/lib/image_converter
writing list of installed files to '/home/bryan/Workspace/ros2_ws/build/image_converter/install.log'
