[0.057s] Invoking command in '/home/bryan/Workspace/ros2_ws/build/tracetools_image_pipeline': CMAKE_PREFIX_PATH=/opt/ros/humble /usr/bin/cmake /home/bryan/Workspace/ros2_ws/image_pipeline/tracetools_image_pipeline -DAMENT_CMAKE_SYMLINK_INSTALL=1 -DCMAKE_INSTALL_PREFIX=/home/bryan/Workspace/ros2_ws/install/tracetools_image_pipeline
[0.447s] -- The C compiler identification is GNU 11.4.0
[0.763s] -- The CXX compiler identification is GNU 11.4.0
[0.782s] -- Detecting C compiler ABI info
[0.985s] -- Detecting C compiler ABI info - done
[0.991s] -- Check for working C compiler: /usr/bin/cc - skipped
[0.995s] -- Detecting C compile features
[1.000s] -- Detecting C compile features - done
[1.000s] -- Detecting CXX compiler ABI info
[1.180s] -- Detecting CXX compiler ABI info - done
[1.189s] -- Check for working CXX compiler: /usr/bin/c++ - skipped
[1.189s] -- Detecting CXX compile features
[1.189s] -- Detecting CXX compile features - done
[1.195s] -- Found ament_cmake_ros: 0.10.0 (/opt/ros/humble/share/ament_cmake_ros/cmake)
[1.522s] -- Found Python3: /usr/bin/python3 (found version "3.10.12") found components: Interpreter 
[1.637s] -- Override CMake install command with custom implementation using symlinks instead of copying resources
[1.675s] -- Found PkgConfig: /usr/bin/pkg-config (found version "0.29.2") 
[1.680s] -- Checking for module 'lttng-ust'
[1.696s] --   No package 'lttng-ust' found
[1.702s] -- Found ament_lint_auto: 0.12.15 (/opt/ros/humble/share/ament_lint_auto/cmake)
[1.839s] -- Added test 'copyright' to check source files copyright and LICENSE
[1.841s] -- Added test 'cppcheck' to perform static code analysis on C / C++ code
[1.842s] -- Configured cppcheck include dirs: 
[1.842s] -- Configured cppcheck exclude dirs and/or files: 
[1.844s] -- Added test 'cpplint' to check C / C++ code against the Google style
[1.845s] -- Configured cpplint exclude dirs and/or files: 
[1.846s] -- Added test 'lint_cmake' to check CMake code style
[1.848s] -- Added test 'uncrustify' to check C / C++ code style
[1.848s] -- Configured uncrustify additional arguments: 
[1.849s] -- Added test 'xmllint' to check XML markup files
[1.852s] -- Configuring done
[1.862s] -- Generating done
[1.869s] -- Build files have been written to: /home/bryan/Workspace/ros2_ws/build/tracetools_image_pipeline
[1.898s] Invoked command in '/home/bryan/Workspace/ros2_ws/build/tracetools_image_pipeline' returned '0': CMAKE_PREFIX_PATH=/opt/ros/humble /usr/bin/cmake /home/bryan/Workspace/ros2_ws/image_pipeline/tracetools_image_pipeline -DAMENT_CMAKE_SYMLINK_INSTALL=1 -DCMAKE_INSTALL_PREFIX=/home/bryan/Workspace/ros2_ws/install/tracetools_image_pipeline
[1.899s] Invoking command in '/home/bryan/Workspace/ros2_ws/build/tracetools_image_pipeline': CMAKE_PREFIX_PATH=/opt/ros/humble /usr/bin/cmake --build /home/bryan/Workspace/ros2_ws/build/tracetools_image_pipeline -- -j3 -l3
[2.035s] [ 20%] [32mBuilding C object CMakeFiles/tracetools_image_pipeline.dir/src/tracetools.c.o[0m
[2.050s] [ 40%] [32mBuilding CXX object CMakeFiles/tracetools_image_pipeline.dir/src/utils.cpp.o[0m
[2.319s] [ 60%] [32m[1mLinking CXX shared library libtracetools_image_pipeline.so[0m
[2.389s] [ 60%] Built target tracetools_image_pipeline
[2.449s] [ 80%] [32mBuilding C object CMakeFiles/status.dir/src/status.c.o[0m
[2.534s] [100%] [32m[1mLinking C executable status[0m
[2.612s] [100%] Built target status
[2.654s] Invoked command in '/home/bryan/Workspace/ros2_ws/build/tracetools_image_pipeline' returned '0': CMAKE_PREFIX_PATH=/opt/ros/humble /usr/bin/cmake --build /home/bryan/Workspace/ros2_ws/build/tracetools_image_pipeline -- -j3 -l3
[2.676s] Invoking command in '/home/bryan/Workspace/ros2_ws/build/tracetools_image_pipeline': CMAKE_PREFIX_PATH=/opt/ros/humble /usr/bin/cmake --install /home/bryan/Workspace/ros2_ws/build/tracetools_image_pipeline
[2.686s] -- Install configuration: ""
[2.687s] -- Execute custom install script
[2.698s] -- Symlinking: /home/bryan/Workspace/ros2_ws/install/tracetools_image_pipeline/share/tracetools_image_pipeline/environment/library_path.sh
[2.698s] -- Symlinking: /home/bryan/Workspace/ros2_ws/install/tracetools_image_pipeline/share/tracetools_image_pipeline/environment/library_path.dsv
[2.711s] -- Symlinking: /home/bryan/Workspace/ros2_ws/install/tracetools_image_pipeline/lib/tracetools_image_pipeline/status
[2.734s] -- Symlinking: /home/bryan/Workspace/ros2_ws/install/tracetools_image_pipeline/include/tracetools_image_pipeline/config.h
[2.749s] -- Symlinking: /home/bryan/Workspace/ros2_ws/install/tracetools_image_pipeline/include/tracetools_image_pipeline/tracetools.h
[2.786s] -- Symlinking: /home/bryan/Workspace/ros2_ws/install/tracetools_image_pipeline/include/tracetools_image_pipeline/utils.hpp
[2.794s] -- Symlinking: /home/bryan/Workspace/ros2_ws/install/tracetools_image_pipeline/include/tracetools_image_pipeline/visibility_control.hpp
[2.836s] -- Symlinking: /home/bryan/Workspace/ros2_ws/install/tracetools_image_pipeline/share/ament_index/resource_index/package_run_dependencies/tracetools_image_pipeline
[2.858s] -- Symlinking: /home/bryan/Workspace/ros2_ws/install/tracetools_image_pipeline/share/ament_index/resource_index/parent_prefix_path/tracetools_image_pipeline
[2.892s] -- Symlinking: /home/bryan/Workspace/ros2_ws/install/tracetools_image_pipeline/share/tracetools_image_pipeline/environment/ament_prefix_path.sh
[2.970s] -- Symlinking: /home/bryan/Workspace/ros2_ws/install/tracetools_image_pipeline/share/tracetools_image_pipeline/environment/ament_prefix_path.dsv
[3.019s] -- Symlinking: /home/bryan/Workspace/ros2_ws/install/tracetools_image_pipeline/share/tracetools_image_pipeline/environment/path.sh
[3.020s] -- Symlinking: /home/bryan/Workspace/ros2_ws/install/tracetools_image_pipeline/share/tracetools_image_pipeline/environment/path.dsv
[3.071s] -- Symlinking: /home/bryan/Workspace/ros2_ws/install/tracetools_image_pipeline/share/tracetools_image_pipeline/local_setup.bash
[3.089s] -- Symlinking: /home/bryan/Workspace/ros2_ws/install/tracetools_image_pipeline/share/tracetools_image_pipeline/local_setup.sh
[3.105s] -- Symlinking: /home/bryan/Workspace/ros2_ws/install/tracetools_image_pipeline/share/tracetools_image_pipeline/local_setup.zsh
[3.121s] -- Symlinking: /home/bryan/Workspace/ros2_ws/install/tracetools_image_pipeline/share/tracetools_image_pipeline/local_setup.dsv
[3.135s] -- Symlinking: /home/bryan/Workspace/ros2_ws/install/tracetools_image_pipeline/share/tracetools_image_pipeline/package.dsv
[3.161s] -- Symlinking: /home/bryan/Workspace/ros2_ws/install/tracetools_image_pipeline/share/ament_index/resource_index/packages/tracetools_image_pipeline
[3.211s] -- Symlinking: /home/bryan/Workspace/ros2_ws/install/tracetools_image_pipeline/share/tracetools_image_pipeline/cmake/ament_cmake_export_targets-extras.cmake
[3.245s] -- Symlinking: /home/bryan/Workspace/ros2_ws/install/tracetools_image_pipeline/share/tracetools_image_pipeline/cmake/ament_cmake_export_include_directories-extras.cmake
[3.271s] -- Symlinking: /home/bryan/Workspace/ros2_ws/install/tracetools_image_pipeline/share/tracetools_image_pipeline/cmake/ament_cmake_export_libraries-extras.cmake
[3.287s] -- Symlinking: /home/bryan/Workspace/ros2_ws/install/tracetools_image_pipeline/share/tracetools_image_pipeline/cmake/tracetools_image_pipelineConfig.cmake
[3.309s] -- Symlinking: /home/bryan/Workspace/ros2_ws/install/tracetools_image_pipeline/share/tracetools_image_pipeline/cmake/tracetools_image_pipelineConfig-version.cmake
[3.347s] -- Symlinking: /home/bryan/Workspace/ros2_ws/install/tracetools_image_pipeline/share/tracetools_image_pipeline/package.xml
[3.369s] -- Installing: /home/bryan/Workspace/ros2_ws/install/tracetools_image_pipeline/lib/libtracetools_image_pipeline.so
[3.370s] -- Installing: /home/bryan/Workspace/ros2_ws/install/tracetools_image_pipeline/share/tracetools_image_pipeline/cmake/tracetools_image_pipeline_exportExport.cmake
[3.370s] -- Installing: /home/bryan/Workspace/ros2_ws/install/tracetools_image_pipeline/share/tracetools_image_pipeline/cmake/tracetools_image_pipeline_exportExport-noconfig.cmake
[3.398s] Invoked command in '/home/bryan/Workspace/ros2_ws/build/tracetools_image_pipeline' returned '0': CMAKE_PREFIX_PATH=/opt/ros/humble /usr/bin/cmake --install /home/bryan/Workspace/ros2_ws/build/tracetools_image_pipeline
