[1.856s] Invoking command in '/home/hannah/Workspace/ros2_ws/src/ros2_sumo-v010/ros2_sumo-main': PYTHONPATH=/home/hannah/Workspace/ros2_ws/build/ros2_sumo/prefix_override:/usr/lib/python3/dist-packages/colcon_core/task/python/colcon_distutils_commands:/home/hannah/Workspace/ros2_ws/install/ros2_sumo/lib/python3.10/site-packages:${PYTHONPATH} /usr/bin/python3 -W ignore:setup.py install is deprecated -W ignore:easy_install command is deprecated setup.py egg_info --egg-base ../../../build/ros2_sumo build --build-base /home/hannah/Workspace/ros2_ws/build/ros2_sumo/build install --record /home/hannah/Workspace/ros2_ws/build/ros2_sumo/install.log --single-version-externally-managed install_data
[2.515s] running egg_info
[2.515s] writing ../../../build/ros2_sumo/ros2_sumo.egg-info/PKG-INFO
[2.517s] writing dependency_links to ../../../build/ros2_sumo/ros2_sumo.egg-info/dependency_links.txt
[2.517s] writing entry points to ../../../build/ros2_sumo/ros2_sumo.egg-info/entry_points.txt
[2.517s] writing requirements to ../../../build/ros2_sumo/ros2_sumo.egg-info/requires.txt
[2.517s] writing top-level names to ../../../build/ros2_sumo/ros2_sumo.egg-info/top_level.txt
[2.528s] reading manifest file '../../../build/ros2_sumo/ros2_sumo.egg-info/SOURCES.txt'
[2.528s] writing manifest file '../../../build/ros2_sumo/ros2_sumo.egg-info/SOURCES.txt'
[2.528s] running build
[2.529s] running build_py
[2.534s] copying ros2_sumo/traffic_lights_publisher.py -> /home/hannah/Workspace/ros2_ws/build/ros2_sumo/build/lib/ros2_sumo
[2.534s] running install
[2.539s] running install_lib
[2.539s] copying /home/hannah/Workspace/ros2_ws/build/ros2_sumo/build/lib/ros2_sumo/traffic_lights_publisher.py -> /home/hannah/Workspace/ros2_ws/install/ros2_sumo/lib/python3.10/site-packages/ros2_sumo
[2.546s] byte-compiling /home/hannah/Workspace/ros2_ws/install/ros2_sumo/lib/python3.10/site-packages/ros2_sumo/traffic_lights_publisher.py to traffic_lights_publisher.cpython-310.pyc
[2.551s] running install_data
[2.552s] running install_egg_info
[2.557s] removing '/home/hannah/Workspace/ros2_ws/install/ros2_sumo/lib/python3.10/site-packages/ros2_sumo-0.1.0-py3.10.egg-info' (and everything under it)
[2.560s] Copying ../../../build/ros2_sumo/ros2_sumo.egg-info to /home/hannah/Workspace/ros2_ws/install/ros2_sumo/lib/python3.10/site-packages/ros2_sumo-0.1.0-py3.10.egg-info
[2.563s] running install_scripts
[2.614s] Installing arduino_read_write script to /home/hannah/Workspace/ros2_ws/install/ros2_sumo/lib/ros2_sumo
[2.614s] Installing multi_sim_publisher script to /home/hannah/Workspace/ros2_ws/install/ros2_sumo/lib/ros2_sumo
[2.614s] Installing traffic_lights_publisher script to /home/hannah/Workspace/ros2_ws/install/ros2_sumo/lib/ros2_sumo
[2.614s] Installing vehicle_publisher script to /home/hannah/Workspace/ros2_ws/install/ros2_sumo/lib/ros2_sumo
[2.617s] writing list of installed files to '/home/hannah/Workspace/ros2_ws/build/ros2_sumo/install.log'
[2.715s] Invoked command in '/home/hannah/Workspace/ros2_ws/src/ros2_sumo-v010/ros2_sumo-main' returned '0': PYTHONPATH=/home/hannah/Workspace/ros2_ws/build/ros2_sumo/prefix_override:/usr/lib/python3/dist-packages/colcon_core/task/python/colcon_distutils_commands:/home/hannah/Workspace/ros2_ws/install/ros2_sumo/lib/python3.10/site-packages:${PYTHONPATH} /usr/bin/python3 -W ignore:setup.py install is deprecated -W ignore:easy_install command is deprecated setup.py egg_info --egg-base ../../../build/ros2_sumo build --build-base /home/hannah/Workspace/ros2_ws/build/ros2_sumo/build install --record /home/hannah/Workspace/ros2_ws/build/ros2_sumo/install.log --single-version-externally-managed install_data
