[0.119s] Invoking command in '/home/bryan/Workspace/ros2_ws/build/examples_rclcpp_minimal_service': CMAKE_PREFIX_PATH=/opt/ros/humble /usr/bin/cmake /home/bryan/Workspace/ros2_ws/src/examples/rclcpp/services/minimal_service -DAMENT_CMAKE_SYMLINK_INSTALL=1 -DCMAKE_INSTALL_PREFIX=/home/bryan/Workspace/ros2_ws/install/examples_rclcpp_minimal_service
[0.257s] -- The C compiler identification is GNU 11.4.0
[0.331s] -- The CXX compiler identification is GNU 11.4.0
[0.341s] -- Detecting C compiler ABI info
[0.468s] -- Detecting C compiler ABI info - done
[0.469s] -- Check for working C compiler: /usr/bin/cc - skipped
[0.481s] -- Detecting C compile features
[0.481s] -- Detecting C compile features - done
[0.482s] -- Detecting CXX compiler ABI info
[0.598s] -- Detecting CXX compiler ABI info - done
[0.609s] -- Check for working CXX compiler: /usr/bin/c++ - skipped
[0.610s] -- Detecting CXX compile features
[0.611s] -- Detecting CXX compile features - done
[0.615s] -- Found ament_cmake: 1.3.14 (/opt/ros/humble/share/ament_cmake/cmake)
[0.810s] -- Found Python3: /usr/bin/python3 (found version "3.10.12") found components: Interpreter 
[0.905s] -- Override CMake install command with custom implementation using symlinks instead of copying resources
[0.938s] -- Found example_interfaces: 0.9.3 (/opt/ros/humble/share/example_interfaces/cmake)
[0.983s] -- Found rosidl_generator_c: 3.1.8 (/opt/ros/humble/share/rosidl_generator_c/cmake)
[0.989s] -- Found rosidl_adapter: 3.1.8 (/opt/ros/humble/share/rosidl_adapter/cmake)
[1.000s] -- Found rosidl_generator_cpp: 3.1.8 (/opt/ros/humble/share/rosidl_generator_cpp/cmake)
[1.016s] -- Using all available rosidl_typesupport_c: rosidl_typesupport_fastrtps_c;rosidl_typesupport_introspection_c
[1.036s] -- Using all available rosidl_typesupport_cpp: rosidl_typesupport_fastrtps_cpp;rosidl_typesupport_introspection_cpp
[1.112s] -- Found rclcpp: 16.0.18 (/opt/ros/humble/share/rclcpp/cmake)
[1.161s] -- Found rmw_implementation_cmake: 6.1.2 (/opt/ros/humble/share/rmw_implementation_cmake/cmake)
[1.163s] -- Found rmw_fastrtps_cpp: 6.2.10 (/opt/ros/humble/share/rmw_fastrtps_cpp/cmake)
[1.375s] -- Found OpenSSL: /usr/lib/x86_64-linux-gnu/libcrypto.so (found version "3.0.2")  
[1.411s] -- Found FastRTPS: /opt/ros/humble/include  
[1.475s] -- Using RMW implementation 'rmw_fastrtps_cpp' as default
[1.496s] -- Looking for pthread.h
[1.630s] -- Looking for pthread.h - found
[1.639s] -- Performing Test CMAKE_HAVE_LIBC_PTHREAD
[1.762s] -- Performing Test CMAKE_HAVE_LIBC_PTHREAD - Success
[1.764s] -- Found Threads: TRUE  
[1.834s] -- Found ament_lint_auto: 0.12.15 (/opt/ros/humble/share/ament_lint_auto/cmake)
[1.942s] -- Added test 'copyright' to check source files copyright and LICENSE
[1.943s] -- Added test 'cppcheck' to perform static code analysis on C / C++ code
[1.944s] -- Configured cppcheck include dirs: 
[1.944s] -- Configured cppcheck exclude dirs and/or files: 
[1.945s] -- Added test 'cpplint' to check C / C++ code against the Google style
[1.945s] -- Configured cpplint exclude dirs and/or files: 
[1.946s] -- Added test 'lint_cmake' to check CMake code style
[1.947s] -- Added test 'uncrustify' to check C / C++ code style
[1.947s] -- Configured uncrustify additional arguments: 
[1.947s] -- Added test 'xmllint' to check XML markup files
[1.949s] -- Configuring done
[1.960s] -- Generating done
[1.968s] -- Build files have been written to: /home/bryan/Workspace/ros2_ws/build/examples_rclcpp_minimal_service
[2.001s] Invoked command in '/home/bryan/Workspace/ros2_ws/build/examples_rclcpp_minimal_service' returned '0': CMAKE_PREFIX_PATH=/opt/ros/humble /usr/bin/cmake /home/bryan/Workspace/ros2_ws/src/examples/rclcpp/services/minimal_service -DAMENT_CMAKE_SYMLINK_INSTALL=1 -DCMAKE_INSTALL_PREFIX=/home/bryan/Workspace/ros2_ws/install/examples_rclcpp_minimal_service
[2.001s] Invoking command in '/home/bryan/Workspace/ros2_ws/build/examples_rclcpp_minimal_service': CMAKE_PREFIX_PATH=/opt/ros/humble /usr/bin/cmake --build /home/bryan/Workspace/ros2_ws/build/examples_rclcpp_minimal_service -- -j3 -l3
[3.261s] [ 50%] [32mBuilding CXX object CMakeFiles/service_main.dir/main.cpp.o[0m
[8.573s] [100%] [32m[1mLinking CXX executable service_main[0m
[8.825s] [100%] Built target service_main
[8.851s] Invoked command in '/home/bryan/Workspace/ros2_ws/build/examples_rclcpp_minimal_service' returned '0': CMAKE_PREFIX_PATH=/opt/ros/humble /usr/bin/cmake --build /home/bryan/Workspace/ros2_ws/build/examples_rclcpp_minimal_service -- -j3 -l3
[9.095s] Invoking command in '/home/bryan/Workspace/ros2_ws/build/examples_rclcpp_minimal_service': CMAKE_PREFIX_PATH=/opt/ros/humble /usr/bin/cmake --install /home/bryan/Workspace/ros2_ws/build/examples_rclcpp_minimal_service
[9.109s] -- Install configuration: ""
[9.110s] -- Execute custom install script
[9.110s] -- Symlinking: /home/bryan/Workspace/ros2_ws/install/examples_rclcpp_minimal_service/lib/examples_rclcpp_minimal_service/service_main
[9.110s] -- Symlinking: /home/bryan/Workspace/ros2_ws/install/examples_rclcpp_minimal_service/share/ament_index/resource_index/package_run_dependencies/examples_rclcpp_minimal_service
[9.111s] -- Symlinking: /home/bryan/Workspace/ros2_ws/install/examples_rclcpp_minimal_service/share/ament_index/resource_index/parent_prefix_path/examples_rclcpp_minimal_service
[9.111s] -- Symlinking: /home/bryan/Workspace/ros2_ws/install/examples_rclcpp_minimal_service/share/examples_rclcpp_minimal_service/environment/ament_prefix_path.sh
[9.111s] -- Symlinking: /home/bryan/Workspace/ros2_ws/install/examples_rclcpp_minimal_service/share/examples_rclcpp_minimal_service/environment/ament_prefix_path.dsv
[9.111s] -- Symlinking: /home/bryan/Workspace/ros2_ws/install/examples_rclcpp_minimal_service/share/examples_rclcpp_minimal_service/environment/path.sh
[9.111s] -- Symlinking: /home/bryan/Workspace/ros2_ws/install/examples_rclcpp_minimal_service/share/examples_rclcpp_minimal_service/environment/path.dsv
[9.111s] -- Symlinking: /home/bryan/Workspace/ros2_ws/install/examples_rclcpp_minimal_service/share/examples_rclcpp_minimal_service/local_setup.bash
[9.111s] -- Symlinking: /home/bryan/Workspace/ros2_ws/install/examples_rclcpp_minimal_service/share/examples_rclcpp_minimal_service/local_setup.sh
[9.111s] -- Symlinking: /home/bryan/Workspace/ros2_ws/install/examples_rclcpp_minimal_service/share/examples_rclcpp_minimal_service/local_setup.zsh
[9.111s] -- Symlinking: /home/bryan/Workspace/ros2_ws/install/examples_rclcpp_minimal_service/share/examples_rclcpp_minimal_service/local_setup.dsv
[9.112s] -- Symlinking: /home/bryan/Workspace/ros2_ws/install/examples_rclcpp_minimal_service/share/examples_rclcpp_minimal_service/package.dsv
[9.112s] -- Symlinking: /home/bryan/Workspace/ros2_ws/install/examples_rclcpp_minimal_service/share/ament_index/resource_index/packages/examples_rclcpp_minimal_service
[9.112s] -- Symlinking: /home/bryan/Workspace/ros2_ws/install/examples_rclcpp_minimal_service/share/examples_rclcpp_minimal_service/cmake/examples_rclcpp_minimal_serviceConfig.cmake
[9.112s] -- Symlinking: /home/bryan/Workspace/ros2_ws/install/examples_rclcpp_minimal_service/share/examples_rclcpp_minimal_service/cmake/examples_rclcpp_minimal_serviceConfig-version.cmake
[9.112s] -- Symlinking: /home/bryan/Workspace/ros2_ws/install/examples_rclcpp_minimal_service/share/examples_rclcpp_minimal_service/package.xml
[9.122s] Invoked command in '/home/bryan/Workspace/ros2_ws/build/examples_rclcpp_minimal_service' returned '0': CMAKE_PREFIX_PATH=/opt/ros/humble /usr/bin/cmake --install /home/bryan/Workspace/ros2_ws/build/examples_rclcpp_minimal_service
