[0.397s] Invoking command in '/home/bryan/Workspace/ros2_ws/build/depth_image_proc': CMAKE_PREFIX_PATH=/opt/ros/humble /usr/bin/cmake /home/bryan/Workspace/ros2_ws/image_pipeline/depth_image_proc -DCMAKE_INSTALL_PREFIX=/home/bryan/Workspace/ros2_ws/install/depth_image_proc
[0.541s] -- The C compiler identification is GNU 11.4.0
[0.661s] -- The CXX compiler identification is GNU 11.4.0
[0.707s] -- Detecting C compiler ABI info
[0.953s] -- Detecting C compiler ABI info - done
[0.960s] -- Check for working C compiler: /usr/bin/cc - skipped
[0.965s] -- Detecting C compile features
[0.966s] -- Detecting C compile features - done
[0.966s] -- Detecting CXX compiler ABI info
[1.262s] -- Detecting CXX compiler ABI info - done
[1.289s] -- Check for working CXX compiler: /usr/bin/c++ - skipped
[1.289s] -- Detecting CXX compile features
[1.289s] -- Detecting CXX compile features - done
[1.297s] -- Found ament_cmake_auto: 1.3.14 (/opt/ros/humble/share/ament_cmake_auto/cmake)
[1.645s] -- Found Python3: /usr/bin/python3 (found version "3.10.12") found components: Interpreter 
[2.350s] -- Found rosidl_generator_c: 3.1.8 (/opt/ros/humble/share/rosidl_generator_c/cmake)
[2.364s] -- Found rosidl_adapter: 3.1.8 (/opt/ros/humble/share/rosidl_adapter/cmake)
[2.377s] -- Found rosidl_generator_cpp: 3.1.8 (/opt/ros/humble/share/rosidl_generator_cpp/cmake)
[2.400s] -- Using all available rosidl_typesupport_c: rosidl_typesupport_fastrtps_c;rosidl_typesupport_introspection_c
[2.456s] -- Using all available rosidl_typesupport_cpp: rosidl_typesupport_fastrtps_cpp;rosidl_typesupport_introspection_cpp
[2.734s] -- Found rmw_implementation_cmake: 6.1.2 (/opt/ros/humble/share/rmw_implementation_cmake/cmake)
[2.740s] -- Found rmw_fastrtps_cpp: 6.2.10 (/opt/ros/humble/share/rmw_fastrtps_cpp/cmake)
[3.053s] -- Found OpenSSL: /usr/lib/x86_64-linux-gnu/libcrypto.so (found version "3.0.2")  
[3.088s] -- Found FastRTPS: /opt/ros/humble/include  
[3.172s] -- Using RMW implementation 'rmw_fastrtps_cpp' as default
[3.213s] -- Looking for pthread.h
[3.501s] -- Looking for pthread.h - found
[3.512s] -- Performing Test CMAKE_HAVE_LIBC_PTHREAD
[3.921s] -- Performing Test CMAKE_HAVE_LIBC_PTHREAD - Success
[3.929s] -- Found Threads: TRUE  
[5.067s] -- Found OpenCV: /usr (found version "4.5.4") 
[5.137s] -- Found ament_lint_auto: 0.12.15 (/opt/ros/humble/share/ament_lint_auto/cmake)
[5.172s] [0mIn this package, headers install destination is set to `include` by ament_auto_package. It is recommended to install `include/depth_image_proc` instead and will be the default behavior of ament_auto_package from ROS 2 Kilted Kaiju. On distributions before Kilted, ament_auto_package behaves the same way when you use USE_SCOPED_HEADER_INSTALL_DIR option.[0m
[5.210s] -- Added test 'copyright' to check source files copyright and LICENSE
[5.224s] -- Added test 'cppcheck' to perform static code analysis on C / C++ code
[5.225s] -- Configured cppcheck include dirs: /home/bryan/Workspace/ros2_ws/image_pipeline/depth_image_proc/include
[5.225s] -- Configured cppcheck exclude dirs and/or files: 
[5.229s] -- Added test 'cpplint' to check C / C++ code against the Google style
[5.230s] -- Configured cpplint exclude dirs and/or files: 
[5.231s] -- Added test 'flake8' to check Python code syntax and style conventions
[5.234s] -- Added test 'lint_cmake' to check CMake code style
[5.237s] -- Added test 'pep257' to check Python code against some of the docstring style conventions in PEP 257
[5.241s] -- Added test 'uncrustify' to check C / C++ code style
[5.241s] -- Configured uncrustify additional arguments: 
[5.246s] -- Added test 'xmllint' to check XML markup files
[5.246s] -- Configuring done
[5.411s] -- Generating done
[5.451s] -- Build files have been written to: /home/bryan/Workspace/ros2_ws/build/depth_image_proc
[5.477s] Invoked command in '/home/bryan/Workspace/ros2_ws/build/depth_image_proc' returned '0': CMAKE_PREFIX_PATH=/opt/ros/humble /usr/bin/cmake /home/bryan/Workspace/ros2_ws/image_pipeline/depth_image_proc -DCMAKE_INSTALL_PREFIX=/home/bryan/Workspace/ros2_ws/install/depth_image_proc
[5.538s] Invoking command in '/home/bryan/Workspace/ros2_ws/build/depth_image_proc': CMAKE_PREFIX_PATH=/opt/ros/humble /usr/bin/cmake --build /home/bryan/Workspace/ros2_ws/build/depth_image_proc -- -j3 -l3
[5.770s] [  3%] [32mBuilding CXX object CMakeFiles/crop_foremost_node.dir/rclcpp_components/node_main_crop_foremost_node.cpp.o[0m
[5.814s] [  6%] [32mBuilding CXX object CMakeFiles/depth_image_proc.dir/src/conversions.cpp.o[0m
[5.838s] [  9%] [32mBuilding CXX object CMakeFiles/convert_metric_node.dir/rclcpp_components/node_main_convert_metric_node.cpp.o[0m
[11.639s] [ 12%] [32mBuilding CXX object CMakeFiles/depth_image_proc.dir/src/convert_metric.cpp.o[0m
[19.025s] [ 15%] [32m[1mLinking CXX executable crop_foremost_node[0m
[19.506s] [ 15%] Built target crop_foremost_node
[21.350s] [ 18%] [32mBuilding CXX object CMakeFiles/disparity_node.dir/rclcpp_components/node_main_disparity_node.cpp.o[0m
[26.372s] [ 21%] [32m[1mLinking CXX executable convert_metric_node[0m
[27.324s] [ 25%] [32mBuilding CXX object CMakeFiles/depth_image_proc.dir/src/crop_foremost.cpp.o[0m
[31.758s] [ 25%] Built target convert_metric_node
[32.336s] [ 28%] [32m[1mLinking CXX executable disparity_node[0m
[33.438s] [ 28%] Built target disparity_node
[38.318s] [ 31%] [32mBuilding CXX object CMakeFiles/depth_image_proc.dir/src/disparity.cpp.o[0m
[58.809s] [ 34%] [32mBuilding CXX object CMakeFiles/depth_image_proc.dir/src/point_cloud_xyz.cpp.o[0m
[71.662s] [ 37%] [32mBuilding CXX object CMakeFiles/depth_image_proc.dir/src/point_cloud_xyzrgb.cpp.o[0m
[99.937s] [ 40%] [32mBuilding CXX object CMakeFiles/depth_image_proc.dir/src/point_cloud_xyzi.cpp.o[0m
[115.933s] gmake[2]: *** [CMakeFiles/depth_image_proc.dir/build.make:160: CMakeFiles/depth_image_proc.dir/src/point_cloud_xyzi.cpp.o] Interrupt
[115.936s] gmake[1]: *** [CMakeFiles/Makefile2:157: CMakeFiles/depth_image_proc.dir/all] Interrupt
[115.937s] gmake: *** [Makefile:146: all] Interrupt
