running develop
running egg_info
creating first_package.egg-info
writing first_package.egg-info/PKG-INFO
writing dependency_links to first_package.egg-info/dependency_links.txt
writing entry points to first_package.egg-info/entry_points.txt
writing requirements to first_package.egg-info/requires.txt
writing top-level names to first_package.egg-info/top_level.txt
writing manifest file 'first_package.egg-info/SOURCES.txt'
reading manifest file 'first_package.egg-info/SOURCES.txt'
writing manifest file 'first_package.egg-info/SOURCES.txt'
running build_ext
Creating /home/bryan/Workspace/ros2_ws/install/first_package/lib/python3.10/site-packages/first-package.egg-link (link to .)

Installed /home/bryan/Workspace/ros2_ws/build/first_package
running symlink_data
creating /home/bryan/Workspace/ros2_ws/install/first_package/share/ament_index
creating /home/bryan/Workspace/ros2_ws/install/first_package/share/ament_index/resource_index
creating /home/bryan/Workspace/ros2_ws/install/first_package/share/ament_index/resource_index/packages
symbolically linking /home/bryan/Workspace/ros2_ws/build/first_package/resource/first_package -> /home/bryan/Workspace/ros2_ws/install/first_package/share/ament_index/resource_index/packages
symbolically linking /home/bryan/Workspace/ros2_ws/build/first_package/package.xml -> /home/bryan/Workspace/ros2_ws/install/first_package/share/first_package
