[1.718s] Invoking command in '/home/bryan/Workspace/ros2_ws/build/first_package': PYTHONPATH=/home/bryan/Workspace/ros2_ws/build/first_package/prefix_override:/usr/lib/python3/dist-packages/colcon_core/task/python/colcon_distutils_commands:/home/bryan/Workspace/ros2_ws/install/first_package/lib/python3.10/site-packages:${PYTHONPATH} /usr/bin/python3 -W ignore:setup.py install is deprecated -W ignore:easy_install command is deprecated setup.py develop --editable --build-directory /home/bryan/Workspace/ros2_ws/build/first_package/build --no-deps symlink_data
[2.236s] running develop
[2.522s] running egg_info
[2.522s] creating first_package.egg-info
[2.522s] writing first_package.egg-info/PKG-INFO
[2.522s] writing dependency_links to first_package.egg-info/dependency_links.txt
[2.522s] writing entry points to first_package.egg-info/entry_points.txt
[2.522s] writing requirements to first_package.egg-info/requires.txt
[2.526s] writing top-level names to first_package.egg-info/top_level.txt
[2.526s] writing manifest file 'first_package.egg-info/SOURCES.txt'
[2.526s] reading manifest file 'first_package.egg-info/SOURCES.txt'
[2.527s] writing manifest file 'first_package.egg-info/SOURCES.txt'
[2.530s] running build_ext
[2.530s] Creating /home/bryan/Workspace/ros2_ws/install/first_package/lib/python3.10/site-packages/first-package.egg-link (link to .)
[2.531s] 
[2.531s] Installed /home/bryan/Workspace/ros2_ws/build/first_package
[2.531s] running symlink_data
[2.531s] creating /home/bryan/Workspace/ros2_ws/install/first_package/share/ament_index
[2.531s] creating /home/bryan/Workspace/ros2_ws/install/first_package/share/ament_index/resource_index
[2.531s] creating /home/bryan/Workspace/ros2_ws/install/first_package/share/ament_index/resource_index/packages
[2.531s] symbolically linking /home/bryan/Workspace/ros2_ws/build/first_package/resource/first_package -> /home/bryan/Workspace/ros2_ws/install/first_package/share/ament_index/resource_index/packages
[2.531s] symbolically linking /home/bryan/Workspace/ros2_ws/build/first_package/package.xml -> /home/bryan/Workspace/ros2_ws/install/first_package/share/first_package
[2.579s] Invoked command in '/home/bryan/Workspace/ros2_ws/build/first_package' returned '0': PYTHONPATH=/home/bryan/Workspace/ros2_ws/build/first_package/prefix_override:/usr/lib/python3/dist-packages/colcon_core/task/python/colcon_distutils_commands:/home/bryan/Workspace/ros2_ws/install/first_package/lib/python3.10/site-packages:${PYTHONPATH} /usr/bin/python3 -W ignore:setup.py install is deprecated -W ignore:easy_install command is deprecated setup.py develop --editable --build-directory /home/bryan/Workspace/ros2_ws/build/first_package/build --no-deps symlink_data
