[0.050s] Invoking command in '/home/bryan/Workspace/ros2_ws/build/image_geometry': CMAKE_PREFIX_PATH=/opt/ros/humble /usr/bin/cmake /home/bryan/Workspace/ros2_ws/src/vision_opencv/image_geometry -DAMENT_CMAKE_SYMLINK_INSTALL=1 -DCMAKE_INSTALL_PREFIX=/home/bryan/Workspace/ros2_ws/install/image_geometry
[0.462s] -- The C compiler identification is GNU 11.4.0
[0.782s] -- The CXX compiler identification is GNU 11.4.0
[0.804s] -- Detecting C compiler ABI info
[0.979s] -- Detecting C compiler ABI info - done
[0.995s] -- Check for working C compiler: /usr/bin/cc - skipped
[1.005s] -- Detecting C compile features
[1.005s] -- Detecting C compile features - done
[1.016s] -- Detecting CXX compiler ABI info
[1.209s] -- Detecting CXX compiler ABI info - done
[1.221s] -- Check for working CXX compiler: /usr/bin/c++ - skipped
[1.221s] -- Detecting CXX compile features
[1.221s] -- Detecting CXX compile features - done
[1.226s] -- Found ament_cmake_python: 1.3.14 (/opt/ros/humble/share/ament_cmake_python/cmake)
[1.230s] -- Found ament_cmake_ros: 0.10.0 (/opt/ros/humble/share/ament_cmake_ros/cmake)
[1.509s] -- Found Python3: /usr/bin/python3 (found version "3.10.12") found components: Interpreter 
[1.638s] -- Override CMake install command with custom implementation using symlinks instead of copying resources
[1.801s] -- Found OpenCV: /usr (found version "4.5.4") found components: calib3d core highgui imgproc 
[1.804s] -- Found sensor_msgs: 4.9.1 (/opt/ros/humble/share/sensor_msgs/cmake)
[1.859s] -- Found rosidl_generator_c: 3.1.8 (/opt/ros/humble/share/rosidl_generator_c/cmake)
[1.867s] -- Found rosidl_adapter: 3.1.8 (/opt/ros/humble/share/rosidl_adapter/cmake)
[1.878s] -- Found rosidl_generator_cpp: 3.1.8 (/opt/ros/humble/share/rosidl_generator_cpp/cmake)
[1.919s] -- Using all available rosidl_typesupport_c: rosidl_typesupport_fastrtps_c;rosidl_typesupport_introspection_c
[1.953s] -- Using all available rosidl_typesupport_cpp: rosidl_typesupport_fastrtps_cpp;rosidl_typesupport_introspection_cpp
[2.063s] -- Found gtest sources under '/opt/ros/humble/src/gtest_vendor': C++ tests using 'Google Test' will be built
[2.070s] -- Looking for pthread.h
[2.328s] -- Looking for pthread.h - found
[2.329s] -- Performing Test CMAKE_HAVE_LIBC_PTHREAD
[2.574s] -- Performing Test CMAKE_HAVE_LIBC_PTHREAD - Success
[2.574s] -- Found Threads: TRUE  
[2.703s] -- Configuring done
[2.719s] -- Generating done
[2.726s] -- Build files have been written to: /home/bryan/Workspace/ros2_ws/build/image_geometry
[2.738s] Invoked command in '/home/bryan/Workspace/ros2_ws/build/image_geometry' returned '0': CMAKE_PREFIX_PATH=/opt/ros/humble /usr/bin/cmake /home/bryan/Workspace/ros2_ws/src/vision_opencv/image_geometry -DAMENT_CMAKE_SYMLINK_INSTALL=1 -DCMAKE_INSTALL_PREFIX=/home/bryan/Workspace/ros2_ws/install/image_geometry
[2.752s] Invoking command in '/home/bryan/Workspace/ros2_ws/build/image_geometry': CMAKE_PREFIX_PATH=/opt/ros/humble /usr/bin/cmake --build /home/bryan/Workspace/ros2_ws/build/image_geometry -- -j3 -l3
[2.895s] [ 11%] [32mBuilding CXX object CMakeFiles/image_geometry.dir/src/pinhole_camera_model.cpp.o[0m
[2.916s] [ 22%] [32mBuilding CXX object gtest/CMakeFiles/gtest_main.dir/src/gtest_main.cc.o[0m
[2.939s] [ 22%] Built target ament_cmake_python_symlink_image_geometry
[2.955s] [ 33%] [32mBuilding CXX object CMakeFiles/image_geometry.dir/src/stereo_camera_model.cpp.o[0m
[5.900s] [ 44%] [32m[1mLinking CXX static library libgtest_main.a[0m
[6.070s] [ 44%] Built target gtest_main
[6.270s] [ 55%] [32mBuilding CXX object gtest/CMakeFiles/gtest.dir/src/gtest-all.cc.o[0m
[7.206s] [ 66%] [32m[1mLinking CXX shared library libimage_geometry.so[0m
[7.419s] [ 66%] Built target image_geometry
[7.918s] running egg_info
[7.920s] creating image_geometry.egg-info
[7.921s] writing image_geometry.egg-info/PKG-INFO
[7.922s] writing dependency_links to image_geometry.egg-info/dependency_links.txt
[7.924s] writing top-level names to image_geometry.egg-info/top_level.txt
[7.924s] writing manifest file 'image_geometry.egg-info/SOURCES.txt'
[7.932s] reading manifest file 'image_geometry.egg-info/SOURCES.txt'
[7.932s] writing manifest file 'image_geometry.egg-info/SOURCES.txt'
[7.990s] [ 66%] Built target ament_cmake_python_build_image_geometry_egg
[14.599s] [ 77%] [32m[1mLinking CXX static library libgtest.a[0m
[14.848s] [ 77%] Built target gtest
[14.891s] [ 88%] [32mBuilding CXX object CMakeFiles/image_geometry-utest.dir/test/utest.cpp.o[0m
[17.459s] [100%] [32m[1mLinking CXX executable image_geometry-utest[0m
[17.791s] [100%] Built target image_geometry-utest
[17.809s] Invoked command in '/home/bryan/Workspace/ros2_ws/build/image_geometry' returned '0': CMAKE_PREFIX_PATH=/opt/ros/humble /usr/bin/cmake --build /home/bryan/Workspace/ros2_ws/build/image_geometry -- -j3 -l3
[17.810s] Invoking command in '/home/bryan/Workspace/ros2_ws/build/image_geometry': CMAKE_PREFIX_PATH=/opt/ros/humble /usr/bin/cmake --install /home/bryan/Workspace/ros2_ws/build/image_geometry
[17.916s] -- Install configuration: ""
[17.916s] -- Execute custom install script
[17.916s] -- Symlinking: /home/bryan/Workspace/ros2_ws/install/image_geometry/share/image_geometry/environment/pythonpath.sh
[17.916s] -- Symlinking: /home/bryan/Workspace/ros2_ws/install/image_geometry/share/image_geometry/environment/pythonpath.dsv
[17.917s] -- Symlinking: /home/bryan/Workspace/ros2_ws/install/image_geometry/local/lib/python3.10/dist-packages/image_geometry-3.2.1-py3.10.egg-info/PKG-INFO
[17.917s] -- Symlinking: /home/bryan/Workspace/ros2_ws/install/image_geometry/local/lib/python3.10/dist-packages/image_geometry-3.2.1-py3.10.egg-info/SOURCES.txt
[17.917s] -- Symlinking: /home/bryan/Workspace/ros2_ws/install/image_geometry/local/lib/python3.10/dist-packages/image_geometry-3.2.1-py3.10.egg-info/dependency_links.txt
[17.917s] -- Symlinking: /home/bryan/Workspace/ros2_ws/install/image_geometry/local/lib/python3.10/dist-packages/image_geometry-3.2.1-py3.10.egg-info/top_level.txt
[17.931s] -- Symlinking: /home/bryan/Workspace/ros2_ws/install/image_geometry/local/lib/python3.10/dist-packages/image_geometry/__init__.py
[17.944s] -- Symlinking: /home/bryan/Workspace/ros2_ws/install/image_geometry/local/lib/python3.10/dist-packages/image_geometry/cameramodels.py
[17.956s] -- Symlinking: /home/bryan/Workspace/ros2_ws/install/image_geometry/include/image_geometry/image_geometry/pinhole_camera_model.h
[17.970s] -- Symlinking: /home/bryan/Workspace/ros2_ws/install/image_geometry/include/image_geometry/image_geometry/stereo_camera_model.h
[17.984s] -- Symlinking: /home/bryan/Workspace/ros2_ws/install/image_geometry/include/image_geometry/image_geometry/visibility_control.hpp
[17.997s] -- Symlinking: /home/bryan/Workspace/ros2_ws/install/image_geometry/share/ament_index/resource_index/package_run_dependencies/image_geometry
[18.017s] -- Symlinking: /home/bryan/Workspace/ros2_ws/install/image_geometry/share/ament_index/resource_index/parent_prefix_path/image_geometry
[18.035s] -- Symlinking: /home/bryan/Workspace/ros2_ws/install/image_geometry/share/image_geometry/environment/ament_prefix_path.sh
[18.050s] -- Symlinking: /home/bryan/Workspace/ros2_ws/install/image_geometry/share/image_geometry/environment/ament_prefix_path.dsv
[18.067s] -- Symlinking: /home/bryan/Workspace/ros2_ws/install/image_geometry/share/image_geometry/environment/path.sh
[18.083s] -- Symlinking: /home/bryan/Workspace/ros2_ws/install/image_geometry/share/image_geometry/environment/path.dsv
[18.117s] -- Symlinking: /home/bryan/Workspace/ros2_ws/install/image_geometry/share/image_geometry/local_setup.bash
[18.120s] -- Symlinking: /home/bryan/Workspace/ros2_ws/install/image_geometry/share/image_geometry/local_setup.sh
[18.158s] -- Symlinking: /home/bryan/Workspace/ros2_ws/install/image_geometry/share/image_geometry/local_setup.zsh
[18.160s] -- Symlinking: /home/bryan/Workspace/ros2_ws/install/image_geometry/share/image_geometry/local_setup.dsv
[18.180s] -- Symlinking: /home/bryan/Workspace/ros2_ws/install/image_geometry/share/image_geometry/package.dsv
[18.196s] -- Symlinking: /home/bryan/Workspace/ros2_ws/install/image_geometry/share/ament_index/resource_index/packages/image_geometry
[18.213s] -- Symlinking: /home/bryan/Workspace/ros2_ws/install/image_geometry/share/image_geometry/cmake/ament_cmake_export_targets-extras.cmake
[18.293s] -- Symlinking: /home/bryan/Workspace/ros2_ws/install/image_geometry/share/image_geometry/cmake/ament_cmake_export_dependencies-extras.cmake
[18.294s] -- Symlinking: /home/bryan/Workspace/ros2_ws/install/image_geometry/share/image_geometry/cmake/image_geometryConfig.cmake
[18.297s] -- Symlinking: /home/bryan/Workspace/ros2_ws/install/image_geometry/share/image_geometry/cmake/image_geometryConfig-version.cmake
[18.297s] -- Symlinking: /home/bryan/Workspace/ros2_ws/install/image_geometry/share/image_geometry/package.xml
[18.354s] Listing '/home/bryan/Workspace/ros2_ws/install/image_geometry/local/lib/python3.10/dist-packages/image_geometry'...
[18.354s] Compiling '/home/bryan/Workspace/ros2_ws/install/image_geometry/local/lib/python3.10/dist-packages/image_geometry/__init__.py'...
[18.354s] Compiling '/home/bryan/Workspace/ros2_ws/install/image_geometry/local/lib/python3.10/dist-packages/image_geometry/cameramodels.py'...
[18.363s] -- Installing: /home/bryan/Workspace/ros2_ws/install/image_geometry/lib/libimage_geometry.so
[18.364s] -- Set runtime path of "/home/bryan/Workspace/ros2_ws/install/image_geometry/lib/libimage_geometry.so" to ""
[18.365s] -- Installing: /home/bryan/Workspace/ros2_ws/install/image_geometry/share/image_geometry/cmake/export_image_geometryExport.cmake
[18.367s] -- Installing: /home/bryan/Workspace/ros2_ws/install/image_geometry/share/image_geometry/cmake/export_image_geometryExport-noconfig.cmake
[18.369s] Invoked command in '/home/bryan/Workspace/ros2_ws/build/image_geometry' returned '0': CMAKE_PREFIX_PATH=/opt/ros/humble /usr/bin/cmake --install /home/bryan/Workspace/ros2_ws/build/image_geometry
