[0.051s] Invoking command in '/home/bryan/Workspace/build/image_rotate': CMAKE_PREFIX_PATH=${CMAKE_PREFIX_PATH}:/home/bryan/Workspace/ros2_ws/install/sprint2:/home/bryan/Workspace/ros2_ws/install/launch_testing_examples:/home/bryan/Workspace/ros2_ws/install/image_converter:/home/bryan/Workspace/ros2_ws/install/first_package:/home/bryan/Workspace/ros2_ws/install/examples_rclpy_pointcloud_publisher:/home/bryan/Workspace/ros2_ws/install/examples_rclpy_minimal_subscriber:/home/bryan/Workspace/ros2_ws/install/examples_rclpy_minimal_service:/home/bryan/Workspace/ros2_ws/install/examples_rclpy_minimal_publisher:/home/bryan/Workspace/ros2_ws/install/examples_rclpy_minimal_client:/home/bryan/Workspace/ros2_ws/install/examples_rclpy_minimal_action_server:/home/bryan/Workspace/ros2_ws/install/examples_rclpy_minimal_action_client:/home/bryan/Workspace/ros2_ws/install/examples_rclpy_guard_conditions:/home/bryan/Workspace/ros2_ws/install/examples_rclpy_executors:/home/bryan/Workspace/ros2_ws/install/camera_calibration:/opt/ros/humble /usr/bin/cmake /home/bryan/Workspace/ros2_ws/image_pipeline/image_rotate -DAMENT_CMAKE_SYMLINK_INSTALL=1 -DCMAKE_INSTALL_PREFIX=/home/bryan/Workspace/install/image_rotate
[0.368s] -- The C compiler identification is GNU 11.4.0
[0.479s] -- The CXX compiler identification is GNU 11.4.0
[0.547s] -- Detecting C compiler ABI info
[0.978s] -- Detecting C compiler ABI info - done
[1.056s] -- Check for working C compiler: /usr/bin/cc - skipped
[1.056s] -- Detecting C compile features
[1.056s] -- Detecting C compile features - done
[1.113s] -- Detecting CXX compiler ABI info
[1.317s] -- Detecting CXX compiler ABI info - done
[1.340s] -- Check for working CXX compiler: /usr/bin/c++ - skipped
[1.340s] -- Detecting CXX compile features
[1.341s] -- Detecting CXX compile features - done
[1.347s] -- Found ament_cmake_auto: 1.3.14 (/opt/ros/humble/share/ament_cmake_auto/cmake)
[1.921s] -- Found Python3: /usr/bin/python3 (found version "3.10.12") found components: Interpreter 
[2.221s] -- Override CMake install command with custom implementation using symlinks instead of copying resources
[3.058s] -- Found rosidl_generator_c: 3.1.8 (/opt/ros/humble/share/rosidl_generator_c/cmake)
[3.058s] -- Found rosidl_adapter: 3.1.8 (/opt/ros/humble/share/rosidl_adapter/cmake)
[3.069s] -- Found rosidl_generator_cpp: 3.1.8 (/opt/ros/humble/share/rosidl_generator_cpp/cmake)
[3.180s] -- Using all available rosidl_typesupport_c: rosidl_typesupport_fastrtps_c;rosidl_typesupport_introspection_c
[3.189s] -- Using all available rosidl_typesupport_cpp: rosidl_typesupport_fastrtps_cpp;rosidl_typesupport_introspection_cpp
[3.247s] -- Found rmw_implementation_cmake: 6.1.2 (/opt/ros/humble/share/rmw_implementation_cmake/cmake)
[3.247s] -- Found rmw_fastrtps_cpp: 6.2.10 (/opt/ros/humble/share/rmw_fastrtps_cpp/cmake)
[4.158s] -- Found OpenSSL: /usr/lib/x86_64-linux-gnu/libcrypto.so (found version "3.0.2")  
[4.225s] -- Found FastRTPS: /opt/ros/humble/include  
[4.296s] -- Using RMW implementation 'rmw_fastrtps_cpp' as default
[4.318s] -- Looking for pthread.h
[5.110s] -- Looking for pthread.h - found
[5.113s] -- Performing Test CMAKE_HAVE_LIBC_PTHREAD
[6.147s] -- Performing Test CMAKE_HAVE_LIBC_PTHREAD - Success
[6.154s] -- Found Threads: TRUE  
[6.429s] -- Found eigen3_cmake_module: 0.1.1 (/opt/ros/humble/share/eigen3_cmake_module/cmake)
[6.430s] -- Found Eigen3: TRUE (found version "3.4.0") 
[6.431s] -- Ensuring Eigen3 include directory is part of orocos-kdl CMake target
[6.556s] -- Found OpenCV: /usr (found version "4.5.4") found components: core imgproc 
[6.644s] -- Found ament_lint_auto: 0.12.15 (/opt/ros/humble/share/ament_lint_auto/cmake)
[6.644s] [0mIn this package, headers install destination is set to `include` by ament_auto_package. It is recommended to install `include/image_rotate` instead and will be the default behavior of ament_auto_package from ROS 2 Kilted Kaiju. On distributions before Kilted, ament_auto_package behaves the same way when you use USE_SCOPED_HEADER_INSTALL_DIR option.[0m
[6.655s] -- Added test 'copyright' to check source files copyright and LICENSE
[6.661s] -- Added test 'cppcheck' to perform static code analysis on C / C++ code
[6.664s] -- Configured cppcheck include dirs: /home/bryan/Workspace/ros2_ws/image_pipeline/image_rotate/include
[6.667s] -- Configured cppcheck exclude dirs and/or files: 
[6.669s] -- Added test 'cpplint' to check C / C++ code against the Google style
[6.669s] -- Configured cpplint exclude dirs and/or files: 
[6.669s] -- Added test 'flake8' to check Python code syntax and style conventions
[6.671s] -- Added test 'lint_cmake' to check CMake code style
[6.674s] -- Added test 'pep257' to check Python code against some of the docstring style conventions in PEP 257
[6.674s] -- Added test 'uncrustify' to check C / C++ code style
[6.674s] -- Configured uncrustify additional arguments: 
[6.676s] -- Added test 'xmllint' to check XML markup files
[6.682s] -- Configuring done
[6.716s] -- Generating done
[6.729s] -- Build files have been written to: /home/bryan/Workspace/build/image_rotate
[6.774s] Invoked command in '/home/bryan/Workspace/build/image_rotate' returned '0': CMAKE_PREFIX_PATH=${CMAKE_PREFIX_PATH}:/home/bryan/Workspace/ros2_ws/install/sprint2:/home/bryan/Workspace/ros2_ws/install/launch_testing_examples:/home/bryan/Workspace/ros2_ws/install/image_converter:/home/bryan/Workspace/ros2_ws/install/first_package:/home/bryan/Workspace/ros2_ws/install/examples_rclpy_pointcloud_publisher:/home/bryan/Workspace/ros2_ws/install/examples_rclpy_minimal_subscriber:/home/bryan/Workspace/ros2_ws/install/examples_rclpy_minimal_service:/home/bryan/Workspace/ros2_ws/install/examples_rclpy_minimal_publisher:/home/bryan/Workspace/ros2_ws/install/examples_rclpy_minimal_client:/home/bryan/Workspace/ros2_ws/install/examples_rclpy_minimal_action_server:/home/bryan/Workspace/ros2_ws/install/examples_rclpy_minimal_action_client:/home/bryan/Workspace/ros2_ws/install/examples_rclpy_guard_conditions:/home/bryan/Workspace/ros2_ws/install/examples_rclpy_executors:/home/bryan/Workspace/ros2_ws/install/camera_calibration:/opt/ros/humble /usr/bin/cmake /home/bryan/Workspace/ros2_ws/image_pipeline/image_rotate -DAMENT_CMAKE_SYMLINK_INSTALL=1 -DCMAKE_INSTALL_PREFIX=/home/bryan/Workspace/install/image_rotate
[6.853s] Invoking command in '/home/bryan/Workspace/build/image_rotate': CMAKE_PREFIX_PATH=${CMAKE_PREFIX_PATH}:/home/bryan/Workspace/ros2_ws/install/sprint2:/home/bryan/Workspace/ros2_ws/install/launch_testing_examples:/home/bryan/Workspace/ros2_ws/install/image_converter:/home/bryan/Workspace/ros2_ws/install/first_package:/home/bryan/Workspace/ros2_ws/install/examples_rclpy_pointcloud_publisher:/home/bryan/Workspace/ros2_ws/install/examples_rclpy_minimal_subscriber:/home/bryan/Workspace/ros2_ws/install/examples_rclpy_minimal_service:/home/bryan/Workspace/ros2_ws/install/examples_rclpy_minimal_publisher:/home/bryan/Workspace/ros2_ws/install/examples_rclpy_minimal_client:/home/bryan/Workspace/ros2_ws/install/examples_rclpy_minimal_action_server:/home/bryan/Workspace/ros2_ws/install/examples_rclpy_minimal_action_client:/home/bryan/Workspace/ros2_ws/install/examples_rclpy_guard_conditions:/home/bryan/Workspace/ros2_ws/install/examples_rclpy_executors:/home/bryan/Workspace/ros2_ws/install/camera_calibration:/opt/ros/humble /usr/bin/cmake --build /home/bryan/Workspace/build/image_rotate -- -j3 -l3
[7.395s] [ 25%] [32mBuilding CXX object CMakeFiles/image_rotate.dir/src/image_rotate_node.cpp.o[0m
[23.103s] [ 50%] [32m[1mLinking CXX shared library libimage_rotate.so[0m
[23.713s] [ 50%] Built target image_rotate
[23.851s] [ 75%] [32mBuilding CXX object CMakeFiles/image_rotate_bin.dir/src/image_rotate.cpp.o[0m
[29.375s] [100%] [32m[1mLinking CXX executable image_rotate[0m
[30.108s] [100%] Built target image_rotate_bin
[30.182s] Invoked command in '/home/bryan/Workspace/build/image_rotate' returned '0': CMAKE_PREFIX_PATH=${CMAKE_PREFIX_PATH}:/home/bryan/Workspace/ros2_ws/install/sprint2:/home/bryan/Workspace/ros2_ws/install/launch_testing_examples:/home/bryan/Workspace/ros2_ws/install/image_converter:/home/bryan/Workspace/ros2_ws/install/first_package:/home/bryan/Workspace/ros2_ws/install/examples_rclpy_pointcloud_publisher:/home/bryan/Workspace/ros2_ws/install/examples_rclpy_minimal_subscriber:/home/bryan/Workspace/ros2_ws/install/examples_rclpy_minimal_service:/home/bryan/Workspace/ros2_ws/install/examples_rclpy_minimal_publisher:/home/bryan/Workspace/ros2_ws/install/examples_rclpy_minimal_client:/home/bryan/Workspace/ros2_ws/install/examples_rclpy_minimal_action_server:/home/bryan/Workspace/ros2_ws/install/examples_rclpy_minimal_action_client:/home/bryan/Workspace/ros2_ws/install/examples_rclpy_guard_conditions:/home/bryan/Workspace/ros2_ws/install/examples_rclpy_executors:/home/bryan/Workspace/ros2_ws/install/camera_calibration:/opt/ros/humble /usr/bin/cmake --build /home/bryan/Workspace/build/image_rotate -- -j3 -l3
[30.183s] Invoking command in '/home/bryan/Workspace/build/image_rotate': CMAKE_PREFIX_PATH=${CMAKE_PREFIX_PATH}:/home/bryan/Workspace/ros2_ws/install/sprint2:/home/bryan/Workspace/ros2_ws/install/launch_testing_examples:/home/bryan/Workspace/ros2_ws/install/image_converter:/home/bryan/Workspace/ros2_ws/install/first_package:/home/bryan/Workspace/ros2_ws/install/examples_rclpy_pointcloud_publisher:/home/bryan/Workspace/ros2_ws/install/examples_rclpy_minimal_subscriber:/home/bryan/Workspace/ros2_ws/install/examples_rclpy_minimal_service:/home/bryan/Workspace/ros2_ws/install/examples_rclpy_minimal_publisher:/home/bryan/Workspace/ros2_ws/install/examples_rclpy_minimal_client:/home/bryan/Workspace/ros2_ws/install/examples_rclpy_minimal_action_server:/home/bryan/Workspace/ros2_ws/install/examples_rclpy_minimal_action_client:/home/bryan/Workspace/ros2_ws/install/examples_rclpy_guard_conditions:/home/bryan/Workspace/ros2_ws/install/examples_rclpy_executors:/home/bryan/Workspace/ros2_ws/install/camera_calibration:/opt/ros/humble /usr/bin/cmake --install /home/bryan/Workspace/build/image_rotate
[30.198s] -- Install configuration: ""
[30.199s] -- Execute custom install script
[30.199s] -- Symlinking: /home/bryan/Workspace/install/image_rotate/include/image_rotate/image_rotate_node.hpp
[30.214s] -- Symlinking: /home/bryan/Workspace/install/image_rotate/include/image_rotate/visibility.h
[30.231s] -- Symlinking: /home/bryan/Workspace/install/image_rotate/share/image_rotate/environment/library_path.sh
[30.247s] -- Symlinking: /home/bryan/Workspace/install/image_rotate/share/image_rotate/environment/library_path.dsv
[30.267s] -- Symlinking: /home/bryan/Workspace/install/image_rotate/lib/libimage_rotate.so
[30.294s] -- Symlinking: /home/bryan/Workspace/install/image_rotate/lib/image_rotate/image_rotate
[30.440s] -- Symlinking: /home/bryan/Workspace/install/image_rotate/share/image_rotate/launch/image_rotate.launch.py
[30.499s] -- Symlinking: /home/bryan/Workspace/install/image_rotate/share/ament_index/resource_index/package_run_dependencies/image_rotate
[30.603s] -- Symlinking: /home/bryan/Workspace/install/image_rotate/share/ament_index/resource_index/parent_prefix_path/image_rotate
[30.630s] -- Symlinking: /home/bryan/Workspace/install/image_rotate/share/image_rotate/environment/ament_prefix_path.sh
[30.675s] -- Symlinking: /home/bryan/Workspace/install/image_rotate/share/image_rotate/environment/ament_prefix_path.dsv
[30.694s] -- Symlinking: /home/bryan/Workspace/install/image_rotate/share/image_rotate/environment/path.sh
[30.724s] -- Symlinking: /home/bryan/Workspace/install/image_rotate/share/image_rotate/environment/path.dsv
[30.744s] -- Symlinking: /home/bryan/Workspace/install/image_rotate/share/image_rotate/local_setup.bash
[30.767s] -- Symlinking: /home/bryan/Workspace/install/image_rotate/share/image_rotate/local_setup.sh
[30.785s] -- Symlinking: /home/bryan/Workspace/install/image_rotate/share/image_rotate/local_setup.zsh
[30.811s] -- Symlinking: /home/bryan/Workspace/install/image_rotate/share/image_rotate/local_setup.dsv
[30.838s] -- Symlinking: /home/bryan/Workspace/install/image_rotate/share/image_rotate/package.dsv
[30.868s] -- Symlinking: /home/bryan/Workspace/install/image_rotate/share/ament_index/resource_index/packages/image_rotate
[30.889s] -- Symlinking: /home/bryan/Workspace/install/image_rotate/share/ament_index/resource_index/rclcpp_components/image_rotate
[31.032s] -- Symlinking: /home/bryan/Workspace/install/image_rotate/share/image_rotate/cmake/ament_cmake_export_dependencies-extras.cmake
[31.082s] -- Symlinking: /home/bryan/Workspace/install/image_rotate/share/image_rotate/cmake/ament_cmake_export_include_directories-extras.cmake
[31.131s] -- Symlinking: /home/bryan/Workspace/install/image_rotate/share/image_rotate/cmake/ament_cmake_export_libraries-extras.cmake
[31.151s] -- Symlinking: /home/bryan/Workspace/install/image_rotate/share/image_rotate/cmake/image_rotateConfig.cmake
[31.245s] -- Symlinking: /home/bryan/Workspace/install/image_rotate/share/image_rotate/cmake/image_rotateConfig-version.cmake
[31.330s] -- Symlinking: /home/bryan/Workspace/install/image_rotate/share/image_rotate/package.xml
[31.475s] Invoked command in '/home/bryan/Workspace/build/image_rotate' returned '0': CMAKE_PREFIX_PATH=${CMAKE_PREFIX_PATH}:/home/bryan/Workspace/ros2_ws/install/sprint2:/home/bryan/Workspace/ros2_ws/install/launch_testing_examples:/home/bryan/Workspace/ros2_ws/install/image_converter:/home/bryan/Workspace/ros2_ws/install/first_package:/home/bryan/Workspace/ros2_ws/install/examples_rclpy_pointcloud_publisher:/home/bryan/Workspace/ros2_ws/install/examples_rclpy_minimal_subscriber:/home/bryan/Workspace/ros2_ws/install/examples_rclpy_minimal_service:/home/bryan/Workspace/ros2_ws/install/examples_rclpy_minimal_publisher:/home/bryan/Workspace/ros2_ws/install/examples_rclpy_minimal_client:/home/bryan/Workspace/ros2_ws/install/examples_rclpy_minimal_action_server:/home/bryan/Workspace/ros2_ws/install/examples_rclpy_minimal_action_client:/home/bryan/Workspace/ros2_ws/install/examples_rclpy_guard_conditions:/home/bryan/Workspace/ros2_ws/install/examples_rclpy_executors:/home/bryan/Workspace/ros2_ws/install/camera_calibration:/opt/ros/humble /usr/bin/cmake --install /home/bryan/Workspace/build/image_rotate
