<?xml version="1.0" encoding="UTF-8"?>

<!-- generated on 2025-05-07 08:42:54 by Eclipse SUMO GUI Version 1.22.0
<sumoConfiguration xmlns:xsi="http://www.w3.org/2001/XMLSchema-instance" xsi:noNamespaceSchemaLocation="http://sumo.dlr.de/xsd/sumoConfiguration.xsd">

    <input>
        <net-file value="/home/mzofka/Workspace/ros2_ws/src/ros2_sumo/scenarios/traci_tls/data/cross.net.xml"/>
        <route-files value="/home/mzofka/Workspace/ros2_ws/src/ros2_sumo/scenarios/traci_tls/data/cross.rou.xml"/>
        <additional-files value="/home/mzofka/Workspace/ros2_ws/src/ros2_sumo/scenarios/traci_tls/data/cross.det.xml"/>
    </input>

    <time>
        <begin value="0"/>
    </time>

    <report>
        <verbose value="true"/>
        <no-step-log value="true"/>
    </report>

    <traci_server>
        <remote-port value="40549"/>
    </traci_server>

</sumoConfiguration>
-->

<detector xmlns:xsi="http://www.w3.org/2001/XMLSchema-instance" xsi:noNamespaceSchemaLocation="http://sumo.dlr.de/xsd/det_e1_file.xsd">
</detector>
